warning: unused import: `DefRegistry`
 --> crates/cdda_data/tests/load_core_data.rs:8:17
  |
8 | use cdda_data::{DefRegistry, Loader};
  |                 ^^^^^^^^^^^
  |
  = note: `#[warn(unused_imports)]` (part of `#[warn(unused)]`) on by default

warning: `cdda_data` (test "load_core_data") generated 1 warning (run `cargo fix --test "load_core_data" -p cdda_data` to apply 1 suggestion)
    Finished `test` profile [unoptimized + debuginfo] target(s) in 0.04s
     Running unittests src/lib.rs (target/debug/deps/cdda_data-f89f6a48f927ebe1)

running 0 tests

test result: ok. 0 passed; 0 failed; 0 ignored; 0 measured; 6 filtered out; finished in 0.00s

     Running tests/load_core_data.rs (target/debug/deps/load_core_data-61a9793b487154f2)

running 1 test
test no_duplicate_ids ... 
thread 'no_duplicate_ids' (119914) panicked at crates/cdda_data/tests/load_core_data.rs:503:34:
Loading should succeed: [JsonParse { path: "ITEM", detail: "Failed to deserialize ITEM 'brew_moonshine': invalid type: map, expected a string" }, JsonParse { path: "ITEM", detail: "Failed to deserialize ITEM 'base_cookpot': missing field `id`" }, JsonParse { path: "ITEM", detail: "Failed to deserialize ITEM 'pan': missing field `pocket_type`" }, JsonParse { path: "ITEM", detail: "Failed to deserialize ITEM 'aluminum_pan': missing field `pocket_type`" }, JsonParse { path: "ITEM", detail: "Failed to deserialize ITEM 'aketon_pants_canvas': invalid type: floating point `3.0`, expected u32" }, JsonParse { path: "ITEM", detail: "Failed to deserialize ITEM 'xs_aketon_pants_wool': invalid type: floating point `3.0`, expected u32" }, JsonParse { path: "ITEM", detail: "Failed to deserialize ITEM 'flesh': missing field `id`" }, JsonParse { path: "ITEM", detail: "Failed to deserialize ITEM 'book_nonf_tpl': missing field `id`" }, JsonParse { path: "ITEM", detail: "Failed to deserialize ITEM 'book_nonf_hard_tpl': missing field `id`" }, JsonParse { path: "ITEM", detail: "Failed to deserialize ITEM 'book_nonf_hard_homemk_tpl': missing field `id`" }, JsonParse { path: "ITEM", detail: "Failed to deserialize ITEM 'casing': missing field `id`" }, JsonParse { path: "ITEM", detail: "Failed to deserialize ITEM 'garnet_silver_cufflinks': invalid type: map, expected a string" }, JsonParse { path: "ITEM", detail: "Failed to deserialize ITEM 'ruby_silver_cufflinks': invalid type: map, expected a string" }, JsonParse { path: "ITEM", detail: "Failed to deserialize ITEM '2h_club_kanabo_studded': invalid type: map, expected a string" }, JsonParse { path: "ITEM", detail: "Failed to deserialize ITEM '2h_club_kanabo_spiked': invalid type: map, expected a string" }, JsonParse { path: "ITEM", detail: "Failed to deserialize ITEM 'abstract_efile': missing field `id`" }, JsonParse { path: "ITEM", detail: "Failed to deserialize ITEM 'abstract_efile_exclusive': missing field `id`" }, JsonParse { path: "ITEM", detail: "Failed to deserialize ITEM 'bionic_general': missing field `id`" }, JsonParse { path: "ITEM", detail: "Failed to deserialize ITEM 'bionic_general_npc_usable': missing field `id`" }, JsonParse { path: "ITEM", detail: "Failed to deserialize ITEM 'card_plastic_abstract': missing field `id`" }, JsonParse { path: "ITEM", detail: "Failed to deserialize ITEM 'bigmirror': invalid type: map, expected a string" }, JsonParse { path: "ITEM", detail: "Failed to deserialize ITEM 'gambeson_gloves_canvas': invalid type: floating point `6.0`, expected u32" }, JsonParse { path: "ITEM", detail: "Failed to deserialize ITEM 'garnet_platinum_pendant_necklace': invalid type: map, expected a string" }, JsonParse { path: "ITEM", detail: "Failed to deserialize ITEM 'amethyst_platinum_pendant_necklace': invalid type: map, expected a string" }, JsonParse { path: "ITEM", detail: "Failed to deserialize ITEM 'scrap_worthless': missing field `id`" }, JsonParse { path: "ITEM", detail: "Failed to deserialize ITEM 'hot_pants': invalid type: floating point `0.1`, expected u32" }, JsonParse { path: "ITEM", detail: "Failed to deserialize ITEM 'hot_pants_fur': invalid type: floating point `0.2`, expected u32" }, JsonParse { path: "ITEM", detail: "Failed to deserialize ITEM 'robofac_helmet': missing field `id`" }, JsonParse { path: "ITEM", detail: "Failed to deserialize ITEM '40x46mm_grenade': missing field `id`" }, JsonParse { path: "ITEM", detail: "Failed to deserialize ITEM 'gun_base_rifle_semi': missing field `id`" }, JsonParse { path: "ITEM", detail: "Failed to deserialize ITEM 'gun_base_762_semi_rifle': missing field `id`" }, JsonParse { path: "ITEM", detail: "Failed to deserialize ITEM 'egg_insect': missing field `id`" }, JsonParse { path: "ITEM", detail: "Failed to deserialize ITEM 'jackolantern': invalid type: map, expected a sequence" }, JsonParse { path: "ITEM", detail: "Failed to deserialize ITEM 'jackolantern_lit': invalid type: map, expected a sequence" }, JsonParse { path: "ITEM", detail: "Failed to deserialize ITEM 'base_chainmail_arms': missing field `id`" }, JsonParse { path: "ITEM", detail: "Failed to deserialize ITEM 'xl_chainmail_arms': missing field `id`" }, JsonParse { path: "ITEM", detail: "Failed to deserialize ITEM 'engine_combustion': missing field `id`" }, JsonParse { path: "ITEM", detail: "Failed to deserialize ITEM 'engine_diesel': missing field `id`" }, JsonParse { path: "ITEM", detail: "Failed to deserialize ITEM 'panties': invalid type: floating point `0.1`, expected u32" }, JsonParse { path: "ITEM", detail: "Failed to deserialize ITEM 'holybook_abstract': missing field `id`" }, JsonParse { path: "ITEM", detail: "Failed to deserialize ITEM 'yukata': invalid type: floating point `0.15`, expected u32" }, JsonParse { path: "ITEM", detail: "Failed to deserialize ITEM 'ant_egg': invalid type: floating point `960.0`, expected u32" }, JsonParse { path: "ITEM", detail: "Failed to deserialize ITEM 'ant_egg_acid': invalid type: floating point `960.0`, expected u32" }, JsonParse { path: "ITEM", detail: "Failed to deserialize ITEM 'garnet_platinum_tiara': invalid type: map, expected a string" }, JsonParse { path: "ITEM", detail: "Failed to deserialize ITEM 'alexandrite_platinum_tiara': invalid type: map, expected a string" }, JsonParse { path: "ITEM", detail: "Failed to deserialize ITEM 'book_fict_tpl': missing field `id`" }, JsonParse { path: "ITEM", detail: "Failed to deserialize ITEM 'book_fict_soft_tpl': missing field `id`" }, JsonParse { path: "ITEM", detail: "Failed to deserialize ITEM 'book_fict_soft_collection_tpl': missing field `id`" }, JsonParse { path: "ITEM", detail: "Failed to deserialize ITEM 'brush_pole': invalid value: integer `-70`, expected u32" }, JsonParse { path: "ITEM", detail: "Failed to deserialize ITEM 'rifle_flintlock': invalid type: map, expected a sequence" }, JsonParse { path: "ITEM", detail: "Failed to deserialize ITEM 'carbine_flintlock': invalid type: map, expected a sequence" }, JsonParse { path: "ITEM", detail: "Failed to deserialize ITEM 'scythe': invalid value: integer `-22`, expected u32" }, JsonParse { path: "ITEM", detail: "Failed to deserialize ITEM 'scythe_fake': invalid value: integer `-22`, expected u32" }, JsonParse { path: "ITEM", detail: "Failed to deserialize ITEM 'robofac_greaves': invalid type: floating point `5.25`, expected u32" }, JsonParse { path: "ITEM", detail: "Failed to deserialize ITEM 'robofac_basic_greaves': invalid type: map, expected a string" }, JsonParse { path: "ITEM", detail: "Failed to deserialize ITEM 'base_chainmail_vest': missing field `id`" }, JsonParse { path: "ITEM", detail: "Failed to deserialize ITEM 'base_chainmail_hauberk': missing field `id`" }, JsonParse { path: "ITEM", detail: "Failed to deserialize ITEM 'xs_chainmail_hauberk': missing field `id`" }, JsonParse { path: "ITEM", detail: "Failed to deserialize ITEM 'gun_base_handgun_semi': missing field `id`" }, JsonParse { path: "ITEM", detail: "Failed to deserialize ITEM 'gun_base_32_semi_pistol': missing field `id`" }, JsonParse { path: "ITEM", detail: "Failed to deserialize ITEM 'fake_item': missing field `id`" }, JsonParse { path: "ITEM", detail: "Failed to deserialize ITEM 'book_nonf_soft_tpl': missing field `id`" }, JsonParse { path: "ITEM", detail: "Failed to deserialize ITEM 'book_nonf_soft_cook_tpl': missing field `id`" }, JsonParse { path: "ITEM", detail: "Failed to deserialize ITEM 'glowstick_lit': invalid type: map, expected a sequence" }, JsonParse { path: "ITEM", detail: "Failed to deserialize ITEM 'stanag40ranger': invalid type: sequence, expected a string" }, JsonParse { path: "ITEM", detail: "Failed to deserialize ITEM 'garnet_gold_bracelet': invalid type: map, expected a string" }, JsonParse { path: "ITEM", detail: "Failed to deserialize ITEM 'sapphire_gold_bracelet': invalid type: map, expected a string" }, JsonParse { path: "ITEM", detail: "Failed to deserialize ITEM 'hood_wsurvivor': invalid type: floating point `0.6`, expected u32" }, JsonParse { path: "ITEM", detail: "Failed to deserialize ITEM 'xs_hood_wsurvivor': invalid type: floating point `0.6`, expected u32" }, JsonParse { path: "ITEM", detail: "Failed to deserialize ITEM 'abstract_efile_read': missing field `id`" }, JsonParse { path: "ITEM", detail: "Failed to deserialize ITEM 'aketon_hood_wool': invalid type: floating point `2.0`, expected u32" }, JsonParse { path: "ITEM", detail: "Failed to deserialize ITEM 'xl_aketon_hood_wool': invalid type: floating point `2.0`, expected u32" }, JsonParse { path: "ITEM", detail: "Failed to deserialize ITEM 'xs_aketon_hood_wool': invalid type: floating point `2.0`, expected u32" }, JsonParse { path: "ITEM", detail: "Failed to deserialize ITEM 'sp2022mag_12rd_9mm': invalid type: sequence, expected a string" }, JsonParse { path: "ITEM", detail: "Failed to deserialize ITEM 'dutch_oven': missing field `pocket_type`" }, JsonParse { path: "ITEM", detail: "Failed to deserialize ITEM 'gun_base_22_semi_pistol': missing field `id`" }, JsonParse { path: "ITEM", detail: "Failed to deserialize ITEM 'garnet_gold_earring': invalid type: map, expected a string" }, JsonParse { path: "ITEM", detail: "Failed to deserialize ITEM 'ruby_gold_earring': invalid type: map, expected a string" }, JsonParse { path: "ITEM", detail: "Failed to deserialize ITEM 'base_plastic_dish': missing field `id`" }, JsonParse { path: "ITEM", detail: "Failed to deserialize ITEM 'plastic_bowl_kids': missing field `pocket_type`" }, JsonParse { path: "ITEM", detail: "Failed to deserialize ITEM 'arrow_field_point_fletched': invalid type: map, expected a string" }, JsonParse { path: "ITEM", detail: "Failed to deserialize ITEM 'ice_utility_exoskeleton_off': invalid type: map, expected a sequence" }, JsonParse { path: "ITEM", detail: "Failed to deserialize ITEM 'ice_utility_exoskeleton_on': invalid type: map, expected a sequence" }, JsonParse { path: "ITEM", detail: "Failed to deserialize ITEM 'kevlar_harness': invalid type: floating point `2.0`, expected u32" }, JsonParse { path: "ITEM", detail: "Failed to deserialize ITEM '22_ar15mag_10': invalid type: sequence, expected a string" }, JsonParse { path: "ITEM", detail: "Failed to deserialize ITEM 'base_chainmail_sjumpsuit': missing field `id`" }, JsonParse { path: "ITEM", detail: "Failed to deserialize ITEM 'mc_knife_rambo': invalid type: map, expected a string" }, JsonParse { path: "ITEM", detail: "Failed to deserialize ITEM 'ch_knife_rambo': invalid type: map, expected a string" }, JsonParse { path: "ITEM", detail: "Failed to deserialize ITEM 'char_forge': invalid type: map, expected a sequence" }, JsonParse { path: "ITEM", detail: "Failed to deserialize ITEM 'atlatl': invalid type: map, expected a sequence" }, JsonParse { path: "ITEM", detail: "Failed to deserialize ITEM 'base_ceramic_dish': missing field `id`" }, JsonParse { path: "ITEM", detail: "Failed to deserialize ITEM 'ceramic_cup': missing field `pocket_type`" }, JsonParse { path: "ITEM", detail: "Failed to deserialize ITEM 'gun_base_9mm_semi_pistol': missing field `id`" }, JsonParse { path: "ITEM", detail: "Failed to deserialize ITEM 'mauser_c96': invalid type: map, expected a sequence" }, JsonParse { path: "ITEM", detail: "Failed to deserialize ITEM 'ak74mag': invalid type: sequence, expected a string" }, JsonParse { path: "ITEM", detail: "Failed to deserialize ITEM 'nape_protector': invalid type: floating point `0.4`, expected u32" }, JsonParse { path: "ITEM", detail: "Failed to deserialize ITEM 'phase_immersion_suit': invalid type: map, expected a sequence" }, JsonParse { path: "ITEM", detail: "Failed to deserialize ITEM 'phase_immersion_suit_on': invalid type: map, expected a sequence" }, JsonParse { path: "ITEM", detail: "Failed to deserialize ITEM 'exodii_blueprint': missing field `id`" }, JsonParse { path: "ITEM", detail: "Failed to deserialize ITEM 'towel': invalid type: floating point `0.3`, expected u32" }, JsonParse { path: "ITEM", detail: "Failed to deserialize ITEM 'brew_kvass': invalid type: map, expected a string" }, JsonParse { path: "ITEM", detail: "Failed to deserialize ITEM 'seed': missing field `id`" }, JsonParse { path: "ITEM", detail: "Failed to deserialize ITEM 'blue_topaz_platinum_tiara': invalid type: map, expected a string" }, JsonParse { path: "ITEM", detail: "Failed to deserialize ITEM 'glass_shiv': invalid type: map, expected a string" }, JsonParse { path: "ITEM", detail: "Failed to deserialize ITEM '454_speedloader5': invalid type: sequence, expected a string" }, JsonParse { path: "ITEM", detail: "Failed to deserialize ITEM '454_speedloader6': invalid type: sequence, expected a string" }, JsonParse { path: "ITEM", detail: "Failed to deserialize ITEM 'folding_solar_panel_v2_deployed': invalid type: sequence, expected a string" }, JsonParse { path: "ITEM", detail: "Failed to deserialize ITEM 'vehicle_alternator': missing field `id`" }, JsonParse { path: "ITEM", detail: "Failed to deserialize ITEM 'alternator_bicycle': invalid type: map, expected a string" }, JsonParse { path: "ITEM", detail: "Failed to deserialize ITEM 'bullet_crossbow': invalid type: map, expected a sequence" }, JsonParse { path: "ITEM", detail: "Failed to deserialize ITEM 'gun_base_308_semi_rifle': missing field `id`" }, JsonParse { path: "ITEM", detail: "Failed to deserialize ITEM 'alexandrite_platinum_pendant_necklace': invalid type: map, expected a string" }, JsonParse { path: "ITEM", detail: "Failed to deserialize ITEM 'cz75mag_20rd': invalid type: sequence, expected a string" }, JsonParse { path: "ITEM", detail: "Failed to deserialize ITEM 'schematics_generic': missing field `id`" }, JsonParse { path: "ITEM", detail: "Failed to deserialize ITEM 'garnet_platinum_cufflinks': invalid type: map, expected a string" }, JsonParse { path: "ITEM", detail: "Failed to deserialize ITEM 'onyx_platinum_cufflinks': invalid type: map, expected a string" }, JsonParse { path: "ITEM", detail: "Failed to deserialize ITEM 'paperback_occult': missing field `id`" }, JsonParse { path: "ITEM", detail: "Failed to deserialize ITEM 'oxygen_cylinder': invalid type: sequence, expected a string" }, JsonParse { path: "ITEM", detail: "Failed to deserialize ITEM 'spice': missing field `id`" }, JsonParse { path: "ITEM", detail: "Failed to deserialize ITEM 'bostonchan_wig': invalid type: floating point `0.2`, expected u32" }, JsonParse { path: "ITEM", detail: "Failed to deserialize ITEM 'boxer_shorts': invalid type: floating point `0.01`, expected u32" }, JsonParse { path: "ITEM", detail: "Failed to deserialize ITEM 'wetsuit_shorts_technical': missing field `pocket_type`" }, JsonParse { path: "ITEM", detail: "Failed to deserialize ITEM 'xl_wetsuit_shorts_technical': missing field `pocket_type`" }, JsonParse { path: "ITEM", detail: "Failed to deserialize ITEM 'xl_wetsuit_shorts_technical_loose': missing field `pocket_type`" }, JsonParse { path: "ITEM", detail: "Failed to deserialize ITEM 'book_martial': missing field `id`" }, JsonParse { path: "ITEM", detail: "Failed to deserialize ITEM 'legrig_wetsuit': missing field `pocket_type`" }, JsonParse { path: "ITEM", detail: "Failed to deserialize ITEM 'bolt_wood_bodkin': invalid type: map, expected a string" }, JsonParse { path: "ITEM", detail: "Failed to deserialize ITEM 'bolt_simple_small_game': invalid type: map, expected a string" }, JsonParse { path: "ITEM", detail: "Failed to deserialize ITEM 'base_tin_dish': missing field `id`" }, JsonParse { path: "ITEM", detail: "Failed to deserialize ITEM 'drum_percussion': invalid type: map, expected a string" }, JsonParse { path: "ITEM", detail: "Failed to deserialize ITEM 'stanag100drum': invalid type: sequence, expected a string" }, JsonParse { path: "ITEM", detail: "Failed to deserialize ITEM 'longbow': invalid type: map, expected a sequence" }, JsonParse { path: "ITEM", detail: "Failed to deserialize ITEM 'greatbow_meteor': invalid type: map, expected a sequence" }, JsonParse { path: "ITEM", detail: "Failed to deserialize ITEM 'p320mag_13rd_357sig': invalid type: sequence, expected a string" }, JsonParse { path: "ITEM", detail: "Failed to deserialize ITEM 'badge_abstract': missing field `id`" }, JsonParse { path: "ITEM", detail: "Failed to deserialize ITEM 'fishing_rod_2pc_packed': invalid type: map, expected a string" }, JsonParse { path: "ITEM", detail: "Failed to deserialize ITEM 'fishing_rod_2pc': invalid type: map, expected a string" }, JsonParse { path: "ITEM", detail: "Failed to deserialize ITEM 'thermal_outfit': invalid type: floating point `0.1`, expected u32" }, JsonParse { path: "ITEM", detail: "Failed to deserialize ITEM 'thermal_outfit_on': invalid type: floating point `0.1`, expected u32" }, JsonParse { path: "ITEM", detail: "Failed to deserialize ITEM 'mre_entree': missing field `id`" }, JsonParse { path: "ITEM", detail: "Failed to deserialize ITEM 'px4mag_20rd': invalid type: sequence, expected a string" }, JsonParse { path: "ITEM", detail: "Failed to deserialize ITEM 'ammolink': missing field `id`" }, JsonParse { path: "ITEM", detail: "Failed to deserialize ITEM 'glock_21mag': invalid type: sequence, expected a string" }, JsonParse { path: "ITEM", detail: "Failed to deserialize ITEM 'glock36_mag': invalid type: sequence, expected a string" }, JsonParse { path: "ITEM", detail: "Failed to deserialize ITEM 'tarp': invalid type: floating point `0.1`, expected u32" }, JsonParse { path: "ITEM", detail: "Failed to deserialize ITEM 'base_chainmail_legs': missing field `id`" }, JsonParse { path: "ITEM", detail: "Failed to deserialize ITEM 'base_chainmail_half_legs': missing field `id`" }, JsonParse { path: "ITEM", detail: "Failed to deserialize ITEM 'xl_chainmail_half_legs': missing field `id`" }, JsonParse { path: "ITEM", detail: "Failed to deserialize ITEM 'garnet_silver_bracelet': invalid type: map, expected a string" }, JsonParse { path: "ITEM", detail: "Failed to deserialize ITEM 'alexandrite_silver_bracelet': invalid type: map, expected a string" }, JsonParse { path: "ITEM", detail: "Failed to deserialize ITEM 'glock40mag_9': invalid type: sequence, expected a string" }, JsonParse { path: "ITEM", detail: "Failed to deserialize ITEM 'glock40bigmag': invalid type: sequence, expected a string" }, JsonParse { path: "ITEM", detail: "Failed to deserialize ITEM 'armguard_metal_sheets_bracer': invalid type: floating point `1.5`, expected u32" }, JsonParse { path: "ITEM", detail: "Failed to deserialize ITEM 'fal_makeshiftmag': invalid type: sequence, expected a string" }, JsonParse { path: "ITEM", detail: "Failed to deserialize ITEM 'horse_armor': missing field `id`" }, JsonParse { path: "ITEM", detail: "Failed to deserialize ITEM 'garnet_platinum_bracelet': invalid type: map, expected a string" }, JsonParse { path: "ITEM", detail: "Failed to deserialize ITEM 'ruby_platinum_bracelet': invalid type: map, expected a string" }, JsonParse { path: "ITEM", detail: "Failed to deserialize ITEM 'mc_katana': invalid type: map, expected a string" }, JsonParse { path: "ITEM", detail: "Failed to deserialize ITEM 'katana_inferior': invalid type: map, expected a string" }, JsonParse { path: "ITEM", detail: "Failed to deserialize ITEM 'mutant_marrow': invalid type: floating point `235.5`, expected u32" }, JsonParse { path: "ITEM", detail: "Failed to deserialize ITEM 'garnet_silver_earring': invalid type: map, expected a string" }, JsonParse { path: "ITEM", detail: "Failed to deserialize ITEM 'sapphire_silver_earring': invalid type: map, expected a string" }, JsonParse { path: "ITEM", detail: "Failed to deserialize ITEM 'cape_fp': invalid type: floating point `0.3`, expected u32" }, JsonParse { path: "ITEM", detail: "Failed to deserialize ITEM 'cape_sci_fi': invalid type: floating point `2.5`, expected u32" }, JsonParse { path: "ITEM", detail: "Failed to deserialize ITEM 'gun_base_shotgun_manual': missing field `id`" }, JsonParse { path: "ITEM", detail: "Failed to deserialize ITEM 'ksg-25': invalid type: map, expected a sequence" }, JsonParse { path: "ITEM", detail: "Failed to deserialize ITEM 'blue_topaz_gold_earring': invalid type: map, expected a string" }, JsonParse { path: "ITEM", detail: "Failed to deserialize ITEM 'mc_rapier': invalid type: map, expected a string" }, JsonParse { path: "ITEM", detail: "Failed to deserialize ITEM 'rapier': invalid type: map, expected a string" }, JsonParse { path: "ITEM", detail: "Failed to deserialize ITEM '40_speedloader6': invalid type: sequence, expected a string" }, JsonParse { path: "ITEM", detail: "Failed to deserialize ITEM 'garnet_gold_ring': invalid type: map, expected a string" }, JsonParse { path: "ITEM", detail: "Failed to deserialize ITEM 'emerald_gold_ring': invalid type: map, expected a string" }, JsonParse { path: "ITEM", detail: "Failed to deserialize ITEM 'mc_broadsword': invalid type: map, expected a string" }, JsonParse { path: "ITEM", detail: "Failed to deserialize ITEM 'ch_broadsword': invalid type: map, expected a string" }, JsonParse { path: "ITEM", detail: "Failed to deserialize ITEM 'needle_steel': invalid type: map, expected a sequence" }, JsonParse { path: "ITEM", detail: "Failed to deserialize ITEM 'lajatang': invalid value: integer `-18`, expected u32" }, JsonParse { path: "ITEM", detail: "Failed to deserialize ITEM 'base_utensil': missing field `id`" }, JsonParse { path: "ITEM", detail: "Failed to deserialize ITEM 'polesaw_off': invalid type: map, expected a sequence" }, JsonParse { path: "ITEM", detail: "Failed to deserialize ITEM 'polesaw_on': invalid type: map, expected a sequence" }, JsonParse { path: "ITEM", detail: "Failed to deserialize ITEM 'ruger100': invalid type: sequence, expected a string" }, JsonParse { path: "ITEM", detail: "Failed to deserialize ITEM 'brew_mead': invalid type: map, expected a string" }, JsonParse { path: "ITEM", detail: "Failed to deserialize ITEM 'base_silverware': missing field `id`" }, JsonParse { path: "ITEM", detail: "Failed to deserialize ITEM 'migo_plate_base': missing field `id`" }, JsonParse { path: "ITEM", detail: "Failed to deserialize ITEM 'shotshell_abstract': missing field `id`" }, JsonParse { path: "ITEM", detail: "Failed to deserialize ITEM 'paperback_romance_lnl': missing field `id`" }, JsonParse { path: "ITEM", detail: "Failed to deserialize ITEM 'mc_khopesh': invalid type: map, expected a string" }, JsonParse { path: "ITEM", detail: "Failed to deserialize ITEM 'qt_khopesh': invalid type: map, expected a string" }, JsonParse { path: "ITEM", detail: "Failed to deserialize ITEM 'bondage_mask': invalid type: floating point `0.5`, expected u32" }, JsonParse { path: "ITEM", detail: "Failed to deserialize ITEM 'bondage_mask_zipped': invalid type: floating point `0.5`, expected u32" }, JsonParse { path: "ITEM", detail: "Failed to deserialize ITEM 'gown': invalid type: floating point `0.3`, expected u32" }, JsonParse { path: "ITEM", detail: "Failed to deserialize ITEM 'ax': invalid value: integer `-36`, expected u32" }, JsonParse { path: "ITEM", detail: "Failed to deserialize ITEM 'book_nonf_hard_sports_tpl': missing field `id`" }, JsonParse { path: "ITEM", detail: "Failed to deserialize ITEM 'chainsaw_off': invalid type: map, expected a sequence" }, JsonParse { path: "ITEM", detail: "Failed to deserialize ITEM 'chainsaw_on': invalid type: map, expected a sequence" }, JsonParse { path: "ITEM", detail: "Failed to deserialize ITEM '45colt_fmj': missing field `id`" }, JsonParse { path: "ITEM", detail: "Failed to deserialize ITEM 'cheerleader_skirt': invalid type: floating point `0.1`, expected u32" }, JsonParse { path: "ITEM", detail: "Failed to deserialize ITEM 'abstractmap': missing field `id`" }, JsonParse { path: "ITEM", detail: "Failed to deserialize ITEM 'meat_scrap': invalid type: floating point `40.2`, expected u32" }, JsonParse { path: "ITEM", detail: "Failed to deserialize ITEM 'mutant_meat_scrap': invalid type: floating point `20.1`, expected u32" }, JsonParse { path: "ITEM", detail: "Failed to deserialize ITEM 'jerrypack': missing field `pocket_type`" }, JsonParse { path: "ITEM", detail: "Failed to deserialize ITEM 'gun_base_handgun_manual': missing field `id`" }, JsonParse { path: "ITEM", detail: "Failed to deserialize ITEM 'rough_rider_pistol': invalid type: map, expected a sequence" }, JsonParse { path: "ITEM", detail: "Failed to deserialize ITEM 'base_chainmail_jumpsuit': missing field `id`" }, JsonParse { path: "ITEM", detail: "Failed to deserialize ITEM 'xl_chainmail_jumpsuit': missing field `id`" }, JsonParse { path: "ITEM", detail: "Failed to deserialize ITEM 'apron_cotton': invalid type: floating point `1.5`, expected u32" }, JsonParse { path: "ITEM", detail: "Failed to deserialize ITEM 'waist_apron_long': invalid type: floating point `1.5`, expected u32" }, JsonParse { path: "ITEM", detail: "Failed to deserialize ITEM 'garnet_gold_cufflinks': invalid type: map, expected a string" }, JsonParse { path: "ITEM", detail: "Failed to deserialize ITEM 'emerald_gold_cufflinks': invalid type: map, expected a string" }, JsonParse { path: "ITEM", detail: "Failed to deserialize ITEM 'k_gambeson_sleeve': invalid type: map, expected a string" }, JsonParse { path: "ITEM", detail: "Failed to deserialize ITEM 'mutagen_flavor': missing field `id`" }, JsonParse { path: "ITEM", detail: "Failed to deserialize ITEM 'jikatabi': invalid type: floating point `1.0`, expected u32" }, JsonParse { path: "ITEM", detail: "Failed to deserialize ITEM 'gun_base_223_semi_rifle': missing field `id`" }, JsonParse { path: "ITEM", detail: "Failed to deserialize ITEM 'garnet_silver_tiara': invalid type: map, expected a string" }, JsonParse { path: "ITEM", detail: "Failed to deserialize ITEM 'alexandrite_silver_tiara': invalid type: map, expected a string" }, JsonParse { path: "ITEM", detail: "Failed to deserialize ITEM 'launcher_base': missing field `id`" }, JsonParse { path: "ITEM", detail: "Failed to deserialize ITEM 'm79': invalid type: map, expected a sequence" }, JsonParse { path: "ITEM", detail: "Failed to deserialize ITEM 'crude_40mm': invalid type: map, expected a sequence" }, JsonParse { path: "ITEM", detail: "Failed to deserialize ITEM 'service_medal': invalid type: map, expected a string" }, JsonParse { path: "ITEM", detail: "Failed to deserialize ITEM 'mc_scimitar': invalid type: map, expected a string" }, JsonParse { path: "ITEM", detail: "Failed to deserialize ITEM 'lc_scimitar': invalid type: map, expected a string" }, JsonParse { path: "ITEM", detail: "Failed to deserialize ITEM 'latrunculi': invalid type: map, expected a sequence" }, JsonParse { path: "ITEM", detail: "Failed to deserialize ITEM 'bronze_atlatl_spear': invalid type: map, expected a string" }, JsonParse { path: "ITEM", detail: "Failed to deserialize ITEM 'm3_carlgustav': invalid type: map, expected a sequence" }, JsonParse { path: "ITEM", detail: "Failed to deserialize ITEM 'AT4': invalid type: map, expected a sequence" }, JsonParse { path: "ITEM", detail: "Failed to deserialize ITEM 'hand_axe': invalid value: integer `-50`, expected u32" }, JsonParse { path: "ITEM", detail: "Failed to deserialize ITEM 'makeshift_axe': invalid value: integer `-50`, expected u32" }, JsonParse { path: "ITEM", detail: "Failed to deserialize ITEM 'small_scuba_tank': invalid type: map, expected a sequence" }, JsonParse { path: "ITEM", detail: "Failed to deserialize ITEM 'gun_base_rifle_manual': missing field `id`" }, JsonParse { path: "ITEM", detail: "Failed to deserialize ITEM 'savage_rascal': invalid type: map, expected a sequence" }, JsonParse { path: "ITEM", detail: "Failed to deserialize ITEM 'garnet_gold_tiara': invalid type: map, expected a string" }, JsonParse { path: "ITEM", detail: "Failed to deserialize ITEM 'pearl_gold_tiara': invalid type: map, expected a string" }, JsonParse { path: "ITEM", detail: "Failed to deserialize ITEM 'crossbow': invalid type: map, expected a sequence" }, JsonParse { path: "ITEM", detail: "Failed to deserialize ITEM 'judo_gi': invalid type: floating point `0.5`, expected u32" }, JsonParse { path: "ITEM", detail: "Failed to deserialize ITEM 'veh_tools_abstract': missing field `id`" }, JsonParse { path: "ITEM", detail: "Failed to deserialize ITEM 'long_glove_white': invalid type: floating point `0.2`, expected u32" }, JsonParse { path: "ITEM", detail: "Failed to deserialize ITEM 'stanag20': invalid type: sequence, expected a string" }, JsonParse { path: "ITEM", detail: "Failed to deserialize ITEM 'ruger20': invalid type: sequence, expected a string" }, JsonParse { path: "ITEM", detail: "Failed to deserialize ITEM 'kittel': invalid type: floating point `0.3`, expected u32" }, JsonParse { path: "ITEM", detail: "Failed to deserialize ITEM 'basic_papr_belt_off': invalid type: map, expected a string" }, JsonParse { path: "ITEM", detail: "Failed to deserialize ITEM 'basic_papr_belt_on': invalid type: map, expected a string" }, JsonParse { path: "ITEM", detail: "Failed to deserialize ITEM 'sapphire_silver_cufflinks': invalid type: map, expected a string" }, JsonParse { path: "ITEM", detail: "Failed to deserialize ITEM 'tourmaline_gold_tiara': invalid type: map, expected a string" }, JsonParse { path: "ITEM", detail: "Failed to deserialize ITEM 'aketon_nylon': invalid type: floating point `3.5`, expected u32" }, JsonParse { path: "ITEM", detail: "Failed to deserialize ITEM 'hijab': invalid type: floating point `0.2`, expected u32" }, JsonParse { path: "ITEM", detail: "Failed to deserialize ITEM 'niqab': invalid type: floating point `0.2`, expected u32" }, JsonParse { path: "ITEM", detail: "Failed to deserialize ITEM 'skull_abstract': missing field `id`" }, JsonParse { path: "ITEM", detail: "Failed to deserialize ITEM 'book_antho_tpl': missing field `id`" }, JsonParse { path: "ITEM", detail: "Failed to deserialize ITEM 'aketon_wool': invalid type: floating point `3.5`, expected u32" }, JsonParse { path: "ITEM", detail: "Failed to deserialize ITEM 'zombie_mask': invalid type: floating point `0.5`, expected u32" }, JsonParse { path: "ITEM", detail: "Failed to deserialize ITEM 'lc_helmet_turban': invalid type: floating point `2.5`, expected u32" }, JsonParse { path: "ITEM", detail: "Failed to deserialize ITEM 'xs_lc_helmet_turban': invalid type: floating point `2.5`, expected u32" }, JsonParse { path: "ITEM", detail: "Failed to deserialize ITEM 'base_plastic_silverware': missing field `id`" }, JsonParse { path: "ITEM", detail: "Failed to deserialize ITEM 'sw_500': invalid type: map, expected a sequence" }, JsonParse { path: "ITEM", detail: "Failed to deserialize ITEM 'naginata': invalid value: integer `-24`, expected u32" }, JsonParse { path: "ITEM", detail: "Failed to deserialize ITEM 'naginata_fake': invalid value: integer `-24`, expected u32" }, JsonParse { path: "ITEM", detail: "Failed to deserialize ITEM 'emerald_silver_tiara': invalid type: map, expected a string" }, JsonParse { path: "ITEM", detail: "Failed to deserialize ITEM 'diamond_ring': invalid type: map, expected a string" }, JsonParse { path: "ITEM", detail: "Failed to deserialize ITEM 'tights': invalid type: floating point `0.1`, expected u32" }, JsonParse { path: "ITEM", detail: "Failed to deserialize ITEM 'mc_estoc': invalid type: map, expected a string" }, JsonParse { path: "ITEM", detail: "Failed to deserialize ITEM 'estoc_inferior': invalid type: map, expected a string" }, JsonParse { path: "ITEM", detail: "Failed to deserialize ITEM 'mc_kilij': invalid type: map, expected a string" }, JsonParse { path: "ITEM", detail: "Failed to deserialize ITEM 'ch_kilij': invalid type: map, expected a string" }, JsonParse { path: "ITEM", detail: "Failed to deserialize ITEM 'emerald_gold_tiara': invalid type: map, expected a string" }, JsonParse { path: "ITEM", detail: "Failed to deserialize ITEM 'iv_mutagen_flavor': missing field `id`" }, JsonParse { path: "ITEM", detail: "Failed to deserialize ITEM 'pipe_shotgun': invalid type: map, expected a sequence" }, JsonParse { path: "ITEM", detail: "Failed to deserialize ITEM 'pipe_double_shotgun': invalid type: map, expected a sequence" }, JsonParse { path: "ITEM", detail: "Failed to deserialize ITEM 'pseudo_magazine': invalid type: sequence, expected a string" }, JsonParse { path: "ITEM", detail: "Failed to deserialize ITEM 'brew_sake': invalid type: map, expected a string" }, JsonParse { path: "ITEM", detail: "Failed to deserialize ITEM 'garnet_platinum_earring': invalid type: map, expected a string" }, JsonParse { path: "ITEM", detail: "Failed to deserialize ITEM 'diamond_platinum_earring': invalid type: map, expected a string" }, JsonParse { path: "ITEM", detail: "Failed to deserialize ITEM 'char_purifier': invalid type: map, expected a sequence" }, JsonParse { path: "ITEM", detail: "Failed to deserialize ITEM 'gloves_light': invalid type: floating point `0.2`, expected u32" }, JsonParse { path: "ITEM", detail: "Failed to deserialize ITEM 'xl_gloves_light': invalid type: floating point `0.2`, expected u32" }, JsonParse { path: "ITEM", detail: "Failed to deserialize ITEM 'gun_base_45_semi_rifle': missing field `id`" }, JsonParse { path: "ITEM", detail: "Failed to deserialize ITEM '460_xvr': invalid type: map, expected a sequence" }, JsonParse { path: "ITEM", detail: "Failed to deserialize ITEM 'compbow': invalid type: map, expected a sequence" }, JsonParse { path: "ITEM", detail: "Failed to deserialize ITEM 'compbow_low': invalid type: map, expected a sequence" }, JsonParse { path: "ITEM", detail: "Failed to deserialize ITEM 'alexandrite_gold_cufflinks': invalid type: map, expected a string" }, JsonParse { path: "ITEM", detail: "Failed to deserialize ITEM 'fire_ax': missing field `pocket_type`" }, JsonParse { path: "ITEM", detail: "Failed to deserialize ITEM 'mutagen_sample': missing field `id`" }, JsonParse { path: "ITEM", detail: "Failed to deserialize ITEM 'survivor223mag': invalid type: sequence, expected a string" }, JsonParse { path: "ITEM", detail: "Failed to deserialize ITEM 'ruger_makeshiftmag': invalid type: sequence, expected a string" }, JsonParse { path: "ITEM", detail: "Failed to deserialize ITEM 'nailgun': invalid type: map, expected a sequence" }, JsonParse { path: "ITEM", detail: "Failed to deserialize ITEM 'mp5mag_10rd': invalid type: sequence, expected a string" }, JsonParse { path: "ITEM", detail: "Failed to deserialize ITEM 'tool_pouch': invalid type: floating point `0.5`, expected u32" }, JsonParse { path: "ITEM", detail: "Failed to deserialize ITEM 'boots_chitin': invalid type: map, expected a string" }, JsonParse { path: "ITEM", detail: "Failed to deserialize ITEM 'stanag100': invalid type: sequence, expected a string" }, JsonParse { path: "ITEM", detail: "Failed to deserialize ITEM 'socks_wool': invalid type: floating point `0.3`, expected u32" }, JsonParse { path: "ITEM", detail: "Failed to deserialize ITEM 'xssocks_wool': invalid type: floating point `0.3`, expected u32" }, JsonParse { path: "ITEM", detail: "Failed to deserialize ITEM 'bionic_general_faulty': missing field `id`" }, JsonParse { path: "ITEM", detail: "Failed to deserialize ITEM 'm1911mag': invalid type: sequence, expected a string" }, JsonParse { path: "ITEM", detail: "Failed to deserialize ITEM 'm1911_10mag': invalid type: sequence, expected a string" }, JsonParse { path: "ITEM", detail: "Failed to deserialize ITEM '10gal_hat': invalid type: floating point `0.3`, expected u32" }, JsonParse { path: "ITEM", detail: "Failed to deserialize ITEM 'hptc9mag_15rd': invalid type: sequence, expected a string" }, JsonParse { path: "ITEM", detail: "Failed to deserialize ITEM 'clip_77mm_arisaka': invalid type: sequence, expected a string" }, JsonParse { path: "ITEM", detail: "Failed to deserialize ITEM 'lc_katana': invalid type: map, expected a string" }, JsonParse { path: "ITEM", detail: "Failed to deserialize ITEM 'socks': invalid type: floating point `0.2`, expected u32" }, JsonParse { path: "ITEM", detail: "Failed to deserialize ITEM 'xssocks': invalid type: floating point `0.2`, expected u32" }, JsonParse { path: "ITEM", detail: "Failed to deserialize ITEM 'peridot_gold_cufflinks': invalid type: map, expected a string" }, JsonParse { path: "ITEM", detail: "Failed to deserialize ITEM 'compositebow': invalid type: map, expected a sequence" }, JsonParse { path: "ITEM", detail: "Failed to deserialize ITEM 'raging_bull': invalid type: map, expected a sequence" }, JsonParse { path: "ITEM", detail: "Failed to deserialize ITEM 'raging_judge': invalid type: map, expected a sequence" }, JsonParse { path: "ITEM", detail: "Failed to deserialize ITEM 'stockings_tent_arms': invalid type: floating point `0.2`, expected u32" }, JsonParse { path: "ITEM", detail: "Failed to deserialize ITEM 'chair_plywood': invalid type: map, expected a string" }, JsonParse { path: "ITEM", detail: "Failed to deserialize ITEM 'tumbler_plastic': missing field `pocket_type`" }, JsonParse { path: "ITEM", detail: "Failed to deserialize ITEM 'mosin91_30': invalid type: map, expected a sequence" }, JsonParse { path: "ITEM", detail: "Failed to deserialize ITEM 'm14mag': invalid type: sequence, expected a string" }, JsonParse { path: "ITEM", detail: "Failed to deserialize ITEM 'camp_chair': invalid type: map, expected a string" }, JsonParse { path: "ITEM", detail: "Failed to deserialize ITEM 'shavingkit': invalid type: map, expected a sequence" }, JsonParse { path: "ITEM", detail: "Failed to deserialize ITEM 'mc_falx': invalid type: map, expected a string" }, JsonParse { path: "ITEM", detail: "Failed to deserialize ITEM 'qt_falx': invalid type: map, expected a string" }, JsonParse { path: "ITEM", detail: "Failed to deserialize ITEM 'sapphire_platinum_bracelet': invalid type: map, expected a string" }, JsonParse { path: "ITEM", detail: "Failed to deserialize ITEM 'book_fict_soft_pulp_tpl': missing field `id`" }, JsonParse { path: "ITEM", detail: "Failed to deserialize ITEM 'book_pulp_newage_tpl': missing field `id`" }, JsonParse { path: "ITEM", detail: "Failed to deserialize ITEM 'hood_survivor': invalid type: floating point `0.4`, expected u32" }, JsonParse { path: "ITEM", detail: "Failed to deserialize ITEM 'bowl_pewter': missing field `pocket_type`" }, JsonParse { path: "ITEM", detail: "Failed to deserialize ITEM 'pipe_quiver_large': invalid type: floating point `1.5`, expected u32" }, JsonParse { path: "ITEM", detail: "Failed to deserialize ITEM 'bill_hook': invalid value: integer `-70`, expected u32" }, JsonParse { path: "ITEM", detail: "Failed to deserialize ITEM 'engine_gasoline': missing field `id`" }, JsonParse { path: "ITEM", detail: "Failed to deserialize ITEM 'shorts': invalid type: floating point `0.2`, expected u32" }, JsonParse { path: "ITEM", detail: "Failed to deserialize ITEM 'onyx_silver_bracelet': invalid type: map, expected a string" }, JsonParse { path: "ITEM", detail: "Failed to deserialize ITEM 'modular_papr_strap': invalid type: floating point `0.5`, expected u32" }, JsonParse { path: "ITEM", detail: "Failed to deserialize ITEM 'mc_cavalry_sabre': invalid type: map, expected a string" }, JsonParse { path: "ITEM", detail: "Failed to deserialize ITEM 'cavalry_sabre_fake': invalid type: map, expected a string" }, JsonParse { path: "ITEM", detail: "Failed to deserialize ITEM 'book_nonf_soft_phil_tpl': missing field `id`" }, JsonParse { path: "ITEM", detail: "Failed to deserialize ITEM 'chestguard_metal_sheets': invalid type: floating point `1.5`, expected u32" }, JsonParse { path: "ITEM", detail: "Failed to deserialize ITEM 'ch_chestguard_metal_sheets': invalid type: floating point `1.5`, expected u32" }, JsonParse { path: "ITEM", detail: "Failed to deserialize ITEM 'm1911mag_10rd_38super': invalid type: sequence, expected a string" }, JsonParse { path: "ITEM", detail: "Failed to deserialize ITEM 'base_chainmail_suit': missing field `id`" }, JsonParse { path: "ITEM", detail: "Failed to deserialize ITEM 'waist_apron_long_xl': invalid type: floating point `1.5`, expected u32" }, JsonParse { path: "ITEM", detail: "Failed to deserialize ITEM 'cheongsam': invalid type: floating point `0.2`, expected u32" }, JsonParse { path: "ITEM", detail: "Failed to deserialize ITEM 'leg_warmers_f': invalid type: floating point `0.2`, expected u32" }, JsonParse { path: "ITEM", detail: "Failed to deserialize ITEM 'leg_warmers_xsf': invalid type: floating point `0.2`, expected u32" }, JsonParse { path: "ITEM", detail: "Failed to deserialize ITEM 'arrow_metal_target': invalid type: map, expected a string" }, JsonParse { path: "ITEM", detail: "Failed to deserialize ITEM 'robofac_vambraces': invalid type: floating point `5.25`, expected u32" }, JsonParse { path: "ITEM", detail: "Failed to deserialize ITEM 'robofac_kevlar_vambraces': invalid type: map, expected a string" }, JsonParse { path: "ITEM", detail: "Failed to deserialize ITEM 'mc_zweihander': invalid type: map, expected a string" }, JsonParse { path: "ITEM", detail: "Failed to deserialize ITEM 'qt_zweihander': invalid type: map, expected a string" }, JsonParse { path: "ITEM", detail: "Failed to deserialize ITEM 'tefillin_hand_r': invalid type: floating point `1.0`, expected u32" }, JsonParse { path: "ITEM", detail: "Failed to deserialize ITEM 'garnet_platinum_ring': invalid type: map, expected a string" }, JsonParse { path: "ITEM", detail: "Failed to deserialize ITEM 'sapphire_platinum_ring': invalid type: map, expected a string" }, JsonParse { path: "ITEM", detail: "Failed to deserialize ITEM 'steel_atlatl_spear': invalid type: map, expected a string" }, JsonParse { path: "ITEM", detail: "Failed to deserialize ITEM 'saiga410mag_10rd': invalid type: sequence, expected a string" }, JsonParse { path: "ITEM", detail: "Failed to deserialize ITEM 'mp1522_mag': invalid type: sequence, expected a string" }, JsonParse { path: "ITEM", detail: "Failed to deserialize ITEM 'red_pen': invalid type: map, expected a sequence" }, JsonParse { path: "ITEM", detail: "Failed to deserialize ITEM 'opal_silver_earring': invalid type: map, expected a string" }, JsonParse { path: "ITEM", detail: "Failed to deserialize ITEM 'hat_chef': invalid type: floating point `0.1`, expected u32" }, JsonParse { path: "ITEM", detail: "Failed to deserialize ITEM 'vampire_fangs': invalid type: floating point `0.01`, expected u32" }, JsonParse { path: "ITEM", detail: "Failed to deserialize ITEM 'aketon_gloves_canvas': invalid type: floating point `2.0`, expected u32" }, JsonParse { path: "ITEM", detail: "Failed to deserialize ITEM 'xs_aketon_gloves_canvas': invalid type: floating point `2.0`, expected u32" }, JsonParse { path: "ITEM", detail: "Failed to deserialize ITEM 'armguard_metal_sheets_shoulders': invalid type: floating point `1.5`, expected u32" }, JsonParse { path: "ITEM", detail: "Failed to deserialize ITEM 'ch_armguard_metal_sheets_shoulders': invalid type: floating point `1.5`, expected u32" }, JsonParse { path: "ITEM", detail: "Failed to deserialize ITEM 'qt_helmet_turban': invalid type: floating point `2.5`, expected u32" }, JsonParse { path: "ITEM", detail: "Failed to deserialize ITEM 'xs_qt_helmet_turban': invalid type: floating point `2.5`, expected u32" }, JsonParse { path: "ITEM", detail: "Failed to deserialize ITEM 'mask_skull': invalid type: floating point `0.2`, expected u32" }, JsonParse { path: "ITEM", detail: "Failed to deserialize ITEM 'btmp9mag_9x19mm_10rd': invalid type: sequence, expected a string" }, JsonParse { path: "ITEM", detail: "Failed to deserialize ITEM 'medium_propane_tank': invalid type: map, expected a sequence" }, JsonParse { path: "ITEM", detail: "Failed to deserialize ITEM 'mc_arming_sword': invalid type: map, expected a string" }, JsonParse { path: "ITEM", detail: "Failed to deserialize ITEM 'qt_arming_sword': invalid type: map, expected a string" }, JsonParse { path: "ITEM", detail: "Failed to deserialize ITEM 'boy_shorts': invalid type: floating point `0.1`, expected u32" }, JsonParse { path: "ITEM", detail: "Failed to deserialize ITEM 'xsboy_shorts': invalid type: floating point `0.1`, expected u32" }, JsonParse { path: "ITEM", detail: "Failed to deserialize ITEM 'stanag90': invalid type: sequence, expected a string" }, JsonParse { path: "ITEM", detail: "Failed to deserialize ITEM 'ruger90': invalid type: sequence, expected a string" }, JsonParse { path: "ITEM", detail: "Failed to deserialize ITEM 'glockmag': invalid type: sequence, expected a string" }, JsonParse { path: "ITEM", detail: "Failed to deserialize ITEM 'xl_chainmail_suit': missing field `id`" }, JsonParse { path: "ITEM", detail: "Failed to deserialize ITEM 'robofac10': invalid type: sequence, expected a string" }, JsonParse { path: "ITEM", detail: "Failed to deserialize ITEM 'cloak_black': invalid type: floating point `0.1`, expected u32" }, JsonParse { path: "ITEM", detail: "Failed to deserialize ITEM 'robot_module_abstract': missing field `id`" }, JsonParse { path: "ITEM", detail: "Failed to deserialize ITEM 'abstract_tablet': missing field `id`" }, JsonParse { path: "ITEM", detail: "Failed to deserialize ITEM 'eink_tablet_pc': invalid type: map, expected a string" }, JsonParse { path: "ITEM", detail: "Failed to deserialize ITEM 'eink_tablet_pc_on': invalid type: map, expected a string" }, JsonParse { path: "ITEM", detail: "Failed to deserialize ITEM 'aketon_wool_vest': invalid type: floating point `3.5`, expected u32" }, JsonParse { path: "ITEM", detail: "Failed to deserialize ITEM 'xl_aketon_wool_vest': invalid type: floating point `3.5`, expected u32" }, JsonParse { path: "ITEM", detail: "Failed to deserialize ITEM 'belt_loop_large': missing field `pocket_type`" }, JsonParse { path: "ITEM", detail: "Failed to deserialize ITEM 'mitten_gaunt_metal_sheets': invalid type: floating point `1.5`, expected u32" }, JsonParse { path: "ITEM", detail: "Failed to deserialize ITEM 'mc_helmet_turban': invalid type: floating point `2.5`, expected u32" }, JsonParse { path: "ITEM", detail: "Failed to deserialize ITEM 'xs_mc_helmet_turban': invalid type: floating point `2.5`, expected u32" }, JsonParse { path: "ITEM", detail: "Failed to deserialize ITEM 'hat_newsboy': invalid type: floating point `0.2`, expected u32" }, JsonParse { path: "ITEM", detail: "Failed to deserialize ITEM 'egg_grouse': invalid type: floating point `51.83`, expected u32" }, JsonParse { path: "ITEM", detail: "Failed to deserialize ITEM 'ashot': invalid type: map, expected a sequence" }, JsonParse { path: "ITEM", detail: "Failed to deserialize ITEM 'armguard_metal_sheets_elbows': invalid type: floating point `1.5`, expected u32" }, JsonParse { path: "ITEM", detail: "Failed to deserialize ITEM 'abstract_efile_exclusive_copiable': missing field `id`" }, JsonParse { path: "ITEM", detail: "Failed to deserialize ITEM 'abstract_efile_recipes': missing field `id`" }, JsonParse { path: "ITEM", detail: "Failed to deserialize ITEM 'anesthetic_kit': invalid type: map, expected a sequence" }, JsonParse { path: "ITEM", detail: "Failed to deserialize ITEM 'straw_hat': invalid type: floating point `0.2`, expected u32" }, JsonParse { path: "ITEM", detail: "Failed to deserialize ITEM 'garnet_silver_pendant_necklace': invalid type: map, expected a string" }, JsonParse { path: "ITEM", detail: "Failed to deserialize ITEM 'alexandrite_silver_pendant_necklace': invalid type: map, expected a string" }, JsonParse { path: "ITEM", detail: "Failed to deserialize ITEM 'aketon_pants_nylon': invalid type: floating point `3.0`, expected u32" }, JsonParse { path: "ITEM", detail: "Failed to deserialize ITEM 'brew_spiced_mead': invalid type: map, expected a string" }, JsonParse { path: "ITEM", detail: "Failed to deserialize ITEM 'gambeson_pants_wool': invalid type: floating point `6.0`, expected u32" }, JsonParse { path: "ITEM", detail: "Failed to deserialize ITEM 'xl_gambeson_pants_wool': invalid type: floating point `6.0`, expected u32" }, JsonParse { path: "ITEM", detail: "Failed to deserialize ITEM 'jacket_varsity': invalid type: floating point `0.5`, expected u32" }, JsonParse { path: "ITEM", detail: "Failed to deserialize ITEM 'sports_bra': invalid type: floating point `0.1`, expected u32" }, JsonParse { path: "ITEM", detail: "Failed to deserialize ITEM 'nylon_holster': invalid type: floating point `0.5`, expected u32" }, JsonParse { path: "ITEM", detail: "Failed to deserialize ITEM 'XS_nylon_holster': invalid type: floating point `0.5`, expected u32" }, JsonParse { path: "ITEM", detail: "Failed to deserialize ITEM 'bee_dress': invalid type: floating point `0.2`, expected u32" }, JsonParse { path: "ITEM", detail: "Failed to deserialize ITEM 'brew_hopped_mead': invalid type: map, expected a string" }, JsonParse { path: "ITEM", detail: "Failed to deserialize ITEM 'ruger1022mag_70': invalid type: sequence, expected a string" }, JsonParse { path: "ITEM", detail: "Failed to deserialize ITEM 'seed_fruit': missing field `id`" }, JsonParse { path: "ITEM", detail: "Failed to deserialize ITEM 'gambeson_canvas_thinsleeved': invalid type: floating point `7.5`, expected u32" }, JsonParse { path: "ITEM", detail: "Failed to deserialize ITEM 'abstract_smart_phone': invalid type: map, expected a string" }, JsonParse { path: "ITEM", detail: "Failed to deserialize ITEM 'smart_phone': invalid type: map, expected a string" }, JsonParse { path: "ITEM", detail: "Failed to deserialize ITEM 'smart_phone_locked': invalid type: map, expected a string" }, JsonParse { path: "ITEM", detail: "Failed to deserialize ITEM 'outsert_clear': invalid type: floating point `2.5`, expected u32" }, JsonParse { path: "ITEM", detail: "Failed to deserialize ITEM 'spare_part': missing field `id`" }, JsonParse { path: "ITEM", detail: "Failed to deserialize ITEM 'ch_zweihander': invalid type: map, expected a string" }, JsonParse { path: "ITEM", detail: "Failed to deserialize ITEM 'kasaya': invalid type: floating point `0.5`, expected u32" }, JsonParse { path: "ITEM", detail: "Failed to deserialize ITEM 'lc_elbow_guards': invalid type: floating point `1.2`, expected u32" }, JsonParse { path: "ITEM", detail: "Failed to deserialize ITEM 'qt_elbow_guards': invalid type: floating point `1.2`, expected u32" }, JsonParse { path: "ITEM", detail: "Failed to deserialize ITEM 'qt_elbow_guards_xs': invalid type: floating point `1.2`, expected u32" }, JsonParse { path: "ITEM", detail: "Failed to deserialize ITEM 'watercannon': invalid type: map, expected a sequence" }, JsonParse { path: "ITEM", detail: "Failed to deserialize ITEM 'clay_cup': missing field `pocket_type`" }, JsonParse { path: "ITEM", detail: "Failed to deserialize ITEM 'pearl_gold_bracelet': invalid type: map, expected a string" }, JsonParse { path: "ITEM", detail: "Failed to deserialize ITEM 'ch_khopesh': invalid type: map, expected a string" }, JsonParse { path: "ITEM", detail: "Failed to deserialize ITEM 'maid_dress': invalid type: floating point `0.1`, expected u32" }, JsonParse { path: "ITEM", detail: "Failed to deserialize ITEM 'maid_dress_xl': invalid type: floating point `0.1`, expected u32" }, JsonParse { path: "ITEM", detail: "Failed to deserialize ITEM 'xs_chainmail_half_legs': missing field `id`" }, JsonParse { path: "ITEM", detail: "Failed to deserialize ITEM 'garnet_gold_pendant_necklace': invalid type: map, expected a string" }, JsonParse { path: "ITEM", detail: "Failed to deserialize ITEM 'diamond_gold_pendant_necklace': invalid type: map, expected a string" }, JsonParse { path: "ITEM", detail: "Failed to deserialize ITEM 'xl_chainmail_legs': missing field `id`" }, JsonParse { path: "ITEM", detail: "Failed to deserialize ITEM 'helmet_chitin': invalid type: map, expected a string" }, JsonParse { path: "ITEM", detail: "Failed to deserialize ITEM 'xl_helmet_chitin': invalid type: map, expected a string" }, JsonParse { path: "ITEM", detail: "Failed to deserialize ITEM '5l_methanol_tank': invalid type: sequence, expected a string" }, JsonParse { path: "ITEM", detail: "Failed to deserialize ITEM 'sw_610': invalid type: map, expected a sequence" }, JsonParse { path: "ITEM", detail: "Failed to deserialize ITEM 'butane_can': invalid type: map, expected a sequence" }, JsonParse { path: "ITEM", detail: "Failed to deserialize ITEM 'leotard': invalid type: floating point `0.01`, expected u32" }, JsonParse { path: "ITEM", detail: "Failed to deserialize ITEM 'book_binder': invalid type: map, expected a sequence" }, JsonParse { path: "ITEM", detail: "Failed to deserialize ITEM 'robofac_head_rig_ar': unknown variant `E_FILE_STORAGE`, expected one of `CONTAINER`, `MAGAZINE`, `MAGAZINE_WELL`, `HOLSTER`, `SPECIAL`, `CORROSION`, `MIGRATING`, `MOD`, `SOFTWARE`" }, JsonParse { path: "ITEM", detail: "Failed to deserialize ITEM 'jacket_jean': invalid type: floating point `0.95`, expected u32" }, JsonParse { path: "ITEM", detail: "Failed to deserialize ITEM 'binoculars': invalid type: map, expected a string" }, JsonParse { path: "ITEM", detail: "Failed to deserialize ITEM 'battery_car': invalid type: sequence, expected a string" }, JsonParse { path: "ITEM", detail: "Failed to deserialize ITEM 'battery_motorbike_small': invalid type: sequence, expected a string" }, JsonParse { path: "ITEM", detail: "Failed to deserialize ITEM 'bikini_top_short': invalid type: floating point `0.01`, expected u32" }, JsonParse { path: "ITEM", detail: "Failed to deserialize ITEM 'robofac_mobile_weather_station': invalid type: map, expected a sequence" }, JsonParse { path: "ITEM", detail: "Failed to deserialize ITEM 'grim_reaper_robe': invalid type: floating point `0.1`, expected u32" }, JsonParse { path: "ITEM", detail: "Failed to deserialize ITEM 'grim_reaper_robe_faceless': invalid type: floating point `0.1`, expected u32" }, JsonParse { path: "ITEM", detail: "Failed to deserialize ITEM 'webbing_belt': invalid type: floating point `1.5`, expected u32" }, JsonParse { path: "ITEM", detail: "Failed to deserialize ITEM 'turban': invalid type: floating point `0.3`, expected u32" }, JsonParse { path: "ITEM", detail: "Failed to deserialize ITEM 'american_flag': invalid type: floating point `0.3`, expected u32" }, JsonParse { path: "ITEM", detail: "Failed to deserialize ITEM 'hc_estoc': invalid type: map, expected a string" }, JsonParse { path: "ITEM", detail: "Failed to deserialize ITEM 'mc_jian': invalid type: map, expected a string" }, JsonParse { path: "ITEM", detail: "Failed to deserialize ITEM 'jian': invalid type: map, expected a string" }, JsonParse { path: "ITEM", detail: "Failed to deserialize ITEM 'balclava': invalid type: floating point `0.5`, expected u32" }, JsonParse { path: "ITEM", detail: "Failed to deserialize ITEM 'bhp9mag_13rd': invalid type: sequence, expected a string" }, JsonParse { path: "ITEM", detail: "Failed to deserialize ITEM 'tailors_kit': invalid type: map, expected a sequence" }, JsonParse { path: "ITEM", detail: "Failed to deserialize ITEM 'diamond_platinum_pendant_necklace': invalid type: map, expected a string" }, JsonParse { path: "ITEM", detail: "Failed to deserialize ITEM 'bandolier_pipebomb': missing field `pocket_type`" }, JsonParse { path: "ITEM", detail: "Failed to deserialize ITEM 'remington_870': invalid type: map, expected a sequence" }, JsonParse { path: "ITEM", detail: "Failed to deserialize ITEM 'diamond_platinum_cufflinks': invalid type: map, expected a string" }, JsonParse { path: "ITEM", detail: "Failed to deserialize ITEM 'bolt_steel_target': invalid type: map, expected a string" }, JsonParse { path: "ITEM", detail: "Failed to deserialize ITEM 'long_undertop': invalid type: floating point `0.2`, expected u32" }, JsonParse { path: "ITEM", detail: "Failed to deserialize ITEM 'mutant_bug_organs': invalid type: floating point `261.3`, expected u32" }, JsonParse { path: "ITEM", detail: "Failed to deserialize ITEM 'fedora': invalid type: floating point `0.5`, expected u32" }, JsonParse { path: "ITEM", detail: "Failed to deserialize ITEM 'shovel': invalid value: integer `-70`, expected u32" }, JsonParse { path: "ITEM", detail: "Failed to deserialize ITEM 'suspenders_cloth': invalid type: floating point `1.5`, expected u32" }, JsonParse { path: "ITEM", detail: "Failed to deserialize ITEM 'suspenders_leather': invalid type: floating point `1.5`, expected u32" }, JsonParse { path: "ITEM", detail: "Failed to deserialize ITEM 'nun_wimple': invalid type: floating point `0.1`, expected u32" }, JsonParse { path: "ITEM", detail: "Failed to deserialize ITEM 'cz75mag_26rd': invalid type: sequence, expected a string" }, JsonParse { path: "ITEM", detail: "Failed to deserialize ITEM 'mc_longsword': invalid type: map, expected a string" }, JsonParse { path: "ITEM", detail: "Failed to deserialize ITEM 'longsword': invalid type: map, expected a string" }, JsonParse { path: "ITEM", detail: "Failed to deserialize ITEM 'turtleneck_rolled': invalid type: floating point `0.5`, expected u32" }, JsonParse { path: "ITEM", detail: "Failed to deserialize ITEM '8mm_caseless': invalid type: map, expected a string" }, JsonParse { path: "ITEM", detail: "Failed to deserialize ITEM '8mm_jhp': invalid type: map, expected a string" }, JsonParse { path: "ITEM", detail: "Failed to deserialize ITEM 'mp5mag_20rd': invalid type: sequence, expected a string" }, JsonParse { path: "ITEM", detail: "Failed to deserialize ITEM 'venom_gland': missing field `id`" }, JsonParse { path: "ITEM", detail: "Failed to deserialize ITEM 'oil_lamp_clay': invalid type: map, expected a sequence" }, JsonParse { path: "ITEM", detail: "Failed to deserialize ITEM 'oil_lamp_clay_on': invalid type: map, expected a sequence" }, JsonParse { path: "ITEM", detail: "Failed to deserialize ITEM 'jumpsuit_pocketless': invalid type: floating point `0.2`, expected u32" }, JsonParse { path: "ITEM", detail: "Failed to deserialize ITEM 'jumpsuit': invalid type: floating point `0.2`, expected u32" }, JsonParse { path: "ITEM", detail: "Failed to deserialize ITEM 'jumpsuit_skeleton': invalid type: floating point `0.2`, expected u32" }, JsonParse { path: "ITEM", detail: "Failed to deserialize ITEM 'jumpsuit_skeleton_zipped': invalid type: floating point `0.2`, expected u32" }, JsonParse { path: "ITEM", detail: "Failed to deserialize ITEM 'stanag30ranger': invalid type: sequence, expected a string" }, JsonParse { path: "ITEM", detail: "Failed to deserialize ITEM 'stanag30ranger_beowulf': invalid type: sequence, expected a string" }, JsonParse { path: "ITEM", detail: "Failed to deserialize ITEM 'diamond_platinum_tiara': invalid type: map, expected a string" }, JsonParse { path: "ITEM", detail: "Failed to deserialize ITEM 'leather_harness_dog': invalid type: floating point `2.0`, expected u32" }, JsonParse { path: "ITEM", detail: "Failed to deserialize ITEM 'leatherbone_harness_dog': invalid type: floating point `2.0`, expected u32" }, JsonParse { path: "ITEM", detail: "Failed to deserialize ITEM 'wp22mag': invalid type: sequence, expected a string" }, JsonParse { path: "ITEM", detail: "Failed to deserialize ITEM 'heavy_plus_battery_cell': invalid type: sequence, expected a string" }, JsonParse { path: "ITEM", detail: "Failed to deserialize ITEM 'mre_dessert': missing field `id`" }, JsonParse { path: "ITEM", detail: "Failed to deserialize ITEM 'ruger1022mag_55': invalid type: sequence, expected a string" }, JsonParse { path: "ITEM", detail: "Failed to deserialize ITEM 'cheerleader_dress': invalid type: floating point `0.1`, expected u32" }, JsonParse { path: "ITEM", detail: "Failed to deserialize ITEM 'lc_esbi_plate': invalid type: map, expected a string" }, JsonParse { path: "ITEM", detail: "Failed to deserialize ITEM 'mc_esbi_plate': invalid type: map, expected a string" }, JsonParse { path: "ITEM", detail: "Failed to deserialize ITEM 'duster_leather': invalid type: floating point `1.5`, expected u32" }, JsonParse { path: "ITEM", detail: "Failed to deserialize ITEM 'santa_gloves': invalid type: floating point `0.5`, expected u32" }, JsonParse { path: "ITEM", detail: "Failed to deserialize ITEM 'spray_can': invalid type: map, expected a sequence" }, JsonParse { path: "ITEM", detail: "Failed to deserialize ITEM 'bolt_wood_small_game': invalid type: map, expected a string" }, JsonParse { path: "ITEM", detail: "Failed to deserialize ITEM 'ruby_platinum_tiara': invalid type: map, expected a string" }, JsonParse { path: "ITEM", detail: "Failed to deserialize ITEM 'small_propane_tank': invalid type: map, expected a sequence" }, JsonParse { path: "ITEM", detail: "Failed to deserialize ITEM 'apron_cotton_xl': invalid type: floating point `1.5`, expected u32" }, JsonParse { path: "ITEM", detail: "Failed to deserialize ITEM 'book_fict_soft_ya_vanilla': missing field `id`" }, JsonParse { path: "ITEM", detail: "Failed to deserialize ITEM 'mp5bigmag': invalid type: sequence, expected a string" }, JsonParse { path: "ITEM", detail: "Failed to deserialize ITEM 'garnet_dental_grill': invalid type: map, expected a string" }, JsonParse { path: "ITEM", detail: "Failed to deserialize ITEM 'papm77mag_10rd': invalid type: sequence, expected a string" }, JsonParse { path: "ITEM", detail: "Failed to deserialize ITEM 'xs_chainmail_vest': missing field `id`" }, JsonParse { path: "ITEM", detail: "Failed to deserialize ITEM 'armor_metal_sheets': invalid type: floating point `1.5`, expected u32" }, JsonParse { path: "ITEM", detail: "Failed to deserialize ITEM 'blue_topaz_gold_pendant_necklace': invalid type: map, expected a string" }, JsonParse { path: "ITEM", detail: "Failed to deserialize ITEM 'trenchcoat_leather': invalid type: floating point `1.5`, expected u32" }, JsonParse { path: "ITEM", detail: "Failed to deserialize ITEM 'ruby_gold_cufflinks': invalid type: map, expected a string" }, JsonParse { path: "ITEM", detail: "Failed to deserialize ITEM 'xd_10_mag': invalid type: sequence, expected a string" }, JsonParse { path: "ITEM", detail: "Failed to deserialize ITEM 'vibrator': invalid type: map, expected a string" }, JsonParse { path: "ITEM", detail: "Failed to deserialize ITEM 'hptc9mag_10rd': invalid type: sequence, expected a string" }, JsonParse { path: "ITEM", detail: "Failed to deserialize ITEM 'book_magazine': missing field `id`" }, JsonParse { path: "ITEM", detail: "Failed to deserialize ITEM 'samghati': invalid type: floating point `0.5`, expected u32" }, JsonParse { path: "ITEM", detail: "Failed to deserialize ITEM 'aketon_hood_canvas': invalid type: floating point `2.0`, expected u32" }, JsonParse { path: "ITEM", detail: "Failed to deserialize ITEM 'xs_aketon_hood_canvas': invalid type: floating point `2.0`, expected u32" }, JsonParse { path: "ITEM", detail: "Failed to deserialize ITEM 'robofac_mantle': missing field `id`" }, JsonParse { path: "ITEM", detail: "Failed to deserialize ITEM 'robofac_basic_mantle': invalid type: map, expected a string" }, JsonParse { path: "ITEM", detail: "Failed to deserialize ITEM 'caotel_plasma_ring': invalid type: sequence, expected a string" }, JsonParse { path: "ITEM", detail: "Failed to deserialize ITEM 'stanag5': invalid type: sequence, expected a string" }, JsonParse { path: "ITEM", detail: "Failed to deserialize ITEM 'ppq9mag_17rd': invalid type: sequence, expected a string" }, JsonParse { path: "ITEM", detail: "Failed to deserialize ITEM 'postman_shirt': invalid type: floating point `0.1`, expected u32" }, JsonParse { path: "ITEM", detail: "Failed to deserialize ITEM 'tourmaline_platinum_ring': invalid type: map, expected a string" }, JsonParse { path: "ITEM", detail: "Failed to deserialize ITEM 'helmet_metal_sheets': invalid type: floating point `6.5`, expected u32" }, JsonParse { path: "ITEM", detail: "Failed to deserialize ITEM 'ch_helmet_metal_sheets': invalid type: floating point `6.5`, expected u32" }, JsonParse { path: "ITEM", detail: "Failed to deserialize ITEM 'gloves_leather': invalid type: floating point `0.5`, expected u32" }, JsonParse { path: "ITEM", detail: "Failed to deserialize ITEM 'mc_nodachi': invalid type: map, expected a string" }, JsonParse { path: "ITEM", detail: "Failed to deserialize ITEM 'xs_gloves_light': invalid type: floating point `0.2`, expected u32" }, JsonParse { path: "ITEM", detail: "Failed to deserialize ITEM 'win70': invalid type: map, expected a sequence" }, JsonParse { path: "ITEM", detail: "Failed to deserialize ITEM 'nether_huntsman_arm': invalid type: map, expected a sequence" }, JsonParse { path: "ITEM", detail: "Failed to deserialize ITEM 'saiga10mag': invalid type: sequence, expected a string" }, JsonParse { path: "ITEM", detail: "Failed to deserialize ITEM 'bolt_cf': invalid type: map, expected a string" }, JsonParse { path: "ITEM", detail: "Failed to deserialize ITEM 'estoc': invalid type: map, expected a string" }, JsonParse { path: "ITEM", detail: "Failed to deserialize ITEM 'gambeson_nylon_vest': invalid type: floating point `7.5`, expected u32" }, JsonParse { path: "ITEM", detail: "Failed to deserialize ITEM 'xs_gambeson_nylon_vest': invalid type: floating point `7.5`, expected u32" }, JsonParse { path: "ITEM", detail: "Failed to deserialize ITEM 'stanag150': invalid type: sequence, expected a string" }, JsonParse { path: "ITEM", detail: "Failed to deserialize ITEM 'usp9mag_20rd': invalid type: sequence, expected a string" }, JsonParse { path: "ITEM", detail: "Failed to deserialize ITEM 'postman_hat': invalid type: floating point `0.1`, expected u32" }, JsonParse { path: "ITEM", detail: "Failed to deserialize ITEM 'gambeson_pants_nylon': invalid type: floating point `6.0`, expected u32" }, JsonParse { path: "ITEM", detail: "Failed to deserialize ITEM 'xs_gambeson_pants_nylon': invalid type: floating point `6.0`, expected u32" }, JsonParse { path: "ITEM", detail: "Failed to deserialize ITEM 'zweihander_inferior': invalid type: map, expected a string" }, JsonParse { path: "ITEM", detail: "Failed to deserialize ITEM 'egg_worm': invalid type: floating point `1200.0`, expected u32" }, JsonParse { path: "ITEM", detail: "Failed to deserialize ITEM 'onyx_silver_pendant_necklace': invalid type: map, expected a string" }, JsonParse { path: "ITEM", detail: "Failed to deserialize ITEM 'poncho_makeshift': invalid type: floating point `0.1`, expected u32" }, JsonParse { path: "ITEM", detail: "Failed to deserialize ITEM 'aketon_gloves_nylon': invalid type: floating point `2.0`, expected u32" }, JsonParse { path: "ITEM", detail: "Failed to deserialize ITEM 'steel_pan': missing field `pocket_type`" }, JsonParse { path: "ITEM", detail: "Failed to deserialize ITEM 'greasegun30mag': invalid type: sequence, expected a string" }, JsonParse { path: "ITEM", detail: "Failed to deserialize ITEM 'base_kitchen_knife': missing field `id`" }, JsonParse { path: "ITEM", detail: "Failed to deserialize ITEM 'glock40mag': invalid type: sequence, expected a string" }, JsonParse { path: "ITEM", detail: "Failed to deserialize ITEM 'bandolier_pistol': invalid type: map, expected a sequence" }, JsonParse { path: "ITEM", detail: "Failed to deserialize ITEM 'plastic_chin_guard': invalid type: floating point `0.1`, expected u32" }, JsonParse { path: "ITEM", detail: "Failed to deserialize ITEM 'sapphire_gold_cufflinks': invalid type: map, expected a string" }, JsonParse { path: "ITEM", detail: "Failed to deserialize ITEM 'jacket_army_modern': invalid type: floating point `0.4`, expected u32" }, JsonParse { path: "ITEM", detail: "Failed to deserialize ITEM 'xs_chainmail_arms': missing field `id`" }, JsonParse { path: "ITEM", detail: "Failed to deserialize ITEM 'sapphire_platinum_pendant_necklace': invalid type: map, expected a string" }, JsonParse { path: "ITEM", detail: "Failed to deserialize ITEM '22_speedloader8': invalid type: sequence, expected a string" }, JsonParse { path: "ITEM", detail: "Failed to deserialize ITEM 'engine_steam': missing field `id`" }, JsonParse { path: "ITEM", detail: "Failed to deserialize ITEM 'rossi_r92_357_16': invalid type: map, expected a sequence" }, JsonParse { path: "ITEM", detail: "Failed to deserialize ITEM 'aketon_pants_wool': invalid type: floating point `3.0`, expected u32" }, JsonParse { path: "ITEM", detail: "Failed to deserialize ITEM 'xl_aketon_pants_wool': invalid type: floating point `3.0`, expected u32" }, JsonParse { path: "ITEM", detail: "Failed to deserialize ITEM 'hc_rapier': invalid type: map, expected a string" }, JsonParse { path: "ITEM", detail: "Failed to deserialize ITEM 'tourmaline_dental_grill': invalid type: map, expected a string" }, JsonParse { path: "ITEM", detail: "Failed to deserialize ITEM 'gun_base_9mm_semi_rifle': missing field `id`" }, JsonParse { path: "ITEM", detail: "Failed to deserialize ITEM 'brew_rum': invalid type: map, expected a string" }, JsonParse { path: "ITEM", detail: "Failed to deserialize ITEM 'ninja_dress_sleeveless': invalid type: floating point `0.2`, expected u32" }, JsonParse { path: "ITEM", detail: "Failed to deserialize ITEM 'aketon_gloves_wool': invalid type: floating point `2.0`, expected u32" }, JsonParse { path: "ITEM", detail: "Failed to deserialize ITEM 'xs_aketon_gloves_wool': invalid type: floating point `2.0`, expected u32" }, JsonParse { path: "ITEM", detail: "Failed to deserialize ITEM '8x40_10_mag': invalid type: sequence, expected a string" }, JsonParse { path: "ITEM", detail: "Failed to deserialize ITEM 'tshirt': invalid type: floating point `0.1`, expected u32" }, JsonParse { path: "ITEM", detail: "Failed to deserialize ITEM 'hc_falx': invalid type: map, expected a string" }, JsonParse { path: "ITEM", detail: "Failed to deserialize ITEM 'sharp_rock': invalid value: integer `-50`, expected u32" }, JsonParse { path: "ITEM", detail: "Failed to deserialize ITEM 'exodiiBRmag_153': invalid type: sequence, expected a string" }, JsonParse { path: "ITEM", detail: "Failed to deserialize ITEM 'cell_phone': invalid type: map, expected a string" }, JsonParse { path: "ITEM", detail: "Failed to deserialize ITEM 'book_fict_hard_tpl': missing field `id`" }, JsonParse { path: "ITEM", detail: "Failed to deserialize ITEM 'stanag5ranger': invalid type: sequence, expected a string" }, JsonParse { path: "ITEM", detail: "Failed to deserialize ITEM 'onyx_silver_cufflinks': invalid type: map, expected a string" }, JsonParse { path: "ITEM", detail: "Failed to deserialize ITEM 'usp9mag_18rd': invalid type: sequence, expected a string" }, JsonParse { path: "ITEM", detail: "Failed to deserialize ITEM 'px4mag_15rd': invalid type: sequence, expected a string" }, JsonParse { path: "ITEM", detail: "Failed to deserialize ITEM 'helmet_larmor': invalid type: floating point `4.5`, expected u32" }, JsonParse { path: "ITEM", detail: "Failed to deserialize ITEM 'hc_arming_sword': invalid type: map, expected a string" }, JsonParse { path: "ITEM", detail: "Failed to deserialize ITEM 'colt_anaconda_8': invalid type: map, expected a sequence" }, JsonParse { path: "ITEM", detail: "Failed to deserialize ITEM '762x39_clip': invalid type: sequence, expected a string" }, JsonParse { path: "ITEM", detail: "Failed to deserialize ITEM 'bandolier_shotgun': invalid type: map, expected a sequence" }, JsonParse { path: "ITEM", detail: "Failed to deserialize ITEM 'robofac_nomex_vambraces': invalid type: map, expected a string" }, JsonParse { path: "ITEM", detail: "Failed to deserialize ITEM 'staff_sling': invalid type: map, expected a sequence" }, JsonParse { path: "ITEM", detail: "Failed to deserialize ITEM 'alexandrite_gold_tiara': invalid type: map, expected a string" }, JsonParse { path: "ITEM", detail: "Failed to deserialize ITEM 'saiga410mag_30rd': invalid type: sequence, expected a string" }, JsonParse { path: "ITEM", detail: "Failed to deserialize ITEM 'duffelbag_xl_nylon': invalid type: floating point `0.2`, expected u32" }, JsonParse { path: "ITEM", detail: "Failed to deserialize ITEM 'xlsports_bra': invalid type: floating point `0.1`, expected u32" }, JsonParse { path: "ITEM", detail: "Failed to deserialize ITEM 'garnet_silver_ring': invalid type: map, expected a string" }, JsonParse { path: "ITEM", detail: "Failed to deserialize ITEM 'aquamarine_silver_ring': invalid type: map, expected a string" }, JsonParse { path: "ITEM", detail: "Failed to deserialize ITEM 'officer_uniform': invalid type: floating point `0.5`, expected u32" }, JsonParse { path: "ITEM", detail: "Failed to deserialize ITEM 'taurus_judge': invalid type: map, expected a string" }, JsonParse { path: "ITEM", detail: "Failed to deserialize ITEM 'underbarrel_base': missing field `id`" }, JsonParse { path: "ITEM", detail: "Failed to deserialize ITEM 'masterkey': invalid type: map, expected a sequence" }, JsonParse { path: "ITEM", detail: "Failed to deserialize ITEM 'sr22_mag': invalid type: sequence, expected a string" }, JsonParse { path: "ITEM", detail: "Failed to deserialize ITEM 'arrow_cf': invalid type: map, expected a string" }, JsonParse { path: "ITEM", detail: "Failed to deserialize ITEM 'hc_scimitar': invalid type: map, expected a string" }, JsonParse { path: "ITEM", detail: "Failed to deserialize ITEM 'book_nonf_zine': missing field `id`" }, JsonParse { path: "ITEM", detail: "Failed to deserialize ITEM 'book_nonf_zine_news_tpl': missing field `id`" }, JsonParse { path: "ITEM", detail: "Failed to deserialize ITEM 'emerald_silver_cufflinks': invalid type: map, expected a string" }, JsonParse { path: "ITEM", detail: "Failed to deserialize ITEM 'onyx_gold_ring': invalid type: map, expected a string" }, JsonParse { path: "ITEM", detail: "Failed to deserialize ITEM 'keikogi': invalid type: floating point `0.3`, expected u32" }, JsonParse { path: "ITEM", detail: "Failed to deserialize ITEM 'citrine_gold_ring': invalid type: map, expected a string" }, JsonParse { path: "ITEM", detail: "Failed to deserialize ITEM 'gun_base_50bmg_semi_rifle': missing field `id`" }, JsonParse { path: "ITEM", detail: "Failed to deserialize ITEM 'xl_aketon_hood_nylon': invalid type: floating point `2.0`, expected u32" }, JsonParse { path: "ITEM", detail: "Failed to deserialize ITEM 'string_dimension_biocoif': invalid type: map, expected a string" }, JsonParse { path: "ITEM", detail: "Failed to deserialize ITEM 'nomad_papr_blower_273diyua_off': invalid type: map, expected a string" }, JsonParse { path: "ITEM", detail: "Failed to deserialize ITEM 'clown_wig': invalid type: floating point `0.2`, expected u32" }, JsonParse { path: "ITEM", detail: "Failed to deserialize ITEM 'sheath_birchbark': missing field `pocket_type`" }, JsonParse { path: "ITEM", detail: "Failed to deserialize ITEM 'remington_870_express': invalid type: map, expected a sequence" }, JsonParse { path: "ITEM", detail: "Failed to deserialize ITEM 'bat_metal_bolt': invalid type: map, expected a string" }, JsonParse { path: "ITEM", detail: "Failed to deserialize ITEM 'kettle': missing field `pocket_type`" }, JsonParse { path: "ITEM", detail: "Failed to deserialize ITEM 'broadsword_fake': invalid type: map, expected a string" }, JsonParse { path: "ITEM", detail: "Failed to deserialize ITEM 'dress_shoes': invalid type: floating point `2.0`, expected u32" }, JsonParse { path: "ITEM", detail: "Failed to deserialize ITEM 'varmint_airgun': invalid type: map, expected a sequence" }, JsonParse { path: "ITEM", detail: "Failed to deserialize ITEM 'sig40mag': invalid type: sequence, expected a string" }, JsonParse { path: "ITEM", detail: "Failed to deserialize ITEM 'butane_tank': invalid type: map, expected a sequence" }, JsonParse { path: "ITEM", detail: "Failed to deserialize ITEM 'santa_beard': invalid type: floating point `0.1`, expected u32" }, JsonParse { path: "ITEM", detail: "Failed to deserialize ITEM 'silver_watch': invalid type: map, expected a string" }, JsonParse { path: "ITEM", detail: "Failed to deserialize ITEM 'opal_gold_pendant_necklace': invalid type: map, expected a string" }, JsonParse { path: "ITEM", detail: "Failed to deserialize ITEM 'oil_press_primitive': invalid type: map, expected a sequence" }, JsonParse { path: "ITEM", detail: "Failed to deserialize ITEM 'glass_fridge': invalid type: map, expected a string" }, JsonParse { path: "ITEM", detail: "Failed to deserialize ITEM 'gun_base_57_semi_pistol': missing field `id`" }, JsonParse { path: "ITEM", detail: "Failed to deserialize ITEM 'leather_police_jacket': invalid type: floating point `1.5`, expected u32" }, JsonParse { path: "ITEM", detail: "Failed to deserialize ITEM 'remington700_270': invalid type: map, expected a sequence" }, JsonParse { path: "ITEM", detail: "Failed to deserialize ITEM 'cheap_ammo_pouch': invalid type: floating point `0.1`, expected u32" }, JsonParse { path: "ITEM", detail: "Failed to deserialize ITEM 'p220_10_mag': invalid type: sequence, expected a string" }, JsonParse { path: "ITEM", detail: "Failed to deserialize ITEM 'lc_knee_guards': invalid type: floating point `1.2`, expected u32" }, JsonParse { path: "ITEM", detail: "Failed to deserialize ITEM 'ch_knee_guards': invalid type: floating point `1.2`, expected u32" }, JsonParse { path: "ITEM", detail: "Failed to deserialize ITEM 'armor_metal_sheets_heavy': invalid type: floating point `1.5`, expected u32" }, JsonParse { path: "ITEM", detail: "Failed to deserialize ITEM 'katana_fake': invalid type: map, expected a string" }, JsonParse { path: "ITEM", detail: "Failed to deserialize ITEM 'fishing_rod_tele_packed': invalid type: map, expected a string" }, JsonParse { path: "ITEM", detail: "Failed to deserialize ITEM 'mask_gas': invalid type: map, expected a string" }, JsonParse { path: "ITEM", detail: "Failed to deserialize ITEM 'mask_gas_xl': invalid type: map, expected a string" }, JsonParse { path: "ITEM", detail: "Failed to deserialize ITEM 'gun_base_57_semi_rifle': missing field `id`" }, JsonParse { path: "ITEM", detail: "Failed to deserialize ITEM 'sapphire_platinum_earring': invalid type: map, expected a string" }, JsonParse { path: "ITEM", detail: "Failed to deserialize ITEM 'bootsheath_birchbark': missing field `pocket_type`" }, JsonParse { path: "ITEM", detail: "Failed to deserialize ITEM 'xl_gambeson_pants_nylon': invalid type: floating point `6.0`, expected u32" }, JsonParse { path: "ITEM", detail: "Failed to deserialize ITEM 'disinfectant': invalid type: map, expected a string" }, JsonParse { path: "ITEM", detail: "Failed to deserialize ITEM 'counterweight_pouch': invalid type: floating point `0.1`, expected u32" }, JsonParse { path: "ITEM", detail: "Failed to deserialize ITEM 'spear_knife_proper': invalid value: integer `-28`, expected u32" }, JsonParse { path: "ITEM", detail: "Failed to deserialize ITEM 'gun_base_shotgun_semi': missing field `id`" }, JsonParse { path: "ITEM", detail: "Failed to deserialize ITEM 'blue_topaz_gold_cufflinks': invalid type: map, expected a string" }, JsonParse { path: "ITEM", detail: "Failed to deserialize ITEM 'robofac_military_greaves': invalid type: map, expected a string" }, JsonParse { path: "ITEM", detail: "Failed to deserialize ITEM 'jedi_cloak': invalid type: floating point `0.3`, expected u32" }, JsonParse { path: "ITEM", detail: "Failed to deserialize ITEM 'simple_pistol_cartridge_necklace': invalid type: map, expected a string" }, JsonParse { path: "ITEM", detail: "Failed to deserialize ITEM 'brew_dandelion_wine': invalid type: map, expected a string" }, JsonParse { path: "ITEM", detail: "Failed to deserialize ITEM 'mc_elbow_guards': invalid type: floating point `1.2`, expected u32" }, JsonParse { path: "ITEM", detail: "Failed to deserialize ITEM 'xl_mc_elbow_guards': invalid type: floating point `1.2`, expected u32" }, JsonParse { path: "ITEM", detail: "Failed to deserialize ITEM 'pencil': invalid type: map, expected a sequence" }, JsonParse { path: "ITEM", detail: "Failed to deserialize ITEM 'lc_khopesh': invalid type: map, expected a string" }, JsonParse { path: "ITEM", detail: "Failed to deserialize ITEM 'chestwrap_fur': invalid type: floating point `0.2`, expected u32" }, JsonParse { path: "ITEM", detail: "Failed to deserialize ITEM 'stockings_tent_legs': invalid type: floating point `0.1`, expected u32" }, JsonParse { path: "ITEM", detail: "Failed to deserialize ITEM 'ruger5': invalid type: sequence, expected a string" }, JsonParse { path: "ITEM", detail: "Failed to deserialize ITEM 'aketon_canvas_vest': invalid type: floating point `3.5`, expected u32" }, JsonParse { path: "ITEM", detail: "Failed to deserialize ITEM 'ai_338mag_10': invalid type: sequence, expected a string" }, JsonParse { path: "ITEM", detail: "Failed to deserialize ITEM 'clown_suit': invalid type: floating point `0.1`, expected u32" }, JsonParse { path: "ITEM", detail: "Failed to deserialize ITEM 'sewing_machine': invalid type: map, expected a string" }, JsonParse { path: "ITEM", detail: "Failed to deserialize ITEM 'qt_broadsword': invalid type: map, expected a string" }, JsonParse { path: "ITEM", detail: "Failed to deserialize ITEM 'opal_gold_cufflinks': invalid type: map, expected a string" }, JsonParse { path: "ITEM", detail: "Failed to deserialize ITEM 'scarhmag_10': invalid type: sequence, expected a string" }, JsonParse { path: "ITEM", detail: "Failed to deserialize ITEM 'fish_trap_basket': invalid type: map, expected a sequence" }, JsonParse { path: "ITEM", detail: "Failed to deserialize ITEM 'ring_engagement': invalid type: map, expected a string" }, JsonParse { path: "ITEM", detail: "Failed to deserialize ITEM 'art_gloves': invalid type: floating point `0.5`, expected u32" }, JsonParse { path: "ITEM", detail: "Failed to deserialize ITEM 'egg_turtle_snapping_common': invalid type: floating point `17.75`, expected u32" }, JsonParse { path: "ITEM", detail: "Failed to deserialize ITEM 'gloves_liner': invalid type: floating point `0.1`, expected u32" }, JsonParse { path: "ITEM", detail: "Failed to deserialize ITEM 'xs_gloves_liner': invalid type: floating point `0.1`, expected u32" }, JsonParse { path: "ITEM", detail: "Failed to deserialize ITEM 'a180mag1': invalid type: sequence, expected a string" }, JsonParse { path: "ITEM", detail: "Failed to deserialize ITEM 'brew_vinegar': invalid type: map, expected a string" }, JsonParse { path: "ITEM", detail: "Failed to deserialize ITEM '762_ar15mag_20rd': invalid type: sequence, expected a string" }, JsonParse { path: "ITEM", detail: "Failed to deserialize ITEM 'mc_kriegsmesser': invalid type: map, expected a string" }, JsonParse { path: "ITEM", detail: "Failed to deserialize ITEM 'ch_armguard_metal_sheets_bracer': invalid type: floating point `1.5`, expected u32" }, JsonParse { path: "ITEM", detail: "Failed to deserialize ITEM 'halter_top': invalid type: floating point `0.1`, expected u32" }, JsonParse { path: "ITEM", detail: "Failed to deserialize ITEM 'suspenders_holster': invalid type: floating point `1.5`, expected u32" }, JsonParse { path: "ITEM", detail: "Failed to deserialize ITEM 'molle_papr_blower_off': invalid type: map, expected a string" }, JsonParse { path: "ITEM", detail: "Failed to deserialize ITEM 'clay_teapot': missing field `pocket_type`" }, JsonParse { path: "ITEM", detail: "Failed to deserialize ITEM 'gin_mash': invalid type: map, expected a string" }, JsonParse { path: "ITEM", detail: "Failed to deserialize ITEM 'chair_folding': invalid type: map, expected a string" }, JsonParse { path: "ITEM", detail: "Failed to deserialize ITEM 'battery_motorbike': invalid type: sequence, expected a string" }, JsonParse { path: "ITEM", detail: "Failed to deserialize ITEM 'boltcutters': invalid type: map, expected a string" }, JsonParse { path: "ITEM", detail: "Failed to deserialize ITEM 'estoc_fake': invalid type: map, expected a string" }, JsonParse { path: "ITEM", detail: "Failed to deserialize ITEM 'altered_apron': invalid type: floating point `1.5`, expected u32" }, JsonParse { path: "ITEM", detail: "Failed to deserialize ITEM 'ksg': invalid type: map, expected a sequence" }, JsonParse { path: "ITEM", detail: "Failed to deserialize ITEM 'gun_base_10mm_semi_pistol': missing field `id`" }, JsonParse { path: "ITEM", detail: "Failed to deserialize ITEM 'tourmaline_platinum_bracelet': invalid type: map, expected a string" }, JsonParse { path: "ITEM", detail: "Failed to deserialize ITEM 'mc_wakizashi': invalid type: map, expected a string" }, JsonParse { path: "ITEM", detail: "Failed to deserialize ITEM 'wakizashi': invalid type: map, expected a string" }, JsonParse { path: "ITEM", detail: "Failed to deserialize ITEM 'lc_esapi_plate': invalid type: map, expected a string" }, JsonParse { path: "ITEM", detail: "Failed to deserialize ITEM 'ch_esapi_plate': invalid type: map, expected a string" }, JsonParse { path: "ITEM", detail: "Failed to deserialize ITEM 'book_fict_soft_sports_tpl': missing field `id`" }, JsonParse { path: "ITEM", detail: "Failed to deserialize ITEM 'integrated_multimeter': invalid type: floating point `0.5`, expected u32" }, JsonParse { path: "ITEM", detail: "Failed to deserialize ITEM 'hat_ball': invalid type: floating point `0.1`, expected u32" }, JsonParse { path: "ITEM", detail: "Failed to deserialize ITEM 'heavy_masonrysaw_off': invalid type: map, expected a sequence" }, JsonParse { path: "ITEM", detail: "Failed to deserialize ITEM 'sockmitts': invalid type: floating point `0.2`, expected u32" }, JsonParse { path: "ITEM", detail: "Failed to deserialize ITEM 'pearl_platinum_bracelet': invalid type: map, expected a string" }, JsonParse { path: "ITEM", detail: "Failed to deserialize ITEM 'grass_sheet': invalid type: floating point `0.1`, expected u32" }, JsonParse { path: "ITEM", detail: "Failed to deserialize ITEM 'combat_exoskeleton_abstract': missing field `id`" }, JsonParse { path: "ITEM", detail: "Failed to deserialize ITEM 'jeans_skinny': invalid type: floating point `0.52`, expected u32" }, JsonParse { path: "ITEM", detail: "Failed to deserialize ITEM 'butterfly_net_collapsible': invalid type: map, expected a string" }, JsonParse { path: "ITEM", detail: "Failed to deserialize ITEM 'butterfly_net_collapsible_extended': invalid type: map, expected a string" }, JsonParse { path: "ITEM", detail: "Failed to deserialize ITEM 'compcrossbow': invalid type: map, expected a sequence" }, JsonParse { path: "ITEM", detail: "Failed to deserialize ITEM 'load_bearing_vest': invalid type: floating point `1.5`, expected u32" }, JsonParse { path: "ITEM", detail: "Failed to deserialize ITEM 'ceramic_bowl': missing field `pocket_type`" }, JsonParse { path: "ITEM", detail: "Failed to deserialize ITEM 'egg_chickadee': invalid type: floating point `2.13`, expected u32" }, JsonParse { path: "ITEM", detail: "Failed to deserialize ITEM 'paperback_romance_spb': missing field `id`" }, JsonParse { path: "ITEM", detail: "Failed to deserialize ITEM 'amethyst_silver_tiara': invalid type: map, expected a string" }, JsonParse { path: "ITEM", detail: "Failed to deserialize ITEM 'mutant_meat': invalid type: floating point `201.0`, expected u32" }, JsonParse { path: "ITEM", detail: "Failed to deserialize ITEM 'mutant_blood': invalid type: floating point `201.0`, expected u32" }, JsonParse { path: "ITEM", detail: "Failed to deserialize ITEM '20x66_abstract': missing field `id`" }, JsonParse { path: "ITEM", detail: "Failed to deserialize ITEM 'gauntlets_chitin': invalid type: map, expected a string" }, JsonParse { path: "ITEM", detail: "Failed to deserialize ITEM 'mocassins': invalid type: floating point `1.0`, expected u32" }, JsonParse { path: "ITEM", detail: "Failed to deserialize ITEM 'mre_side': missing field `id`" }, JsonParse { path: "ITEM", detail: "Failed to deserialize ITEM 'obrez': invalid type: map, expected a sequence" }, JsonParse { path: "ITEM", detail: "Failed to deserialize ITEM 'armguard_chitin': invalid type: map, expected a string" }, JsonParse { path: "ITEM", detail: "Failed to deserialize ITEM 'xl_armguard_chitin': invalid type: map, expected a string" }, JsonParse { path: "ITEM", detail: "Failed to deserialize ITEM 'cable': invalid type: map, expected a string" }, JsonParse { path: "ITEM", detail: "Failed to deserialize ITEM 'skirt_leather': invalid type: floating point `0.6`, expected u32" }, JsonParse { path: "ITEM", detail: "Failed to deserialize ITEM 'amethyst_silver_cufflinks': invalid type: map, expected a string" }, JsonParse { path: "ITEM", detail: "Failed to deserialize ITEM 'onyx_platinum_earring': invalid type: map, expected a string" }, JsonParse { path: "ITEM", detail: "Failed to deserialize ITEM 'legguard_metal_sheets_knees': invalid type: floating point `1.5`, expected u32" }, JsonParse { path: "ITEM", detail: "Failed to deserialize ITEM 'ch_legguard_metal_sheets_knees': invalid type: floating point `1.5`, expected u32" }, JsonParse { path: "ITEM", detail: "Failed to deserialize ITEM '8x40_250_mag': invalid type: sequence, expected a string" }, JsonParse { path: "ITEM", detail: "Failed to deserialize ITEM 'arming_sword_fake': invalid type: map, expected a string" }, JsonParse { path: "ITEM", detail: "Failed to deserialize ITEM 'gasfilter_sm': invalid type: sequence, expected a string" }, JsonParse { path: "ITEM", detail: "Failed to deserialize ITEM 'armguard_metal': invalid type: floating point `1.5`, expected u32" }, JsonParse { path: "ITEM", detail: "Failed to deserialize ITEM 'ch_armguard_metal': invalid type: floating point `1.5`, expected u32" }, JsonParse { path: "ITEM", detail: "Failed to deserialize ITEM 'xs_chainmail_legs': missing field `id`" }, JsonParse { path: "ITEM", detail: "Failed to deserialize ITEM 'aquamarine_silver_earring': invalid type: map, expected a string" }, JsonParse { path: "ITEM", detail: "Failed to deserialize ITEM 'henry_big_boy': invalid type: map, expected a sequence" }, JsonParse { path: "ITEM", detail: "Failed to deserialize ITEM 'ammunition_can_30': invalid type: map, expected a string" }, JsonParse { path: "ITEM", detail: "Failed to deserialize ITEM 'ammunition_can_pa124': invalid type: map, expected a string" }, JsonParse { path: "ITEM", detail: "Failed to deserialize ITEM 'peeler': invalid type: map, expected a string" }, JsonParse { path: "ITEM", detail: "Failed to deserialize ITEM 'base_glass_dish': missing field `id`" }, JsonParse { path: "ITEM", detail: "Failed to deserialize ITEM 'garandclip': invalid type: sequence, expected a string" }, JsonParse { path: "ITEM", detail: "Failed to deserialize ITEM 'ragpouch': invalid type: floating point `0.2`, expected u32" }, JsonParse { path: "ITEM", detail: "Failed to deserialize ITEM 'amethyst_silver_ring': invalid type: map, expected a string" }, JsonParse { path: "ITEM", detail: "Failed to deserialize ITEM 'maid_hat': invalid type: floating point `0.05`, expected u32" }, JsonParse { path: "ITEM", detail: "Failed to deserialize ITEM 'aquamarine_silver_pendant_necklace': invalid type: map, expected a string" }, JsonParse { path: "ITEM", detail: "Failed to deserialize ITEM 'fencing_pants': invalid type: floating point `2.5`, expected u32" }, JsonParse { path: "ITEM", detail: "Failed to deserialize ITEM 'nomad_papr_blower_273grenade_off': invalid type: map, expected a string" }, JsonParse { path: "ITEM", detail: "Failed to deserialize ITEM 'nomad_papr_blower_273grenade_on': invalid type: map, expected a string" }, JsonParse { path: "ITEM", detail: "Failed to deserialize ITEM 'shot_speedloader8': invalid type: sequence, expected a string" }, JsonParse { path: "ITEM", detail: "Failed to deserialize ITEM 'fancy_pistol_cartridge_necklace': invalid type: map, expected a string" }, JsonParse { path: "ITEM", detail: "Failed to deserialize ITEM 'fancy_ordinance_cartridge_necklace': invalid type: map, expected a string" }, JsonParse { path: "ITEM", detail: "Failed to deserialize ITEM 'robofac_gun_40mm_10rd': invalid type: sequence, expected a string" }, JsonParse { path: "ITEM", detail: "Failed to deserialize ITEM 'under_armor_shorts': invalid type: floating point `0.1`, expected u32" }, JsonParse { path: "ITEM", detail: "Failed to deserialize ITEM 'armor_chitin_vest': invalid type: map, expected a string" }, JsonParse { path: "ITEM", detail: "Failed to deserialize ITEM 'xs_armor_chitin_vest': invalid type: map, expected a string" }, JsonParse { path: "ITEM", detail: "Failed to deserialize ITEM 'robofac100': invalid type: sequence, expected a string" }, JsonParse { path: "ITEM", detail: "Failed to deserialize ITEM 'duster': invalid type: floating point `1.5`, expected u32" }, JsonParse { path: "ITEM", detail: "Failed to deserialize ITEM 'egg_antlion': invalid type: floating point `480.0`, expected u32" }, JsonParse { path: "ITEM", detail: "Failed to deserialize ITEM 'santa_dress_long': invalid type: floating point `0.8`, expected u32" }, JsonParse { path: "ITEM", detail: "Failed to deserialize ITEM 'egg_coot': invalid type: floating point `51.83`, expected u32" }, JsonParse { path: "ITEM", detail: "Failed to deserialize ITEM 'book_nonf_hard_cook_tpl': missing field `id`" }, JsonParse { path: "ITEM", detail: "Failed to deserialize ITEM 'blue_topaz_platinum_bracelet': invalid type: map, expected a string" }, JsonParse { path: "ITEM", detail: "Failed to deserialize ITEM 'blue_topaz_silver_earring': invalid type: map, expected a string" }, JsonParse { path: "ITEM", detail: "Failed to deserialize ITEM 'survivor_adhoc_leather_sleeves': invalid type: floating point `2.5`, expected u32" }, JsonParse { path: "ITEM", detail: "Failed to deserialize ITEM 'grass_cloak': invalid type: floating point `0.4`, expected u32" }, JsonParse { path: "ITEM", detail: "Failed to deserialize ITEM 'fake_appliance_tool': missing field `id`" }, JsonParse { path: "ITEM", detail: "Failed to deserialize ITEM 'ruby_gold_ring': invalid type: map, expected a string" }, JsonParse { path: "ITEM", detail: "Failed to deserialize ITEM 'armchair': invalid type: map, expected a string" }, JsonParse { path: "ITEM", detail: "Failed to deserialize ITEM 'gambeson_wool_vest': invalid type: floating point `7.5`, expected u32" }, JsonParse { path: "ITEM", detail: "Failed to deserialize ITEM 'xlboy_shorts': invalid type: floating point `0.1`, expected u32" }, JsonParse { path: "ITEM", detail: "Failed to deserialize ITEM 'long_speargun': invalid type: map, expected a string" }, JsonParse { path: "ITEM", detail: "Failed to deserialize ITEM 'glass': missing field `pocket_type`" }, JsonParse { path: "ITEM", detail: "Failed to deserialize ITEM 'gun_base_40_semi_pistol': missing field `id`" }, JsonParse { path: "ITEM", detail: "Failed to deserialize ITEM 'cavalry_sabre': invalid type: map, expected a string" }, JsonParse { path: "ITEM", detail: "Failed to deserialize ITEM 'abstract_camera': missing field `id`" }, JsonParse { path: "ITEM", detail: "Failed to deserialize ITEM 'camera_pro': invalid type: map, expected a sequence" }, JsonParse { path: "ITEM", detail: "Failed to deserialize ITEM 'feral_human_thrown_rock': invalid type: map, expected a sequence" }, JsonParse { path: "ITEM", detail: "Failed to deserialize ITEM 'trimmer_off': invalid type: map, expected a sequence" }, JsonParse { path: "ITEM", detail: "Failed to deserialize ITEM 'trimmer_on': invalid type: map, expected a sequence" }, JsonParse { path: "ITEM", detail: "Failed to deserialize ITEM 'leg_sheath6': invalid type: floating point `0.3`, expected u32" }, JsonParse { path: "ITEM", detail: "Failed to deserialize ITEM 'gun_base_45_semi_pistol': missing field `id`" }, JsonParse { path: "ITEM", detail: "Failed to deserialize ITEM 'book_fict_hard_ya_quiddity': missing field `id`" }, JsonParse { path: "ITEM", detail: "Failed to deserialize ITEM 'p320mag_21rd_9x19mm': invalid type: sequence, expected a string" }, JsonParse { path: "ITEM", detail: "Failed to deserialize ITEM 'aketon_canvas': invalid type: floating point `3.5`, expected u32" }, JsonParse { path: "ITEM", detail: "Failed to deserialize ITEM 'xs_aketon_canvas': invalid type: floating point `3.5`, expected u32" }, JsonParse { path: "ITEM", detail: "Failed to deserialize ITEM 'large_propane_tank': invalid type: map, expected a sequence" }, JsonParse { path: "ITEM", detail: "Failed to deserialize ITEM 'sapphire_gold_earring': invalid type: map, expected a string" }, JsonParse { path: "ITEM", detail: "Failed to deserialize ITEM 'glass_freezer': invalid type: map, expected a string" }, JsonParse { path: "ITEM", detail: "Failed to deserialize ITEM 'pulverizer': invalid type: map, expected a sequence" }, JsonParse { path: "ITEM", detail: "Failed to deserialize ITEM 'hc_longsword': invalid type: map, expected a string" }, JsonParse { path: "ITEM", detail: "Failed to deserialize ITEM 'ar_glasses_advanced': unknown variant `E_FILE_STORAGE`, expected one of `CONTAINER`, `MAGAZINE`, `MAGAZINE_WELL`, `HOLSTER`, `SPECIAL`, `CORROSION`, `MIGRATING`, `MOD`, `SOFTWARE`" }, JsonParse { path: "ITEM", detail: "Failed to deserialize ITEM 'primitive_axe': invalid value: integer `-70`, expected u32" }, JsonParse { path: "ITEM", detail: "Failed to deserialize ITEM 'uzimag_25rd': invalid type: sequence, expected a string" }, JsonParse { path: "ITEM", detail: "Failed to deserialize ITEM 'mc_battleaxe': invalid value: integer `-20`, expected u32" }, JsonParse { path: "ITEM", detail: "Failed to deserialize ITEM 'qt_battleaxe': invalid value: integer `-20`, expected u32" }, JsonParse { path: "ITEM", detail: "Failed to deserialize ITEM 'bandana_head': invalid type: floating point `0.1`, expected u32" }, JsonParse { path: "ITEM", detail: "Failed to deserialize ITEM 'tourmaline_silver_cufflinks': invalid type: map, expected a string" }, JsonParse { path: "ITEM", detail: "Failed to deserialize ITEM 'candle_small': invalid type: map, expected a sequence" }, JsonParse { path: "ITEM", detail: "Failed to deserialize ITEM 'military_vis_aug_system': invalid type: map, expected a sequence" }, JsonParse { path: "ITEM", detail: "Failed to deserialize ITEM 'military_vis_aug_system_on': invalid type: map, expected a sequence" }, JsonParse { path: "ITEM", detail: "Failed to deserialize ITEM 'xl_gambeson_wool_vest': invalid type: floating point `7.5`, expected u32" }, JsonParse { path: "ITEM", detail: "Failed to deserialize ITEM 'boxer_briefs': invalid type: floating point `0.1`, expected u32" }, JsonParse { path: "ITEM", detail: "Failed to deserialize ITEM 'xlboxer_briefs': invalid type: floating point `0.1`, expected u32" }, JsonParse { path: "ITEM", detail: "Failed to deserialize ITEM 'sword_sheets_welded': invalid value: integer `-5`, expected u32" }, JsonParse { path: "ITEM", detail: "Failed to deserialize ITEM 'gambeson_pants_canvas': invalid type: floating point `6.0`, expected u32" }, JsonParse { path: "ITEM", detail: "Failed to deserialize ITEM 'mod_battery': missing field `id`" }, JsonParse { path: "ITEM", detail: "Failed to deserialize ITEM 'hc_esapi_plate': invalid type: map, expected a string" }, JsonParse { path: "ITEM", detail: "Failed to deserialize ITEM 'amethyst_platinum_bracelet': invalid type: map, expected a string" }, JsonParse { path: "ITEM", detail: "Failed to deserialize ITEM 'stanag30': invalid type: sequence, expected a string" }, JsonParse { path: "ITEM", detail: "Failed to deserialize ITEM 'zpap85mag': invalid type: sequence, expected a string" }, JsonParse { path: "ITEM", detail: "Failed to deserialize ITEM 'cowboy_hat': invalid type: floating point `0.3`, expected u32" }, JsonParse { path: "ITEM", detail: "Failed to deserialize ITEM 'long_patchwork_scarf': invalid type: floating point `0.3`, expected u32" }, JsonParse { path: "ITEM", detail: "Failed to deserialize ITEM 'pearl_platinum_pendant_necklace': invalid type: map, expected a string" }, JsonParse { path: "ITEM", detail: "Failed to deserialize ITEM 'emerald_silver_ring': invalid type: map, expected a string" }, JsonParse { path: "ITEM", detail: "Failed to deserialize ITEM 'shortbow': invalid type: map, expected a sequence" }, JsonParse { path: "ITEM", detail: "Failed to deserialize ITEM 'clip223_10rd': invalid type: sequence, expected a string" }, JsonParse { path: "ITEM", detail: "Failed to deserialize ITEM 'emerald_platinum_cufflinks': invalid type: map, expected a string" }, JsonParse { path: "ITEM", detail: "Failed to deserialize ITEM 'suit': invalid type: floating point `0.8`, expected u32" }, JsonParse { path: "ITEM", detail: "Failed to deserialize ITEM 'xl_chainmail_vest': missing field `id`" }, JsonParse { path: "ITEM", detail: "Failed to deserialize ITEM 'clip9mm_10rd': invalid type: sequence, expected a string" }, JsonParse { path: "ITEM", detail: "Failed to deserialize ITEM 'rapier_fake': invalid type: map, expected a string" }, JsonParse { path: "ITEM", detail: "Failed to deserialize ITEM 'gartersheath2': missing field `pocket_type`" }, JsonParse { path: "ITEM", detail: "Failed to deserialize ITEM 'opal_silver_cufflinks': invalid type: map, expected a string" }, JsonParse { path: "ITEM", detail: "Failed to deserialize ITEM 'rifle_44': invalid type: map, expected a sequence" }, JsonParse { path: "ITEM", detail: "Failed to deserialize ITEM 'gambeson_wool': invalid type: floating point `7.5`, expected u32" }, JsonParse { path: "ITEM", detail: "Failed to deserialize ITEM 'xs_gambeson_wool': invalid type: floating point `7.5`, expected u32" }, JsonParse { path: "ITEM", detail: "Failed to deserialize ITEM 'archery_target_box': invalid type: map, expected a string" }, JsonParse { path: "ITEM", detail: "Failed to deserialize ITEM 'flamable_arrow': invalid type: map, expected a string" }, JsonParse { path: "ITEM", detail: "Failed to deserialize ITEM 'arrow_flamming': invalid type: map, expected a string" }, JsonParse { path: "ITEM", detail: "Failed to deserialize ITEM 'torch_lit': invalid type: map, expected a string" }, JsonParse { path: "ITEM", detail: "Failed to deserialize ITEM 'lc_kriegsmesser': invalid type: map, expected a string" }, JsonParse { path: "ITEM", detail: "Failed to deserialize ITEM 'pot_canning': missing field `pocket_type`" }, JsonParse { path: "ITEM", detail: "Failed to deserialize ITEM 'sword_sheets_welded_large': invalid value: integer `-20`, expected u32" }, JsonParse { path: "ITEM", detail: "Failed to deserialize ITEM 'mutant_meat_cooked': invalid type: floating point `201.0`, expected u32" }, JsonParse { path: "ITEM", detail: "Failed to deserialize ITEM 'mutant_human_flesh': invalid type: floating point `201.0`, expected u32" }, JsonParse { path: "ITEM", detail: "Failed to deserialize ITEM 'glock40mag_10': invalid type: sequence, expected a string" }, JsonParse { path: "ITEM", detail: "Failed to deserialize ITEM 'mc_cutlass': invalid type: map, expected a string" }, JsonParse { path: "ITEM", detail: "Failed to deserialize ITEM 'abstract_memory_card': missing field `id`" }, JsonParse { path: "ITEM", detail: "Failed to deserialize ITEM 'memory_card': unknown variant `E_FILE_STORAGE`, expected one of `CONTAINER`, `MAGAZINE`, `MAGAZINE_WELL`, `HOLSTER`, `SPECIAL`, `CORROSION`, `MIGRATING`, `MOD`, `SOFTWARE`" }, JsonParse { path: "ITEM", detail: "Failed to deserialize ITEM 'memory_card_science': unknown variant `E_FILE_STORAGE`, expected one of `CONTAINER`, `MAGAZINE`, `MAGAZINE_WELL`, `HOLSTER`, `SPECIAL`, `CORROSION`, `MIGRATING`, `MOD`, `SOFTWARE`" }, JsonParse { path: "ITEM", detail: "Failed to deserialize ITEM 'pants': invalid type: floating point `0.2`, expected u32" }, JsonParse { path: "ITEM", detail: "Failed to deserialize ITEM 'haori': invalid type: floating point `0.3`, expected u32" }, JsonParse { path: "ITEM", detail: "Failed to deserialize ITEM 'carbine_flintlock_double': invalid type: map, expected a sequence" }, JsonParse { path: "ITEM", detail: "Failed to deserialize ITEM 'egg_crow': invalid type: floating point `24.14`, expected u32" }, JsonParse { path: "ITEM", detail: "Failed to deserialize ITEM 'egg_raven': invalid type: floating point `24.14`, expected u32" }, JsonParse { path: "ITEM", detail: "Failed to deserialize ITEM 'cow_bell': invalid type: map, expected a string" }, JsonParse { path: "ITEM", detail: "Failed to deserialize ITEM 'falx': invalid type: map, expected a string" }, JsonParse { path: "ITEM", detail: "Failed to deserialize ITEM 'rx11_stimpack': invalid type: map, expected a sequence" }, JsonParse { path: "ITEM", detail: "Failed to deserialize ITEM 'butterfly_net_makeshift': invalid type: map, expected a string" }, JsonParse { path: "ITEM", detail: "Failed to deserialize ITEM 'gauntlet_fencing': invalid type: floating point `2.0`, expected u32" }, JsonParse { path: "ITEM", detail: "Failed to deserialize ITEM 'pen': invalid type: map, expected a sequence" }, JsonParse { path: "ITEM", detail: "Failed to deserialize ITEM 'ppq45mag': invalid type: sequence, expected a string" }, JsonParse { path: "ITEM", detail: "Failed to deserialize ITEM 'robe_wizard': invalid type: floating point `1.5`, expected u32" }, JsonParse { path: "ITEM", detail: "Failed to deserialize ITEM 'citrine_platinum_bracelet': invalid type: map, expected a string" }, JsonParse { path: "ITEM", detail: "Failed to deserialize ITEM 'selfbow': invalid type: map, expected a sequence" }, JsonParse { path: "ITEM", detail: "Failed to deserialize ITEM 'oil_lamp': invalid type: map, expected a sequence" }, JsonParse { path: "ITEM", detail: "Failed to deserialize ITEM 'oil_lamp_on': invalid type: map, expected a sequence" }, JsonParse { path: "ITEM", detail: "Failed to deserialize ITEM '458wm_fmj': missing field `id`" }, JsonParse { path: "ITEM", detail: "Failed to deserialize ITEM 'young_yeast': invalid type: map, expected a string" }, JsonParse { path: "ITEM", detail: "Failed to deserialize ITEM 'dynamite': invalid type: map, expected a string" }, JsonParse { path: "ITEM", detail: "Failed to deserialize ITEM 'dynamite_act': invalid type: map, expected a string" }, JsonParse { path: "ITEM", detail: "Failed to deserialize ITEM 'exodiiBRmag': invalid type: sequence, expected a string" }, JsonParse { path: "ITEM", detail: "Failed to deserialize ITEM 'bandolier_rifle': invalid type: map, expected a sequence" }, JsonParse { path: "ITEM", detail: "Failed to deserialize ITEM 'bandolier_wrist': invalid type: map, expected a sequence" }, JsonParse { path: "ITEM", detail: "Failed to deserialize ITEM 'ree_33_4_mag': invalid type: sequence, expected a string" }, JsonParse { path: "ITEM", detail: "Failed to deserialize ITEM 'sweet_water': invalid type: map, expected a string" }, JsonParse { path: "ITEM", detail: "Failed to deserialize ITEM 'sapphire_silver_ring': invalid type: map, expected a string" }, JsonParse { path: "ITEM", detail: "Failed to deserialize ITEM 'memory_card_unread': unknown variant `E_FILE_STORAGE`, expected one of `CONTAINER`, `MAGAZINE`, `MAGAZINE_WELL`, `HOLSTER`, `SPECIAL`, `CORROSION`, `MIGRATING`, `MOD`, `SOFTWARE`" }, JsonParse { path: "ITEM", detail: "Failed to deserialize ITEM 'stock_pot': invalid type: map, expected a string" }, JsonParse { path: "ITEM", detail: "Failed to deserialize ITEM 'makeshift_pressure_cooker': missing field `pocket_type`" }, JsonParse { path: "ITEM", detail: "Failed to deserialize ITEM 'gadget_pouch': invalid type: floating point `0.5`, expected u32" }, JsonParse { path: "ITEM", detail: "Failed to deserialize ITEM 'nodachi_inferior': invalid type: map, expected a string" }, JsonParse { path: "ITEM", detail: "Failed to deserialize ITEM 'ammunition_can_pa120': invalid type: map, expected a string" }, JsonParse { path: "ITEM", detail: "Failed to deserialize ITEM 'quiver_simple_cloth': invalid type: map, expected a sequence" }, JsonParse { path: "ITEM", detail: "Failed to deserialize ITEM 'hc_nodachi': invalid type: map, expected a string" }, JsonParse { path: "ITEM", detail: "Failed to deserialize ITEM 'water_filter_sand': invalid type: map, expected a string" }, JsonParse { path: "ITEM", detail: "Failed to deserialize ITEM 'canvas_pants_padded': invalid type: floating point `2.0`, expected u32" }, JsonParse { path: "ITEM", detail: "Failed to deserialize ITEM 'magazine_belt': missing field `id`" }, JsonParse { path: "ITEM", detail: "Failed to deserialize ITEM 'belt50': invalid type: sequence, expected a string" }, JsonParse { path: "ITEM", detail: "Failed to deserialize ITEM 'a180mag3': invalid type: sequence, expected a string" }, JsonParse { path: "ITEM", detail: "Failed to deserialize ITEM 'hc_esbi_plate': invalid type: map, expected a string" }, JsonParse { path: "ITEM", detail: "Failed to deserialize ITEM 'robofac_nomex_helmet': invalid type: map, expected a string" }, JsonParse { path: "ITEM", detail: "Failed to deserialize ITEM 'soy_sauce_unstrained': invalid type: map, expected a string" }, JsonParse { path: "ITEM", detail: "Failed to deserialize ITEM 'gambeson_gloves_nylon': invalid type: floating point `6.0`, expected u32" }, JsonParse { path: "ITEM", detail: "Failed to deserialize ITEM 'legguard_chitin': invalid type: map, expected a string" }, JsonParse { path: "ITEM", detail: "Failed to deserialize ITEM 'xl_legguard_chitin': invalid type: map, expected a string" }, JsonParse { path: "ITEM", detail: "Failed to deserialize ITEM 'abstract_usb_drive': missing field `id`" }, JsonParse { path: "ITEM", detail: "Failed to deserialize ITEM 'usb_drive': unknown variant `E_FILE_STORAGE`, expected one of `CONTAINER`, `MAGAZINE`, `MAGAZINE_WELL`, `HOLSTER`, `SPECIAL`, `CORROSION`, `MIGRATING`, `MOD`, `SOFTWARE`" }, JsonParse { path: "ITEM", detail: "Failed to deserialize ITEM 'technician_coveralls': invalid type: floating point `0.5`, expected u32" }, JsonParse { path: "ITEM", detail: "Failed to deserialize ITEM '1911_22_mag': invalid type: sequence, expected a string" }, JsonParse { path: "ITEM", detail: "Failed to deserialize ITEM 'inflatable_decoration': missing field `id`" }, JsonParse { path: "ITEM", detail: "Failed to deserialize ITEM 'ceramic_mug': missing field `pocket_type`" }, JsonParse { path: "ITEM", detail: "Failed to deserialize ITEM 'socks_bag': invalid type: floating point `0.01`, expected u32" }, JsonParse { path: "ITEM", detail: "Failed to deserialize ITEM 'pot_makeshift_copper': missing field `pocket_type`" }, JsonParse { path: "ITEM", detail: "Failed to deserialize ITEM 'strap_cotton': invalid type: map, expected a string" }, JsonParse { path: "ITEM", detail: "Failed to deserialize ITEM 'xl_aketon_pants_canvas': invalid type: floating point `3.0`, expected u32" }, JsonParse { path: "ITEM", detail: "Failed to deserialize ITEM 'stanag20ranger': invalid type: sequence, expected a string" }, JsonParse { path: "ITEM", detail: "Failed to deserialize ITEM 'balaclava_cut_resistant': invalid type: floating point `0.5`, expected u32" }, JsonParse { path: "ITEM", detail: "Failed to deserialize ITEM 'robofac_lens_mask_bal': invalid type: map, expected a string" }, JsonParse { path: "ITEM", detail: "Failed to deserialize ITEM 'bandolier_pipebomb_xs': missing field `pocket_type`" }, JsonParse { path: "ITEM", detail: "Failed to deserialize ITEM 'gasoline_lantern': invalid type: map, expected a sequence" }, JsonParse { path: "ITEM", detail: "Failed to deserialize ITEM 'gasoline_lantern_on': invalid type: map, expected a sequence" }, JsonParse { path: "ITEM", detail: "Failed to deserialize ITEM 'robofac_basic_helmet': invalid type: map, expected a string" }, JsonParse { path: "ITEM", detail: "Failed to deserialize ITEM 'binder_top': invalid type: floating point `0.5`, expected u32" }, JsonParse { path: "ITEM", detail: "Failed to deserialize ITEM 'pistol_flintlock': invalid type: map, expected a sequence" }, JsonParse { path: "ITEM", detail: "Failed to deserialize ITEM 'book_nonf_hard_dodge_tpl': missing field `id`" }, JsonParse { path: "ITEM", detail: "Failed to deserialize ITEM 'henry_golden_boy': invalid type: map, expected a sequence" }, JsonParse { path: "ITEM", detail: "Failed to deserialize ITEM 'rio_bravo': invalid type: map, expected a sequence" }, JsonParse { path: "ITEM", detail: "Failed to deserialize ITEM 'cheerleader_skirt_short': invalid type: floating point `0.1`, expected u32" }, JsonParse { path: "ITEM", detail: "Failed to deserialize ITEM 'nylon_quiver': invalid type: floating point `0.5`, expected u32" }, JsonParse { path: "ITEM", detail: "Failed to deserialize ITEM 'integrated_welder': invalid type: floating point `0.5`, expected u32" }, JsonParse { path: "ITEM", detail: "Failed to deserialize ITEM 'aquamarine_gold_cufflinks': invalid type: map, expected a string" }, JsonParse { path: "ITEM", detail: "Failed to deserialize ITEM 'hptc9mag_8rd': invalid type: sequence, expected a string" }, JsonParse { path: "ITEM", detail: "Failed to deserialize ITEM 'thompson_bigmag': invalid type: sequence, expected a string" }, JsonParse { path: "ITEM", detail: "Failed to deserialize ITEM 'qt_kilij': invalid type: map, expected a string" }, JsonParse { path: "ITEM", detail: "Failed to deserialize ITEM 'fireman_belt': missing field `pocket_type`" }, JsonParse { path: "ITEM", detail: "Failed to deserialize ITEM 'emerald_dental_grill': invalid type: map, expected a string" }, JsonParse { path: "ITEM", detail: "Failed to deserialize ITEM 'waist_apron_short': invalid type: floating point `1.5`, expected u32" }, JsonParse { path: "ITEM", detail: "Failed to deserialize ITEM 'lc_cavalry_sabre': invalid type: map, expected a string" }, JsonParse { path: "ITEM", detail: "Failed to deserialize ITEM 'hakama': invalid type: floating point `0.3`, expected u32" }, JsonParse { path: "ITEM", detail: "Failed to deserialize ITEM 'ski_bib': invalid type: floating point `1.1`, expected u32" }, JsonParse { path: "ITEM", detail: "Failed to deserialize ITEM 'ski_bib_unzipped': invalid type: floating point `1.1`, expected u32" }, JsonParse { path: "ITEM", detail: "Failed to deserialize ITEM 'waistcoat': invalid type: floating point `0.5`, expected u32" }, JsonParse { path: "ITEM", detail: "Failed to deserialize ITEM 'mc_kukri': invalid type: map, expected a string" }, JsonParse { path: "ITEM", detail: "Failed to deserialize ITEM 'ammo_pouch': invalid type: map, expected a sequence" }, JsonParse { path: "ITEM", detail: "Failed to deserialize ITEM 'gambeson_canvas': invalid type: floating point `7.5`, expected u32" }, JsonParse { path: "ITEM", detail: "Failed to deserialize ITEM 'emerald_silver_pendant_necklace': invalid type: map, expected a string" }, JsonParse { path: "ITEM", detail: "Failed to deserialize ITEM 'makeshift_scythe_war': invalid value: integer `-22`, expected u32" }, JsonParse { path: "ITEM", detail: "Failed to deserialize ITEM 'peridot_platinum_bracelet': invalid type: map, expected a string" }, JsonParse { path: "ITEM", detail: "Failed to deserialize ITEM 'citrine_dental_grill': invalid type: map, expected a string" }, JsonParse { path: "ITEM", detail: "Failed to deserialize ITEM 'alexandrite_dental_grill': invalid type: map, expected a string" }, JsonParse { path: "ITEM", detail: "Failed to deserialize ITEM 'citrine_platinum_pendant_necklace': invalid type: map, expected a string" }, JsonParse { path: "ITEM", detail: "Failed to deserialize ITEM 'brew_burdock_wine': invalid type: map, expected a string" }, JsonParse { path: "ITEM", detail: "Failed to deserialize ITEM 'battleaxe': invalid value: integer `-20`, expected u32" }, JsonParse { path: "ITEM", detail: "Failed to deserialize ITEM 'battleaxe_fake': invalid value: integer `-20`, expected u32" }, JsonParse { path: "ITEM", detail: "Failed to deserialize ITEM 'hat_navy': invalid type: floating point `0.3`, expected u32" }, JsonParse { path: "ITEM", detail: "Failed to deserialize ITEM 'kufi': invalid type: floating point `0.1`, expected u32" }, JsonParse { path: "ITEM", detail: "Failed to deserialize ITEM 'storage_battery': invalid type: sequence, expected a string" }, JsonParse { path: "ITEM", detail: "Failed to deserialize ITEM 'small_storage_battery': invalid type: sequence, expected a string" }, JsonParse { path: "ITEM", detail: "Failed to deserialize ITEM 'thompson_drum': invalid type: sequence, expected a string" }, JsonParse { path: "ITEM", detail: "Failed to deserialize ITEM 'pom_poms': invalid type: floating point `0.1`, expected u32" }, JsonParse { path: "ITEM", detail: "Failed to deserialize ITEM 'paperback_romance_vanilla': missing field `id`" }, JsonParse { path: "ITEM", detail: "Failed to deserialize ITEM 'arrow_plastic': invalid type: map, expected a string" }, JsonParse { path: "ITEM", detail: "Failed to deserialize ITEM 'remington_700': invalid type: map, expected a sequence" }, JsonParse { path: "ITEM", detail: "Failed to deserialize ITEM 'medium_storage_battery': invalid type: sequence, expected a string" }, JsonParse { path: "ITEM", detail: "Failed to deserialize ITEM 'xl_propane_tank': invalid type: map, expected a sequence" }, JsonParse { path: "ITEM", detail: "Failed to deserialize ITEM 'book_fict_soft_scifi_tpl': missing field `id`" }, JsonParse { path: "ITEM", detail: "Failed to deserialize ITEM 'union_suit': invalid type: floating point `0.2`, expected u32" }, JsonParse { path: "ITEM", detail: "Failed to deserialize ITEM 'biogas_cooker': invalid type: map, expected a sequence" }, JsonParse { path: "ITEM", detail: "Failed to deserialize ITEM 'wine_glass': missing field `pocket_type`" }, JsonParse { path: "ITEM", detail: "Failed to deserialize ITEM 'pressure_cooker': missing field `pocket_type`" }, JsonParse { path: "ITEM", detail: "Failed to deserialize ITEM 'augmag_30rd': invalid type: sequence, expected a string" }, JsonParse { path: "ITEM", detail: "Failed to deserialize ITEM 'amethyst_platinum_ring': invalid type: map, expected a string" }, JsonParse { path: "ITEM", detail: "Failed to deserialize ITEM 'winter_pants_army': invalid type: floating point `0.5`, expected u32" }, JsonParse { path: "ITEM", detail: "Failed to deserialize ITEM 'carton_sealed': invalid type: map, expected a string" }, JsonParse { path: "ITEM", detail: "Failed to deserialize ITEM 'tokarevmag': invalid type: sequence, expected a string" }, JsonParse { path: "ITEM", detail: "Failed to deserialize ITEM 'sp2022mag_10rd_9mm': invalid type: sequence, expected a string" }, JsonParse { path: "ITEM", detail: "Failed to deserialize ITEM 'armor_chitin': invalid type: map, expected a string" }, JsonParse { path: "ITEM", detail: "Failed to deserialize ITEM 'xl_armor_chitin': invalid type: map, expected a string" }, JsonParse { path: "ITEM", detail: "Failed to deserialize ITEM 'bunny_suit_playboy': invalid type: floating point `0.1`, expected u32" }, JsonParse { path: "ITEM", detail: "Failed to deserialize ITEM 'brew_marloss_wine': invalid type: map, expected a string" }, JsonParse { path: "ITEM", detail: "Failed to deserialize ITEM 'tinderbox_on': invalid type: map, expected a sequence" }, JsonParse { path: "ITEM", detail: "Failed to deserialize ITEM 'egg_moorhen': invalid type: floating point `51.83`, expected u32" }, JsonParse { path: "ITEM", detail: "Failed to deserialize ITEM 'thermal_shirt': invalid type: floating point `0.1`, expected u32" }, JsonParse { path: "ITEM", detail: "Failed to deserialize ITEM 'hood_wsurvivor_nofur': invalid type: floating point `0.6`, expected u32" }, JsonParse { path: "ITEM", detail: "Failed to deserialize ITEM 'xl_hood_wsurvivor_nofur': invalid type: floating point `0.6`, expected u32" }, JsonParse { path: "ITEM", detail: "Failed to deserialize ITEM 'diamond_platinum_ring': invalid type: map, expected a string" }, JsonParse { path: "ITEM", detail: "Failed to deserialize ITEM 'mutant_bug_lungs': invalid type: floating point `26.0`, expected u32" }, JsonParse { path: "ITEM", detail: "Failed to deserialize ITEM 'stanag40': invalid type: sequence, expected a string" }, JsonParse { path: "ITEM", detail: "Failed to deserialize ITEM 'augmag_42rd': invalid type: sequence, expected a string" }, JsonParse { path: "ITEM", detail: "Failed to deserialize ITEM 'p365_mag': invalid type: sequence, expected a string" }, JsonParse { path: "ITEM", detail: "Failed to deserialize ITEM 'flag_jumpsuit': invalid type: floating point `0.2`, expected u32" }, JsonParse { path: "ITEM", detail: "Failed to deserialize ITEM 'rossi_gallery': invalid type: map, expected a sequence" }, JsonParse { path: "ITEM", detail: "Failed to deserialize ITEM 'ruger_lcr_22': invalid type: map, expected a sequence" }, JsonParse { path: "ITEM", detail: "Failed to deserialize ITEM 'boots_western': invalid type: floating point `2.5`, expected u32" }, JsonParse { path: "ITEM", detail: "Failed to deserialize ITEM 'xs_duster': invalid type: floating point `1.5`, expected u32" }, JsonParse { path: "ITEM", detail: "Failed to deserialize ITEM 'santa_dress_short': invalid type: floating point `0.2`, expected u32" }, JsonParse { path: "ITEM", detail: "Failed to deserialize ITEM 'type99': invalid type: map, expected a sequence" }, JsonParse { path: "ITEM", detail: "Failed to deserialize ITEM 'judo_belt_abstract': missing field `id`" }, JsonParse { path: "ITEM", detail: "Failed to deserialize ITEM 'dance_shoes': invalid type: floating point `1.5`, expected u32" }, JsonParse { path: "ITEM", detail: "Failed to deserialize ITEM 'wash_vodka': invalid type: map, expected a string" }, JsonParse { path: "ITEM", detail: "Failed to deserialize ITEM 'm14smallmag': invalid type: sequence, expected a string" }, JsonParse { path: "ITEM", detail: "Failed to deserialize ITEM 'tacjacket': invalid type: map, expected a string" }, JsonParse { path: "ITEM", detail: "Failed to deserialize ITEM 'emerald_silver_bracelet': invalid type: map, expected a string" }, JsonParse { path: "ITEM", detail: "Failed to deserialize ITEM 'wizard_hat_costume': invalid type: floating point `0.2`, expected u32" }, JsonParse { path: "ITEM", detail: "Failed to deserialize ITEM 'fancy_rifle_cartridge_necklace': invalid type: map, expected a string" }, JsonParse { path: "ITEM", detail: "Failed to deserialize ITEM 'gun_base_3006_semi_rifle': missing field `id`" }, JsonParse { path: "ITEM", detail: "Failed to deserialize ITEM 'xl_aketon_gloves_nylon': invalid type: floating point `2.0`, expected u32" }, JsonParse { path: "ITEM", detail: "Failed to deserialize ITEM 'notched_stick': invalid type: map, expected a sequence" }, JsonParse { path: "ITEM", detail: "Failed to deserialize ITEM 'robofac_skirt': missing field `id`" }, JsonParse { path: "ITEM", detail: "Failed to deserialize ITEM 'robofac_nomex_skirt': invalid type: map, expected a string" }, JsonParse { path: "ITEM", detail: "Failed to deserialize ITEM 'touring_suit': invalid type: floating point `4.3`, expected u32" }, JsonParse { path: "ITEM", detail: "Failed to deserialize ITEM 'hood_gut': invalid type: floating point `0.1`, expected u32" }, JsonParse { path: "ITEM", detail: "Failed to deserialize ITEM 'opal_gold_bracelet': invalid type: map, expected a string" }, JsonParse { path: "ITEM", detail: "Failed to deserialize ITEM 'xl_chainmail_hauberk': missing field `id`" }, JsonParse { path: "ITEM", detail: "Failed to deserialize ITEM 'bellyband': invalid type: floating point `0.2`, expected u32" }, JsonParse { path: "ITEM", detail: "Failed to deserialize ITEM 'tourmaline_gold_pendant_necklace': invalid type: map, expected a string" }, JsonParse { path: "ITEM", detail: "Failed to deserialize ITEM 'mutant_human_blood': invalid type: floating point `201.0`, expected u32" }, JsonParse { path: "ITEM", detail: "Failed to deserialize ITEM 'mask_dust': invalid type: floating point `0.1`, expected u32" }, JsonParse { path: "ITEM", detail: "Failed to deserialize ITEM 'xl_mask_dust': invalid type: floating point `0.1`, expected u32" }, JsonParse { path: "ITEM", detail: "Failed to deserialize ITEM 'fish_scrap': invalid type: floating point `26.0`, expected u32" }, JsonParse { path: "ITEM", detail: "Failed to deserialize ITEM 'uzimag': invalid type: sequence, expected a string" }, JsonParse { path: "ITEM", detail: "Failed to deserialize ITEM 'bone_dart_launcher': invalid type: map, expected a sequence" }, JsonParse { path: "ITEM", detail: "Failed to deserialize ITEM 'usp45mag': invalid type: sequence, expected a string" }, JsonParse { path: "ITEM", detail: "Failed to deserialize ITEM 'qt_estoc': invalid type: map, expected a string" }, JsonParse { path: "ITEM", detail: "Failed to deserialize ITEM 'xl_qt_elbow_guards': invalid type: floating point `1.2`, expected u32" }, JsonParse { path: "ITEM", detail: "Failed to deserialize ITEM 'gold_watch': invalid type: map, expected a string" }, JsonParse { path: "ITEM", detail: "Failed to deserialize ITEM 'axe_ring': missing field `pocket_type`" }, JsonParse { path: "ITEM", detail: "Failed to deserialize ITEM 'peacoat': invalid type: floating point `1.0`, expected u32" }, JsonParse { path: "ITEM", detail: "Failed to deserialize ITEM 'broadsword_inferior': invalid type: map, expected a string" }, JsonParse { path: "ITEM", detail: "Failed to deserialize ITEM 'ruby_platinum_ring': invalid type: map, expected a string" }, JsonParse { path: "ITEM", detail: "Failed to deserialize ITEM 'bolt_simple_wood': invalid type: map, expected a string" }, JsonParse { path: "ITEM", detail: "Failed to deserialize ITEM 'smoxygen_tank': invalid type: map, expected a sequence" }, JsonParse { path: "ITEM", detail: "Failed to deserialize ITEM 'drum_percussion_primitive': invalid type: map, expected a string" }, JsonParse { path: "ITEM", detail: "Failed to deserialize ITEM '270win_fmj': missing field `id`" }, JsonParse { path: "ITEM", detail: "Failed to deserialize ITEM 'scimitar': invalid type: map, expected a string" }, JsonParse { path: "ITEM", detail: "Failed to deserialize ITEM 'brogyaga': invalid type: map, expected a sequence" }, JsonParse { path: "ITEM", detail: "Failed to deserialize ITEM 'halberd': invalid value: integer `-70`, expected u32" }, JsonParse { path: "ITEM", detail: "Failed to deserialize ITEM 'sm_extinguisher': invalid type: map, expected a sequence" }, JsonParse { path: "ITEM", detail: "Failed to deserialize ITEM 'oil_cooker': invalid type: map, expected a sequence" }, JsonParse { path: "ITEM", detail: "Failed to deserialize ITEM 'sleeveless_duster': invalid type: floating point `1.5`, expected u32" }, JsonParse { path: "ITEM", detail: "Failed to deserialize ITEM 'char_smoker': invalid type: map, expected a sequence" }, JsonParse { path: "ITEM", detail: "Failed to deserialize ITEM 'hat_golf': invalid type: floating point `0.1`, expected u32" }, JsonParse { path: "ITEM", detail: "Failed to deserialize ITEM 'gambeson_nylon': invalid type: floating point `7.5`, expected u32" }, JsonParse { path: "ITEM", detail: "Failed to deserialize ITEM 'xs_gambeson_nylon': invalid type: floating point `7.5`, expected u32" }, JsonParse { path: "ITEM", detail: "Failed to deserialize ITEM 'uberti_1873': invalid type: map, expected a sequence" }, JsonParse { path: "ITEM", detail: "Failed to deserialize ITEM 'hc_kriegsmesser': invalid type: map, expected a string" }, JsonParse { path: "ITEM", detail: "Failed to deserialize ITEM 'nitrogen_tank': invalid type: map, expected a sequence" }, JsonParse { path: "ITEM", detail: "Failed to deserialize ITEM 'combination_gun_shotgun': invalid type: map, expected a sequence" }, JsonParse { path: "ITEM", detail: "Failed to deserialize ITEM 'cow_armor': missing field `id`" }, JsonParse { path: "ITEM", detail: "Failed to deserialize ITEM 'military_papr_blower_off': invalid type: map, expected a string" }, JsonParse { path: "ITEM", detail: "Failed to deserialize ITEM 'military_papr_blower_on': invalid type: map, expected a string" }, JsonParse { path: "ITEM", detail: "Failed to deserialize ITEM 'tactical_grenade_pouch': invalid type: floating point `0.5`, expected u32" }, JsonParse { path: "ITEM", detail: "Failed to deserialize ITEM 'stanag10': invalid type: sequence, expected a string" }, JsonParse { path: "ITEM", detail: "Failed to deserialize ITEM 'augmag_10rd': invalid type: sequence, expected a string" }, JsonParse { path: "ITEM", detail: "Failed to deserialize ITEM 'pot_makeshift': missing field `pocket_type`" }, JsonParse { path: "ITEM", detail: "Failed to deserialize ITEM 'xs_gambeson_pants_wool': invalid type: floating point `6.0`, expected u32" }, JsonParse { path: "ITEM", detail: "Failed to deserialize ITEM '273x44abstract': missing field `id`" }, JsonParse { path: "ITEM", detail: "Failed to deserialize ITEM 'katana': invalid type: map, expected a string" }, JsonParse { path: "ITEM", detail: "Failed to deserialize ITEM 'copper_pan': missing field `pocket_type`" }, JsonParse { path: "ITEM", detail: "Failed to deserialize ITEM 'footrags_wool': invalid type: floating point `1.5`, expected u32" }, JsonParse { path: "ITEM", detail: "Failed to deserialize ITEM 'm4_carlgustav': invalid type: map, expected a sequence" }, JsonParse { path: "ITEM", detail: "Failed to deserialize ITEM '500_speedloader5': invalid type: sequence, expected a string" }, JsonParse { path: "ITEM", detail: "Failed to deserialize ITEM 'holo_cloak': invalid type: floating point `0.5`, expected u32" }, JsonParse { path: "ITEM", detail: "Failed to deserialize ITEM 'alexandrite_platinum_ring': invalid type: map, expected a string" }, JsonParse { path: "ITEM", detail: "Failed to deserialize ITEM 'blunderbuss': invalid type: map, expected a sequence" }, JsonParse { path: "ITEM", detail: "Failed to deserialize ITEM 'nodachi_fake': invalid type: map, expected a string" }, JsonParse { path: "ITEM", detail: "Failed to deserialize ITEM 'abstract_laptop': invalid type: map, expected a string" }, JsonParse { path: "ITEM", detail: "Failed to deserialize ITEM 'laptop': invalid type: map, expected a string" }, JsonParse { path: "ITEM", detail: "Failed to deserialize ITEM 'laptop_screen_lit': invalid type: map, expected a string" }, JsonParse { path: "ITEM", detail: "Failed to deserialize ITEM 'nomad_papr_blower_273diyua_on': invalid type: map, expected a string" }, JsonParse { path: "ITEM", detail: "Failed to deserialize ITEM 'chestguard_metal_sheets_light': invalid type: floating point `1.5`, expected u32" }, JsonParse { path: "ITEM", detail: "Failed to deserialize ITEM 'ch_chestguard_metal_sheets_light': invalid type: floating point `1.5`, expected u32" }, JsonParse { path: "ITEM", detail: "Failed to deserialize ITEM 'robofac60_123ln': invalid type: sequence, expected a string" }, JsonParse { path: "ITEM", detail: "Failed to deserialize ITEM 'bfr': invalid type: map, expected a sequence" }, JsonParse { path: "ITEM", detail: "Failed to deserialize ITEM 'xlboxer_shorts': invalid type: floating point `0.01`, expected u32" }, JsonParse { path: "ITEM", detail: "Failed to deserialize ITEM '60mm_shell_m720a1': invalid type: map, expected a string" }, JsonParse { path: "ITEM", detail: "Failed to deserialize ITEM '60mm_shell_m768': invalid type: map, expected a string" }, JsonParse { path: "ITEM", detail: "Failed to deserialize ITEM 'ar10mag_10rd': invalid type: sequence, expected a string" }, JsonParse { path: "ITEM", detail: "Failed to deserialize ITEM 'colt_anaconda_4': invalid type: map, expected a sequence" }, JsonParse { path: "ITEM", detail: "Failed to deserialize ITEM 'fake_woodstove': invalid type: map, expected a sequence" }, JsonParse { path: "ITEM", detail: "Failed to deserialize ITEM 'flaregun': invalid type: map, expected a sequence" }, JsonParse { path: "ITEM", detail: "Failed to deserialize ITEM 'wetsuit_shorts_technical_loose': missing field `pocket_type`" }, JsonParse { path: "ITEM", detail: "Failed to deserialize ITEM 'hstomach_large': invalid type: floating point `120.0`, expected u32" }, JsonParse { path: "ITEM", detail: "Failed to deserialize ITEM 'hk417mag_20rd': invalid type: sequence, expected a string" }, JsonParse { path: "ITEM", detail: "Failed to deserialize ITEM 'amethyst_gold_cufflinks': invalid type: map, expected a string" }, JsonParse { path: "ITEM", detail: "Failed to deserialize ITEM 'coat_lab': invalid type: floating point `0.25`, expected u32" }, JsonParse { path: "ITEM", detail: "Failed to deserialize ITEM 'bra': invalid type: floating point `0.1`, expected u32" }, JsonParse { path: "ITEM", detail: "Failed to deserialize ITEM 'xl_bra': invalid type: floating point `0.1`, expected u32" }, JsonParse { path: "ITEM", detail: "Failed to deserialize ITEM 'rope_6': missing field `pocket_type`" }, JsonParse { path: "ITEM", detail: "Failed to deserialize ITEM 'seatbelt': missing field `pocket_type`" }, JsonParse { path: "ITEM", detail: "Failed to deserialize ITEM 'usb_drive_nano': unknown variant `E_FILE_STORAGE`, expected one of `CONTAINER`, `MAGAZINE`, `MAGAZINE_WELL`, `HOLSTER`, `SPECIAL`, `CORROSION`, `MIGRATING`, `MOD`, `SOFTWARE`" }, JsonParse { path: "ITEM", detail: "Failed to deserialize ITEM 'lixa_data': unknown variant `E_FILE_STORAGE`, expected one of `CONTAINER`, `MAGAZINE`, `MAGAZINE_WELL`, `HOLSTER`, `SPECIAL`, `CORROSION`, `MIGRATING`, `MOD`, `SOFTWARE`" }, JsonParse { path: "ITEM", detail: "Failed to deserialize ITEM 'baton': invalid type: map, expected a string" }, JsonParse { path: "ITEM", detail: "Failed to deserialize ITEM 'baton-extended': invalid type: map, expected a string" }, JsonParse { path: "ITEM", detail: "Failed to deserialize ITEM 'western_holster': invalid type: map, expected a sequence" }, JsonParse { path: "ITEM", detail: "Failed to deserialize ITEM 'tourmaline_platinum_earring': invalid type: map, expected a string" }, JsonParse { path: "ITEM", detail: "Failed to deserialize ITEM 'rucksack': invalid type: floating point `0.2`, expected u32" }, JsonParse { path: "ITEM", detail: "Failed to deserialize ITEM 'unitard': invalid type: floating point `0.02`, expected u32" }, JsonParse { path: "ITEM", detail: "Failed to deserialize ITEM 'ruger10': invalid type: sequence, expected a string" }, JsonParse { path: "ITEM", detail: "Failed to deserialize ITEM 'spear_steel_crude': invalid type: map, expected a string" }, JsonParse { path: "ITEM", detail: "Failed to deserialize ITEM 'gloves_tactical': invalid type: floating point `1.5`, expected u32" }, JsonParse { path: "ITEM", detail: "Failed to deserialize ITEM 'marlin_336_3030': invalid type: map, expected a sequence" }, JsonParse { path: "ITEM", detail: "Failed to deserialize ITEM 'gambeson_wool_thinsleeved': invalid type: floating point `7.5`, expected u32" }, JsonParse { path: "ITEM", detail: "Failed to deserialize ITEM 'lc_cutlass': invalid type: map, expected a string" }, JsonParse { path: "ITEM", detail: "Failed to deserialize ITEM 'akmag40': invalid type: sequence, expected a string" }, JsonParse { path: "ITEM", detail: "Failed to deserialize ITEM 'falbigmag': invalid type: sequence, expected a string" }, JsonParse { path: "ITEM", detail: "Failed to deserialize ITEM 'scarhmag_30rd': invalid type: sequence, expected a string" }, JsonParse { path: "ITEM", detail: "Failed to deserialize ITEM 'book_fict_hard_sports_tpl': missing field `id`" }, JsonParse { path: "ITEM", detail: "Failed to deserialize ITEM '273x110abstract': missing field `id`" }, JsonParse { path: "ITEM", detail: "Failed to deserialize ITEM 'rope_30': missing field `pocket_type`" }, JsonParse { path: "ITEM", detail: "Failed to deserialize ITEM 'mosin44': invalid type: map, expected a sequence" }, JsonParse { path: "ITEM", detail: "Failed to deserialize ITEM '762_ar15mag_10rd': invalid type: sequence, expected a string" }, JsonParse { path: "ITEM", detail: "Failed to deserialize ITEM 'XL_nylon_holster': invalid type: floating point `0.5`, expected u32" }, JsonParse { path: "ITEM", detail: "Failed to deserialize ITEM 'lc_knife_rambo': invalid type: map, expected a string" }, JsonParse { path: "ITEM", detail: "Failed to deserialize ITEM 'b_shorts': invalid type: floating point `0.1`, expected u32" }, JsonParse { path: "ITEM", detail: "Failed to deserialize ITEM 'egg_fish_mutant': missing field `id`" }, JsonParse { path: "ITEM", detail: "Failed to deserialize ITEM 'm9mag_10rd': invalid type: sequence, expected a string" }, JsonParse { path: "ITEM", detail: "Failed to deserialize ITEM 'xl_qt_helmet_turban': invalid type: floating point `2.5`, expected u32" }, JsonParse { path: "ITEM", detail: "Failed to deserialize ITEM 'speedo': invalid type: map, expected a string" }, JsonParse { path: "ITEM", detail: "Failed to deserialize ITEM 'ump40mag': invalid type: sequence, expected a string" }, JsonParse { path: "ITEM", detail: "Failed to deserialize ITEM 'stomach_boiled': invalid type: floating point `120.0`, expected u32" }, JsonParse { path: "ITEM", detail: "Failed to deserialize ITEM 'spear_knife_superior': invalid value: integer `-28`, expected u32" }, JsonParse { path: "ITEM", detail: "Failed to deserialize ITEM 'spear_knife': invalid value: integer `-42`, expected u32" }, JsonParse { path: "ITEM", detail: "Failed to deserialize ITEM 'tdi_mag': invalid type: sequence, expected a string" }, JsonParse { path: "ITEM", detail: "Failed to deserialize ITEM 'torso_bandolier_grenade': invalid type: map, expected a sequence" }, JsonParse { path: "ITEM", detail: "Failed to deserialize ITEM 'xl_aketon_wool': invalid type: floating point `3.5`, expected u32" }, JsonParse { path: "ITEM", detail: "Failed to deserialize ITEM 'sapphire_silver_pendant_necklace': invalid type: map, expected a string" }, JsonParse { path: "ITEM", detail: "Failed to deserialize ITEM 'hat_hunting': invalid type: floating point `0.3`, expected u32" }, JsonParse { path: "ITEM", detail: "Failed to deserialize ITEM 'lc_broadsword': invalid type: map, expected a string" }, JsonParse { path: "ITEM", detail: "Failed to deserialize ITEM 'book_fict_soft_satire_tpl': missing field `id`" }, JsonParse { path: "ITEM", detail: "Failed to deserialize ITEM 'rough_rider_pistol_9': invalid type: map, expected a sequence" }, JsonParse { path: "ITEM", detail: "Failed to deserialize ITEM 'light_battery_cell': invalid type: sequence, expected a string" }, JsonParse { path: "ITEM", detail: "Failed to deserialize ITEM 'light_cell_rechargeable': invalid type: sequence, expected a string" }, JsonParse { path: "ITEM", detail: "Failed to deserialize ITEM 'kilt_leather': invalid type: floating point `1.5`, expected u32" }, JsonParse { path: "ITEM", detail: "Failed to deserialize ITEM 'postman_shorts': invalid type: floating point `0.2`, expected u32" }, JsonParse { path: "ITEM", detail: "Failed to deserialize ITEM 'water_mineral': invalid type: floating point `60.0`, expected i32" }, JsonParse { path: "ITEM", detail: "Failed to deserialize ITEM 'huge_crossbow': invalid type: map, expected a sequence" }, JsonParse { path: "ITEM", detail: "Failed to deserialize ITEM 'vine_30': missing field `pocket_type`" }, JsonParse { path: "ITEM", detail: "Failed to deserialize ITEM 'hc_kukri': invalid type: map, expected a string" }, JsonParse { path: "ITEM", detail: "Failed to deserialize ITEM 'basic_papr_helmet': invalid type: map, expected a string" }, JsonParse { path: "ITEM", detail: "Failed to deserialize ITEM 'pslmag10': invalid type: sequence, expected a string" }, JsonParse { path: "ITEM", detail: "Failed to deserialize ITEM 'plasma_rifle': invalid type: map, expected a sequence" }, JsonParse { path: "ITEM", detail: "Failed to deserialize ITEM 'egg_waxwing': invalid type: floating point `4.26`, expected u32" }, JsonParse { path: "ITEM", detail: "Failed to deserialize ITEM 'zweihander': invalid type: map, expected a string" }, JsonParse { path: "ITEM", detail: "Failed to deserialize ITEM 'electric_masonrysaw_off': invalid type: map, expected a sequence" }, JsonParse { path: "ITEM", detail: "Failed to deserialize ITEM 'citrine_silver_earring': invalid type: map, expected a string" }, JsonParse { path: "ITEM", detail: "Failed to deserialize ITEM 'mc_knee_guards': invalid type: floating point `1.2`, expected u32" }, JsonParse { path: "ITEM", detail: "Failed to deserialize ITEM 'mc_knee_guards_xs': invalid type: floating point `1.2`, expected u32" }, JsonParse { path: "ITEM", detail: "Failed to deserialize ITEM 'blue_topaz_silver_bracelet': invalid type: map, expected a string" }, JsonParse { path: "ITEM", detail: "Failed to deserialize ITEM 'slamfire_shotgun': invalid type: map, expected a sequence" }, JsonParse { path: "ITEM", detail: "Failed to deserialize ITEM 'p228mag_13rd_9x19mm': invalid type: sequence, expected a string" }, JsonParse { path: "ITEM", detail: "Failed to deserialize ITEM 'mc_talwar': invalid type: map, expected a string" }, JsonParse { path: "ITEM", detail: "Failed to deserialize ITEM 'ch_talwar': invalid type: map, expected a string" }, JsonParse { path: "ITEM", detail: "Failed to deserialize ITEM 'hc_wakizashi': invalid type: map, expected a string" }, JsonParse { path: "ITEM", detail: "Failed to deserialize ITEM 'g3mag': invalid type: sequence, expected a string" }, JsonParse { path: "ITEM", detail: "Failed to deserialize ITEM 'leathersandals': invalid type: floating point `1.5`, expected u32" }, JsonParse { path: "ITEM", detail: "Failed to deserialize ITEM 'green_pen': invalid type: map, expected a sequence" }, JsonParse { path: "ITEM", detail: "Failed to deserialize ITEM 'ruby_silver_earring': invalid type: map, expected a string" }, JsonParse { path: "ITEM", detail: "Failed to deserialize ITEM '3006_clip': invalid type: sequence, expected a string" }, JsonParse { path: "ITEM", detail: "Failed to deserialize ITEM 'golden_hat': invalid type: floating point `0.2`, expected u32" }, JsonParse { path: "ITEM", detail: "Failed to deserialize ITEM 'ruby_silver_tiara': invalid type: map, expected a string" }, JsonParse { path: "ITEM", detail: "Failed to deserialize ITEM 'survivor_belt_notools': missing field `pocket_type`" }, JsonParse { path: "ITEM", detail: "Failed to deserialize ITEM 'black_pen': invalid type: map, expected a sequence" }, JsonParse { path: "ITEM", detail: "Failed to deserialize ITEM 'smart_phone_locked_flashlight': invalid type: map, expected a string" }, JsonParse { path: "ITEM", detail: "Failed to deserialize ITEM 'leggings': invalid type: floating point `0.1`, expected u32" }, JsonParse { path: "ITEM", detail: "Failed to deserialize ITEM 'meat_mutant_tainted': invalid type: floating point `201.0`, expected u32" }, JsonParse { path: "ITEM", detail: "Failed to deserialize ITEM 'meat_mutant_tainted_cooked': invalid type: floating point `201.0`, expected u32" }, JsonParse { path: "ITEM", detail: "Failed to deserialize ITEM 'meat_mutant_tainted_smoked': invalid type: floating point `201.0`, expected u32" }, JsonParse { path: "ITEM", detail: "Failed to deserialize ITEM 'bow_sight': invalid type: map, expected a string" }, JsonParse { path: "ITEM", detail: "Failed to deserialize ITEM 'gambeson_nylon_thinsleeved': invalid type: floating point `7.5`, expected u32" }, JsonParse { path: "ITEM", detail: "Failed to deserialize ITEM 'xl_gambeson_nylon_thinsleeved': invalid type: floating point `7.5`, expected u32" }, JsonParse { path: "ITEM", detail: "Failed to deserialize ITEM 'xlsocks_wool': invalid type: floating point `0.3`, expected u32" }, JsonParse { path: "ITEM", detail: "Failed to deserialize ITEM 'gas_mask_pouch': invalid type: floating point `0.5`, expected u32" }, JsonParse { path: "ITEM", detail: "Failed to deserialize ITEM 'xs_chainmail_jumpsuit': missing field `id`" }, JsonParse { path: "ITEM", detail: "Failed to deserialize ITEM 'halberd_fake': invalid value: integer `-70`, expected u32" }, JsonParse { path: "ITEM", detail: "Failed to deserialize ITEM 'hood_rain': invalid type: floating point `0.3`, expected u32" }, JsonParse { path: "ITEM", detail: "Failed to deserialize ITEM 'hc_kilij': invalid type: map, expected a string" }, JsonParse { path: "ITEM", detail: "Failed to deserialize ITEM 'circsaw_on': invalid value: integer `-40`, expected u32" }, JsonParse { path: "ITEM", detail: "Failed to deserialize ITEM 'jacket_chef': invalid type: floating point `0.4`, expected u32" }, JsonParse { path: "ITEM", detail: "Failed to deserialize ITEM 'bond_410': invalid type: map, expected a string" }, JsonParse { path: "ITEM", detail: "Failed to deserialize ITEM 'akmag30': invalid type: sequence, expected a string" }, JsonParse { path: "ITEM", detail: "Failed to deserialize ITEM 'mosquitomag': invalid type: sequence, expected a string" }, JsonParse { path: "ITEM", detail: "Failed to deserialize ITEM 'cufflinks_intricate': invalid type: map, expected a string" }, JsonParse { path: "ITEM", detail: "Failed to deserialize ITEM 'xl_aketon_gloves_wool': invalid type: floating point `2.0`, expected u32" }, JsonParse { path: "ITEM", detail: "Failed to deserialize ITEM 'robofac_basic_skirt': invalid type: map, expected a string" }, JsonParse { path: "ITEM", detail: "Failed to deserialize ITEM 'chainmail_harness_dog': invalid type: floating point `0.5`, expected u32" }, JsonParse { path: "ITEM", detail: "Failed to deserialize ITEM 'm1918bigmag': invalid type: sequence, expected a string" }, JsonParse { path: "ITEM", detail: "Failed to deserialize ITEM 'maid_dress_short': invalid type: floating point `0.1`, expected u32" }, JsonParse { path: "ITEM", detail: "Failed to deserialize ITEM 'undershirt': invalid type: floating point `0.1`, expected u32" }, JsonParse { path: "ITEM", detail: "Failed to deserialize ITEM 'wash_rum': invalid type: map, expected a string" }, JsonParse { path: "ITEM", detail: "Failed to deserialize ITEM 'makeshift_halberd': invalid value: integer `-42`, expected u32" }, JsonParse { path: "ITEM", detail: "Failed to deserialize ITEM 'makeshift_glaive': invalid value: integer `-28`, expected u32" }, JsonParse { path: "ITEM", detail: "Failed to deserialize ITEM 'sheath': missing field `pocket_type`" }, JsonParse { path: "ITEM", detail: "Failed to deserialize ITEM 'rifle_22': invalid type: map, expected a sequence" }, JsonParse { path: "ITEM", detail: "Failed to deserialize ITEM 'copper_ax': invalid value: integer `-44`, expected u32" }, JsonParse { path: "ITEM", detail: "Failed to deserialize ITEM 'xl_gambeson_canvas': invalid type: floating point `7.5`, expected u32" }, JsonParse { path: "ITEM", detail: "Failed to deserialize ITEM 'xs_chainmail_sjumpsuit': missing field `id`" }, JsonParse { path: "ITEM", detail: "Failed to deserialize ITEM 'exodii_khuunaofaai_mag_firework': invalid type: sequence, expected a string" }, JsonParse { path: "ITEM", detail: "Failed to deserialize ITEM 'slamfire_shotgun_d': invalid type: map, expected a sequence" }, JsonParse { path: "ITEM", detail: "Failed to deserialize ITEM 'fake_dynamite_50lbs': invalid type: map, expected a string" }, JsonParse { path: "ITEM", detail: "Failed to deserialize ITEM '8x40_25_mag': invalid type: sequence, expected a string" }, JsonParse { path: "ITEM", detail: "Failed to deserialize ITEM 'ch_rapier': invalid type: map, expected a string" }, JsonParse { path: "ITEM", detail: "Failed to deserialize ITEM 'survivor9mm_mag': invalid type: sequence, expected a string" }, JsonParse { path: "ITEM", detail: "Failed to deserialize ITEM 'ch_longsword': invalid type: map, expected a string" }, JsonParse { path: "ITEM", detail: "Failed to deserialize ITEM 'electric_masonrysaw_on': invalid type: map, expected a sequence" }, JsonParse { path: "ITEM", detail: "Failed to deserialize ITEM '40x53mm_grenade': missing field `id`" }, JsonParse { path: "ITEM", detail: "Failed to deserialize ITEM 'robofac_military_helmet': invalid type: map, expected a string" }, JsonParse { path: "ITEM", detail: "Failed to deserialize ITEM 'peridot_gold_earring': invalid type: map, expected a string" }, JsonParse { path: "ITEM", detail: "Failed to deserialize ITEM 'wristrocket': invalid type: map, expected a sequence" }, JsonParse { path: "ITEM", detail: "Failed to deserialize ITEM 'jacket_leather': invalid type: floating point `1.0`, expected u32" }, JsonParse { path: "ITEM", detail: "Failed to deserialize ITEM 'altered_jacket': invalid type: floating point `1.0`, expected u32" }, JsonParse { path: "ITEM", detail: "Failed to deserialize ITEM 'p08mag_32rd': invalid type: map, expected a sequence" }, JsonParse { path: "ITEM", detail: "Failed to deserialize ITEM 'robofac_lens_helmet': invalid type: map, expected a string" }, JsonParse { path: "ITEM", detail: "Failed to deserialize ITEM 'robofac_lens_helmet_on': invalid type: map, expected a string" }, JsonParse { path: "ITEM", detail: "Failed to deserialize ITEM 'robofac_lens_helmet_pat_on': invalid type: map, expected a string" }, JsonParse { path: "ITEM", detail: "Failed to deserialize ITEM 'xs_chainmail_suit': missing field `id`" }, JsonParse { path: "ITEM", detail: "Failed to deserialize ITEM 'mgl': invalid type: map, expected a sequence" }, JsonParse { path: "ITEM", detail: "Failed to deserialize ITEM 'arrow_metal_sharpened_fletched': invalid type: map, expected a string" }, JsonParse { path: "ITEM", detail: "Failed to deserialize ITEM 'book_nonf_hard_phil_tpl': missing field `id`" }, JsonParse { path: "ITEM", detail: "Failed to deserialize ITEM 'lc_battleaxe': invalid value: integer `-20`, expected u32" }, JsonParse { path: "ITEM", detail: "Failed to deserialize ITEM 'alexandrite_silver_cufflinks': invalid type: map, expected a string" }, JsonParse { path: "ITEM", detail: "Failed to deserialize ITEM 'robofac_gun_40mm_5rd': invalid type: sequence, expected a string" }, JsonParse { path: "ITEM", detail: "Failed to deserialize ITEM 'xs_k_gambeson_sleeve': invalid type: map, expected a string" }, JsonParse { path: "ITEM", detail: "Failed to deserialize ITEM 'technician_coveralls_h': invalid type: floating point `1.0`, expected u32" }, JsonParse { path: "ITEM", detail: "Failed to deserialize ITEM 'tourmaline_platinum_pendant_necklace': invalid type: map, expected a string" }, JsonParse { path: "ITEM", detail: "Failed to deserialize ITEM 'egg_mantis': invalid type: floating point `1200.0`, expected u32" }, JsonParse { path: "ITEM", detail: "Failed to deserialize ITEM 'mossberg_930': invalid type: map, expected a sequence" }, JsonParse { path: "ITEM", detail: "Failed to deserialize ITEM 'pants_checkered': invalid type: floating point `0.2`, expected u32" }, JsonParse { path: "ITEM", detail: "Failed to deserialize ITEM 'glock42_mag': invalid type: sequence, expected a string" }, JsonParse { path: "ITEM", detail: "Failed to deserialize ITEM 'spearsling': missing field `pocket_type`" }, JsonParse { path: "ITEM", detail: "Failed to deserialize ITEM 'spearsling_canvas': missing field `pocket_type`" }, JsonParse { path: "ITEM", detail: "Failed to deserialize ITEM 'tourmaline_gold_ring': invalid type: map, expected a string" }, JsonParse { path: "ITEM", detail: "Failed to deserialize ITEM 'xsboxer_shorts': invalid type: floating point `0.01`, expected u32" }, JsonParse { path: "ITEM", detail: "Failed to deserialize ITEM 'eboshi': invalid type: floating point `0.2`, expected u32" }, JsonParse { path: "ITEM", detail: "Failed to deserialize ITEM 'laptop_boris': invalid type: map, expected a string" }, JsonParse { path: "ITEM", detail: "Failed to deserialize ITEM 'amethyst_silver_earring': invalid type: map, expected a string" }, JsonParse { path: "ITEM", detail: "Failed to deserialize ITEM 'shotgun_s': invalid type: map, expected a sequence" }, JsonParse { path: "ITEM", detail: "Failed to deserialize ITEM 'shotgun_d': invalid type: map, expected a sequence" }, JsonParse { path: "ITEM", detail: "Failed to deserialize ITEM 'deaglemag_50': invalid type: sequence, expected a string" }, JsonParse { path: "ITEM", detail: "Failed to deserialize ITEM 'weatherby_5': invalid type: map, expected a sequence" }, JsonParse { path: "ITEM", detail: "Failed to deserialize ITEM 'banjo': invalid type: map, expected a string" }, JsonParse { path: "ITEM", detail: "Failed to deserialize ITEM 'smg_40_mag': invalid type: sequence, expected a string" }, JsonParse { path: "ITEM", detail: "Failed to deserialize ITEM 'disinfectant_makeshift': invalid type: map, expected a string" }, JsonParse { path: "ITEM", detail: "Failed to deserialize ITEM 'towel_wet': invalid type: floating point `0.3`, expected u32" }, JsonParse { path: "ITEM", detail: "Failed to deserialize ITEM 'jacket_ninja': invalid type: floating point `0.2`, expected u32" }, JsonParse { path: "ITEM", detail: "Failed to deserialize ITEM 'xl_aketon_gloves_canvas': invalid type: floating point `2.0`, expected u32" }, JsonParse { path: "ITEM", detail: "Failed to deserialize ITEM 'blue_topaz_platinum_pendant_necklace': invalid type: map, expected a string" }, JsonParse { path: "ITEM", detail: "Failed to deserialize ITEM 'opal_platinum_pendant_necklace': invalid type: map, expected a string" }, JsonParse { path: "ITEM", detail: "Failed to deserialize ITEM 'kilt_utility': invalid type: floating point `0.3`, expected u32" }, JsonParse { path: "ITEM", detail: "Failed to deserialize ITEM 'ammunition_can_fat_50': invalid type: map, expected a string" }, JsonParse { path: "ITEM", detail: "Failed to deserialize ITEM 'blue_topaz_silver_ring': invalid type: map, expected a string" }, JsonParse { path: "ITEM", detail: "Failed to deserialize ITEM 'polo_shirt': invalid type: floating point `0.2`, expected u32" }, JsonParse { path: "ITEM", detail: "Failed to deserialize ITEM 'blue_topaz_gold_ring': invalid type: map, expected a string" }, JsonParse { path: "ITEM", detail: "Failed to deserialize ITEM 'salt_water': invalid type: map, expected a string" }, JsonParse { path: "ITEM", detail: "Failed to deserialize ITEM 'takedown_recurbow': invalid type: map, expected a sequence" }, JsonParse { path: "ITEM", detail: "Failed to deserialize ITEM 'amethyst_silver_bracelet': invalid type: map, expected a string" }, JsonParse { path: "ITEM", detail: "Failed to deserialize ITEM 'smartphone_music': invalid type: map, expected a string" }, JsonParse { path: "ITEM", detail: "Failed to deserialize ITEM 'gun_base_380_semi_pistol': missing field `id`" }, JsonParse { path: "ITEM", detail: "Failed to deserialize ITEM 'compgreatbow': invalid type: map, expected a sequence" }, JsonParse { path: "ITEM", detail: "Failed to deserialize ITEM 'ch_elbow_guards': invalid type: floating point `1.2`, expected u32" }, JsonParse { path: "ITEM", detail: "Failed to deserialize ITEM 'clip303_5rd': invalid type: sequence, expected a string" }, JsonParse { path: "ITEM", detail: "Failed to deserialize ITEM 'tabi_gi': invalid type: floating point `0.2`, expected u32" }, JsonParse { path: "ITEM", detail: "Failed to deserialize ITEM 'iron_khopesh_inferior': invalid type: map, expected a string" }, JsonParse { path: "ITEM", detail: "Failed to deserialize ITEM 'heavy_battery_cell': invalid type: sequence, expected a string" }, JsonParse { path: "ITEM", detail: "Failed to deserialize ITEM 'emerald_platinum_tiara': invalid type: map, expected a string" }, JsonParse { path: "ITEM", detail: "Failed to deserialize ITEM 'pants_cargo': invalid type: floating point `0.25`, expected u32" }, JsonParse { path: "ITEM", detail: "Failed to deserialize ITEM 'wool_sockmitts': invalid type: floating point `0.3`, expected u32" }, JsonParse { path: "ITEM", detail: "Failed to deserialize ITEM 'sapphire_gold_pendant_necklace': invalid type: map, expected a string" }, JsonParse { path: "ITEM", detail: "Failed to deserialize ITEM 'belt308': invalid type: sequence, expected a string" }, JsonParse { path: "ITEM", detail: "Failed to deserialize ITEM 'belt_loop_small': missing field `pocket_type`" }, JsonParse { path: "ITEM", detail: "Failed to deserialize ITEM 'aquamarine_platinum_bracelet': invalid type: map, expected a string" }, JsonParse { path: "ITEM", detail: "Failed to deserialize ITEM 'mesh_nape_protector': invalid type: floating point `0.1`, expected u32" }, JsonParse { path: "ITEM", detail: "Failed to deserialize ITEM 'ch_armguard_metal_sheets_elbows': invalid type: floating point `1.5`, expected u32" }, JsonParse { path: "ITEM", detail: "Failed to deserialize ITEM 'chestwrap': invalid type: floating point `0.2`, expected u32" }, JsonParse { path: "ITEM", detail: "Failed to deserialize ITEM 'ax_sheets_welded': invalid value: integer `-39`, expected u32" }, JsonParse { path: "ITEM", detail: "Failed to deserialize ITEM 'stanag20ranger_beowulf': invalid type: sequence, expected a string" }, JsonParse { path: "ITEM", detail: "Failed to deserialize ITEM 'opal_platinum_ring': invalid type: map, expected a string" }, JsonParse { path: "ITEM", detail: "Failed to deserialize ITEM 'alexandrite_gold_pendant_necklace': invalid type: map, expected a string" }, JsonParse { path: "ITEM", detail: "Failed to deserialize ITEM '60mm_propellant': invalid type: map, expected a string" }, JsonParse { path: "ITEM", detail: "Failed to deserialize ITEM 'face_veil': invalid type: floating point `0.1`, expected u32" }, JsonParse { path: "ITEM", detail: "Failed to deserialize ITEM 'makarovmag': invalid type: sequence, expected a string" }, JsonParse { path: "ITEM", detail: "Failed to deserialize ITEM 'diving_flashlight_variable': invalid type: map, expected a sequence" }, JsonParse { path: "ITEM", detail: "Failed to deserialize ITEM 'diving_flashlight_variable_on_low': invalid type: map, expected a sequence" }, JsonParse { path: "ITEM", detail: "Failed to deserialize ITEM 'leather_belt': invalid type: map, expected a string" }, JsonParse { path: "ITEM", detail: "Failed to deserialize ITEM 'colt_army': invalid type: map, expected a sequence" }, JsonParse { path: "ITEM", detail: "Failed to deserialize ITEM 'gambeson_canvas_vest': invalid type: floating point `7.5`, expected u32" }, JsonParse { path: "ITEM", detail: "Failed to deserialize ITEM 'xl_gambeson_canvas_vest': invalid type: floating point `7.5`, expected u32" }, JsonParse { path: "ITEM", detail: "Failed to deserialize ITEM 'optical_cloak': invalid type: floating point `0.5`, expected u32" }, JsonParse { path: "ITEM", detail: "Failed to deserialize ITEM 'diving_flashlight_variable_on_med': invalid type: map, expected a sequence" }, JsonParse { path: "ITEM", detail: "Failed to deserialize ITEM 'lws32mag': invalid type: sequence, expected a string" }, JsonParse { path: "ITEM", detail: "Failed to deserialize ITEM 'egg_bluejay': invalid type: floating point `12.78`, expected u32" }, JsonParse { path: "ITEM", detail: "Failed to deserialize ITEM 'robofac_rubber_vambraces': invalid type: map, expected a string" }, JsonParse { path: "ITEM", detail: "Failed to deserialize ITEM 'long_undertop_sleeveless': invalid type: floating point `0.2`, expected u32" }, JsonParse { path: "ITEM", detail: "Failed to deserialize ITEM 'diamond_silver_bracelet': invalid type: map, expected a string" }, JsonParse { path: "ITEM", detail: "Failed to deserialize ITEM 'gloves_white': invalid type: floating point `0.2`, expected u32" }, JsonParse { path: "ITEM", detail: "Failed to deserialize ITEM 'as50mag': invalid type: sequence, expected a string" }, JsonParse { path: "ITEM", detail: "Failed to deserialize ITEM 'military_poncho_liner': invalid type: floating point `0.4`, expected u32" }, JsonParse { path: "ITEM", detail: "Failed to deserialize ITEM 'swbodyguard_mag': invalid type: sequence, expected a string" }, JsonParse { path: "ITEM", detail: "Failed to deserialize ITEM 'hat_boonie': invalid type: floating point `0.3`, expected u32" }, JsonParse { path: "ITEM", detail: "Failed to deserialize ITEM 'opal_silver_tiara': invalid type: map, expected a string" }, JsonParse { path: "ITEM", detail: "Failed to deserialize ITEM 'mossberg_590m_mag_10': invalid type: sequence, expected a string" }, JsonParse { path: "ITEM", detail: "Failed to deserialize ITEM 'ankle_wallet_pouch': invalid type: floating point `0.1`, expected u32" }, JsonParse { path: "ITEM", detail: "Failed to deserialize ITEM 'bronze_brush_pole': invalid value: integer `-70`, expected u32" }, JsonParse { path: "ITEM", detail: "Failed to deserialize ITEM 'weldtank': invalid type: sequence, expected a string" }, JsonParse { path: "ITEM", detail: "Failed to deserialize ITEM 'm9mag_32rd': invalid type: sequence, expected a string" }, JsonParse { path: "ITEM", detail: "Failed to deserialize ITEM 'welding_papr_helmet': invalid type: map, expected a string" }, JsonParse { path: "ITEM", detail: "Failed to deserialize ITEM 'maid_dress_short_xs': invalid type: floating point `0.1`, expected u32" }, JsonParse { path: "ITEM", detail: "Failed to deserialize ITEM '8x40_50_mag': invalid type: sequence, expected a string" }, JsonParse { path: "ITEM", detail: "Failed to deserialize ITEM 'arm_warmers': invalid type: floating point `0.5`, expected u32" }, JsonParse { path: "ITEM", detail: "Failed to deserialize ITEM 'xs_arm_warmers': invalid type: floating point `0.5`, expected u32" }, JsonParse { path: "ITEM", detail: "Failed to deserialize ITEM 'hc_knee_guards': invalid type: floating point `1.2`, expected u32" }, JsonParse { path: "ITEM", detail: "Failed to deserialize ITEM 'hc_knee_guards_xs': invalid type: floating point `1.2`, expected u32" }, JsonParse { path: "ITEM", detail: "Failed to deserialize ITEM 'armor_star_samurai': missing field `pocket_type`" }, JsonParse { path: "ITEM", detail: "Failed to deserialize ITEM 'dress_wedding': invalid type: floating point `0.2`, expected u32" }, JsonParse { path: "ITEM", detail: "Failed to deserialize ITEM 'hub_meteorology_pack': invalid type: map, expected a string" }, JsonParse { path: "ITEM", detail: "Failed to deserialize ITEM 'rugerlcpmag': invalid type: sequence, expected a string" }, JsonParse { path: "ITEM", detail: "Failed to deserialize ITEM 'model_10_revolver': invalid type: map, expected a sequence" }, JsonParse { path: "ITEM", detail: "Failed to deserialize ITEM 'hc_broadsword': invalid type: map, expected a string" }, JsonParse { path: "ITEM", detail: "Failed to deserialize ITEM 'mp5mag_40rd': invalid type: sequence, expected a string" }, JsonParse { path: "ITEM", detail: "Failed to deserialize ITEM 'book_fict_hard_scifi_tpl': missing field `id`" }, JsonParse { path: "ITEM", detail: "Failed to deserialize ITEM 'molle_papr_blower_on': invalid type: map, expected a string" }, JsonParse { path: "ITEM", detail: "Failed to deserialize ITEM '432gal_drum_rubber': invalid type: map, expected a string" }, JsonParse { path: "ITEM", detail: "Failed to deserialize ITEM 'xs_wetsuit_shorts_technical': missing field `pocket_type`" }, JsonParse { path: "ITEM", detail: "Failed to deserialize ITEM 'xs_wetsuit_shorts_technical_loose': missing field `pocket_type`" }, JsonParse { path: "ITEM", detail: "Failed to deserialize ITEM 'mossberg_590m_mag_5': invalid type: sequence, expected a string" }, JsonParse { path: "ITEM", detail: "Failed to deserialize ITEM 'citrine_gold_tiara': invalid type: map, expected a string" }, JsonParse { path: "ITEM", detail: "Failed to deserialize ITEM 'robofac_rubber_skirt': invalid type: map, expected a string" }, JsonParse { path: "ITEM", detail: "Failed to deserialize ITEM 'belt40mm': invalid type: sequence, expected a string" }, JsonParse { path: "ITEM", detail: "Failed to deserialize ITEM 'glock17_17': invalid type: sequence, expected a string" }, JsonParse { path: "ITEM", detail: "Failed to deserialize ITEM 'glock17_10': invalid type: sequence, expected a string" }, JsonParse { path: "ITEM", detail: "Failed to deserialize ITEM 'robofac20': invalid type: sequence, expected a string" }, JsonParse { path: "ITEM", detail: "Failed to deserialize ITEM 'onyx_gold_earring': invalid type: map, expected a string" }, JsonParse { path: "ITEM", detail: "Failed to deserialize ITEM 'hc_helmet_turban': invalid type: floating point `2.5`, expected u32" }, JsonParse { path: "ITEM", detail: "Failed to deserialize ITEM 'blue_pen': invalid type: map, expected a sequence" }, JsonParse { path: "ITEM", detail: "Failed to deserialize ITEM 'steyr_scout_mag': invalid type: sequence, expected a string" }, JsonParse { path: "ITEM", detail: "Failed to deserialize ITEM 'steyr_scout_mag_makeshift': invalid type: sequence, expected a string" }, JsonParse { path: "ITEM", detail: "Failed to deserialize ITEM 'reflexbow': invalid type: map, expected a sequence" }, JsonParse { path: "ITEM", detail: "Failed to deserialize ITEM 'm14_makeshiftmag': invalid type: sequence, expected a string" }, JsonParse { path: "ITEM", detail: "Failed to deserialize ITEM 'exodii_khuunaofaai_mag_incendiary': invalid type: sequence, expected a string" }, JsonParse { path: "ITEM", detail: "Failed to deserialize ITEM 'onyx_platinum_tiara': invalid type: map, expected a string" }, JsonParse { path: "ITEM", detail: "Failed to deserialize ITEM 'emerald_gold_bracelet': invalid type: map, expected a string" }, JsonParse { path: "ITEM", detail: "Failed to deserialize ITEM 'halberd_crude': invalid value: integer `-70`, expected u32" }, JsonParse { path: "ITEM", detail: "Failed to deserialize ITEM 'radio_pouch': invalid type: floating point `0.5`, expected u32" }, JsonParse { path: "ITEM", detail: "Failed to deserialize ITEM 'ar10_makeshiftmag': invalid type: sequence, expected a string" }, JsonParse { path: "ITEM", detail: "Failed to deserialize ITEM 'rossi_r92_44_20': invalid type: map, expected a sequence" }, JsonParse { path: "ITEM", detail: "Failed to deserialize ITEM 'opal_platinum_tiara': invalid type: map, expected a string" }, JsonParse { path: "ITEM", detail: "Failed to deserialize ITEM 'vine_6': missing field `pocket_type`" }, JsonParse { path: "ITEM", detail: "Failed to deserialize ITEM 'rope_makeshift_6': missing field `pocket_type`" }, JsonParse { path: "ITEM", detail: "Failed to deserialize ITEM 'ccpmag_9rd': invalid type: sequence, expected a string" }, JsonParse { path: "ITEM", detail: "Failed to deserialize ITEM 'nomad_rig': missing field `pocket_type`" }, JsonParse { path: "ITEM", detail: "Failed to deserialize ITEM 'nomad_rig_on': missing field `pocket_type`" }, JsonParse { path: "ITEM", detail: "Failed to deserialize ITEM 'emerald_silver_earring': invalid type: map, expected a string" }, JsonParse { path: "ITEM", detail: "Failed to deserialize ITEM 'book_fict_soft_ya_quiddity': missing field `id`" }, JsonParse { path: "ITEM", detail: "Failed to deserialize ITEM 'xs_aketon_nylon': invalid type: floating point `3.5`, expected u32" }, JsonParse { path: "ITEM", detail: "Failed to deserialize ITEM 'saline_bag_250': invalid type: map, expected a string" }, JsonParse { path: "ITEM", detail: "Failed to deserialize ITEM 'saline_bag_500': invalid type: map, expected a string" }, JsonParse { path: "ITEM", detail: "Failed to deserialize ITEM 'shoes_birchbark': invalid type: floating point `1.0`, expected u32" }, JsonParse { path: "ITEM", detail: "Failed to deserialize ITEM 'peridot_dental_grill': invalid type: map, expected a string" }, JsonParse { path: "ITEM", detail: "Failed to deserialize ITEM 'machete': invalid type: map, expected a string" }, JsonParse { path: "ITEM", detail: "Failed to deserialize ITEM 'mp3': invalid type: map, expected a string" }, JsonParse { path: "ITEM", detail: "Failed to deserialize ITEM 'mp3_on': invalid type: map, expected a string" }, JsonParse { path: "ITEM", detail: "Failed to deserialize ITEM 'egg_centipede': invalid type: floating point `480.0`, expected u32" }, JsonParse { path: "ITEM", detail: "Failed to deserialize ITEM 'blue_topaz_platinum_cufflinks': invalid type: map, expected a string" }, JsonParse { path: "ITEM", detail: "Failed to deserialize ITEM 'nodachi': invalid type: map, expected a string" }, JsonParse { path: "ITEM", detail: "Failed to deserialize ITEM 'xs_duster_leather': invalid type: floating point `1.5`, expected u32" }, JsonParse { path: "ITEM", detail: "Failed to deserialize ITEM 'police_breeches': invalid type: floating point `0.4`, expected u32" }, JsonParse { path: "ITEM", detail: "Failed to deserialize ITEM 'hc_cutlass': invalid type: map, expected a string" }, JsonParse { path: "ITEM", detail: "Failed to deserialize ITEM 'glock_20mag': invalid type: sequence, expected a string" }, JsonParse { path: "ITEM", detail: "Failed to deserialize ITEM 'tourmaline_platinum_tiara': invalid type: map, expected a string" }, JsonParse { path: "ITEM", detail: "Failed to deserialize ITEM 'helmet_mounting_brackets': invalid type: map, expected a string" }, JsonParse { path: "ITEM", detail: "Failed to deserialize ITEM 'ch_knee_guards_xs': invalid type: floating point `1.2`, expected u32" }, JsonParse { path: "ITEM", detail: "Failed to deserialize ITEM 'hk417mag_10rd': invalid type: sequence, expected a string" }, JsonParse { path: "ITEM", detail: "Failed to deserialize ITEM 'ree_33_53_mag': invalid type: sequence, expected a string" }, JsonParse { path: "ITEM", detail: "Failed to deserialize ITEM 'mutant_bug_organs_cooked': invalid type: floating point `261.3`, expected u32" }, JsonParse { path: "ITEM", detail: "Failed to deserialize ITEM 'cutlass_inferior': invalid type: map, expected a string" }, JsonParse { path: "ITEM", detail: "Failed to deserialize ITEM 'hc_jian': invalid type: map, expected a string" }, JsonParse { path: "ITEM", detail: "Failed to deserialize ITEM 'hand_crossbow': invalid type: map, expected a sequence" }, JsonParse { path: "ITEM", detail: "Failed to deserialize ITEM 'xs_gauntlets_chitin': invalid type: map, expected a string" }, JsonParse { path: "ITEM", detail: "Failed to deserialize ITEM 'ammunition_can_50': invalid type: map, expected a string" }, JsonParse { path: "ITEM", detail: "Failed to deserialize ITEM 'smg_45_mag': invalid type: sequence, expected a string" }, JsonParse { path: "ITEM", detail: "Failed to deserialize ITEM 'heavy_atomic_battery_cell': invalid type: sequence, expected a string" }, JsonParse { path: "ITEM", detail: "Failed to deserialize ITEM 'xl_mc_knee_guards': invalid type: floating point `1.2`, expected u32" }, JsonParse { path: "ITEM", detail: "Failed to deserialize ITEM 'acoustic_guitar': invalid type: map, expected a string" }, JsonParse { path: "ITEM", detail: "Failed to deserialize ITEM 'hc_elbow_guards': invalid type: floating point `1.2`, expected u32" }, JsonParse { path: "ITEM", detail: "Failed to deserialize ITEM 'cloak_wool': invalid type: floating point `0.5`, expected u32" }, JsonParse { path: "ITEM", detail: "Failed to deserialize ITEM 'long_patchwork_scarf_loose': invalid type: floating point `0.3`, expected u32" }, JsonParse { path: "ITEM", detail: "Failed to deserialize ITEM 'peridot_silver_earring': invalid type: map, expected a string" }, JsonParse { path: "ITEM", detail: "Failed to deserialize ITEM 'bandolier_pipebomb_xl': missing field `pocket_type`" }, JsonParse { path: "ITEM", detail: "Failed to deserialize ITEM 'amethyst_gold_earring': invalid type: map, expected a string" }, JsonParse { path: "ITEM", detail: "Failed to deserialize ITEM 'benelli_m4': invalid type: map, expected a sequence" }, JsonParse { path: "ITEM", detail: "Failed to deserialize ITEM 'm1014': invalid type: map, expected a sequence" }, JsonParse { path: "ITEM", detail: "Failed to deserialize ITEM 'military_papr_mask': invalid type: map, expected a string" }, JsonParse { path: "ITEM", detail: "Failed to deserialize ITEM 'xl_mc_helmet_turban': invalid type: floating point `2.5`, expected u32" }, JsonParse { path: "ITEM", detail: "Failed to deserialize ITEM 'bolt_ballista_steel': invalid type: map, expected a string" }, JsonParse { path: "ITEM", detail: "Failed to deserialize ITEM 'px4_40mag': invalid type: sequence, expected a string" }, JsonParse { path: "ITEM", detail: "Failed to deserialize ITEM 'px4_40mag_10': invalid type: sequence, expected a string" }, JsonParse { path: "ITEM", detail: "Failed to deserialize ITEM 'slingshot': invalid type: map, expected a sequence" }, JsonParse { path: "ITEM", detail: "Failed to deserialize ITEM 'ruger_m77': invalid type: map, expected a sequence" }, JsonParse { path: "ITEM", detail: "Failed to deserialize ITEM 'helmet_nomad_papr': invalid type: map, expected a string" }, JsonParse { path: "ITEM", detail: "Failed to deserialize ITEM 'gloves_skeleton': invalid type: floating point `0.1`, expected u32" }, JsonParse { path: "ITEM", detail: "Failed to deserialize ITEM 'alexandrite_platinum_cufflinks': invalid type: map, expected a string" }, JsonParse { path: "ITEM", detail: "Failed to deserialize ITEM '1895sbl': invalid type: map, expected a sequence" }, JsonParse { path: "ITEM", detail: "Failed to deserialize ITEM 'xl_boots_chitin': invalid type: map, expected a string" }, JsonParse { path: "ITEM", detail: "Failed to deserialize ITEM 'mp5mag': invalid type: sequence, expected a string" }, JsonParse { path: "ITEM", detail: "Failed to deserialize ITEM 'pointed_hat': invalid type: floating point `0.2`, expected u32" }, JsonParse { path: "ITEM", detail: "Failed to deserialize ITEM 'a180mag2': invalid type: sequence, expected a string" }, JsonParse { path: "ITEM", detail: "Failed to deserialize ITEM 'karate_gi': invalid type: floating point `0.5`, expected u32" }, JsonParse { path: "ITEM", detail: "Failed to deserialize ITEM 'diamond_silver_earring': invalid type: map, expected a string" }, JsonParse { path: "ITEM", detail: "Failed to deserialize ITEM 'kariginu': invalid type: floating point `0.5`, expected u32" }, JsonParse { path: "ITEM", detail: "Failed to deserialize ITEM 'book_nonf_hard_arch_tpl': missing field `id`" }, JsonParse { path: "ITEM", detail: "Failed to deserialize ITEM 'thawb': invalid type: floating point `0.2`, expected u32" }, JsonParse { path: "ITEM", detail: "Failed to deserialize ITEM 'emerald_gold_earring': invalid type: map, expected a string" }, JsonParse { path: "ITEM", detail: "Failed to deserialize ITEM 'mossberg_590m_mag_20': invalid type: sequence, expected a string" }, JsonParse { path: "ITEM", detail: "Failed to deserialize ITEM 'emerald_gold_pendant_necklace': invalid type: map, expected a string" }, JsonParse { path: "ITEM", detail: "Failed to deserialize ITEM 'aquamarine_dental_grill': invalid type: map, expected a string" }, JsonParse { path: "ITEM", detail: "Failed to deserialize ITEM 'cloak': invalid type: floating point `0.4`, expected u32" }, JsonParse { path: "ITEM", detail: "Failed to deserialize ITEM 'highland_shroud': invalid type: floating point `0.4`, expected u32" }, JsonParse { path: "ITEM", detail: "Failed to deserialize ITEM 'hat_noise_cancelling': invalid type: floating point `0.1`, expected u32" }, JsonParse { path: "ITEM", detail: "Failed to deserialize ITEM 'hk417_makeshiftmag': invalid type: sequence, expected a string" }, JsonParse { path: "ITEM", detail: "Failed to deserialize ITEM 'trenchcoat': invalid type: floating point `1.5`, expected u32" }, JsonParse { path: "ITEM", detail: "Failed to deserialize ITEM 'qt_jian': invalid type: map, expected a string" }, JsonParse { path: "ITEM", detail: "Failed to deserialize ITEM 'aquamarine_gold_tiara': invalid type: map, expected a string" }, JsonParse { path: "ITEM", detail: "Failed to deserialize ITEM 'xl_lc_elbow_guards': invalid type: floating point `1.2`, expected u32" }, JsonParse { path: "ITEM", detail: "Failed to deserialize ITEM 'blindfold_up': invalid type: floating point `0.1`, expected u32" }, JsonParse { path: "ITEM", detail: "Failed to deserialize ITEM 'ruana_sci_fi': invalid type: floating point `3.5`, expected u32" }, JsonParse { path: "ITEM", detail: "Failed to deserialize ITEM 'tophat': invalid type: floating point `0.2`, expected u32" }, JsonParse { path: "ITEM", detail: "Failed to deserialize ITEM 'amethyst_silver_pendant_necklace': invalid type: map, expected a string" }, JsonParse { path: "ITEM", detail: "Failed to deserialize ITEM 'inter_bayonet': invalid value: integer `-18`, expected u32" }, JsonParse { path: "ITEM", detail: "Failed to deserialize ITEM 'pearl_silver_earring': invalid type: map, expected a string" }, JsonParse { path: "ITEM", detail: "Failed to deserialize ITEM 'bark_abstract': missing field `id`" }, JsonParse { path: "ITEM", detail: "Failed to deserialize ITEM 'trunks': invalid type: floating point `0.1`, expected u32" }, JsonParse { path: "ITEM", detail: "Failed to deserialize ITEM 'xs_aketon_pants_nylon': invalid type: floating point `3.0`, expected u32" }, JsonParse { path: "ITEM", detail: "Failed to deserialize ITEM 'xs_gambeson_gloves_canvas': invalid type: floating point `6.0`, expected u32" }, JsonParse { path: "ITEM", detail: "Failed to deserialize ITEM 'bikini_top': invalid type: floating point `0.1`, expected u32" }, JsonParse { path: "ITEM", detail: "Failed to deserialize ITEM 'gambeson_hood': invalid type: floating point `2.0`, expected u32" }, JsonParse { path: "ITEM", detail: "Failed to deserialize ITEM 'xs_gambeson_hood': invalid type: floating point `2.0`, expected u32" }, JsonParse { path: "ITEM", detail: "Failed to deserialize ITEM 'wearable_rx12': invalid type: map, expected a sequence" }, JsonParse { path: "ITEM", detail: "Failed to deserialize ITEM 'xs_gloves_leather': invalid type: floating point `0.5`, expected u32" }, JsonParse { path: "ITEM", detail: "Failed to deserialize ITEM 'citrine_platinum_earring': invalid type: map, expected a string" }, JsonParse { path: "ITEM", detail: "Failed to deserialize ITEM 'colt_anaconda_6': invalid type: map, expected a sequence" }, JsonParse { path: "ITEM", detail: "Failed to deserialize ITEM 'ruger1022mag_15': invalid type: sequence, expected a string" }, JsonParse { path: "ITEM", detail: "Failed to deserialize ITEM 'bow_saw': invalid value: integer `-90`, expected u32" }, JsonParse { path: "ITEM", detail: "Failed to deserialize ITEM 'xl_aketon_nylon': invalid type: floating point `3.5`, expected u32" }, JsonParse { path: "ITEM", detail: "Failed to deserialize ITEM 'glockmag_10': invalid type: sequence, expected a string" }, JsonParse { path: "ITEM", detail: "Failed to deserialize ITEM 'e_tool': invalid value: integer `-8`, expected u32" }, JsonParse { path: "ITEM", detail: "Failed to deserialize ITEM 'cz75mag_16rd': invalid type: sequence, expected a string" }, JsonParse { path: "ITEM", detail: "Failed to deserialize ITEM 'win70_458': invalid type: map, expected a sequence" }, JsonParse { path: "ITEM", detail: "Failed to deserialize ITEM 'esbit_stove': invalid type: map, expected a sequence" }, JsonParse { path: "ITEM", detail: "Failed to deserialize ITEM 'curry_meat': invalid type: map, expected a string" }, JsonParse { path: "ITEM", detail: "Failed to deserialize ITEM 'integrated_electrokit': invalid type: floating point `0.5`, expected u32" }, JsonParse { path: "ITEM", detail: "Failed to deserialize ITEM 'btmp9mag_9x19mm_15': invalid type: sequence, expected a string" }, JsonParse { path: "ITEM", detail: "Failed to deserialize ITEM 'btmp9mag_9x19mm_30': invalid type: sequence, expected a string" }, JsonParse { path: "ITEM", detail: "Failed to deserialize ITEM 'akdrum75': invalid type: sequence, expected a string" }, JsonParse { path: "ITEM", detail: "Failed to deserialize ITEM 'brew_hb_seltzer': invalid type: map, expected a string" }, JsonParse { path: "ITEM", detail: "Failed to deserialize ITEM 'shotgun_triple': invalid type: map, expected a sequence" }, JsonParse { path: "ITEM", detail: "Failed to deserialize ITEM 'iron_khopesh': invalid type: map, expected a string" }, JsonParse { path: "ITEM", detail: "Failed to deserialize ITEM 'santa_hat': invalid type: floating point `0.3`, expected u32" }, JsonParse { path: "ITEM", detail: "Failed to deserialize ITEM 'fishing_rod_professional': invalid type: map, expected a string" }, JsonParse { path: "ITEM", detail: "Failed to deserialize ITEM 'diving_flashlight_variable_on_hi': invalid type: map, expected a sequence" }, JsonParse { path: "ITEM", detail: "Failed to deserialize ITEM 'blue_topaz_silver_pendant_necklace': invalid type: map, expected a string" }, JsonParse { path: "ITEM", detail: "Failed to deserialize ITEM 'ruger1022mag_32': invalid type: sequence, expected a string" }, JsonParse { path: "ITEM", detail: "Failed to deserialize ITEM 'hptjhpmag': invalid type: sequence, expected a string" }, JsonParse { path: "ITEM", detail: "Failed to deserialize ITEM 'scrap_valuable': missing field `id`" }, JsonParse { path: "ITEM", detail: "Failed to deserialize ITEM 'stockings': invalid type: floating point `0.1`, expected u32" }, JsonParse { path: "ITEM", detail: "Failed to deserialize ITEM 'flashlight_pouch': invalid type: floating point `0.5`, expected u32" }, JsonParse { path: "ITEM", detail: "Failed to deserialize ITEM 'peridot_platinum_earring': invalid type: map, expected a string" }, JsonParse { path: "ITEM", detail: "Failed to deserialize ITEM 'egg_woodpecker': invalid type: floating point `4.26`, expected u32" }, JsonParse { path: "ITEM", detail: "Failed to deserialize ITEM 'helmet_chitin_xs': invalid type: map, expected a string" }, JsonParse { path: "ITEM", detail: "Failed to deserialize ITEM 'backpack_denim': invalid type: floating point `1.1`, expected u32" }, JsonParse { path: "ITEM", detail: "Failed to deserialize ITEM 'grenade_pouch': invalid type: map, expected a sequence" }, JsonParse { path: "ITEM", detail: "Failed to deserialize ITEM 'mossberg_590': invalid type: map, expected a sequence" }, JsonParse { path: "ITEM", detail: "Failed to deserialize ITEM 'robofacmultimag': invalid type: sequence, expected a string" }, JsonParse { path: "ITEM", detail: "Failed to deserialize ITEM 'hat_fur': invalid type: floating point `0.3`, expected u32" }, JsonParse { path: "ITEM", detail: "Failed to deserialize ITEM 'helmet_larmor_xs': invalid type: floating point `4.5`, expected u32" }, JsonParse { path: "ITEM", detail: "Failed to deserialize ITEM 'ch_helmet_turban': invalid type: floating point `2.5`, expected u32" }, JsonParse { path: "ITEM", detail: "Failed to deserialize ITEM 'xl_ch_helmet_turban': invalid type: floating point `2.5`, expected u32" }, JsonParse { path: "ITEM", detail: "Failed to deserialize ITEM 'iron_pot': missing field `pocket_type`" }, JsonParse { path: "ITEM", detail: "Failed to deserialize ITEM 'enfield_303mag': invalid type: sequence, expected a string" }, JsonParse { path: "ITEM", detail: "Failed to deserialize ITEM 'gartersheath1': missing field `pocket_type`" }, JsonParse { path: "ITEM", detail: "Failed to deserialize ITEM 'colt_saa': invalid type: map, expected a sequence" }, JsonParse { path: "ITEM", detail: "Failed to deserialize ITEM 'spike': invalid value: integer `-42`, expected u32" }, JsonParse { path: "ITEM", detail: "Failed to deserialize ITEM 'fish_trap': invalid type: map, expected a sequence" }, JsonParse { path: "ITEM", detail: "Failed to deserialize ITEM 'tourmaline_gold_earring': invalid type: map, expected a string" }, JsonParse { path: "ITEM", detail: "Failed to deserialize ITEM 'zentai': invalid type: floating point `0.1`, expected u32" }, JsonParse { path: "ITEM", detail: "Failed to deserialize ITEM 'hat_sombrero': invalid type: floating point `0.2`, expected u32" }, JsonParse { path: "ITEM", detail: "Failed to deserialize ITEM 'xl_ch_knee_guards': invalid type: floating point `1.2`, expected u32" }, JsonParse { path: "ITEM", detail: "Failed to deserialize ITEM 'ruby_platinum_pendant_necklace': invalid type: map, expected a string" }, JsonParse { path: "ITEM", detail: "Failed to deserialize ITEM 'matches': invalid type: map, expected a sequence" }, JsonParse { path: "ITEM", detail: "Failed to deserialize ITEM 'xl_chainmail_sjumpsuit': missing field `id`" }, JsonParse { path: "ITEM", detail: "Failed to deserialize ITEM 'robofac30': invalid type: sequence, expected a string" }, JsonParse { path: "ITEM", detail: "Failed to deserialize ITEM 'simple_ordnance_cartridge_necklace': invalid type: map, expected a string" }, JsonParse { path: "ITEM", detail: "Failed to deserialize ITEM 'citrine_gold_bracelet': invalid type: map, expected a string" }, JsonParse { path: "ITEM", detail: "Failed to deserialize ITEM 'akmag20': invalid type: sequence, expected a string" }, JsonParse { path: "ITEM", detail: "Failed to deserialize ITEM 'jacket_light': invalid type: floating point `0.5`, expected u32" }, JsonParse { path: "ITEM", detail: "Failed to deserialize ITEM 'rm120c': invalid type: map, expected a sequence" }, JsonParse { path: "ITEM", detail: "Failed to deserialize ITEM 'tefillin_head': invalid type: floating point `1.0`, expected u32" }, JsonParse { path: "ITEM", detail: "Failed to deserialize ITEM 'footrags_fur': invalid type: floating point `1.5`, expected u32" }, JsonParse { path: "ITEM", detail: "Failed to deserialize ITEM 'cz75mag_10rd': invalid type: sequence, expected a string" }, JsonParse { path: "ITEM", detail: "Failed to deserialize ITEM 'tacvest': invalid type: map, expected a sequence" }, JsonParse { path: "ITEM", detail: "Failed to deserialize ITEM 'xl_tacvest': invalid type: map, expected a sequence" }, JsonParse { path: "ITEM", detail: "Failed to deserialize ITEM 'gun_base_357sig_semi_pistol': missing field `id`" }, JsonParse { path: "ITEM", detail: "Failed to deserialize ITEM 'mrad_338lapua_mag': invalid type: sequence, expected a string" }, JsonParse { path: "ITEM", detail: "Failed to deserialize ITEM 'kukri': invalid type: map, expected a string" }, JsonParse { path: "ITEM", detail: "Failed to deserialize ITEM 'mc_knife_trench': invalid type: map, expected a string" }, JsonParse { path: "ITEM", detail: "Failed to deserialize ITEM 'knife_trench': invalid type: map, expected a string" }, JsonParse { path: "ITEM", detail: "Failed to deserialize ITEM 'electric_lantern': invalid type: map, expected a sequence" }, JsonParse { path: "ITEM", detail: "Failed to deserialize ITEM 'electric_lantern_on': invalid type: map, expected a sequence" }, JsonParse { path: "ITEM", detail: "Failed to deserialize ITEM 'leather_pouch': invalid type: floating point `0.1`, expected u32" }, JsonParse { path: "ITEM", detail: "Failed to deserialize ITEM 'm107a1mag': invalid type: sequence, expected a string" }, JsonParse { path: "ITEM", detail: "Failed to deserialize ITEM 'needle_curved': invalid type: map, expected a sequence" }, JsonParse { path: "ITEM", detail: "Failed to deserialize ITEM 'quiver_takedown_bow': invalid type: map, expected a sequence" }, JsonParse { path: "ITEM", detail: "Failed to deserialize ITEM 'onyx_silver_earring': invalid type: map, expected a string" }, JsonParse { path: "ITEM", detail: "Failed to deserialize ITEM 'base_toiletries': missing field `id`" }, JsonParse { path: "ITEM", detail: "Failed to deserialize ITEM 'ppshmag': invalid type: sequence, expected a string" }, JsonParse { path: "ITEM", detail: "Failed to deserialize ITEM 'maple_sap': invalid type: floating point `21.6`, expected u32" }, JsonParse { path: "ITEM", detail: "Failed to deserialize ITEM 'longrifle_flintlock': invalid type: map, expected a sequence" }, JsonParse { path: "ITEM", detail: "Failed to deserialize ITEM 'quiver': invalid type: map, expected a sequence" }, JsonParse { path: "ITEM", detail: "Failed to deserialize ITEM 'sw629': invalid type: map, expected a sequence" }, JsonParse { path: "ITEM", detail: "Failed to deserialize ITEM 'patchwork_scarf_headwrap': invalid type: floating point `0.3`, expected u32" }, JsonParse { path: "ITEM", detail: "Failed to deserialize ITEM 'sword_metal_fencing': invalid value: integer `-8`, expected u32" }, JsonParse { path: "ITEM", detail: "Failed to deserialize ITEM 'footrags_leather': invalid type: floating point `1.5`, expected u32" }, JsonParse { path: "ITEM", detail: "Failed to deserialize ITEM 'kvass': invalid type: map, expected a string" }, JsonParse { path: "ITEM", detail: "Failed to deserialize ITEM 'blue_topaz_platinum_earring': invalid type: map, expected a string" }, JsonParse { path: "ITEM", detail: "Failed to deserialize ITEM 'stone_chopper': invalid value: integer `-18`, expected u32" }, JsonParse { path: "ITEM", detail: "Failed to deserialize ITEM 'pseudo_m203': invalid type: map, expected a sequence" }, JsonParse { path: "ITEM", detail: "Failed to deserialize ITEM 'rubber_harness_dog': invalid type: floating point `0.1`, expected u32" }, JsonParse { path: "ITEM", detail: "Failed to deserialize ITEM 'diamond_gold_earring': invalid type: map, expected a string" }, JsonParse { path: "ITEM", detail: "Failed to deserialize ITEM 'jeans_ripped': invalid type: floating point `0.65`, expected u32" }, JsonParse { path: "ITEM", detail: "Failed to deserialize ITEM 'jeans': invalid type: floating point `0.65`, expected u32" }, JsonParse { path: "ITEM", detail: "Failed to deserialize ITEM 'handflare': invalid type: map, expected a sequence" }, JsonParse { path: "ITEM", detail: "Failed to deserialize ITEM 'sigflare_lit': invalid type: map, expected a sequence" }, JsonParse { path: "ITEM", detail: "Failed to deserialize ITEM 'ruby_silver_pendant_necklace': invalid type: map, expected a string" }, JsonParse { path: "ITEM", detail: "Failed to deserialize ITEM '22_ar15mag_28': invalid type: sequence, expected a string" }, JsonParse { path: "ITEM", detail: "Failed to deserialize ITEM 'kriegsmesser': invalid type: map, expected a string" }, JsonParse { path: "ITEM", detail: "Failed to deserialize ITEM 'brew_whiskey': invalid type: map, expected a string" }, JsonParse { path: "ITEM", detail: "Failed to deserialize ITEM 'soldering_iron': invalid type: map, expected a string" }, JsonParse { path: "ITEM", detail: "Failed to deserialize ITEM 'soldering_iron_portable': invalid type: map, expected a string" }, JsonParse { path: "ITEM", detail: "Failed to deserialize ITEM 'robofac_nomex_greaves': invalid type: map, expected a string" }, JsonParse { path: "ITEM", detail: "Failed to deserialize ITEM 'opal_silver_ring': invalid type: map, expected a string" }, JsonParse { path: "ITEM", detail: "Failed to deserialize ITEM 'robofac40': invalid type: sequence, expected a string" }, JsonParse { path: "ITEM", detail: "Failed to deserialize ITEM 'needle_bone': invalid type: map, expected a sequence" }, JsonParse { path: "ITEM", detail: "Failed to deserialize ITEM 'ref_lighter_on': invalid type: map, expected a sequence" }, JsonParse { path: "ITEM", detail: "Failed to deserialize ITEM 'scuba_tank_on': invalid type: map, expected a sequence" }, JsonParse { path: "ITEM", detail: "Failed to deserialize ITEM 'ninja_dress': invalid type: floating point `0.2`, expected u32" }, JsonParse { path: "ITEM", detail: "Failed to deserialize ITEM 'tactical_shotshell_pouch': invalid type: floating point `0.5`, expected u32" }, JsonParse { path: "ITEM", detail: "Failed to deserialize ITEM 'xl_gloves_leather': invalid type: floating point `0.5`, expected u32" }, JsonParse { path: "ITEM", detail: "Failed to deserialize ITEM 'kirpan': invalid type: map, expected a string" }, JsonParse { path: "ITEM", detail: "Failed to deserialize ITEM 'kirpan_cheap': invalid type: map, expected a string" }, JsonParse { path: "ITEM", detail: "Failed to deserialize ITEM 'armor_ch_metal_sheets_heavy': invalid type: floating point `1.5`, expected u32" }, JsonParse { path: "ITEM", detail: "Failed to deserialize ITEM 'bikini_bottom': invalid type: floating point `0.1`, expected u32" }, JsonParse { path: "ITEM", detail: "Failed to deserialize ITEM 'peridot_silver_cufflinks': invalid type: map, expected a string" }, JsonParse { path: "ITEM", detail: "Failed to deserialize ITEM 'vest_leather': invalid type: floating point `1.5`, expected u32" }, JsonParse { path: "ITEM", detail: "Failed to deserialize ITEM 'ruger_lcr_38': invalid type: map, expected a sequence" }, JsonParse { path: "ITEM", detail: "Failed to deserialize ITEM 'bowhat': invalid type: floating point `0.3`, expected u32" }, JsonParse { path: "ITEM", detail: "Failed to deserialize ITEM 'hc_elbow_guards_xs': invalid type: floating point `1.2`, expected u32" }, JsonParse { path: "ITEM", detail: "Failed to deserialize ITEM 'heavy_load_bearing_vest': invalid type: floating point `1.5`, expected u32" }, JsonParse { path: "ITEM", detail: "Failed to deserialize ITEM 'heavy_load_bearing_vest_breacher': invalid type: floating point `1.5`, expected u32" }, JsonParse { path: "ITEM", detail: "Failed to deserialize ITEM 'saline_bag_2000': invalid type: map, expected a string" }, JsonParse { path: "ITEM", detail: "Failed to deserialize ITEM 'dress': invalid type: floating point `0.2`, expected u32" }, JsonParse { path: "ITEM", detail: "Failed to deserialize ITEM 'dress_sleeved': invalid type: floating point `0.2`, expected u32" }, JsonParse { path: "ITEM", detail: "Failed to deserialize ITEM 'long_dress_sleeved': invalid type: floating point `0.2`, expected u32" }, JsonParse { path: "ITEM", detail: "Failed to deserialize ITEM 'opal_silver_pendant_necklace': invalid type: map, expected a string" }, JsonParse { path: "ITEM", detail: "Failed to deserialize ITEM 'colt_python': invalid type: map, expected a sequence" }, JsonParse { path: "ITEM", detail: "Failed to deserialize ITEM 'sneakers_steel': invalid type: floating point `2.5`, expected u32" }, JsonParse { path: "ITEM", detail: "Failed to deserialize ITEM 'sleeveless_duster_leather': invalid type: floating point `1.5`, expected u32" }, JsonParse { path: "ITEM", detail: "Failed to deserialize ITEM 'blrmag': invalid type: sequence, expected a string" }, JsonParse { path: "ITEM", detail: "Failed to deserialize ITEM 'kilt': invalid type: floating point `0.3`, expected u32" }, JsonParse { path: "ITEM", detail: "Failed to deserialize ITEM '8x40_100_mag': invalid type: sequence, expected a string" }, JsonParse { path: "ITEM", detail: "Failed to deserialize ITEM 'chiappa_rhino': invalid type: map, expected a sequence" }, JsonParse { path: "ITEM", detail: "Failed to deserialize ITEM 'blindfold': invalid type: floating point `0.1`, expected u32" }, JsonParse { path: "ITEM", detail: "Failed to deserialize ITEM 'brew_gin': invalid type: map, expected a string" }, JsonParse { path: "ITEM", detail: "Failed to deserialize ITEM 'pearl_silver_ring': invalid type: map, expected a string" }, JsonParse { path: "ITEM", detail: "Failed to deserialize ITEM 'alexandrite_platinum_earring': invalid type: map, expected a string" }, JsonParse { path: "ITEM", detail: "Failed to deserialize ITEM 'light_minus_battery_cell': invalid type: sequence, expected a string" }, JsonParse { path: "ITEM", detail: "Failed to deserialize ITEM 'emerald_platinum_ring': invalid type: map, expected a string" }, JsonParse { path: "ITEM", detail: "Failed to deserialize ITEM 'aketon_hood_nylon': invalid type: floating point `2.0`, expected u32" }, JsonParse { path: "ITEM", detail: "Failed to deserialize ITEM 'smart_lamp': invalid type: map, expected a sequence" }, JsonParse { path: "ITEM", detail: "Failed to deserialize ITEM 'robofac_military_vambraces': invalid type: map, expected a string" }, JsonParse { path: "ITEM", detail: "Failed to deserialize ITEM 'gloves_black': invalid type: floating point `0.2`, expected u32" }, JsonParse { path: "ITEM", detail: "Failed to deserialize ITEM 'gun_base_22_semi_rifle': missing field `id`" }, JsonParse { path: "ITEM", detail: "Failed to deserialize ITEM '450_ar15mag': invalid type: sequence, expected a string" }, JsonParse { path: "ITEM", detail: "Failed to deserialize ITEM 'tabi_dress': invalid type: floating point `0.2`, expected u32" }, JsonParse { path: "ITEM", detail: "Failed to deserialize ITEM 'ruby_gold_pendant_necklace': invalid type: map, expected a string" }, JsonParse { path: "ITEM", detail: "Failed to deserialize ITEM 'bandana': invalid type: floating point `0.1`, expected u32" }, JsonParse { path: "ITEM", detail: "Failed to deserialize ITEM 'sks': invalid type: map, expected a sequence" }, JsonParse { path: "ITEM", detail: "Failed to deserialize ITEM 'scimitar_inferior': invalid type: map, expected a string" }, JsonParse { path: "ITEM", detail: "Failed to deserialize ITEM 'ch_knife_trench': invalid type: map, expected a string" }, JsonParse { path: "ITEM", detail: "Failed to deserialize ITEM 'lc_zweihander': invalid type: map, expected a string" }, JsonParse { path: "ITEM", detail: "Failed to deserialize ITEM 'guitar_electric': invalid type: map, expected a string" }, JsonParse { path: "ITEM", detail: "Failed to deserialize ITEM 'thompson_makeshiftmag': invalid type: sequence, expected a string" }, JsonParse { path: "ITEM", detail: "Failed to deserialize ITEM 'ar10mag_20rd': invalid type: sequence, expected a string" }, JsonParse { path: "ITEM", detail: "Failed to deserialize ITEM 'xl_gambeson_gloves_nylon': invalid type: floating point `6.0`, expected u32" }, JsonParse { path: "ITEM", detail: "Failed to deserialize ITEM 'rp63': invalid type: map, expected a sequence" }, JsonParse { path: "ITEM", detail: "Failed to deserialize ITEM 'brew_mycus_wine': invalid type: map, expected a string" }, JsonParse { path: "ITEM", detail: "Failed to deserialize ITEM 'ppshdrum': invalid type: sequence, expected a string" }, JsonParse { path: "ITEM", detail: "Failed to deserialize ITEM 'wearable_camera_pro': invalid type: map, expected a sequence" }, JsonParse { path: "ITEM", detail: "Failed to deserialize ITEM 'ruger_57mag': invalid type: sequence, expected a string" }, JsonParse { path: "ITEM", detail: "Failed to deserialize ITEM 'ruby_gold_tiara': invalid type: map, expected a string" }, JsonParse { path: "ITEM", detail: "Failed to deserialize ITEM 'gasoline_cooker': invalid type: map, expected a sequence" }, JsonParse { path: "ITEM", detail: "Failed to deserialize ITEM 'brew_vodka': invalid type: map, expected a string" }, JsonParse { path: "ITEM", detail: "Failed to deserialize ITEM 'opal_platinum_cufflinks': invalid type: map, expected a string" }, JsonParse { path: "ITEM", detail: "Failed to deserialize ITEM 'wash_moonshine': invalid type: map, expected a string" }, JsonParse { path: "ITEM", detail: "Failed to deserialize ITEM 'surv_rocket_launcher': invalid type: map, expected a sequence" }, JsonParse { path: "ITEM", detail: "Failed to deserialize ITEM 'blue_topaz_gold_tiara': invalid type: map, expected a string" }, JsonParse { path: "ITEM", detail: "Failed to deserialize ITEM 'pearl_gold_pendant_necklace': invalid type: map, expected a string" }, JsonParse { path: "ITEM", detail: "Failed to deserialize ITEM 'seed_mushroom_base': missing field `id`" }, JsonParse { path: "ITEM", detail: "Failed to deserialize ITEM 'police_belt': missing field `pocket_type`" }, JsonParse { path: "ITEM", detail: "Failed to deserialize ITEM 'rm13_armor': invalid type: map, expected a sequence" }, JsonParse { path: "ITEM", detail: "Failed to deserialize ITEM 'rm13_armor_on': invalid type: map, expected a sequence" }, JsonParse { path: "ITEM", detail: "Failed to deserialize ITEM 'tin_cup': missing field `pocket_type`" }, JsonParse { path: "ITEM", detail: "Failed to deserialize ITEM 'helmet_liner': invalid type: floating point `0.5`, expected u32" }, JsonParse { path: "ITEM", detail: "Failed to deserialize ITEM 'gloves_denim_fingerless': invalid type: floating point `0.65`, expected u32" }, JsonParse { path: "ITEM", detail: "Failed to deserialize ITEM 'ump45mag': invalid type: sequence, expected a string" }, JsonParse { path: "ITEM", detail: "Failed to deserialize ITEM 'stomach_large': invalid type: floating point `120.0`, expected u32" }, JsonParse { path: "ITEM", detail: "Failed to deserialize ITEM 'paintballgun': invalid type: map, expected a sequence" }, JsonParse { path: "ITEM", detail: "Failed to deserialize ITEM 'opal_gold_earring': invalid type: map, expected a string" }, JsonParse { path: "ITEM", detail: "Failed to deserialize ITEM 'chaplet': invalid type: floating point `0.1`, expected u32" }, JsonParse { path: "ITEM", detail: "Failed to deserialize ITEM 'robofac_basic_vambraces': invalid type: map, expected a string" }, JsonParse { path: "ITEM", detail: "Failed to deserialize ITEM 'cash_card': invalid type: map, expected a sequence" }, JsonParse { path: "ITEM", detail: "Failed to deserialize ITEM 'fake_clay_kiln': invalid type: map, expected a sequence" }, JsonParse { path: "ITEM", detail: "Failed to deserialize ITEM 'garter_belt': invalid type: floating point `0.1`, expected u32" }, JsonParse { path: "ITEM", detail: "Failed to deserialize ITEM 'usp9mag': invalid type: sequence, expected a string" }, JsonParse { path: "ITEM", detail: "Failed to deserialize ITEM 'sapphire_silver_tiara': invalid type: map, expected a string" }, JsonParse { path: "ITEM", detail: "Failed to deserialize ITEM 'pearl_silver_tiara': invalid type: map, expected a string" }, JsonParse { path: "ITEM", detail: "Failed to deserialize ITEM 'bellywrap': invalid type: floating point `0.2`, expected u32" }, JsonParse { path: "ITEM", detail: "Failed to deserialize ITEM 'bellywrap_fur': invalid type: floating point `0.2`, expected u32" }, JsonParse { path: "ITEM", detail: "Failed to deserialize ITEM 'leg_warmers': invalid type: floating point `0.1`, expected u32" }, JsonParse { path: "ITEM", detail: "Failed to deserialize ITEM 'armor_nomad_light': invalid type: floating point `0.5`, expected u32" }, JsonParse { path: "ITEM", detail: "Failed to deserialize ITEM 'hptjcpmag': invalid type: sequence, expected a string" }, JsonParse { path: "ITEM", detail: "Failed to deserialize ITEM 'mossberg_500': invalid type: map, expected a sequence" }, JsonParse { path: "ITEM", detail: "Failed to deserialize ITEM 'football': invalid type: map, expected a string" }, JsonParse { path: "ITEM", detail: "Failed to deserialize ITEM 'lc_elbow_guards_xs': invalid type: floating point `1.2`, expected u32" }, JsonParse { path: "ITEM", detail: "Failed to deserialize ITEM 'dump_pouch': invalid type: floating point `0.5`, expected u32" }, JsonParse { path: "ITEM", detail: "Failed to deserialize ITEM 'paperback_western_em': missing field `id`" }, JsonParse { path: "ITEM", detail: "Failed to deserialize ITEM 'bhp40mag': invalid type: sequence, expected a string" }, JsonParse { path: "ITEM", detail: "Failed to deserialize ITEM 'onyx_platinum_ring': invalid type: map, expected a string" }, JsonParse { path: "ITEM", detail: "Failed to deserialize ITEM 'uttarasanga': invalid type: floating point `0.4`, expected u32" }, JsonParse { path: "ITEM", detail: "Failed to deserialize ITEM 'tourmaline_silver_ring': invalid type: map, expected a string" }, JsonParse { path: "ITEM", detail: "Failed to deserialize ITEM 'fn57mag': invalid type: sequence, expected a string" }, JsonParse { path: "ITEM", detail: "Failed to deserialize ITEM 'heels': invalid type: floating point `1.5`, expected u32" }, JsonParse { path: "ITEM", detail: "Failed to deserialize ITEM 'cloak_vampire': invalid type: floating point `0.2`, expected u32" }, JsonParse { path: "ITEM", detail: "Failed to deserialize ITEM 'cloak_vampire_red': invalid type: floating point `0.2`, expected u32" }, JsonParse { path: "ITEM", detail: "Failed to deserialize ITEM 'ar_glasses_advanced_pat': unknown variant `E_FILE_STORAGE`, expected one of `CONTAINER`, `MAGAZINE`, `MAGAZINE_WELL`, `HOLSTER`, `SPECIAL`, `CORROSION`, `MIGRATING`, `MOD`, `SOFTWARE`" }, JsonParse { path: "ITEM", detail: "Failed to deserialize ITEM 'm74_clip': invalid type: sequence, expected a string" }, JsonParse { path: "ITEM", detail: "Failed to deserialize ITEM 'xl_gambeson_wool': invalid type: floating point `7.5`, expected u32" }, JsonParse { path: "ITEM", detail: "Failed to deserialize ITEM 'qt_talwar': invalid type: map, expected a string" }, JsonParse { path: "ITEM", detail: "Failed to deserialize ITEM 'robofac_nomex_mantle': invalid type: map, expected a string" }, JsonParse { path: "ITEM", detail: "Failed to deserialize ITEM 'hoodie_cropped': invalid type: floating point `15.0`, expected u32" }, JsonParse { path: "ITEM", detail: "Failed to deserialize ITEM 'blue_topaz_platinum_ring': invalid type: map, expected a string" }, JsonParse { path: "ITEM", detail: "Failed to deserialize ITEM 'hptcf380mag_8rd': invalid type: sequence, expected a string" }, JsonParse { path: "ITEM", detail: "Failed to deserialize ITEM 'qt_esbi_plate': invalid type: map, expected a string" }, JsonParse { path: "ITEM", detail: "Failed to deserialize ITEM 'small_scuba_tank_on': invalid type: map, expected a sequence" }, JsonParse { path: "ITEM", detail: "Failed to deserialize ITEM 'p226mag_12rd_357sig': invalid type: sequence, expected a string" }, JsonParse { path: "ITEM", detail: "Failed to deserialize ITEM 'flintlock_pouch': invalid type: map, expected a sequence" }, JsonParse { path: "ITEM", detail: "Failed to deserialize ITEM 'lc_falx': invalid type: map, expected a string" }, JsonParse { path: "ITEM", detail: "Failed to deserialize ITEM 'btmp9mag_9x19mm_20': invalid type: sequence, expected a string" }, JsonParse { path: "ITEM", detail: "Failed to deserialize ITEM 'bellywrap_leather': invalid type: floating point `0.5`, expected u32" }, JsonParse { path: "ITEM", detail: "Failed to deserialize ITEM 'm1carbinemag': invalid type: sequence, expected a string" }, JsonParse { path: "ITEM", detail: "Failed to deserialize ITEM 'saline_bag_1000': invalid type: map, expected a string" }, JsonParse { path: "ITEM", detail: "Failed to deserialize ITEM 'sword_metal_large': invalid value: integer `-30`, expected u32" }, JsonParse { path: "ITEM", detail: "Failed to deserialize ITEM 'mc_esapi_plate': invalid type: map, expected a string" }, JsonParse { path: "ITEM", detail: "Failed to deserialize ITEM 'pressurized_tank': invalid type: sequence, expected a string" }, JsonParse { path: "ITEM", detail: "Failed to deserialize ITEM 'integrated_ar': unknown variant `E_FILE_STORAGE`, expected one of `CONTAINER`, `MAGAZINE`, `MAGAZINE_WELL`, `HOLSTER`, `SPECIAL`, `CORROSION`, `MIGRATING`, `MOD`, `SOFTWARE`" }, JsonParse { path: "ITEM", detail: "Failed to deserialize ITEM 'robofac60': invalid type: sequence, expected a string" }, JsonParse { path: "ITEM", detail: "Failed to deserialize ITEM 'feeding_kit': invalid type: map, expected a sequence" }, JsonParse { path: "ITEM", detail: "Failed to deserialize ITEM 'mka_1919_10': invalid type: sequence, expected a string" }, JsonParse { path: "ITEM", detail: "Failed to deserialize ITEM 'mka_1919_20': invalid type: sequence, expected a string" }, JsonParse { path: "ITEM", detail: "Failed to deserialize ITEM 'peridot_silver_bracelet': invalid type: map, expected a string" }, JsonParse { path: "ITEM", detail: "Failed to deserialize ITEM 'nomad_papr_blower_magpouch_off': invalid type: map, expected a string" }, JsonParse { path: "ITEM", detail: "Failed to deserialize ITEM 'xl_gambeson_nylon_vest': invalid type: floating point `7.5`, expected u32" }, JsonParse { path: "ITEM", detail: "Failed to deserialize ITEM 'jacket_evac': invalid type: floating point `0.15`, expected u32" }, JsonParse { path: "ITEM", detail: "Failed to deserialize ITEM 'xs_aketon_gloves_nylon': invalid type: floating point `2.0`, expected u32" }, JsonParse { path: "ITEM", detail: "Failed to deserialize ITEM 'masonrysaw_off': invalid type: map, expected a sequence" }, JsonParse { path: "ITEM", detail: "Failed to deserialize ITEM 'ref_matches': invalid type: map, expected a sequence" }, JsonParse { path: "ITEM", detail: "Failed to deserialize ITEM 'technician_shirt_gray': invalid type: floating point `0.2`, expected u32" }, JsonParse { path: "ITEM", detail: "Failed to deserialize ITEM 'egg_pigeon': invalid type: floating point `21.3`, expected u32" }, JsonParse { path: "ITEM", detail: "Failed to deserialize ITEM 'gloves_denim': invalid type: floating point `0.65`, expected u32" }, JsonParse { path: "ITEM", detail: "Failed to deserialize ITEM 'hc_katana': invalid type: map, expected a string" }, JsonParse { path: "ITEM", detail: "Failed to deserialize ITEM 'smart_watch': invalid type: map, expected a string" }, JsonParse { path: "ITEM", detail: "Failed to deserialize ITEM 'smart_watch_adv': invalid type: map, expected a string" }, JsonParse { path: "ITEM", detail: "Failed to deserialize ITEM 'smart_watch_adv_music': invalid type: map, expected a string" }, JsonParse { path: "ITEM", detail: "Failed to deserialize ITEM 'sw_619': invalid type: map, expected a sequence" }, JsonParse { path: "ITEM", detail: "Failed to deserialize ITEM 'hat_faux_fur': invalid type: floating point `0.3`, expected u32" }, JsonParse { path: "ITEM", detail: "Failed to deserialize ITEM 'bfg50': invalid type: map, expected a sequence" }, JsonParse { path: "ITEM", detail: "Failed to deserialize ITEM 'sw642': invalid type: map, expected a sequence" }, JsonParse { path: "ITEM", detail: "Failed to deserialize ITEM 'nl_chem_thrower_mag': invalid type: sequence, expected a string" }, JsonParse { path: "ITEM", detail: "Failed to deserialize ITEM 'hc_khopesh': invalid type: map, expected a string" }, JsonParse { path: "ITEM", detail: "Failed to deserialize ITEM 'compositecrossbow': invalid type: map, expected a sequence" }, JsonParse { path: "ITEM", detail: "Failed to deserialize ITEM 'sword_crude': invalid value: integer `-50`, expected u32" }, JsonParse { path: "ITEM", detail: "Failed to deserialize ITEM 'triple_stacker_pouch': invalid type: floating point `0.5`, expected u32" }, JsonParse { path: "ITEM", detail: "Failed to deserialize ITEM 'af2011a1mag': invalid type: sequence, expected a string" }, JsonParse { path: "ITEM", detail: "Failed to deserialize ITEM 'hood_xlsurvivor': invalid type: floating point `0.4`, expected u32" }, JsonParse { path: "ITEM", detail: "Failed to deserialize ITEM 'm9mag_35rd': invalid type: sequence, expected a string" }, JsonParse { path: "ITEM", detail: "Failed to deserialize ITEM 'g3bigmag': invalid type: sequence, expected a string" }, JsonParse { path: "ITEM", detail: "Failed to deserialize ITEM 'waist_apron_long_xs': invalid type: floating point `1.5`, expected u32" }, JsonParse { path: "ITEM", detail: "Failed to deserialize ITEM 'camera': invalid type: map, expected a sequence" }, JsonParse { path: "ITEM", detail: "Failed to deserialize ITEM 'ithaca37': invalid type: map, expected a sequence" }, JsonParse { path: "ITEM", detail: "Failed to deserialize ITEM 'handcuffs_leather': invalid type: map, expected a string" }, JsonParse { path: "ITEM", detail: "Failed to deserialize ITEM 'mossberg_590m_mag_15': invalid type: sequence, expected a string" }, JsonParse { path: "ITEM", detail: "Failed to deserialize ITEM 'lc_longsword': invalid type: map, expected a string" }, JsonParse { path: "ITEM", detail: "Failed to deserialize ITEM 'tanto': invalid type: map, expected a string" }, JsonParse { path: "ITEM", detail: "Failed to deserialize ITEM 'xl_gloves_liner': invalid type: floating point `0.1`, expected u32" }, JsonParse { path: "ITEM", detail: "Failed to deserialize ITEM 'speargun': invalid type: map, expected a string" }, JsonParse { path: "ITEM", detail: "Failed to deserialize ITEM 'legrig': invalid type: floating point `0.2`, expected u32" }, JsonParse { path: "ITEM", detail: "Failed to deserialize ITEM 'popcan_stove': invalid type: map, expected a sequence" }, JsonParse { path: "ITEM", detail: "Failed to deserialize ITEM 'ruby_dental_grill': invalid type: map, expected a string" }, JsonParse { path: "ITEM", detail: "Failed to deserialize ITEM 'small_relic': invalid type: map, expected a string" }, JsonParse { path: "ITEM", detail: "Failed to deserialize ITEM 'naginata_machete': invalid type: map, expected a string" }, JsonParse { path: "ITEM", detail: "Failed to deserialize ITEM 'naginata_machete_temp': invalid type: map, expected a string" }, JsonParse { path: "ITEM", detail: "Failed to deserialize ITEM 'makeshift_blindfold': invalid type: floating point `0.1`, expected u32" }, JsonParse { path: "ITEM", detail: "Failed to deserialize ITEM 'xl_gambeson_pants_canvas': invalid type: floating point `6.0`, expected u32" }, JsonParse { path: "ITEM", detail: "Failed to deserialize ITEM 'mp40mag_32rd': invalid type: sequence, expected a string" }, JsonParse { path: "ITEM", detail: "Failed to deserialize ITEM 'onyx_gold_cufflinks': invalid type: map, expected a string" }, JsonParse { path: "ITEM", detail: "Failed to deserialize ITEM 'qt_esapi_plate': invalid type: map, expected a string" }, JsonParse { path: "ITEM", detail: "Failed to deserialize ITEM 'xl_duster': invalid type: floating point `1.5`, expected u32" }, JsonParse { path: "ITEM", detail: "Failed to deserialize ITEM 'skirt_long': invalid type: floating point `0.2`, expected u32" }, JsonParse { path: "ITEM", detail: "Failed to deserialize ITEM 'pearl_platinum_earring': invalid type: map, expected a string" }, JsonParse { path: "ITEM", detail: "Failed to deserialize ITEM 'g_shovel': invalid value: integer `-4`, expected u32" }, JsonParse { path: "ITEM", detail: "Failed to deserialize ITEM 'usc10mag': invalid type: sequence, expected a string" }, JsonParse { path: "ITEM", detail: "Failed to deserialize ITEM 'rope_makeshift_30': missing field `pocket_type`" }, JsonParse { path: "ITEM", detail: "Failed to deserialize ITEM 'inter_bayonet_folded': invalid value: integer `-18`, expected u32" }, JsonParse { path: "ITEM", detail: "Failed to deserialize ITEM 'footrags': invalid type: floating point `1.5`, expected u32" }, JsonParse { path: "ITEM", detail: "Failed to deserialize ITEM 'xl_aketon_pants_nylon': invalid type: floating point `3.0`, expected u32" }, JsonParse { path: "ITEM", detail: "Failed to deserialize ITEM 'carton_milk': invalid type: map, expected a string" }, JsonParse { path: "ITEM", detail: "Failed to deserialize ITEM 'revolver_shotgun': invalid type: map, expected a sequence" }, JsonParse { path: "ITEM", detail: "Failed to deserialize ITEM 'jackhammer': invalid type: map, expected a sequence" }, JsonParse { path: "ITEM", detail: "Failed to deserialize ITEM 'xs_legguard_chitin': invalid type: map, expected a string" }, JsonParse { path: "ITEM", detail: "Failed to deserialize ITEM 'amethyst_gold_tiara': invalid type: map, expected a string" }, JsonParse { path: "ITEM", detail: "Failed to deserialize ITEM 'bio_shotgun_gun': invalid type: map, expected a sequence" }, JsonParse { path: "ITEM", detail: "Failed to deserialize ITEM 'stone_pouch': invalid type: map, expected a sequence" }, JsonParse { path: "ITEM", detail: "Failed to deserialize ITEM 'sling_long': invalid type: map, expected a sequence" }, JsonParse { path: "ITEM", detail: "Failed to deserialize ITEM 'thermal_suit': invalid type: floating point `0.1`, expected u32" }, JsonParse { path: "ITEM", detail: "Failed to deserialize ITEM 'thermal_suit_on': invalid type: floating point `0.1`, expected u32" }, JsonParse { path: "ITEM", detail: "Failed to deserialize ITEM 'onyx_platinum_bracelet': invalid type: map, expected a string" }, JsonParse { path: "ITEM", detail: "Failed to deserialize ITEM 'scythe_war': invalid value: integer `-22`, expected u32" }, JsonParse { path: "ITEM", detail: "Failed to deserialize ITEM 'rebreather_cartridge_air': invalid type: map, expected a sequence" }, JsonParse { path: "ITEM", detail: "Failed to deserialize ITEM 'shorts_denim': invalid type: floating point `0.65`, expected u32" }, JsonParse { path: "ITEM", detail: "Failed to deserialize ITEM 'tshirt_cropped': invalid type: floating point `0.1`, expected u32" }, JsonParse { path: "ITEM", detail: "Failed to deserialize ITEM 'beret': invalid type: floating point `0.3`, expected u32" }, JsonParse { path: "ITEM", detail: "Failed to deserialize ITEM 'toolbox_empty': missing field `pocket_type`" }, JsonParse { path: "ITEM", detail: "Failed to deserialize ITEM 'art_harp': invalid type: map, expected a string" }, JsonParse { path: "ITEM", detail: "Failed to deserialize ITEM 'thompson_mag': invalid type: sequence, expected a string" }, JsonParse { path: "ITEM", detail: "Failed to deserialize ITEM 'diamond_silver_pendant_necklace': invalid type: map, expected a string" }, JsonParse { path: "ITEM", detail: "Failed to deserialize ITEM 'm203': invalid type: map, expected a sequence" }, JsonParse { path: "ITEM", detail: "Failed to deserialize ITEM 'alexandrite_gold_bracelet': invalid type: map, expected a string" }, JsonParse { path: "ITEM", detail: "Failed to deserialize ITEM 'patchwork_scarf_loose': invalid type: floating point `0.3`, expected u32" }, JsonParse { path: "ITEM", detail: "Failed to deserialize ITEM 'amethyst_gold_pendant_necklace': invalid type: map, expected a string" }, JsonParse { path: "ITEM", detail: "Failed to deserialize ITEM 'under_armor': invalid type: floating point `0.05`, expected u32" }, JsonParse { path: "ITEM", detail: "Failed to deserialize ITEM '60l_methanol_tank': invalid type: sequence, expected a string" }, JsonParse { path: "ITEM", detail: "Failed to deserialize ITEM 'jian_fake': invalid type: map, expected a string" }, JsonParse { path: "ITEM", detail: "Failed to deserialize ITEM 'bolt_steel': invalid type: map, expected a string" }, JsonParse { path: "ITEM", detail: "Failed to deserialize ITEM 'brew_fruit_wine': invalid type: map, expected a string" }, JsonParse { path: "ITEM", detail: "Failed to deserialize ITEM 'thermal_socks': invalid type: floating point `0.3`, expected u32" }, JsonParse { path: "ITEM", detail: "Failed to deserialize ITEM 'thermal_socks_on': invalid type: floating point `0.3`, expected u32" }, JsonParse { path: "ITEM", detail: "Failed to deserialize ITEM 'xs_armguard_chitin': invalid type: map, expected a string" }, JsonParse { path: "ITEM", detail: "Failed to deserialize ITEM 'quiver_large': invalid type: map, expected a sequence" }, JsonParse { path: "ITEM", detail: "Failed to deserialize ITEM 'swim_fins': invalid type: floating point `2.5`, expected u32" }, JsonParse { path: "ITEM", detail: "Failed to deserialize ITEM 'coffeepot': missing field `pocket_type`" }, JsonParse { path: "ITEM", detail: "Failed to deserialize ITEM 'glowstick': invalid type: map, expected a sequence" }, JsonParse { path: "ITEM", detail: "Failed to deserialize ITEM 'wakizashi_fake': invalid type: map, expected a string" }, JsonParse { path: "ITEM", detail: "Failed to deserialize ITEM 'falmag': invalid type: sequence, expected a string" }, JsonParse { path: "ITEM", detail: "Failed to deserialize ITEM 'sewing_kit': invalid type: map, expected a sequence" }, JsonParse { path: "ITEM", detail: "Failed to deserialize ITEM 'mask_plague': invalid type: floating point `0.6`, expected u32" }, JsonParse { path: "ITEM", detail: "Failed to deserialize ITEM 'brush_handaxe': invalid type: map, expected a string" }, JsonParse { path: "ITEM", detail: "Failed to deserialize ITEM 'xs_aketon_canvas_vest': invalid type: floating point `3.5`, expected u32" }, JsonParse { path: "ITEM", detail: "Failed to deserialize ITEM 'xs_gambeson_wool_vest': invalid type: floating point `7.5`, expected u32" }, JsonParse { path: "ITEM", detail: "Failed to deserialize ITEM 'demihuman_meat_scrap': invalid type: floating point `40.2`, expected u32" }, JsonParse { path: "ITEM", detail: "Failed to deserialize ITEM 'grass_blanket': invalid type: floating point `0.1`, expected u32" }, JsonParse { path: "ITEM", detail: "Failed to deserialize ITEM 'jian_inferior': invalid type: map, expected a string" }, JsonParse { path: "ITEM", detail: "Failed to deserialize ITEM 'scissors_wavy': invalid value: integer `-3`, expected u32" }, JsonParse { path: "ITEM", detail: "Failed to deserialize ITEM 'exodiisapramag5': invalid type: sequence, expected a string" }, JsonParse { path: "ITEM", detail: "Failed to deserialize ITEM 'xl_ch_elbow_guards': invalid type: floating point `1.2`, expected u32" }, JsonParse { path: "ITEM", detail: "Failed to deserialize ITEM 'scimitar_fake': invalid type: map, expected a string" }, JsonParse { path: "ITEM", detail: "Failed to deserialize ITEM 'hc_knife_rambo': invalid type: map, expected a string" }, JsonParse { path: "ITEM", detail: "Failed to deserialize ITEM 'clay_pot': missing field `pocket_type`" }, JsonParse { path: "ITEM", detail: "Failed to deserialize ITEM 'xs_aketon_hood_nylon': invalid type: floating point `2.0`, expected u32" }, JsonParse { path: "ITEM", detail: "Failed to deserialize ITEM 'ch_scimitar': invalid type: map, expected a string" }, JsonParse { path: "ITEM", detail: "Failed to deserialize ITEM 'ruger1022mag': invalid type: sequence, expected a string" }, JsonParse { path: "ITEM", detail: "Failed to deserialize ITEM 'armor_star_samurai_legs': invalid type: map, expected a string" }, JsonParse { path: "ITEM", detail: "Failed to deserialize ITEM 'bronze_axe': invalid value: integer `-30`, expected u32" }, JsonParse { path: "ITEM", detail: "Failed to deserialize ITEM 'ruger_pr_mag': invalid type: sequence, expected a string" }, JsonParse { path: "ITEM", detail: "Failed to deserialize ITEM 'masonrysaw_on': invalid type: map, expected a sequence" }, JsonParse { path: "ITEM", detail: "Failed to deserialize ITEM 'xs_aketon_pants_canvas': invalid type: floating point `3.0`, expected u32" }, JsonParse { path: "ITEM", detail: "Failed to deserialize ITEM 'poultry_scrap': invalid type: floating point `44.0`, expected u32" }, JsonParse { path: "ITEM", detail: "Failed to deserialize ITEM 'gun_crossbow': invalid type: map, expected a sequence" }, JsonParse { path: "ITEM", detail: "Failed to deserialize ITEM 'xedra40': invalid type: sequence, expected a string" }, JsonParse { path: "ITEM", detail: "Failed to deserialize ITEM 'pearl_gold_cufflinks': invalid type: map, expected a string" }, JsonParse { path: "ITEM", detail: "Failed to deserialize ITEM 'stanag60': invalid type: sequence, expected a string" }, JsonParse { path: "ITEM", detail: "Failed to deserialize ITEM 'ar_glasses_advanced_pat_on': unknown variant `E_FILE_STORAGE`, expected one of `CONTAINER`, `MAGAZINE`, `MAGAZINE_WELL`, `HOLSTER`, `SPECIAL`, `CORROSION`, `MIGRATING`, `MOD`, `SOFTWARE`" }, JsonParse { path: "ITEM", detail: "Failed to deserialize ITEM 'stanag50': invalid type: sequence, expected a string" }, JsonParse { path: "ITEM", detail: "Failed to deserialize ITEM 'robofac_gun_40mm_3rd': invalid type: sequence, expected a string" }, JsonParse { path: "ITEM", detail: "Failed to deserialize ITEM 'glock_drum_100rd': invalid type: sequence, expected a string" }, JsonParse { path: "ITEM", detail: "Failed to deserialize ITEM 'ch_falx': invalid type: map, expected a string" }, JsonParse { path: "ITEM", detail: "Failed to deserialize ITEM 'buttonshirt': invalid type: floating point `0.1`, expected u32" }, JsonParse { path: "ITEM", detail: "Failed to deserialize ITEM 'dress_shirt': invalid type: floating point `0.1`, expected u32" }, JsonParse { path: "ITEM", detail: "Failed to deserialize ITEM 'engineering_engine_kit': invalid type: map, expected a sequence" }, JsonParse { path: "ITEM", detail: "Failed to deserialize ITEM 'scuba_tank': invalid type: map, expected a sequence" }, JsonParse { path: "ITEM", detail: "Failed to deserialize ITEM 'sleeveless_trenchcoat_leather': invalid type: floating point `1.5`, expected u32" }, JsonParse { path: "ITEM", detail: "Failed to deserialize ITEM 'opal_platinum_earring': invalid type: map, expected a string" }, JsonParse { path: "ITEM", detail: "Failed to deserialize ITEM 'heavy_masonrysaw_on': invalid type: map, expected a sequence" }, JsonParse { path: "ITEM", detail: "Failed to deserialize ITEM 'wash_whiskey': invalid type: map, expected a string" }, JsonParse { path: "ITEM", detail: "Failed to deserialize ITEM 'plasma_gun': invalid type: map, expected a sequence" }, JsonParse { path: "ITEM", detail: "Failed to deserialize ITEM 'hot_pants_leather': invalid type: floating point `0.1`, expected u32" }, JsonParse { path: "ITEM", detail: "Failed to deserialize ITEM 'test_tube': invalid type: map, expected a string" }, JsonParse { path: "ITEM", detail: "Failed to deserialize ITEM 'jacket_windbreaker': invalid type: floating point `0.25`, expected u32" }, JsonParse { path: "ITEM", detail: "Failed to deserialize ITEM 'folding_solar_panel_deployed': invalid type: sequence, expected a string" }, JsonParse { path: "ITEM", detail: "Failed to deserialize ITEM 'torch': invalid type: map, expected a string" }, JsonParse { path: "ITEM", detail: "Failed to deserialize ITEM 'xs_binder_top': invalid type: floating point `0.5`, expected u32" }, JsonParse { path: "ITEM", detail: "Failed to deserialize ITEM 'crude_goedendag': invalid type: map, expected a string" }, JsonParse { path: "ITEM", detail: "Failed to deserialize ITEM 'hood_ninja': invalid type: floating point `0.2`, expected u32" }, JsonParse { path: "ITEM", detail: "Failed to deserialize ITEM 'long_underpants': invalid type: floating point `0.2`, expected u32" }, JsonParse { path: "ITEM", detail: "Failed to deserialize ITEM 'makeshift_knapsack': invalid type: floating point `0.2`, expected u32" }, JsonParse { path: "ITEM", detail: "Failed to deserialize ITEM '2_shot_special': invalid type: map, expected a sequence" }, JsonParse { path: "ITEM", detail: "Failed to deserialize ITEM 'xedra_mobile_weather_station': invalid type: map, expected a sequence" }, JsonParse { path: "ITEM", detail: "Failed to deserialize ITEM 'legguard_metal_sheets': invalid type: floating point `1.5`, expected u32" }, JsonParse { path: "ITEM", detail: "Failed to deserialize ITEM 'xs_legguard_metal_sheets': invalid type: floating point `1.5`, expected u32" }, JsonParse { path: "ITEM", detail: "Failed to deserialize ITEM 'ref_lighter': invalid type: map, expected a sequence" }, JsonParse { path: "ITEM", detail: "Failed to deserialize ITEM 'qt_knee_guards': invalid type: floating point `1.2`, expected u32" }, JsonParse { path: "ITEM", detail: "Failed to deserialize ITEM 'xl_qt_knee_guards': invalid type: floating point `1.2`, expected u32" }, JsonParse { path: "ITEM", detail: "Failed to deserialize ITEM 'altered_teapot': missing field `pocket_type`" }, JsonParse { path: "ITEM", detail: "Failed to deserialize ITEM 'shirt_straw': invalid type: floating point `0.5`, expected u32" }, JsonParse { path: "ITEM", detail: "Failed to deserialize ITEM 'ppq9mag_15rd': invalid type: sequence, expected a string" }, JsonParse { path: "ITEM", detail: "Failed to deserialize ITEM 'ccpmag': invalid type: sequence, expected a string" }, JsonParse { path: "ITEM", detail: "Failed to deserialize ITEM 'aquamarine_gold_bracelet': invalid type: map, expected a string" }, JsonParse { path: "ITEM", detail: "Failed to deserialize ITEM 'pearl_silver_pendant_necklace': invalid type: map, expected a string" }, JsonParse { path: "ITEM", detail: "Failed to deserialize ITEM 'm1carbinebigmag': invalid type: sequence, expected a string" }, JsonParse { path: "ITEM", detail: "Failed to deserialize ITEM 'iron_khopesh_fake': invalid type: map, expected a string" }, JsonParse { path: "ITEM", detail: "Failed to deserialize ITEM 'gloves_medical': invalid type: floating point `0.1`, expected u32" }, JsonParse { path: "ITEM", detail: "Failed to deserialize ITEM 'pearl_gold_earring': invalid type: map, expected a string" }, JsonParse { path: "ITEM", detail: "Failed to deserialize ITEM 'citrine_platinum_ring': invalid type: map, expected a string" }, JsonParse { path: "ITEM", detail: "Failed to deserialize ITEM 'candle': invalid type: map, expected a sequence" }, JsonParse { path: "ITEM", detail: "Failed to deserialize ITEM 'candle_lit': invalid type: map, expected a sequence" }, JsonParse { path: "ITEM", detail: "Failed to deserialize ITEM 'bikini_top_leather': invalid type: floating point `0.5`, expected u32" }, JsonParse { path: "ITEM", detail: "Failed to deserialize ITEM 'survivor_machete_qt': invalid type: map, expected a string" }, JsonParse { path: "ITEM", detail: "Failed to deserialize ITEM 'gambeson_gloves_wool': invalid type: floating point `6.0`, expected u32" }, JsonParse { path: "ITEM", detail: "Failed to deserialize ITEM 'xs_gambeson_gloves_wool': invalid type: floating point `6.0`, expected u32" }, JsonParse { path: "ITEM", detail: "Failed to deserialize ITEM 'aquamarine_platinum_tiara': invalid type: map, expected a string" }, JsonParse { path: "ITEM", detail: "Failed to deserialize ITEM 'ballista': invalid type: map, expected a sequence" }, JsonParse { path: "ITEM", detail: "Failed to deserialize ITEM 'glock_21mag_10': invalid type: sequence, expected a string" }, JsonParse { path: "ITEM", detail: "Failed to deserialize ITEM 'armor_metal_sheets_chain_heavy': invalid type: floating point `1.5`, expected u32" }, JsonParse { path: "ITEM", detail: "Failed to deserialize ITEM 'armor_ch_metal_sheets_chain_heavy': invalid type: floating point `1.5`, expected u32" }, JsonParse { path: "ITEM", detail: "Failed to deserialize ITEM 'scarhbigmag': invalid type: sequence, expected a string" }, JsonParse { path: "ITEM", detail: "Failed to deserialize ITEM 'hydrogen_tank': invalid type: map, expected a sequence" }, JsonParse { path: "ITEM", detail: "Failed to deserialize ITEM 'porkpie': invalid type: floating point `0.2`, expected u32" }, JsonParse { path: "ITEM", detail: "Failed to deserialize ITEM 'vehicle_rig': missing field `id`" }, JsonParse { path: "ITEM", detail: "Failed to deserialize ITEM 'dp_12': invalid type: map, expected a sequence" }, JsonParse { path: "ITEM", detail: "Failed to deserialize ITEM 'longsword_inferior': invalid type: map, expected a string" }, JsonParse { path: "ITEM", detail: "Failed to deserialize ITEM 'xs_gambeson_pants_canvas': invalid type: floating point `6.0`, expected u32" }, JsonParse { path: "ITEM", detail: "Failed to deserialize ITEM '20x66_40_mag': invalid type: sequence, expected a string" }, JsonParse { path: "ITEM", detail: "Failed to deserialize ITEM 'electric_lighter': invalid type: map, expected a sequence" }, JsonParse { path: "ITEM", detail: "Failed to deserialize ITEM 'mutant_human_marrow': invalid type: floating point `235.5`, expected u32" }, JsonParse { path: "ITEM", detail: "Failed to deserialize ITEM 'egg_skink_fivelined': invalid type: floating point `4.26`, expected u32" }, JsonParse { path: "ITEM", detail: "Failed to deserialize ITEM 'mask_gas_xs': invalid type: map, expected a string" }, JsonParse { path: "ITEM", detail: "Failed to deserialize ITEM 'mka_1919_5': invalid type: sequence, expected a string" }, JsonParse { path: "ITEM", detail: "Failed to deserialize ITEM 'load_bearing_vest_sling': invalid type: floating point `1.5`, expected u32" }, JsonParse { path: "ITEM", detail: "Failed to deserialize ITEM 'needle_wood': invalid type: map, expected a sequence" }, JsonParse { path: "ITEM", detail: "Failed to deserialize ITEM 'stenmag': invalid type: sequence, expected a string" }, JsonParse { path: "ITEM", detail: "Failed to deserialize ITEM 'xs_gambeson_canvas_thinsleeved': invalid type: floating point `7.5`, expected u32" }, JsonParse { path: "ITEM", detail: "Failed to deserialize ITEM '38_speedloader': invalid type: sequence, expected a string" }, JsonParse { path: "ITEM", detail: "Failed to deserialize ITEM 'ruger1022mag_30': invalid type: sequence, expected a string" }, JsonParse { path: "ITEM", detail: "Failed to deserialize ITEM 'sippy_cup': missing field `pocket_type`" }, JsonParse { path: "ITEM", detail: "Failed to deserialize ITEM 'stanag60drum': invalid type: sequence, expected a string" }, JsonParse { path: "ITEM", detail: "Failed to deserialize ITEM 'hc_battleaxe': invalid value: integer `-20`, expected u32" }, JsonParse { path: "ITEM", detail: "Failed to deserialize ITEM 'amethyst_gold_ring': invalid type: map, expected a string" }, JsonParse { path: "ITEM", detail: "Failed to deserialize ITEM 'teargas_sprayer': invalid type: map, expected a sequence" }, JsonParse { path: "ITEM", detail: "Failed to deserialize ITEM 'savage112': invalid type: map, expected a sequence" }, JsonParse { path: "ITEM", detail: "Failed to deserialize ITEM 'fn57mag_10rd': invalid type: sequence, expected a string" }, JsonParse { path: "ITEM", detail: "Failed to deserialize ITEM 'arrow_metal_bodkin': invalid type: map, expected a string" }, JsonParse { path: "ITEM", detail: "Failed to deserialize ITEM 'egg_sparrow': invalid type: floating point `4.26`, expected u32" }, JsonParse { path: "ITEM", detail: "Failed to deserialize ITEM 'light_load_bearing_vest': invalid type: floating point `1.5`, expected u32" }, JsonParse { path: "ITEM", detail: "Failed to deserialize ITEM 'breeches': invalid type: floating point `0.4`, expected u32" }, JsonParse { path: "ITEM", detail: "Failed to deserialize ITEM 'plastic_shopping_bag': invalid type: floating point `0.01`, expected u32" }, JsonParse { path: "ITEM", detail: "Failed to deserialize ITEM 'robofac_kevlar_helmet': invalid type: map, expected a string" }, JsonParse { path: "ITEM", detail: "Failed to deserialize ITEM 'tourmaline_gold_bracelet': invalid type: map, expected a string" }, JsonParse { path: "ITEM", detail: "Failed to deserialize ITEM 'book_nonf_soft_sports_tpl': missing field `id`" }, JsonParse { path: "ITEM", detail: "Failed to deserialize ITEM 'armor_chitin_xs': invalid type: map, expected a string" }, JsonParse { path: "ITEM", detail: "Failed to deserialize ITEM 'ch_cutlass': invalid type: map, expected a string" }, JsonParse { path: "ITEM", detail: "Failed to deserialize ITEM 'opal_platinum_bracelet': invalid type: map, expected a string" }, JsonParse { path: "ITEM", detail: "Failed to deserialize ITEM 'maid_dress_short_xl': invalid type: floating point `0.1`, expected u32" }, JsonParse { path: "ITEM", detail: "Failed to deserialize ITEM 'qt_cavalry_sabre': invalid type: map, expected a string" }, JsonParse { path: "ITEM", detail: "Failed to deserialize ITEM 'robofac_rubber_greaves': invalid type: map, expected a string" }, JsonParse { path: "ITEM", detail: "Failed to deserialize ITEM 'xl_aketon_hood_canvas': invalid type: floating point `2.0`, expected u32" }, JsonParse { path: "ITEM", detail: "Failed to deserialize ITEM 'xs_gambeson_gloves_nylon': invalid type: floating point `6.0`, expected u32" }, JsonParse { path: "ITEM", detail: "Failed to deserialize ITEM 'qt_longsword': invalid type: map, expected a string" }, JsonParse { path: "ITEM", detail: "Failed to deserialize ITEM 'uzimag_20rd': invalid type: sequence, expected a string" }, JsonParse { path: "ITEM", detail: "Failed to deserialize ITEM 'insert_vision_correction': invalid type: map, expected a string" }, JsonParse { path: "ITEM", detail: "Failed to deserialize ITEM 'stanag10ranger': invalid type: sequence, expected a string" }, JsonParse { path: "ITEM", detail: "Failed to deserialize ITEM 'memory_card_older': unknown variant `E_FILE_STORAGE`, expected one of `CONTAINER`, `MAGAZINE`, `MAGAZINE_WELL`, `HOLSTER`, `SPECIAL`, `CORROSION`, `MIGRATING`, `MOD`, `SOFTWARE`" }, JsonParse { path: "ITEM", detail: "Failed to deserialize ITEM 'qt_katana': invalid type: map, expected a string" }, JsonParse { path: "ITEM", detail: "Failed to deserialize ITEM 'arming_sword': invalid type: map, expected a string" }, JsonParse { path: "ITEM", detail: "Failed to deserialize ITEM 'benelli_sa': invalid type: map, expected a sequence" }, JsonParse { path: "ITEM", detail: "Failed to deserialize ITEM 'benelli_tsa': invalid type: map, expected a sequence" }, JsonParse { path: "ITEM", detail: "Failed to deserialize ITEM 'aquamarine_gold_pendant_necklace': invalid type: map, expected a string" }, JsonParse { path: "ITEM", detail: "Failed to deserialize ITEM 'sapphire_gold_ring': invalid type: map, expected a string" }, JsonParse { path: "ITEM", detail: "Failed to deserialize ITEM 'qt_knee_guards_xs': invalid type: floating point `1.2`, expected u32" }, JsonParse { path: "ITEM", detail: "Failed to deserialize ITEM 'remington_1100': invalid type: map, expected a sequence" }, JsonParse { path: "ITEM", detail: "Failed to deserialize ITEM 'cheerleader_top_short': invalid type: floating point `0.2`, expected u32" }, JsonParse { path: "ITEM", detail: "Failed to deserialize ITEM 'pipe_quiver': invalid type: floating point `1.5`, expected u32" }, JsonParse { path: "ITEM", detail: "Failed to deserialize ITEM 'makeshift_machete': invalid value: integer `-27`, expected u32" }, JsonParse { path: "ITEM", detail: "Failed to deserialize ITEM 'mac11mag': invalid type: sequence, expected a string" }, JsonParse { path: "ITEM", detail: "Failed to deserialize ITEM 'lc_arming_sword': invalid type: map, expected a string" }, JsonParse { path: "ITEM", detail: "Failed to deserialize ITEM 'm2010mag': invalid type: sequence, expected a string" }, JsonParse { path: "ITEM", detail: "Failed to deserialize ITEM 'sapphire_silver_bracelet': invalid type: map, expected a string" }, JsonParse { path: "ITEM", detail: "Failed to deserialize ITEM 'medium_battery_cell': invalid type: sequence, expected a string" }, JsonParse { path: "ITEM", detail: "Failed to deserialize ITEM 'mummy_jumpsuit': invalid type: floating point `0.2`, expected u32" }, JsonParse { path: "ITEM", detail: "Failed to deserialize ITEM 'pressurized_tank_chem': invalid type: sequence, expected a string" }, JsonParse { path: "ITEM", detail: "Failed to deserialize ITEM 'altered_shirt': invalid type: floating point `0.1`, expected u32" }, JsonParse { path: "ITEM", detail: "Failed to deserialize ITEM 'bscabbard': missing field `pocket_type`" }, JsonParse { path: "ITEM", detail: "Failed to deserialize ITEM 'uzimag_40rd': invalid type: sequence, expected a string" }, JsonParse { path: "ITEM", detail: "Failed to deserialize ITEM 'coat_gut': invalid type: floating point `0.2`, expected u32" }, JsonParse { path: "ITEM", detail: "Failed to deserialize ITEM 'xl_hood_wsurvivor': invalid type: floating point `0.6`, expected u32" }, JsonParse { path: "ITEM", detail: "Failed to deserialize ITEM 'robofac_lens_mask_gas': invalid type: map, expected a string" }, JsonParse { path: "ITEM", detail: "Failed to deserialize ITEM 'stapler': invalid type: map, expected a string" }, JsonParse { path: "ITEM", detail: "Failed to deserialize ITEM 'xssports_bra': invalid type: floating point `0.1`, expected u32" }, JsonParse { path: "ITEM", detail: "Failed to deserialize ITEM 'hptcf380mag_10rd': invalid type: sequence, expected a string" }, JsonParse { path: "ITEM", detail: "Failed to deserialize ITEM 'hpt3895mag_10rd': invalid type: sequence, expected a string" }, JsonParse { path: "ITEM", detail: "Failed to deserialize ITEM 'apron_cotton_xs': invalid type: floating point `1.5`, expected u32" }, JsonParse { path: "ITEM", detail: "Failed to deserialize ITEM 'xs_aketon_wool_vest': invalid type: floating point `3.5`, expected u32" }, JsonParse { path: "ITEM", detail: "Failed to deserialize ITEM 'xs_boots_chitin': invalid type: map, expected a string" }, JsonParse { path: "ITEM", detail: "Failed to deserialize ITEM 'kimono': invalid type: floating point `0.2`, expected u32" }, JsonParse { path: "ITEM", detail: "Failed to deserialize ITEM 'armor_star_samurai_shoulder': invalid type: map, expected a string" }, JsonParse { path: "ITEM", detail: "Failed to deserialize ITEM 'pressin': invalid type: map, expected a sequence" }, JsonParse { path: "ITEM", detail: "Failed to deserialize ITEM 'portable_hard_drive': unknown variant `E_FILE_STORAGE`, expected one of `CONTAINER`, `MAGAZINE`, `MAGAZINE_WELL`, `HOLSTER`, `SPECIAL`, `CORROSION`, `MIGRATING`, `MOD`, `SOFTWARE`" }, JsonParse { path: "ITEM", detail: "Failed to deserialize ITEM 'ax_sheets_bolted': invalid value: integer `-39`, expected u32" }, JsonParse { path: "ITEM", detail: "Failed to deserialize ITEM 'aquamarine_gold_earring': invalid type: map, expected a string" }, JsonParse { path: "ITEM", detail: "Failed to deserialize ITEM 'casserole': missing field `pocket_type`" }, JsonParse { path: "ITEM", detail: "Failed to deserialize ITEM 'emerald_platinum_earring': invalid type: map, expected a string" }, JsonParse { path: "ITEM", detail: "Failed to deserialize ITEM 'qt_rapier': invalid type: map, expected a string" }, JsonParse { path: "ITEM", detail: "Failed to deserialize ITEM 'grip_hook': invalid value: integer `-5`, expected u32" }, JsonParse { path: "ITEM", detail: "Failed to deserialize ITEM 'remington_700_308': invalid type: map, expected a sequence" }, JsonParse { path: "ITEM", detail: "Failed to deserialize ITEM 'toolset': invalid type: floating point `0.5`, expected u32" }, JsonParse { path: "ITEM", detail: "Failed to deserialize ITEM 'xedra10': invalid type: sequence, expected a string" }, JsonParse { path: "ITEM", detail: "Failed to deserialize ITEM 'akmag10': invalid type: sequence, expected a string" }, JsonParse { path: "ITEM", detail: "Failed to deserialize ITEM '762_ar15mag_5rd': invalid type: sequence, expected a string" }, JsonParse { path: "ITEM", detail: "Failed to deserialize ITEM 'robofac50': invalid type: sequence, expected a string" }, JsonParse { path: "ITEM", detail: "Failed to deserialize ITEM 'tourmaline_silver_pendant_necklace': invalid type: map, expected a string" }, JsonParse { path: "ITEM", detail: "Failed to deserialize ITEM 'technician_pants_gray': invalid type: floating point `0.5`, expected u32" }, JsonParse { path: "ITEM", detail: "Failed to deserialize ITEM 'zpap85mag_10rd': invalid type: sequence, expected a string" }, JsonParse { path: "ITEM", detail: "Failed to deserialize ITEM 'tanto_inferior': invalid type: map, expected a string" }, JsonParse { path: "ITEM", detail: "Failed to deserialize ITEM 'sheet': invalid type: floating point `0.1`, expected u32" }, JsonParse { path: "ITEM", detail: "Failed to deserialize ITEM 'xl_hc_helmet_turban': invalid type: floating point `2.5`, expected u32" }, JsonParse { path: "ITEM", detail: "Failed to deserialize ITEM 'ai_308mag_10': invalid type: sequence, expected a string" }, JsonParse { path: "ITEM", detail: "Failed to deserialize ITEM 'glaive': invalid value: integer `-28`, expected u32" }, JsonParse { path: "ITEM", detail: "Failed to deserialize ITEM 'LAW': invalid type: map, expected a sequence" }, JsonParse { path: "ITEM", detail: "Failed to deserialize ITEM 'citrine_platinum_cufflinks': invalid type: map, expected a string" }, JsonParse { path: "ITEM", detail: "Failed to deserialize ITEM 'national_flag': invalid type: floating point `0.3`, expected u32" }, JsonParse { path: "ITEM", detail: "Failed to deserialize ITEM 'h2o_pouch': invalid type: floating point `0.5`, expected u32" }, JsonParse { path: "ITEM", detail: "Failed to deserialize ITEM 'm320_mod': invalid type: map, expected a sequence" }, JsonParse { path: "ITEM", detail: "Failed to deserialize ITEM 'm320_mod_mod': invalid type: map, expected a sequence" }, JsonParse { path: "ITEM", detail: "Failed to deserialize ITEM 'ksg25_aux_shotgun': invalid type: map, expected a sequence" }, JsonParse { path: "ITEM", detail: "Failed to deserialize ITEM 'santa_dress': invalid type: floating point `0.4`, expected u32" }, JsonParse { path: "ITEM", detail: "Failed to deserialize ITEM 'citrine_silver_pendant_necklace': invalid type: map, expected a string" }, JsonParse { path: "ITEM", detail: "Failed to deserialize ITEM 'pot_canning_clay': missing field `pocket_type`" }, JsonParse { path: "ITEM", detail: "Failed to deserialize ITEM 'xs_hood_wsurvivor_nofur': invalid type: floating point `0.6`, expected u32" }, JsonParse { path: "ITEM", detail: "Failed to deserialize ITEM 'egg_guinea_fowl': invalid type: floating point `63.9`, expected u32" }, JsonParse { path: "ITEM", detail: "Failed to deserialize ITEM 'xl_gauntlets_chitin': invalid type: map, expected a string" }, JsonParse { path: "ITEM", detail: "Failed to deserialize ITEM 'doublespeargun': invalid type: map, expected a string" }, JsonParse { path: "ITEM", detail: "Failed to deserialize ITEM 'bouquet': invalid type: map, expected a string" }, JsonParse { path: "ITEM", detail: "Failed to deserialize ITEM 'peppermutant': invalid type: floating point `201.0`, expected u32" }, JsonParse { path: "ITEM", detail: "Failed to deserialize ITEM 'exodiiminimag': invalid type: sequence, expected a string" }, JsonParse { path: "ITEM", detail: "Failed to deserialize ITEM 'shot_speedloader6': invalid type: sequence, expected a string" }, JsonParse { path: "ITEM", detail: "Failed to deserialize ITEM 'robofac_military_mantle': invalid type: map, expected a string" }, JsonParse { path: "ITEM", detail: "Failed to deserialize ITEM 'brush_axe': invalid value: integer `-70`, expected u32" }, JsonParse { path: "ITEM", detail: "Failed to deserialize ITEM 'xl_k_gambeson_sleeve': invalid type: map, expected a string" }, JsonParse { path: "ITEM", detail: "Failed to deserialize ITEM 'con_mix_foldable': missing field `pocket_type`" }, JsonParse { path: "ITEM", detail: "Failed to deserialize ITEM 'bolt_steel_bodkin': invalid type: map, expected a string" }, JsonParse { path: "ITEM", detail: "Failed to deserialize ITEM 'robofac_rubber_mantle': invalid type: map, expected a string" }, JsonParse { path: "ITEM", detail: "Failed to deserialize ITEM 'robofac_military_skirt': invalid type: map, expected a string" }, JsonParse { path: "ITEM", detail: "Failed to deserialize ITEM 'survivor_adhoc_leather_torso': invalid type: floating point `2.5`, expected u32" }, JsonParse { path: "ITEM", detail: "Failed to deserialize ITEM 'glock43_mag': invalid type: sequence, expected a string" }, JsonParse { path: "ITEM", detail: "Failed to deserialize ITEM '28l_methanol_tank': invalid type: sequence, expected a string" }, JsonParse { path: "ITEM", detail: "Failed to deserialize ITEM 'xl_gambeson_canvas_thinsleeved': invalid type: floating point `7.5`, expected u32" }, JsonParse { path: "ITEM", detail: "Failed to deserialize ITEM 'rebreather_cartridge_regen': invalid type: map, expected a sequence" }, JsonParse { path: "ITEM", detail: "Failed to deserialize ITEM '8x40_500_mag': invalid type: sequence, expected a string" }, JsonParse { path: "ITEM", detail: "Failed to deserialize ITEM 'egg_turtle_painted': invalid type: floating point `17.75`, expected u32" }, JsonParse { path: "ITEM", detail: "Failed to deserialize ITEM 'witness_mag_10': invalid type: sequence, expected a string" }, JsonParse { path: "ITEM", detail: "Failed to deserialize ITEM 'glock_drum_50rd': invalid type: sequence, expected a string" }, JsonParse { path: "ITEM", detail: "Failed to deserialize ITEM 'btmp9mag_9x19mm_50rd': invalid type: sequence, expected a string" }, JsonParse { path: "ITEM", detail: "Failed to deserialize ITEM 'exodii_khuunaofaai_mag_adhesive': invalid type: sequence, expected a string" }, JsonParse { path: "ITEM", detail: "Failed to deserialize ITEM 'dynamite_bomb': invalid type: map, expected a string" }, JsonParse { path: "ITEM", detail: "Failed to deserialize ITEM 'dynamite_bomb_act': invalid type: map, expected a string" }, JsonParse { path: "ITEM", detail: "Failed to deserialize ITEM 'tank_top': invalid type: floating point `0.1`, expected u32" }, JsonParse { path: "ITEM", detail: "Failed to deserialize ITEM 'tefillin_hand_l': invalid type: floating point `1.0`, expected u32" }, JsonParse { path: "ITEM", detail: "Failed to deserialize ITEM 'citrine_silver_tiara': invalid type: map, expected a string" }, JsonParse { path: "ITEM", detail: "Failed to deserialize ITEM 'p08mag_8rd': invalid type: map, expected a sequence" }, JsonParse { path: "ITEM", detail: "Failed to deserialize ITEM 'pants_hiking': invalid type: floating point `0.25`, expected u32" }, JsonParse { path: "ITEM", detail: "Failed to deserialize ITEM 'alexandrite_platinum_bracelet': invalid type: map, expected a string" }, JsonParse { path: "ITEM", detail: "Failed to deserialize ITEM 'peridot_silver_ring': invalid type: map, expected a string" }, JsonParse { path: "ITEM", detail: "Failed to deserialize ITEM 'ruger_57_10_round_mag': invalid type: sequence, expected a string" }, JsonParse { path: "ITEM", detail: "Failed to deserialize ITEM 'welding_papr_helmet_raised': invalid type: map, expected a string" }, JsonParse { path: "ITEM", detail: "Failed to deserialize ITEM 'alexandrite_silver_ring': invalid type: map, expected a string" }, JsonParse { path: "ITEM", detail: "Failed to deserialize ITEM 'aquamarine_gold_ring': invalid type: map, expected a string" }, JsonParse { path: "ITEM", detail: "Failed to deserialize ITEM 'glock_20mag_10': invalid type: sequence, expected a string" }, JsonParse { path: "ITEM", detail: "Failed to deserialize ITEM 'sling': invalid type: map, expected a sequence" }, JsonParse { path: "ITEM", detail: "Failed to deserialize ITEM 'debug_energy_shield': invalid type: floating point `0.3`, expected u32" }, JsonParse { path: "ITEM", detail: "Failed to deserialize ITEM 'state_flag': invalid type: floating point `0.3`, expected u32" }, JsonParse { path: "ITEM", detail: "Failed to deserialize ITEM 'mp3_on_reverberation': invalid type: map, expected a string" }, JsonParse { path: "ITEM", detail: "Failed to deserialize ITEM 'battleaxe_inferior': invalid value: integer `-20`, expected u32" }, JsonParse { path: "ITEM", detail: "Failed to deserialize ITEM 'amethyst_platinum_cufflinks': invalid type: map, expected a string" }, JsonParse { path: "ITEM", detail: "Failed to deserialize ITEM 'onyx_silver_ring': invalid type: map, expected a string" }, JsonParse { path: "ITEM", detail: "Failed to deserialize ITEM 'armor_star_samurai_helmet_destroyed': invalid type: map, expected a string" }, JsonParse { path: "ITEM", detail: "Failed to deserialize ITEM 'veil_wedding': invalid type: floating point `0.01`, expected u32" }, JsonParse { path: "ITEM", detail: "Failed to deserialize ITEM 'quiver_birchbark': invalid type: map, expected a sequence" }, JsonParse { path: "ITEM", detail: "Failed to deserialize ITEM 'deck_chair': invalid type: map, expected a string" }, JsonParse { path: "ITEM", detail: "Failed to deserialize ITEM 'carton_946ml': invalid type: map, expected a string" }, JsonParse { path: "ITEM", detail: "Failed to deserialize ITEM 'carton_284ml': invalid type: map, expected a string" }, JsonParse { path: "ITEM", detail: "Failed to deserialize ITEM 'rossi_r92_44_16': invalid type: map, expected a sequence" }, JsonParse { path: "ITEM", detail: "Failed to deserialize ITEM 'pot_copper': missing field `pocket_type`" }, JsonParse { path: "ITEM", detail: "Failed to deserialize ITEM 'abaya': invalid type: floating point `0.2`, expected u32" }, JsonParse { path: "ITEM", detail: "Failed to deserialize ITEM 'acidchitin_harness_dog': invalid type: floating point `2.0`, expected u32" }, JsonParse { path: "ITEM", detail: "Failed to deserialize ITEM 'chitin_harness_dog': invalid type: floating point `2.0`, expected u32" }, JsonParse { path: "ITEM", detail: "Failed to deserialize ITEM 'survivor_shavingkit': invalid type: map, expected a sequence" }, JsonParse { path: "ITEM", detail: "Failed to deserialize ITEM 'baldric': missing field `pocket_type`" }, JsonParse { path: "ITEM", detail: "Failed to deserialize ITEM 'fake_forge': invalid type: map, expected a sequence" }, JsonParse { path: "ITEM", detail: "Failed to deserialize ITEM 'mobile_weather_station': invalid type: map, expected a sequence" }, JsonParse { path: "ITEM", detail: "Failed to deserialize ITEM 'fnp90mag': invalid type: sequence, expected a string" }, JsonParse { path: "ITEM", detail: "Failed to deserialize ITEM 'ppkmag': invalid type: sequence, expected a string" }, JsonParse { path: "ITEM", detail: "Failed to deserialize ITEM 'bellywrap_wool': invalid type: floating point `0.2`, expected u32" }, JsonParse { path: "ITEM", detail: "Failed to deserialize ITEM 'powered_earplugs': invalid type: map, expected a sequence" }, JsonParse { path: "ITEM", detail: "Failed to deserialize ITEM 'powered_earplugs_on': invalid type: map, expected a sequence" }, JsonParse { path: "ITEM", detail: "Failed to deserialize ITEM 'torso_bandolier_shotgun': invalid type: map, expected a sequence" }, JsonParse { path: "ITEM", detail: "Failed to deserialize ITEM 'xl_armor_chitin_vest': invalid type: map, expected a string" }, JsonParse { path: "ITEM", detail: "Failed to deserialize ITEM 'egg_stag_beetle': invalid type: floating point `1200.0`, expected u32" }, JsonParse { path: "ITEM", detail: "Failed to deserialize ITEM 'm203_mod': invalid type: map, expected a sequence" }, JsonParse { path: "ITEM", detail: "Failed to deserialize ITEM 'hat_cotton': invalid type: floating point `0.1`, expected u32" }, JsonParse { path: "ITEM", detail: "Failed to deserialize ITEM 'light_minus_disposable_cell': invalid type: sequence, expected a string" }, JsonParse { path: "ITEM", detail: "Failed to deserialize ITEM 'arming_sword_inferior': invalid type: map, expected a string" }, JsonParse { path: "ITEM", detail: "Failed to deserialize ITEM 'reading_light': invalid type: map, expected a sequence" }, JsonParse { path: "ITEM", detail: "Failed to deserialize ITEM 'knife_rambo': invalid type: map, expected a string" }, JsonParse { path: "ITEM", detail: "Failed to deserialize ITEM 'amethyst_platinum_earring': invalid type: map, expected a string" }, JsonParse { path: "ITEM", detail: "Failed to deserialize ITEM 'marlin60': invalid type: map, expected a sequence" }, JsonParse { path: "ITEM", detail: "Failed to deserialize ITEM 'fnp90mag_10rd': invalid type: sequence, expected a string" }, JsonParse { path: "ITEM", detail: "Failed to deserialize ITEM 'deaglemag_357': invalid type: sequence, expected a string" }, JsonParse { path: "ITEM", detail: "Failed to deserialize ITEM 'tinderbox': invalid type: map, expected a sequence" }, JsonParse { path: "ITEM", detail: "Failed to deserialize ITEM 'hc_knife_trench': invalid type: map, expected a string" }, JsonParse { path: "ITEM", detail: "Failed to deserialize ITEM 'ch_elbow_guards_xs': invalid type: floating point `1.2`, expected u32" }, JsonParse { path: "ITEM", detail: "Failed to deserialize ITEM 'antarvasa': invalid type: floating point `0.3`, expected u32" }, JsonParse { path: "ITEM", detail: "Failed to deserialize ITEM 'xl_duster_leather': invalid type: floating point `1.5`, expected u32" }, JsonParse { path: "ITEM", detail: "Failed to deserialize ITEM 'trousers_ninja': invalid type: floating point `0.2`, expected u32" }, JsonParse { path: "ITEM", detail: "Failed to deserialize ITEM 'swim_cap': invalid type: floating point `0.1`, expected u32" }, JsonParse { path: "ITEM", detail: "Failed to deserialize ITEM 'bootsheath': missing field `pocket_type`" }, JsonParse { path: "ITEM", detail: "Failed to deserialize ITEM 'legguard_metal_sheets_greaves': invalid type: floating point `1.5`, expected u32" }, JsonParse { path: "ITEM", detail: "Failed to deserialize ITEM 'tunic_rag': invalid type: floating point `0.3`, expected u32" }, JsonParse { path: "ITEM", detail: "Failed to deserialize ITEM 'brogyeki': invalid type: map, expected a sequence" }, JsonParse { path: "ITEM", detail: "Failed to deserialize ITEM 'mp5mag_38rd': invalid type: sequence, expected a string" }, JsonParse { path: "ITEM", detail: "Failed to deserialize ITEM 'xl_hc_elbow_guards': invalid type: floating point `1.2`, expected u32" }, JsonParse { path: "ITEM", detail: "Failed to deserialize ITEM 'clarinet': invalid type: map, expected a string" }, JsonParse { path: "ITEM", detail: "Failed to deserialize ITEM 'tac50mag': invalid type: sequence, expected a string" }, JsonParse { path: "ITEM", detail: "Failed to deserialize ITEM 'woodgreatbow': invalid type: map, expected a sequence" }, JsonParse { path: "ITEM", detail: "Failed to deserialize ITEM 'family_cookbook': invalid type: map, expected a string" }, JsonParse { path: "ITEM", detail: "Failed to deserialize ITEM 'military_poncho': invalid type: floating point `0.2`, expected u32" }, JsonParse { path: "ITEM", detail: "Failed to deserialize ITEM 'robofac_lens_mask_papr': invalid type: map, expected a string" }, JsonParse { path: "ITEM", detail: "Failed to deserialize ITEM 'm9bigmag': invalid type: sequence, expected a string" }, JsonParse { path: "ITEM", detail: "Failed to deserialize ITEM 'glock_21mag26': invalid type: sequence, expected a string" }, JsonParse { path: "ITEM", detail: "Failed to deserialize ITEM 'long_patchwork_scarf_headwrap': invalid type: floating point `0.3`, expected u32" }, JsonParse { path: "ITEM", detail: "Failed to deserialize ITEM 'aketon_nylon_vest': invalid type: floating point `3.5`, expected u32" }, JsonParse { path: "ITEM", detail: "Failed to deserialize ITEM 'lightstrip_inactive': invalid type: map, expected a string" }, JsonParse { path: "ITEM", detail: "Failed to deserialize ITEM 'nano_fabricator_encryption_code': unknown variant `E_FILE_STORAGE`, expected one of `CONTAINER`, `MAGAZINE`, `MAGAZINE_WELL`, `HOLSTER`, `SPECIAL`, `CORROSION`, `MIGRATING`, `MOD`, `SOFTWARE`" }, JsonParse { path: "ITEM", detail: "Failed to deserialize ITEM 'hide_tainted_bag': invalid type: floating point `2100.0`, expected u32" }, JsonParse { path: "ITEM", detail: "Failed to deserialize ITEM 'belt_loop_medium': missing field `pocket_type`" }, JsonParse { path: "ITEM", detail: "Failed to deserialize ITEM 'rx12_injector': invalid type: map, expected a sequence" }, JsonParse { path: "ITEM", detail: "Failed to deserialize ITEM 'peridot_platinum_cufflinks': invalid type: map, expected a string" }, JsonParse { path: "ITEM", detail: "Failed to deserialize ITEM 'ump9mag': invalid type: sequence, expected a string" }, JsonParse { path: "ITEM", detail: "Failed to deserialize ITEM 'usp9mag_10rd': invalid type: sequence, expected a string" }, JsonParse { path: "ITEM", detail: "Failed to deserialize ITEM 'cloak_leather': invalid type: floating point `1.5`, expected u32" }, JsonParse { path: "ITEM", detail: "Failed to deserialize ITEM 'scabbard': missing field `pocket_type`" }, JsonParse { path: "ITEM", detail: "Failed to deserialize ITEM 'longshirt': invalid type: floating point `0.1`, expected u32" }, JsonParse { path: "ITEM", detail: "Failed to deserialize ITEM 'brew_pine_wine': invalid type: map, expected a string" }, JsonParse { path: "ITEM", detail: "Failed to deserialize ITEM 'headscarf': invalid type: floating point `0.1`, expected u32" }, JsonParse { path: "ITEM", detail: "Failed to deserialize ITEM 'fuel_bunker': invalid type: sequence, expected a string" }, JsonParse { path: "ITEM", detail: "Failed to deserialize ITEM 'diamond_silver_cufflinks': invalid type: map, expected a string" }, JsonParse { path: "ITEM", detail: "Failed to deserialize ITEM 'mossberg_590_shockwave': invalid type: map, expected a sequence" }, JsonParse { path: "ITEM", detail: "Failed to deserialize ITEM 'qt_cutlass': invalid type: map, expected a string" }, JsonParse { path: "ITEM", detail: "Failed to deserialize ITEM 'tourmaline_silver_tiara': invalid type: map, expected a string" }, JsonParse { path: "ITEM", detail: "Failed to deserialize ITEM 'survivor_adhoc_leather_pants': invalid type: floating point `2.0`, expected u32" }, JsonParse { path: "ITEM", detail: "Failed to deserialize ITEM 'blade': invalid value: integer `-38`, expected u32" }, JsonParse { path: "ITEM", detail: "Failed to deserialize ITEM 'armor_bio_eyes': invalid type: floating point `1.5`, expected u32" }, JsonParse { path: "ITEM", detail: "Failed to deserialize ITEM 'onyx_gold_pendant_necklace': invalid type: map, expected a string" }, JsonParse { path: "ITEM", detail: "Failed to deserialize ITEM 'xl_gambeson_wool_thinsleeved': invalid type: floating point `7.5`, expected u32" }, JsonParse { path: "ITEM", detail: "Failed to deserialize ITEM 'peridot_gold_bracelet': invalid type: map, expected a string" }, JsonParse { path: "ITEM", detail: "Failed to deserialize ITEM 'bolt_crude': invalid type: map, expected a string" }, JsonParse { path: "ITEM", detail: "Failed to deserialize ITEM 'xs_hc_helmet_turban': invalid type: floating point `2.5`, expected u32" }, JsonParse { path: "ITEM", detail: "Failed to deserialize ITEM 'stanag20_beowulf': invalid type: sequence, expected a string" }, JsonParse { path: "ITEM", detail: "Failed to deserialize ITEM 'rep_crossbow': invalid type: map, expected a sequence" }, JsonParse { path: "ITEM", detail: "Failed to deserialize ITEM 'heavy_load_bearing_vest_sling': invalid type: floating point `1.5`, expected u32" }, JsonParse { path: "ITEM", detail: "Failed to deserialize ITEM 'alexandrite_silver_earring': invalid type: map, expected a string" }, JsonParse { path: "ITEM", detail: "Failed to deserialize ITEM 'xl_aketon_canvas_vest': invalid type: floating point `3.5`, expected u32" }, JsonParse { path: "ITEM", detail: "Failed to deserialize ITEM 'xl_aketon_nylon_vest': invalid type: floating point `3.5`, expected u32" }, JsonParse { path: "ITEM", detail: "Failed to deserialize ITEM 'aquamarine_platinum_cufflinks': invalid type: map, expected a string" }, JsonParse { path: "ITEM", detail: "Failed to deserialize ITEM 'mc_elbow_guards_xs': invalid type: floating point `1.2`, expected u32" }, JsonParse { path: "ITEM", detail: "Failed to deserialize ITEM 'type99_sniper': invalid type: map, expected a sequence" }, JsonParse { path: "ITEM", detail: "Failed to deserialize ITEM 'xl_aketon_canvas': invalid type: floating point `3.5`, expected u32" }, JsonParse { path: "ITEM", detail: "Failed to deserialize ITEM 'pslmag5': invalid type: sequence, expected a string" }, JsonParse { path: "ITEM", detail: "Failed to deserialize ITEM 'flag_swimsuit': invalid type: map, expected a string" }, JsonParse { path: "ITEM", detail: "Failed to deserialize ITEM 'm9mag_18rd': invalid type: sequence, expected a string" }, JsonParse { path: "ITEM", detail: "Failed to deserialize ITEM 'aquamarine_platinum_ring': invalid type: map, expected a string" }, JsonParse { path: "ITEM", detail: "Failed to deserialize ITEM 'm1911bigmag': invalid type: sequence, expected a string" }, JsonParse { path: "ITEM", detail: "Failed to deserialize ITEM 'gene_sting_gun': invalid type: map, expected a sequence" }, JsonParse { path: "ITEM", detail: "Failed to deserialize ITEM 'inhaler': invalid type: map, expected a sequence" }, JsonParse { path: "ITEM", detail: "Failed to deserialize ITEM 'elec_chainsaw_on': invalid value: integer `-100`, expected u32" }, JsonParse { path: "ITEM", detail: "Failed to deserialize ITEM 'qt_nodachi': invalid type: map, expected a string" }, JsonParse { path: "ITEM", detail: "Failed to deserialize ITEM 'clownshoes': invalid type: floating point `2.5`, expected u32" }, JsonParse { path: "ITEM", detail: "Failed to deserialize ITEM 'px4mag': invalid type: sequence, expected a string" }, JsonParse { path: "ITEM", detail: "Failed to deserialize ITEM 'ai_338mag': invalid type: sequence, expected a string" }, JsonParse { path: "ITEM", detail: "Failed to deserialize ITEM 'military_poncho_heavy': invalid type: floating point `0.4`, expected u32" }, JsonParse { path: "ITEM", detail: "Failed to deserialize ITEM 'mossberg_500_410': invalid type: map, expected a sequence" }, JsonParse { path: "ITEM", detail: "Failed to deserialize ITEM 'opal_silver_bracelet': invalid type: map, expected a string" }, JsonParse { path: "ITEM", detail: "Failed to deserialize ITEM 'bolt_metal': invalid type: map, expected a string" }, JsonParse { path: "ITEM", detail: "Failed to deserialize ITEM 'pearl_silver_bracelet': invalid type: map, expected a string" }, JsonParse { path: "ITEM", detail: "Failed to deserialize ITEM 'robofac_lens_mask_filter': invalid type: map, expected a string" }, JsonParse { path: "ITEM", detail: "Failed to deserialize ITEM 'colt_navy': invalid type: map, expected a sequence" }, JsonParse { path: "ITEM", detail: "Failed to deserialize ITEM 'glock17_22': invalid type: sequence, expected a string" }, JsonParse { path: "ITEM", detail: "Failed to deserialize ITEM 'cloak_fur': invalid type: floating point `0.6`, expected u32" }, JsonParse { path: "ITEM", detail: "Failed to deserialize ITEM 'diamond_gold_cufflinks': invalid type: map, expected a string" }, JsonParse { path: "ITEM", detail: "Failed to deserialize ITEM 'ruger1022bigmag': invalid type: sequence, expected a string" }, JsonParse { path: "ITEM", detail: "Failed to deserialize ITEM 'fanny': invalid type: floating point `0.1`, expected u32" }, JsonParse { path: "ITEM", detail: "Failed to deserialize ITEM 'helmet_metal_sheets_full': invalid type: floating point `6.5`, expected u32" }, JsonParse { path: "ITEM", detail: "Failed to deserialize ITEM 'sundress': invalid type: floating point `0.1`, expected u32" }, JsonParse { path: "ITEM", detail: "Failed to deserialize ITEM 'short_dress_sleeved': invalid type: floating point `0.2`, expected u32" }, JsonParse { path: "ITEM", detail: "Failed to deserialize ITEM 'maid_hat_xs': invalid type: floating point `0.05`, expected u32" }, JsonParse { path: "ITEM", detail: "Failed to deserialize ITEM '762R_clip': invalid type: sequence, expected a string" }, JsonParse { path: "ITEM", detail: "Failed to deserialize ITEM 'gloves_rubber': invalid type: floating point `0.35`, expected u32" }, JsonParse { path: "ITEM", detail: "Failed to deserialize ITEM 'citrine_silver_bracelet': invalid type: map, expected a string" }, JsonParse { path: "ITEM", detail: "Failed to deserialize ITEM 'lighter': invalid type: map, expected a sequence" }, JsonParse { path: "ITEM", detail: "Failed to deserialize ITEM 'g3_makeshiftmag': invalid type: sequence, expected a string" }, JsonParse { path: "ITEM", detail: "Failed to deserialize ITEM 'blue_topaz_dental_grill': invalid type: map, expected a string" }, JsonParse { path: "ITEM", detail: "Failed to deserialize ITEM 'ruby_gold_bracelet': invalid type: map, expected a string" }, JsonParse { path: "ITEM", detail: "Failed to deserialize ITEM 'gloves_claws': invalid type: floating point `0.5`, expected u32" }, JsonParse { path: "ITEM", detail: "Failed to deserialize ITEM 'p226mag_15rd_9x19mm': invalid type: sequence, expected a string" }, JsonParse { path: "ITEM", detail: "Failed to deserialize ITEM 'skirt_denim': invalid type: floating point `0.65`, expected u32" }, JsonParse { path: "ITEM", detail: "Failed to deserialize ITEM 'mac10mag': invalid type: sequence, expected a string" }, JsonParse { path: "ITEM", detail: "Failed to deserialize ITEM 'exodii_khuunaofaai_mag_corrosive': invalid type: sequence, expected a string" }, JsonParse { path: "ITEM", detail: "Failed to deserialize ITEM 'lc_rapier': invalid type: map, expected a string" }, JsonParse { path: "ITEM", detail: "Failed to deserialize ITEM 'aquamarine_silver_cufflinks': invalid type: map, expected a string" }, JsonParse { path: "ITEM", detail: "Failed to deserialize ITEM 'diamond_silver_ring': invalid type: map, expected a string" }, JsonParse { path: "ITEM", detail: "Failed to deserialize ITEM 'lightstrip': invalid type: map, expected a string" }, JsonParse { path: "ITEM", detail: "Failed to deserialize ITEM 'peridot_platinum_pendant_necklace': invalid type: map, expected a string" }, JsonParse { path: "ITEM", detail: "Failed to deserialize ITEM 'rifle_38': invalid type: map, expected a sequence" }, JsonParse { path: "ITEM", detail: "Failed to deserialize ITEM 'demihuman_stomach_large': invalid type: floating point `240.0`, expected u32" }, JsonParse { path: "ITEM", detail: "Failed to deserialize ITEM 'nailmag': invalid type: map, expected a sequence" }, JsonParse { path: "ITEM", detail: "Failed to deserialize ITEM 'citrine_gold_earring': invalid type: map, expected a string" }, JsonParse { path: "ITEM", detail: "Failed to deserialize ITEM 'papm77mag': invalid type: sequence, expected a string" }, JsonParse { path: "ITEM", detail: "Failed to deserialize ITEM 'cell_phone_flashlight': invalid type: map, expected a string" }, JsonParse { path: "ITEM", detail: "Failed to deserialize ITEM 'optical_cloak_on': invalid type: floating point `0.5`, expected u32" }, JsonParse { path: "ITEM", detail: "Failed to deserialize ITEM 'p38mag': invalid type: sequence, expected a string" }, JsonParse { path: "ITEM", detail: "Failed to deserialize ITEM 'scarhmag': invalid type: sequence, expected a string" }, JsonParse { path: "ITEM", detail: "Failed to deserialize ITEM 'beret_wool': invalid type: floating point `0.3`, expected u32" }, JsonParse { path: "ITEM", detail: "Failed to deserialize ITEM 'camisole': invalid type: floating point `0.1`, expected u32" }, JsonParse { path: "ITEM", detail: "Failed to deserialize ITEM 'ammunition_tube_mortar': invalid type: map, expected a string" }, JsonParse { path: "ITEM", detail: "Failed to deserialize ITEM 'tux': invalid type: floating point `0.5`, expected u32" }, JsonParse { path: "ITEM", detail: "Failed to deserialize ITEM 'ch_mitten_gaunt_metal_sheets': invalid type: floating point `1.5`, expected u32" }, JsonParse { path: "ITEM", detail: "Failed to deserialize ITEM 'survivor_adhoc_leather_shirt': invalid type: floating point `2.5`, expected u32" }, JsonParse { path: "ITEM", detail: "Failed to deserialize ITEM 'bhp9mag_15rd': invalid type: sequence, expected a string" }, JsonParse { path: "ITEM", detail: "Failed to deserialize ITEM 'ruger1022mag_110': invalid type: sequence, expected a string" }, JsonParse { path: "ITEM", detail: "Failed to deserialize ITEM 'lc_knee_guards_xs': invalid type: floating point `1.2`, expected u32" }, JsonParse { path: "ITEM", detail: "Failed to deserialize ITEM 'ppq9mag_10rd': invalid type: sequence, expected a string" }, JsonParse { path: "ITEM", detail: "Failed to deserialize ITEM 'brew_soy_sauce': invalid type: map, expected a string" }, JsonParse { path: "ITEM", detail: "Failed to deserialize ITEM 'tool_belt': missing field `pocket_type`" }, JsonParse { path: "ITEM", detail: "Failed to deserialize ITEM 'string_dimension_helmet_conical': invalid type: map, expected a string" }, JsonParse { path: "ITEM", detail: "Failed to deserialize ITEM 'glock43x/48_mag': invalid type: sequence, expected a string" }, JsonParse { path: "ITEM", detail: "Failed to deserialize ITEM 'cannon_3in_ordnance': invalid type: map, expected a sequence" }, JsonParse { path: "ITEM", detail: "Failed to deserialize ITEM 'p320mag_10rd_9x19mm': invalid type: sequence, expected a string" }, JsonParse { path: "ITEM", detail: "Failed to deserialize ITEM 'belt223': invalid type: sequence, expected a string" }, JsonParse { path: "ITEM", detail: "Failed to deserialize ITEM 'ump45_makeshiftmag': invalid type: sequence, expected a string" }, JsonParse { path: "ITEM", detail: "Failed to deserialize ITEM 'mp5mag_15rd': invalid type: sequence, expected a string" }, JsonParse { path: "ITEM", detail: "Failed to deserialize ITEM 'swim_briefs': invalid type: map, expected a string" }, JsonParse { path: "ITEM", detail: "Failed to deserialize ITEM 'blue_topaz_silver_tiara': invalid type: map, expected a string" }, JsonParse { path: "ITEM", detail: "Failed to deserialize ITEM 'toolbox_workshop_empty': missing field `pocket_type`" }, JsonParse { path: "ITEM", detail: "Failed to deserialize ITEM 'robofac_kevlar_mantle': invalid type: map, expected a string" }, JsonParse { path: "ITEM", detail: "Failed to deserialize ITEM 'trenchcoat_steampunk': invalid type: floating point `1.5`, expected u32" }, JsonParse { path: "ITEM", detail: "Failed to deserialize ITEM 'wakizashi_inferior': invalid type: map, expected a string" }, JsonParse { path: "ITEM", detail: "Failed to deserialize ITEM 'nomad_papr_blower_magpouch_on': invalid type: map, expected a string" }, JsonParse { path: "ITEM", detail: "Failed to deserialize ITEM 'compbow_high': invalid type: map, expected a sequence" }, JsonParse { path: "ITEM", detail: "Failed to deserialize ITEM 'gloves_fingerless': invalid type: floating point `0.5`, expected u32" }, JsonParse { path: "ITEM", detail: "Failed to deserialize ITEM '762_ar15mag_30rd': invalid type: sequence, expected a string" }, JsonParse { path: "ITEM", detail: "Failed to deserialize ITEM 'ch_nodachi': invalid type: map, expected a string" }, JsonParse { path: "ITEM", detail: "Failed to deserialize ITEM 'boomer_head': invalid type: map, expected a sequence" }, JsonParse { path: "ITEM", detail: "Failed to deserialize ITEM 'ruger_mk4_mag': invalid type: sequence, expected a string" }, JsonParse { path: "ITEM", detail: "Failed to deserialize ITEM 'sapphire_platinum_tiara': invalid type: map, expected a string" }, JsonParse { path: "ITEM", detail: "Failed to deserialize ITEM 'sapphire_dental_grill': invalid type: map, expected a string" }, JsonParse { path: "ITEM", detail: "Failed to deserialize ITEM 'mitresaw': invalid type: map, expected a string" }, JsonParse { path: "ITEM", detail: "Failed to deserialize ITEM 'opal_gold_tiara': invalid type: map, expected a string" }, JsonParse { path: "ITEM", detail: "Failed to deserialize ITEM 'simple_rifle_cartridge_necklace': invalid type: map, expected a string" }, JsonParse { path: "ITEM", detail: "Failed to deserialize ITEM 'abstract_efile_copiable': missing field `id`" }, JsonParse { path: "ITEM", detail: "Failed to deserialize ITEM 'char_purifier_clay': invalid type: map, expected a sequence" }, JsonParse { path: "ITEM", detail: "Failed to deserialize ITEM 'robofac_rubber_helmet': invalid type: map, expected a string" }, JsonParse { path: "ITEM", detail: "Failed to deserialize ITEM '10l_methanol_tank': invalid type: sequence, expected a string" }, JsonParse { path: "ITEM", detail: "Failed to deserialize ITEM 'grapnel': missing field `pocket_type`" }, JsonParse { path: "ITEM", detail: "Failed to deserialize ITEM 'maid_dress_xs': invalid type: floating point `0.1`, expected u32" }, JsonParse { path: "ITEM", detail: "Failed to deserialize ITEM 'art_mask': invalid type: floating point `0.2`, expected u32" }, JsonParse { path: "ITEM", detail: "Failed to deserialize ITEM 'pearl_platinum_cufflinks': invalid type: map, expected a string" }, JsonParse { path: "ITEM", detail: "Failed to deserialize ITEM 'denim_overalls': invalid type: floating point `1.1`, expected u32" }, JsonParse { path: "ITEM", detail: "Failed to deserialize ITEM 'shorts_cargo': invalid type: floating point `0.2`, expected u32" }, JsonParse { path: "ITEM", detail: "Failed to deserialize ITEM 'peridot_platinum_tiara': invalid type: map, expected a string" }, JsonParse { path: "ITEM", detail: "Failed to deserialize ITEM 'mess_kit': missing field `pocket_type`" }, JsonParse { path: "ITEM", detail: "Failed to deserialize ITEM 'pants_tactical': invalid type: map, expected a string" }, JsonParse { path: "ITEM", detail: "Failed to deserialize ITEM 'turtleneck_shirt_rolled': invalid type: floating point `0.5`, expected u32" }, JsonParse { path: "ITEM", detail: "Failed to deserialize ITEM 'atgm_launcher': invalid type: map, expected a sequence" }, JsonParse { path: "ITEM", detail: "Failed to deserialize ITEM 'xl_gambeson_nylon': invalid type: floating point `7.5`, expected u32" }, JsonParse { path: "ITEM", detail: "Failed to deserialize ITEM 'saline': invalid type: map, expected a string" }, JsonParse { path: "ITEM", detail: "Failed to deserialize ITEM 'chestwrap_wool': invalid type: floating point `0.2`, expected u32" }, JsonParse { path: "ITEM", detail: "Failed to deserialize ITEM 'ch_battleaxe': invalid value: integer `-20`, expected u32" }, JsonParse { path: "ITEM", detail: "Failed to deserialize ITEM 'small_lighter': invalid type: map, expected a sequence" }, JsonParse { path: "ITEM", detail: "Failed to deserialize ITEM 'eclipse_glasses': invalid type: map, expected a string" }, JsonParse { path: "ITEM", detail: "Failed to deserialize ITEM 'aquamarine_platinum_earring': invalid type: map, expected a string" }, JsonParse { path: "ITEM", detail: "Failed to deserialize ITEM 'jersey': invalid type: floating point `0.3`, expected u32" }, JsonParse { path: "ITEM", detail: "Failed to deserialize ITEM 'tavor_12': invalid type: map, expected a sequence" }, JsonParse { path: "ITEM", detail: "Failed to deserialize ITEM 'hakama_gi': invalid type: floating point `0.3`, expected u32" }, JsonParse { path: "ITEM", detail: "Failed to deserialize ITEM 'sapphire_platinum_cufflinks': invalid type: map, expected a string" }, JsonParse { path: "ITEM", detail: "Failed to deserialize ITEM 'heavy_steel_ballistic_plate': invalid type: floating point `6.35`, expected u32" }, JsonParse { path: "ITEM", detail: "Failed to deserialize ITEM 'charcoal_cooker': invalid type: map, expected a sequence" }, JsonParse { path: "ITEM", detail: "Failed to deserialize ITEM 'mask_rioter': invalid type: floating point `0.5`, expected u32" }, JsonParse { path: "ITEM", detail: "Failed to deserialize ITEM 'xl_gambeson_gloves_wool': invalid type: floating point `6.0`, expected u32" }, JsonParse { path: "ITEM", detail: "Failed to deserialize ITEM 'face_shield_eod': invalid type: floating point `4.5`, expected u32" }, JsonParse { path: "ITEM", detail: "Failed to deserialize ITEM 'nanoskirt': invalid type: floating point `0.5`, expected u32" }, JsonParse { path: "ITEM", detail: "Failed to deserialize ITEM 'xlsocks': invalid type: floating point `0.2`, expected u32" }, JsonParse { path: "ITEM", detail: "Failed to deserialize ITEM 'scarh_makeshiftmag': invalid type: sequence, expected a string" }, JsonParse { path: "ITEM", detail: "Failed to deserialize ITEM 'sleeveless_trenchcoat': invalid type: floating point `1.5`, expected u32" }, JsonParse { path: "ITEM", detail: "Failed to deserialize ITEM 'xl_lc_helmet_turban': invalid type: floating point `2.5`, expected u32" }, JsonParse { path: "ITEM", detail: "Failed to deserialize ITEM 'uzimag_100rd': invalid type: sequence, expected a string" }, JsonParse { path: "ITEM", detail: "Failed to deserialize ITEM 'robofac_kevlar_greaves': invalid type: map, expected a string" }, JsonParse { path: "ITEM", detail: "Failed to deserialize ITEM 'bolt_makeshift': invalid type: map, expected a string" }, JsonParse { path: "ITEM", detail: "Failed to deserialize ITEM 'hc_talwar': invalid type: map, expected a string" }, JsonParse { path: "ITEM", detail: "Failed to deserialize ITEM 'diamond_gold_bracelet': invalid type: map, expected a string" }, JsonParse { path: "ITEM", detail: "Failed to deserialize ITEM 'integrated_interstice_aura': invalid type: floating point `0.01`, expected u32" }, JsonParse { path: "ITEM", detail: "Failed to deserialize ITEM 'footrags_faux_fur': invalid type: floating point `1.5`, expected u32" }, JsonParse { path: "ITEM", detail: "Failed to deserialize ITEM 'thermal_gloves': invalid type: floating point `0.3`, expected u32" }, JsonParse { path: "ITEM", detail: "Failed to deserialize ITEM 'mil_flight_suit': invalid type: floating point `0.8`, expected u32" }, JsonParse { path: "ITEM", detail: "Failed to deserialize ITEM 'vest_jean': invalid type: floating point `0.95`, expected u32" }, JsonParse { path: "ITEM", detail: "Failed to deserialize ITEM 'nitrox': invalid type: map, expected a string" }, JsonParse { path: "ITEM", detail: "Failed to deserialize ITEM 'usc15mag': invalid type: sequence, expected a string" }, JsonParse { path: "ITEM", detail: "Failed to deserialize ITEM 'rpk74mag': invalid type: sequence, expected a string" }, JsonParse { path: "ITEM", detail: "Failed to deserialize ITEM 'glass_fridge_double': invalid type: map, expected a string" }, JsonParse { path: "ITEM", detail: "Failed to deserialize ITEM 'amethyst_dental_grill': invalid type: map, expected a string" }, JsonParse { path: "ITEM", detail: "Failed to deserialize ITEM 'pot': missing field `pocket_type`" }, JsonParse { path: "ITEM", detail: "Failed to deserialize ITEM 'hat_field': invalid type: floating point `0.3`, expected u32" }, JsonParse { path: "ITEM", detail: "Failed to deserialize ITEM 'stanag30_beowulf': invalid type: sequence, expected a string" }, JsonParse { path: "ITEM", detail: "Failed to deserialize ITEM 'tourmaline_platinum_cufflinks': invalid type: map, expected a string" }, JsonParse { path: "ITEM", detail: "Failed to deserialize ITEM 'ring_wedding': invalid type: map, expected a string" }, JsonParse { path: "ITEM", detail: "Failed to deserialize ITEM 'p320mag_17rd_9x19mm': invalid type: sequence, expected a string" }, JsonParse { path: "ITEM", detail: "Failed to deserialize ITEM 'blazer': invalid type: floating point `1.5`, expected u32" }, JsonParse { path: "ITEM", detail: "Failed to deserialize ITEM 'xs_aketon_nylon_vest': invalid type: floating point `3.5`, expected u32" }, JsonParse { path: "ITEM", detail: "Failed to deserialize ITEM 'lc_nodachi': invalid type: map, expected a string" }, JsonParse { path: "ITEM", detail: "Failed to deserialize ITEM 'briefs': invalid type: floating point `0.1`, expected u32" }, JsonParse { path: "ITEM", detail: "Failed to deserialize ITEM 'blade_scythe': invalid value: integer `-38`, expected u32" }, JsonParse { path: "ITEM", detail: "Failed to deserialize ITEM '38_speedloader6': invalid type: sequence, expected a string" }, JsonParse { path: "ITEM", detail: "Failed to deserialize ITEM 'face_shield': invalid type: floating point `1.5`, expected u32" }, JsonParse { path: "ITEM", detail: "Failed to deserialize ITEM 'usb_drive_older': unknown variant `E_FILE_STORAGE`, expected one of `CONTAINER`, `MAGAZINE`, `MAGAZINE_WELL`, `HOLSTER`, `SPECIAL`, `CORROSION`, `MIGRATING`, `MOD`, `SOFTWARE`" }, JsonParse { path: "ITEM", detail: "Failed to deserialize ITEM 'hood_xssurvivor': invalid type: floating point `0.4`, expected u32" }, JsonParse { path: "ITEM", detail: "Failed to deserialize ITEM 'ammunition_box_grenade': invalid type: map, expected a string" }, JsonParse { path: "ITEM", detail: "Failed to deserialize ITEM 'pressurized_tank_modern': invalid type: sequence, expected a string" }, JsonParse { path: "ITEM", detail: "Failed to deserialize ITEM 'kippah': invalid type: floating point `0.1`, expected u32" }, JsonParse { path: "ITEM", detail: "Failed to deserialize ITEM 'teapot': missing field `pocket_type`" }, JsonParse { path: "ITEM", detail: "Failed to deserialize ITEM 'permanent_marker': invalid type: map, expected a sequence" }, JsonParse { path: "ITEM", detail: "Failed to deserialize ITEM 'diamond_silver_tiara': invalid type: map, expected a string" }, JsonParse { path: "ITEM", detail: "Failed to deserialize ITEM 'glock_29mag': invalid type: sequence, expected a string" }, JsonParse { path: "ITEM", detail: "Failed to deserialize ITEM 'xs_ch_helmet_turban': invalid type: floating point `2.5`, expected u32" }, JsonParse { path: "ITEM", detail: "Failed to deserialize ITEM 'jacket_flannel': invalid type: floating point `0.7`, expected u32" }, JsonParse { path: "ITEM", detail: "Failed to deserialize ITEM 'ch_cavalry_sabre': invalid type: map, expected a string" }, JsonParse { path: "ITEM", detail: "Failed to deserialize ITEM 'xl_armguard_metal': invalid type: floating point `1.5`, expected u32" }, JsonParse { path: "ITEM", detail: "Failed to deserialize ITEM 'btmp9mag_9x19mm_25': invalid type: sequence, expected a string" }, JsonParse { path: "ITEM", detail: "Failed to deserialize ITEM 'rad_monitor': invalid type: floating point `0.1`, expected u32" }, JsonParse { path: "ITEM", detail: "Failed to deserialize ITEM 'exodiiBRmag_26': invalid type: sequence, expected a string" }, JsonParse { path: "ITEM", detail: "Failed to deserialize ITEM 'qt_wakizashi': invalid type: map, expected a string" }, JsonParse { path: "ITEM", detail: "Failed to deserialize ITEM 'arrow_metal': invalid type: map, expected a string" }, JsonParse { path: "ITEM", detail: "Failed to deserialize ITEM 'pearl_platinum_tiara': invalid type: map, expected a string" }, JsonParse { path: "ITEM", detail: "Failed to deserialize ITEM 'takedown_recurbow_folded': invalid type: map, expected a sequence" }, JsonParse { path: "ITEM", detail: "Failed to deserialize ITEM 'gag_ball': invalid type: map, expected a string" }, JsonParse { path: "ITEM", detail: "Failed to deserialize ITEM 'combo_cover': invalid type: floating point `0.5`, expected u32" }, JsonParse { path: "ITEM", detail: "Failed to deserialize ITEM 'egg_wormsnake': invalid type: floating point `4.26`, expected u32" }, JsonParse { path: "ITEM", detail: "Failed to deserialize ITEM 'large_storage_battery': invalid type: sequence, expected a string" }, JsonParse { path: "ITEM", detail: "Failed to deserialize ITEM 'gown_sleeved': invalid type: floating point `0.3`, expected u32" }, JsonParse { path: "ITEM", detail: "Failed to deserialize ITEM 'winchester_1897': invalid type: map, expected a sequence" }, JsonParse { path: "ITEM", detail: "Failed to deserialize ITEM 'recurbow': invalid type: map, expected a sequence" }, JsonParse { path: "ITEM", detail: "Failed to deserialize ITEM 'xl_arm_warmers': invalid type: floating point `0.5`, expected u32" }, JsonParse { path: "ITEM", detail: "Failed to deserialize ITEM 'amethyst_platinum_tiara': invalid type: map, expected a string" }, JsonParse { path: "ITEM", detail: "Failed to deserialize ITEM '20x66_20_mag': invalid type: sequence, expected a string" }, JsonParse { path: "ITEM", detail: "Failed to deserialize ITEM 'peridot_silver_tiara': invalid type: map, expected a string" }, JsonParse { path: "ITEM", detail: "Failed to deserialize ITEM 'primitive_adze': invalid value: integer `-56`, expected u32" }, JsonParse { path: "ITEM", detail: "Failed to deserialize ITEM 'aquamarine_platinum_pendant_necklace': invalid type: map, expected a string" }, JsonParse { path: "ITEM", detail: "Failed to deserialize ITEM 'human_meat_scrap': invalid type: floating point `40.2`, expected u32" }, JsonParse { path: "ITEM", detail: "Failed to deserialize ITEM 'arrow_heavy_field_point_fletched': invalid type: map, expected a string" }, JsonParse { path: "ITEM", detail: "Failed to deserialize ITEM 'debug_backpack': invalid length: '1 km'" }, JsonParse { path: "ITEM", detail: "Failed to deserialize ITEM 'M24': invalid type: map, expected a sequence" }, JsonParse { path: "ITEM", detail: "Failed to deserialize ITEM 'Dana_sourdough_bread': invalid type: floating point `4.0`, expected i32" }, JsonParse { path: "ITEM", detail: "Failed to deserialize ITEM 'ch_wakizashi': invalid type: map, expected a string" }, JsonParse { path: "ITEM", detail: "Failed to deserialize ITEM 'improvised_oven': missing field `pocket_type`" }, JsonParse { path: "ITEM", detail: "Failed to deserialize ITEM 'chestwrap_leather': invalid type: floating point `0.5`, expected u32" }, JsonParse { path: "ITEM", detail: "Failed to deserialize ITEM 'santa_shorts': invalid type: floating point `0.2`, expected u32" }, JsonParse { path: "ITEM", detail: "Failed to deserialize ITEM 'string_dimension_phase_immersion_suit': missing field `pocket_type`" }, JsonParse { path: "ITEM", detail: "Failed to deserialize ITEM 'turtleneck_shirt': invalid type: floating point `0.5`, expected u32" }, JsonParse { path: "ITEM", detail: "Failed to deserialize ITEM 'deaglemag': invalid type: sequence, expected a string" }, JsonParse { path: "ITEM", detail: "Failed to deserialize ITEM 'pearl_platinum_ring': invalid type: map, expected a string" }, JsonParse { path: "ITEM", detail: "Failed to deserialize ITEM 'marlin_9a': invalid type: map, expected a sequence" }, JsonParse { path: "ITEM", detail: "Failed to deserialize ITEM 'rifle_45_410': invalid type: map, expected a sequence" }, JsonParse { path: "ITEM", detail: "Failed to deserialize ITEM 'sw617': invalid type: map, expected a sequence" }, JsonParse { path: "ITEM", detail: "Failed to deserialize ITEM 'arrow_wood': invalid type: map, expected a string" }, JsonParse { path: "ITEM", detail: "Failed to deserialize ITEM 'ruby_silver_ring': invalid type: map, expected a string" }, JsonParse { path: "ITEM", detail: "Failed to deserialize ITEM 'tin_snips': invalid type: map, expected a string" }, JsonParse { path: "ITEM", detail: "Failed to deserialize ITEM 'fake_stove': invalid type: map, expected a sequence" }, JsonParse { path: "ITEM", detail: "Failed to deserialize ITEM 'armor_star_samurai_torso': invalid type: map, expected a string" }, JsonParse { path: "ITEM", detail: "Failed to deserialize ITEM 'thermal_mask': invalid type: floating point `0.3`, expected u32" }, JsonParse { path: "ITEM", detail: "Failed to deserialize ITEM 'colt_lightning': invalid type: map, expected a sequence" }, JsonParse { path: "ITEM", detail: "Failed to deserialize ITEM 'pride_flag': invalid type: floating point `0.3`, expected u32" }, JsonParse { path: "ITEM", detail: "Failed to deserialize ITEM 'portable_game': invalid type: map, expected a string" }, JsonParse { path: "ITEM", detail: "Failed to deserialize ITEM 'turtleneck': invalid type: floating point `0.5`, expected u32" }, JsonParse { path: "ITEM", detail: "Failed to deserialize ITEM 'm9mag_20rd': invalid type: sequence, expected a string" }, JsonParse { path: "ITEM", detail: "Failed to deserialize ITEM 'gloves_golf': invalid type: floating point `0.5`, expected u32" }, JsonParse { path: "ITEM", detail: "Failed to deserialize ITEM 'glove_jackson': invalid type: floating point `0.5`, expected u32" }, JsonParse { path: "ITEM", detail: "Failed to deserialize ITEM 'apron_cut_resistant': invalid type: floating point `2.5`, expected u32" }, JsonParse { path: "ITEM", detail: "Failed to deserialize ITEM 'robofac_poncho_liner': invalid type: map, expected a string" }, JsonParse { path: "ITEM", detail: "Failed to deserialize ITEM 'display_fridge': invalid type: map, expected a string" }, JsonParse { path: "ITEM", detail: "Failed to deserialize ITEM 'tdi_10mm_mag': invalid type: sequence, expected a string" }, JsonParse { path: "ITEM", detail: "Failed to deserialize ITEM '44_speedloader6': invalid type: sequence, expected a string" }, JsonParse { path: "ITEM", detail: "Failed to deserialize ITEM '20x66_10_mag': invalid type: sequence, expected a string" }, JsonParse { path: "ITEM", detail: "Failed to deserialize ITEM 'makeshift_bayonet': invalid value: integer `-42`, expected u32" }, JsonParse { path: "ITEM", detail: "Failed to deserialize ITEM 'diamond_gold_tiara': invalid type: map, expected a string" }, JsonParse { path: "ITEM", detail: "Failed to deserialize ITEM 'hstomach_boiled': invalid type: floating point `120.0`, expected u32" }, JsonParse { path: "ITEM", detail: "Failed to deserialize ITEM 'm9mag': invalid type: sequence, expected a string" }, JsonParse { path: "ITEM", detail: "Failed to deserialize ITEM 'ghost_robe': invalid type: floating point `0.1`, expected u32" }, JsonParse { path: "ITEM", detail: "Failed to deserialize ITEM 'short_dress': invalid type: floating point `0.2`, expected u32" }, JsonParse { path: "ITEM", detail: "Failed to deserialize ITEM 'jumpsuit_xs': invalid type: floating point `0.2`, expected u32" }, JsonParse { path: "ITEM", detail: "Failed to deserialize ITEM 'tunic': invalid type: floating point `0.3`, expected u32" }, JsonParse { path: "ITEM", detail: "Failed to deserialize ITEM 'xs_gambeson_wool_thinsleeved': invalid type: floating point `7.5`, expected u32" }, JsonParse { path: "ITEM", detail: "Failed to deserialize ITEM 'integrated_giant_pincer': invalid value: integer `-4`, expected u32" }, JsonParse { path: "ITEM", detail: "Failed to deserialize ITEM 'armor_metal_sheets_chain': invalid type: floating point `1.5`, expected u32" }, JsonParse { path: "ITEM", detail: "Failed to deserialize ITEM 'combat_shirt': invalid type: floating point `0.3`, expected u32" }, JsonParse { path: "ITEM", detail: "Failed to deserialize ITEM 'skirt_bostonchan': invalid type: floating point `0.6`, expected u32" }, JsonParse { path: "ITEM", detail: "Failed to deserialize ITEM 'xs_aketon_wool': invalid type: floating point `3.5`, expected u32" }, JsonParse { path: "ITEM", detail: "Failed to deserialize ITEM 'usc20mag': invalid type: sequence, expected a string" }, JsonParse { path: "ITEM", detail: "Failed to deserialize ITEM 'robofac_kevlar_skirt': invalid type: map, expected a string" }, JsonParse { path: "ITEM", detail: "Failed to deserialize ITEM 'armor_ch_metal_sheets_chain': invalid type: floating point `1.5`, expected u32" }, JsonParse { path: "ITEM", detail: "Failed to deserialize ITEM 'hc_zweihander': invalid type: map, expected a string" }, JsonParse { path: "ITEM", detail: "Failed to deserialize ITEM 'long_dress': invalid type: floating point `0.2`, expected u32" }, JsonParse { path: "ITEM", detail: "Failed to deserialize ITEM 'reflexrecurvebow': invalid type: map, expected a sequence" }, JsonParse { path: "ITEM", detail: "Failed to deserialize ITEM 'basic_papr_helmet_xedra_mark': invalid type: map, expected a string" }, JsonParse { path: "ITEM", detail: "Failed to deserialize ITEM 'bolt_wood': invalid type: map, expected a string" }, JsonParse { path: "ITEM", detail: "Failed to deserialize ITEM 'legguard_metal_sheets_hip': invalid type: floating point `1.5`, expected u32" }, JsonParse { path: "ITEM", detail: "Failed to deserialize ITEM 'leg_warmers_xs': invalid type: floating point `0.1`, expected u32" }, JsonParse { path: "ITEM", detail: "Failed to deserialize ITEM 'casket74mag': invalid type: sequence, expected a string" }, JsonParse { path: "ITEM", detail: "Failed to deserialize ITEM 'brew_hb_beer': invalid type: map, expected a string" }, JsonParse { path: "ITEM", detail: "Failed to deserialize ITEM 'makeshift_blindfold_up': invalid type: floating point `0.1`, expected u32" }, JsonParse { path: "ITEM", detail: "Failed to deserialize ITEM 'gloves_fingerless_mod': invalid type: floating point `0.5`, expected u32" }, JsonParse { path: "ITEM", detail: "Failed to deserialize ITEM 'xl_gambeson_hood': invalid type: floating point `2.0`, expected u32" }, JsonParse { path: "ITEM", detail: "Failed to deserialize ITEM 'tourmaline_silver_earring': invalid type: map, expected a string" }, JsonParse { path: "ITEM", detail: "Failed to deserialize ITEM 'smart_phone_flashlight': invalid type: map, expected a string" }, JsonParse { path: "ITEM", detail: "Failed to deserialize ITEM 'loincloth': invalid type: floating point `0.5`, expected u32" }, JsonParse { path: "ITEM", detail: "Failed to deserialize ITEM 'ch_legguard_metal_sheets': invalid type: floating point `1.5`, expected u32" }, JsonParse { path: "ITEM", detail: "Failed to deserialize ITEM 'ruby_platinum_earring': invalid type: map, expected a string" }, JsonParse { path: "ITEM", detail: "Failed to deserialize ITEM 'striped_pants': invalid type: floating point `0.2`, expected u32" }, JsonParse { path: "ITEM", detail: "Failed to deserialize ITEM 'ghost_robe_sheet': invalid type: floating point `0.1`, expected u32" }, JsonParse { path: "ITEM", detail: "Failed to deserialize ITEM 'robofac_gun_kit': missing field `pocket_type`" }, JsonParse { path: "ITEM", detail: "Failed to deserialize ITEM 'boots_combat': invalid type: floating point `2.5`, expected u32" }, JsonParse { path: "ITEM", detail: "Failed to deserialize ITEM 'house_coat': invalid type: floating point `0.8`, expected u32" }, JsonParse { path: "ITEM", detail: "Failed to deserialize ITEM 'citrine_gold_pendant_necklace': invalid type: map, expected a string" }, JsonParse { path: "ITEM", detail: "Failed to deserialize ITEM 'bbgun': invalid type: map, expected a sequence" }, JsonParse { path: "ITEM", detail: "Failed to deserialize ITEM 'ch_jian': invalid type: map, expected a string" }, JsonParse { path: "ITEM", detail: "Failed to deserialize ITEM 'hk_g80mag': invalid type: sequence, expected a string" }, JsonParse { path: "ITEM", detail: "Failed to deserialize ITEM 'ruger_arr_mag': invalid type: sequence, expected a string" }, JsonParse { path: "ITEM", detail: "Failed to deserialize ITEM 'xs_gambeson_nylon_thinsleeved': invalid type: floating point `7.5`, expected u32" }, JsonParse { path: "ITEM", detail: "Failed to deserialize ITEM 'u_shotgun': invalid type: map, expected a sequence" }, JsonParse { path: "ITEM", detail: "Failed to deserialize ITEM 'xs_armguard_metal': invalid type: floating point `1.5`, expected u32" }, JsonParse { path: "ITEM", detail: "Failed to deserialize ITEM 'm1918mag': invalid type: sequence, expected a string" }, JsonParse { path: "ITEM", detail: "Failed to deserialize ITEM 'lc_wakizashi': invalid type: map, expected a string" }, JsonParse { path: "ITEM", detail: "Failed to deserialize ITEM 'zweihander_fake': invalid type: map, expected a string" }, JsonParse { path: "ITEM", detail: "Failed to deserialize ITEM 'px4mag_10rd': invalid type: sequence, expected a string" }, JsonParse { path: "ITEM", detail: "Failed to deserialize ITEM 'efile_video': missing field `id`" }, JsonParse { path: "ITEM", detail: "Failed to deserialize ITEM 'qt_kukri': invalid type: map, expected a string" }, JsonParse { path: "ITEM", detail: "Failed to deserialize ITEM 'tanto_fake': invalid type: map, expected a string" }, JsonParse { path: "ITEM", detail: "Failed to deserialize ITEM 'augmag_100rd': invalid type: sequence, expected a string" }, JsonParse { path: "ITEM", detail: "Failed to deserialize ITEM 'srm_1216_mag_16': invalid type: sequence, expected a string" }, JsonParse { path: "ITEM", detail: "Failed to deserialize ITEM 'xs_tacvest': invalid type: map, expected a sequence" }, JsonParse { path: "ITEM", detail: "Failed to deserialize ITEM 'xl_helmet_larmor': invalid type: floating point `4.5`, expected u32" }, JsonParse { path: "ITEM", detail: "Failed to deserialize ITEM 'elec_jackhammer': invalid type: map, expected a sequence" }, JsonParse { path: "ITEM", detail: "Failed to deserialize ITEM 'tricorne': invalid type: floating point `0.2`, expected u32" }, JsonParse { path: "ITEM", detail: "Failed to deserialize ITEM 'mummy_dress': invalid type: floating point `0.1`, expected u32" }, JsonParse { path: "ITEM", detail: "Failed to deserialize ITEM 'ar_glasses_basic': unknown variant `E_FILE_STORAGE`, expected one of `CONTAINER`, `MAGAZINE`, `MAGAZINE_WELL`, `HOLSTER`, `SPECIAL`, `CORROSION`, `MIGRATING`, `MOD`, `SOFTWARE`" }, JsonParse { path: "ITEM", detail: "Failed to deserialize ITEM 'bronze_brush_axe': invalid value: integer `-70`, expected u32" }, JsonParse { path: "ITEM", detail: "Failed to deserialize ITEM 'ch_esbi_plate': invalid type: map, expected a string" }, JsonParse { path: "ITEM", detail: "Failed to deserialize ITEM 'qt_scimitar': invalid type: map, expected a string" }, JsonParse { path: "ITEM", detail: "Failed to deserialize ITEM 'leather_stone_pouch': invalid type: map, expected a sequence" }, JsonParse { path: "ITEM", detail: "Failed to deserialize ITEM 'quiver_large_birchbark': invalid type: map, expected a sequence" }, JsonParse { path: "ITEM", detail: "Failed to deserialize ITEM 'glockbigmag': invalid type: sequence, expected a string" }, JsonParse { path: "ITEM", detail: "Failed to deserialize ITEM 'concrete': invalid type: map, expected a string" }, JsonParse { path: "ITEM", detail: "Failed to deserialize ITEM 'lowtops': invalid type: floating point `1.5`, expected u32" }, JsonParse { path: "ITEM", detail: "Failed to deserialize ITEM 'hide_bag': invalid type: floating point `2100.0`, expected u32" }, JsonParse { path: "ITEM", detail: "Failed to deserialize ITEM 'ch_katana': invalid type: map, expected a string" }, JsonParse { path: "ITEM", detail: "Failed to deserialize ITEM 'ch_helmet_metal_sheets_full': invalid type: floating point `6.5`, expected u32" }, JsonParse { path: "ITEM", detail: "Failed to deserialize ITEM 'gauntlet_fencing_l': invalid type: floating point `2.0`, expected u32" }, JsonParse { path: "ITEM", detail: "Failed to deserialize ITEM 'ar10mag_25rd': invalid type: sequence, expected a string" }, JsonParse { path: "ITEM", detail: "Failed to deserialize ITEM 'shotbelt_20': invalid type: sequence, expected a string" }, JsonParse { path: "ITEM", detail: "Failed to deserialize ITEM 'xl_gambeson_gloves_canvas': invalid type: floating point `6.0`, expected u32" }, JsonParse { path: "ITEM", detail: "Failed to deserialize ITEM 'zubon_gi': invalid type: floating point `0.5`, expected u32" }, JsonParse { path: "ITEM", detail: "Failed to deserialize ITEM 'ceramic_shard': invalid value: integer `-66`, expected u32" }, JsonParse { path: "ITEM", detail: "Failed to deserialize ITEM 'waist_apron_short_xs': invalid type: floating point `1.5`, expected u32" }, JsonParse { path: "ITEM", detail: "Failed to deserialize ITEM 'bikini_top_fur': invalid type: floating point `0.5`, expected u32" }, JsonParse { path: "ITEM", detail: "Failed to deserialize ITEM 'emer_blanket': invalid type: floating point `0.01`, expected u32" }, JsonParse { path: "ITEM", detail: "Failed to deserialize ITEM 'aquamarine_silver_bracelet': invalid type: map, expected a string" }, JsonParse { path: "ITEM", detail: "Failed to deserialize ITEM 'citrine_gold_cufflinks': invalid type: map, expected a string" }, JsonParse { path: "ITEM", detail: "Failed to deserialize ITEM 'crowbar_warhammer': invalid type: map, expected a string" }, JsonParse { path: "ITEM", detail: "Failed to deserialize ITEM 'fishing_rod_tele': invalid type: map, expected a string" }, JsonParse { path: "ITEM", detail: "Failed to deserialize ITEM 'maid_hat_xl': invalid type: floating point `0.05`, expected u32" }, JsonParse { path: "ITEM", detail: "Failed to deserialize ITEM 'elec_chainsaw_cord_on': invalid value: integer `-100`, expected u32" }, JsonParse { path: "ITEM", detail: "Failed to deserialize ITEM 'peridot_gold_pendant_necklace': invalid type: map, expected a string" }, JsonParse { path: "ITEM", detail: "Failed to deserialize ITEM 'sapphire_gold_tiara': invalid type: map, expected a string" }, JsonParse { path: "ITEM", detail: "Failed to deserialize ITEM 'barb_launcher': invalid type: map, expected a sequence" }, JsonParse { path: "ITEM", detail: "Failed to deserialize ITEM 'art_sword': invalid type: map, expected a string" }, JsonParse { path: "ITEM", detail: "Failed to deserialize ITEM 'rebreather_cartridge_o2': invalid type: map, expected a sequence" }, JsonParse { path: "ITEM", detail: "Failed to deserialize ITEM 'alexandrite_gold_ring': invalid type: map, expected a string" }, JsonParse { path: "ITEM", detail: "Failed to deserialize ITEM 'tallit_katan': invalid type: floating point `0.1`, expected u32" }, JsonParse { path: "ITEM", detail: "Failed to deserialize ITEM 'peridot_gold_ring': invalid type: map, expected a string" }, JsonParse { path: "ITEM", detail: "Failed to deserialize ITEM 'm9mag_17rd': invalid type: sequence, expected a string" }, JsonParse { path: "ITEM", detail: "Failed to deserialize ITEM 'sl8mag': invalid type: sequence, expected a string" }, JsonParse { path: "ITEM", detail: "Failed to deserialize ITEM 'm26_mass_mag_5': invalid type: sequence, expected a string" }, JsonParse { path: "ITEM", detail: "Failed to deserialize ITEM 'louverture': invalid type: map, expected a sequence" }, JsonParse { path: "ITEM", detail: "Failed to deserialize ITEM 'glock44_mag': invalid type: sequence, expected a string" }, JsonParse { path: "ITEM", detail: "Failed to deserialize ITEM 'qt_knife_trench': invalid type: map, expected a string" }, JsonParse { path: "ITEM", detail: "Failed to deserialize ITEM 'jeans_vintage': invalid type: floating point `0.8`, expected u32" }, JsonParse { path: "ITEM", detail: "Failed to deserialize ITEM 'aquamarine_silver_tiara': invalid type: map, expected a string" }, JsonParse { path: "ITEM", detail: "Failed to deserialize ITEM 'browning_a5': invalid type: map, expected a sequence" }, JsonParse { path: "ITEM", detail: "Failed to deserialize ITEM 'clay_dutch_oven': missing field `pocket_type`" }, JsonParse { path: "ITEM", detail: "Failed to deserialize ITEM 'rashguard': invalid type: map, expected a string" }, JsonParse { path: "ITEM", detail: "Failed to deserialize ITEM 'emerald_platinum_bracelet': invalid type: map, expected a string" }, JsonParse { path: "ITEM", detail: "Failed to deserialize ITEM '38_speedloader5': invalid type: sequence, expected a string" }, JsonParse { path: "ITEM", detail: "Failed to deserialize ITEM 'citrine_platinum_tiara': invalid type: map, expected a string" }, JsonParse { path: "ITEM", detail: "Failed to deserialize ITEM 'lc_kukri': invalid type: map, expected a string" }, JsonParse { path: "ITEM", detail: "Failed to deserialize ITEM 'coffeemaker': missing field `pocket_type`" }, JsonParse { path: "ITEM", detail: "Failed to deserialize ITEM 'denim_shirt': invalid type: floating point `0.8`, expected u32" }, JsonParse { path: "ITEM", detail: "Failed to deserialize ITEM 'sharps': invalid type: map, expected a sequence" }, JsonParse { path: "ITEM", detail: "Failed to deserialize ITEM 'string_dimension_biosuit': invalid type: map, expected a string" }, JsonParse { path: "ITEM", detail: "Failed to deserialize ITEM 'onyx_silver_tiara': invalid type: map, expected a string" }, JsonParse { path: "ITEM", detail: "Failed to deserialize ITEM '55gal_drum_rubber': invalid type: map, expected a string" }, JsonParse { path: "ITEM", detail: "Failed to deserialize ITEM 'ch_estoc': invalid type: map, expected a string" }, JsonParse { path: "ITEM", detail: "Failed to deserialize ITEM 'skirt': invalid type: floating point `0.1`, expected u32" }, JsonParse { path: "ITEM", detail: "Failed to deserialize ITEM 'thermal_mask_on': invalid type: floating point `0.3`, expected u32" }, JsonParse { path: "ITEM", detail: "Failed to deserialize ITEM 'sword_crude_large': invalid value: integer `-50`, expected u32" }, JsonParse { path: "ITEM", detail: "Failed to deserialize ITEM 'usp9mag_32rd': invalid type: sequence, expected a string" }, JsonParse { path: "ITEM", detail: "Failed to deserialize ITEM 'amethyst_gold_bracelet': invalid type: map, expected a string" }, JsonParse { path: "ITEM", detail: "Failed to deserialize ITEM 'm320': invalid type: map, expected a sequence" }, JsonParse { path: "ITEM", detail: "Failed to deserialize ITEM 'naginata_inferior': invalid value: integer `-24`, expected u32" }, JsonParse { path: "ITEM", detail: "Failed to deserialize ITEM 'lc_estoc': invalid type: map, expected a string" }, JsonParse { path: "ITEM", detail: "Failed to deserialize ITEM 'm1903': invalid type: map, expected a sequence" }, JsonParse { path: "ITEM", detail: "Failed to deserialize ITEM 'xl_binder_top': invalid type: floating point `0.5`, expected u32" }, JsonParse { path: "ITEM", detail: "Failed to deserialize ITEM 'egg_robin': invalid type: floating point `10.65`, expected u32" }, JsonParse { path: "ITEM", detail: "Failed to deserialize ITEM 'armor_ch_metal_sheets': invalid type: floating point `1.5`, expected u32" }, JsonParse { path: "ITEM", detail: "Failed to deserialize ITEM 'reading_light_on': invalid type: map, expected a sequence" }, JsonParse { path: "ITEM", detail: "Failed to deserialize ITEM 'alexandrite_gold_earring': invalid type: map, expected a string" }, JsonParse { path: "ITEM", detail: "Failed to deserialize ITEM 'peridot_gold_tiara': invalid type: map, expected a string" }, JsonParse { path: "ITEM", detail: "Failed to deserialize ITEM 'hat_knit': invalid type: floating point `0.5`, expected u32" }, JsonParse { path: "ITEM", detail: "Failed to deserialize ITEM 'huge_atomic_battery_cell': invalid type: sequence, expected a string" }, JsonParse { path: "ITEM", detail: "Failed to deserialize ITEM 'runner_bag': invalid type: floating point `0.2`, expected u32" }, JsonParse { path: "ITEM", detail: "Failed to deserialize ITEM 'jacket_army': invalid type: map, expected a string" }, JsonParse { path: "ITEM", detail: "Failed to deserialize ITEM 'golf_bag': missing field `pocket_type`" }, JsonParse { path: "ITEM", detail: "Failed to deserialize ITEM 'goedendag_bat': invalid type: map, expected a string" }, JsonParse { path: "ITEM", detail: "Failed to deserialize ITEM 'wearable_camera': invalid type: map, expected a sequence" }, JsonParse { path: "ITEM", detail: "Failed to deserialize ITEM 'folding_poncho': invalid type: floating point `0.4`, expected u32" }, JsonParse { path: "ITEM", detail: "Failed to deserialize ITEM 'egg_cardinal': invalid type: floating point `6.39`, expected u32" }, JsonParse { path: "ITEM", detail: "Failed to deserialize ITEM 'display_freezer': invalid type: map, expected a string" }, JsonParse { path: "ITEM", detail: "Failed to deserialize ITEM 'robofac_head_rig_ar_on': unknown variant `E_FILE_STORAGE`, expected one of `CONTAINER`, `MAGAZINE`, `MAGAZINE_WELL`, `HOLSTER`, `SPECIAL`, `CORROSION`, `MIGRATING`, `MOD`, `SOFTWARE`" }, JsonParse { path: "ITEM", detail: "Failed to deserialize ITEM 'vest': invalid type: floating point `0.4`, expected u32" }, JsonParse { path: "ITEM", detail: "Failed to deserialize ITEM 'citrine_silver_cufflinks': invalid type: map, expected a string" }, JsonParse { path: "ITEM", detail: "Failed to deserialize ITEM 'emerald_platinum_pendant_necklace': invalid type: map, expected a string" }, JsonParse { path: "ITEM", detail: "Failed to deserialize ITEM 'xl_hc_knee_guards': invalid type: floating point `1.2`, expected u32" }, JsonParse { path: "ITEM", detail: "Failed to deserialize ITEM '50beowulf_ar15mag': invalid type: sequence, expected a string" }, JsonParse { path: "ITEM", detail: "Failed to deserialize ITEM 'ch_arming_sword': invalid type: map, expected a string" }, JsonParse { path: "ITEM", detail: "Failed to deserialize ITEM 'xs_bra': invalid type: floating point `0.1`, expected u32" }, JsonParse { path: "ITEM", detail: "Failed to deserialize ITEM 'outsert_breach': invalid type: floating point `1.5`, expected u32" }, JsonParse { path: "ITEM", detail: "Failed to deserialize ITEM 'peridot_platinum_ring': invalid type: map, expected a string" }, JsonParse { path: "ITEM", detail: "Failed to deserialize ITEM 'fake_fireplace': invalid type: map, expected a sequence" }, JsonParse { path: "ITEM", detail: "Failed to deserialize ITEM 'santa_belt': invalid type: floating point `1.5`, expected u32" }, JsonParse { path: "ITEM", detail: "Failed to deserialize ITEM 'diamond_platinum_bracelet': invalid type: map, expected a string" }, JsonParse { path: "ITEM", detail: "Failed to deserialize ITEM 'sp2022mag_15rd_9mm': invalid type: sequence, expected a string" }, JsonParse { path: "ITEM", detail: "Failed to deserialize ITEM 'mp5mag_100rd': invalid type: sequence, expected a string" }, JsonParse { path: "ITEM", detail: "Failed to deserialize ITEM 'liq_bandage_spray': invalid type: map, expected a sequence" }, JsonParse { path: "ITEM", detail: "Failed to deserialize ITEM 'ch_legguard_metal_sheets_greaves': invalid type: floating point `1.5`, expected u32" }, JsonParse { path: "ITEM", detail: "Failed to deserialize ITEM 'xs_gambeson_canvas': invalid type: floating point `7.5`, expected u32" }, JsonParse { path: "ITEM", detail: "Failed to deserialize ITEM 'xs_gambeson_canvas_vest': invalid type: floating point `7.5`, expected u32" }, JsonParse { path: "ITEM", detail: "Failed to deserialize ITEM 'extinguisher': invalid type: map, expected a sequence" }, JsonParse { path: "ITEM", detail: "Failed to deserialize ITEM 'onyx_platinum_pendant_necklace': invalid type: map, expected a string" }, JsonParse { path: "ITEM", detail: "Failed to deserialize ITEM 'tourmaline_silver_bracelet': invalid type: map, expected a string" }, JsonParse { path: "ITEM", detail: "Failed to deserialize ITEM 'lc_jian': invalid type: map, expected a string" }, JsonParse { path: "ITEM", detail: "Failed to deserialize ITEM 'blue_topaz_silver_cufflinks': invalid type: map, expected a string" }, JsonParse { path: "ITEM", detail: "Failed to deserialize ITEM 'oxygen_tank': invalid type: map, expected a sequence" }, JsonParse { path: "ITEM", detail: "Failed to deserialize ITEM 'tourmaline_gold_cufflinks': invalid type: map, expected a string" }, JsonParse { path: "ITEM", detail: "Failed to deserialize ITEM 'onyx_gold_tiara': invalid type: map, expected a string" }, JsonParse { path: "ITEM", detail: "Failed to deserialize ITEM 'nylon_scabbard': missing field `pocket_type`" }, JsonParse { path: "ITEM", detail: "Failed to deserialize ITEM 'uzimag_50rd': invalid type: sequence, expected a string" }, JsonParse { path: "ITEM", detail: "Failed to deserialize ITEM 'rossi_r92_357_20': invalid type: map, expected a sequence" }, JsonParse { path: "ITEM", detail: "Failed to deserialize ITEM 'drinking_hat': invalid type: floating point `0.2`, expected u32" }, JsonParse { path: "ITEM", detail: "Failed to deserialize ITEM 'socks_ankle': invalid type: floating point `0.3`, expected u32" }, JsonParse { path: "ITEM", detail: "Failed to deserialize ITEM 'barstool': invalid type: map, expected a string" }, JsonParse { path: "ITEM", detail: "Failed to deserialize ITEM 'pants_army': invalid type: floating point `0.25`, expected u32" }, JsonParse { path: "ITEM", detail: "Failed to deserialize ITEM 'xl_legguard_metal_sheets': invalid type: floating point `1.5`, expected u32" }, JsonParse { path: "ITEM", detail: "Failed to deserialize ITEM 'cutlass_fake': invalid type: map, expected a string" }, JsonParse { path: "ITEM", detail: "Failed to deserialize ITEM 'canteen_pouch': invalid type: floating point `0.5`, expected u32" }, JsonParse { path: "ITEM", detail: "Failed to deserialize ITEM 'patchwork_scarf': invalid type: floating point `0.3`, expected u32" }, JsonParse { path: "ITEM", detail: "Failed to deserialize ITEM 'waist_apron_short_xl': invalid type: floating point `1.5`, expected u32" }, JsonParse { path: "ITEM", detail: "Failed to deserialize ITEM 'fake_char_smoker': invalid type: map, expected a sequence" }, JsonParse { path: "ITEM", detail: "Failed to deserialize ITEM 'ruger30': invalid type: sequence, expected a string" }, JsonParse { path: "ITEM", detail: "Failed to deserialize ITEM 'thermal_gloves_on': invalid type: floating point `0.3`, expected u32" }, JsonParse { path: "ITEM", detail: "Failed to deserialize ITEM 'pumpkin_mask': invalid type: floating point `0.5`, expected u32" }, JsonParse { path: "ITEM", detail: "Failed to deserialize ITEM 'saw': invalid value: integer `-90`, expected u32" }, JsonParse { path: "ITEM", detail: "Failed to deserialize ITEM 'sandwich_sauce': invalid type: floating point `154.0`, expected u32" }, JsonParse { path: "ITEM", detail: "Failed to deserialize ITEM 'lc_kilij': invalid type: map, expected a string" }, JsonParse { path: "ITEM", detail: "Failed to deserialize ITEM 'a180mag4': invalid type: sequence, expected a string" }, JsonParse { path: "ITEM", detail: "Failed to deserialize ITEM 'ch_legguard_metal_sheets_hip': invalid type: floating point `1.5`, expected u32" }, JsonParse { path: "ITEM", detail: "Failed to deserialize ITEM 'peridot_silver_pendant_necklace': invalid type: map, expected a string" }, JsonParse { path: "ITEM", detail: "Failed to deserialize ITEM 'p226mag_10rd_9x19mm': invalid type: sequence, expected a string" }, JsonParse { path: "ITEM", detail: "Failed to deserialize ITEM 'ch_kukri': invalid type: map, expected a string" }, JsonParse { path: "ITEM", detail: "Failed to deserialize ITEM 'a180mag': invalid type: sequence, expected a string" }, JsonParse { path: "ITEM", detail: "Failed to deserialize ITEM 'candle_small_lit': invalid type: map, expected a sequence" }, JsonParse { path: "ITEM", detail: "Failed to deserialize ITEM 'cloak_denim': invalid type: floating point `1.1`, expected u32" }, JsonParse { path: "ITEM", detail: "Failed to deserialize ITEM 'm26_mass_mag_3': invalid type: sequence, expected a string" }, JsonParse { path: "ITEM", detail: "Failed to deserialize ITEM 'saiga30mag': invalid type: sequence, expected a string" }, JsonParse { path: "ITEM", detail: "Failed to deserialize ITEM 'tinyweldtank': invalid type: sequence, expected a string" }, JsonParse { path: "ITEM", detail: "Failed to deserialize ITEM 'citrine_silver_ring': invalid type: map, expected a string" }, JsonParse { path: "ITEM", detail: "Failed to deserialize ITEM 'fire_piston': invalid type: map, expected a sequence" }, JsonParse { path: "ITEM", detail: "Failed to deserialize ITEM 'glass_bowl': missing field `pocket_type`" }, JsonParse { path: "ITEM", detail: "Failed to deserialize ITEM 'coin_wrapper': missing field `pocket_type`" }, JsonParse { path: "ITEM", detail: "Failed to deserialize ITEM 'airspeargun': invalid type: map, expected a string" }, JsonParse { path: "ITEM", detail: "Failed to deserialize ITEM 'smart_watch_music': invalid type: map, expected a string" }, JsonParse { path: "ITEM", detail: "Failed to deserialize ITEM 'robofac_robotrig': missing field `pocket_type`" }, JsonParse { path: "ITEM", detail: "Failed to deserialize ITEM 'fake_char_kiln': invalid type: map, expected a sequence" }, JsonParse { path: "ITEM", detail: "Failed to deserialize ITEM 'hc_cavalry_sabre': invalid type: map, expected a string" }, JsonParse { path: "ITEM", detail: "Failed to deserialize ITEM 'marlin_tubeloader': invalid type: sequence, expected a string" }, JsonParse { path: "ITEM", detail: "Failed to deserialize ITEM 'ch_kriegsmesser': invalid type: map, expected a string" }, JsonParse { path: "ITEM", detail: "Failed to deserialize ITEM 'ruby_platinum_cufflinks': invalid type: map, expected a string" }, JsonParse { path: "ITEM", detail: "Failed to deserialize ITEM 'opal_gold_ring': invalid type: map, expected a string" }, JsonParse { path: "ITEM", detail: "Failed to deserialize ITEM 'qt_kriegsmesser': invalid type: map, expected a string" }, JsonParse { path: "ITEM", detail: "Failed to deserialize ITEM 'handflare_lit': invalid type: map, expected a sequence" }, JsonParse { path: "ITEM", detail: "Failed to deserialize ITEM 'notched_plank': invalid type: map, expected a sequence" }, JsonParse { path: "ITEM", detail: "Failed to deserialize ITEM 'xl_lc_knee_guards': invalid type: floating point `1.2`, expected u32" }, JsonParse { path: "ITEM", detail: "Failed to deserialize ITEM 'pearl_gold_ring': invalid type: map, expected a string" }, JsonParse { path: "ITEM", detail: "Failed to deserialize ITEM 'onyx_gold_bracelet': invalid type: map, expected a string" }, JsonParse { path: "ITEM", detail: "Failed to deserialize ITEM 'masterkey_mod': invalid type: map, expected a sequence" }, JsonParse { path: "ITEM", detail: "Failed to deserialize ITEM 'lc_knife_trench': invalid type: map, expected a string" }, JsonParse { path: "ITEM", detail: "Failed to deserialize ITEM 'broadsword': invalid type: map, expected a string" }, JsonParse { path: "ITEM", detail: "Failed to deserialize ITEM 'gasfilter_med': invalid type: sequence, expected a string" }, JsonParse { path: "ITEM", detail: "Failed to deserialize ITEM 'pot_aluminum': missing field `pocket_type`" }, JsonParse { path: "ITEM", detail: "Failed to deserialize ITEM 'longsword_fake': invalid type: map, expected a string" }, JsonParse { path: "ITEM", detail: "Failed to deserialize ITEM 'mp3_reverberation': invalid type: map, expected a string" }, JsonParse { path: "ITEM", detail: "Failed to deserialize ITEM 'lc_talwar': invalid type: map, expected a string" }, JsonParse { path: "ITEM", detail: "Failed to deserialize ITEM 'pants_leather': invalid type: floating point `0.75`, expected u32" }, JsonParse { path: "ITEM", detail: "Failed to deserialize ITEM 'hacksaw': invalid value: integer `-90`, expected u32" }, JsonParse { path: "ITEM", detail: "Failed to deserialize ITEM 'smart_lamp_on': invalid type: map, expected a sequence" }, JsonParse { path: "ITEM", detail: "Failed to deserialize ITEM 'bikini_bottom_short': invalid type: floating point `0.01`, expected u32" }, JsonParse { path: "ITEM", detail: "Failed to deserialize ITEM 'blue_topaz_gold_bracelet': invalid type: map, expected a string" }, JsonParse { path: "ITEM", detail: "Failed to deserialize ITEM 'cutlass': invalid type: map, expected a string" }, JsonParse { path: "ITEM", detail: "Failed to deserialize ITEM 'art_cloak': invalid type: floating point `0.4`, expected u32" }, JsonParse { path: "ITEM", detail: "Failed to deserialize ITEM 'motorbike_boots': invalid type: floating point `2.5`, expected u32" }, JsonParse { path: "ITEM", detail: "Failed to deserialize ITEM 'xsboxer_briefs': invalid type: floating point `0.1`, expected u32" }, JsonParse { path: "ITEM", detail: "Failed to deserialize ITEM 'qt_knife_rambo': invalid type: map, expected a string" }, JsonParse { path: "ITEM", detail: "Failed to deserialize ITEM 'pearl_silver_cufflinks': invalid type: map, expected a string" }, JsonParse { path: "ITEM", detail: "Failed to deserialize ITEM 'combination_gun': invalid type: map, expected a sequence" }, JsonParse { path: "ITEM", detail: "Failed to deserialize ITEM 'ar10mag_50rd': invalid type: sequence, expected a string" }, JsonParse { path: "ITEM", detail: "Failed to deserialize ITEM 'robofac_lens_helmet_pat': invalid type: map, expected a string" }, JsonParse { path: "ITEM", detail: "Failed to deserialize ITEM 'winchester_94_3030': invalid type: map, expected a sequence" }, JsonParse { path: "ITEM", detail: "Failed to deserialize ITEM 'smallweldtank': invalid type: sequence, expected a string" }, JsonParse { path: "ITEM", detail: "Failed to deserialize ITEM 'ruby_silver_bracelet': invalid type: map, expected a string" }, JsonParse { path: "MONSTER", detail: "Failed to deserialize MONSTER 'mon_turret_riot': data did not match any variant of untagged enum SpecialAttack" }, JsonParse { path: "MONSTER", detail: "Failed to deserialize MONSTER 'mon_mutant_carp': invalid type: map, expected a sequence" }, JsonParse { path: "MONSTER", detail: "Failed to deserialize MONSTER 'mon_grasshopper_giant': invalid value: integer `-10`, expected u32" }, JsonParse { path: "MONSTER", detail: "Failed to deserialize MONSTER 'mon_grasshopper_small': invalid value: integer `-10`, expected u32" }, JsonParse { path: "MONSTER", detail: "Failed to deserialize MONSTER 'mon_generic_chick': invalid value: integer `-99`, expected u32" }, JsonParse { path: "MONSTER", detail: "Failed to deserialize MONSTER 'mon_chicken_chick': invalid value: integer `-99`, expected u32" }, JsonParse { path: "MONSTER", detail: "Failed to deserialize MONSTER 'mon_guinea_fowl_chick': invalid value: integer `-99`, expected u32" }, JsonParse { path: "MONSTER", detail: "Failed to deserialize MONSTER 'mon_raccoon': invalid value: integer `-10`, expected u32" }, JsonParse { path: "MONSTER", detail: "Failed to deserialize MONSTER 'mon_halloween_ghost': invalid value: integer `-99`, expected u32" }, JsonParse { path: "MONSTER", detail: "Failed to deserialize MONSTER 'mon_feral_human_pipe': invalid type: map, expected a sequence" }, JsonParse { path: "MONSTER", detail: "Failed to deserialize MONSTER 'mon_feral_human_pipe_fungal_infected': invalid type: map, expected a sequence" }, JsonParse { path: "MONSTER", detail: "Failed to deserialize MONSTER 'mon_turtle_abstract': invalid type: map, expected a sequence" }, JsonParse { path: "MONSTER", detail: "Failed to deserialize MONSTER 'mon_archunk_weak': data did not match any variant of untagged enum SpecialAttack" }, JsonParse { path: "MONSTER", detail: "Failed to deserialize MONSTER 'mon_archunk_strong': data did not match any variant of untagged enum SpecialAttack" }, JsonParse { path: "MONSTER", detail: "Failed to deserialize MONSTER 'mon_mantis_giant': invalid type: floating point `10.0`, expected i32" }, JsonParse { path: "MONSTER", detail: "Failed to deserialize MONSTER 'mon_mantis_mega': invalid type: floating point `360.0`, expected u32" }, JsonParse { path: "MONSTER", detail: "Failed to deserialize MONSTER 'mon_tadpole_grabber': data did not match any variant of untagged enum SpecialAttack" }, JsonParse { path: "MONSTER", detail: "Failed to deserialize MONSTER 'mon_zombie_base': missing field `id`" }, JsonParse { path: "MONSTER", detail: "Failed to deserialize MONSTER 'mon_fly': invalid value: integer `-50`, expected u32" }, JsonParse { path: "MONSTER", detail: "Failed to deserialize MONSTER 'mon_zombie_hulk': invalid type: boolean `false`, expected struct UpgradeInfo" }, JsonParse { path: "MONSTER", detail: "Failed to deserialize MONSTER 'mon_hulk_pupa_decoy': invalid type: boolean `false`, expected struct UpgradeInfo" }, JsonParse { path: "MONSTER", detail: "Failed to deserialize MONSTER 'mon_hulk_pupa': data did not match any variant of untagged enum SpecialAttack" }, JsonParse { path: "MONSTER", detail: "Failed to deserialize MONSTER 'mon_proxy_tadpole': invalid value: integer `-60`, expected u32" }, JsonParse { path: "MONSTER", detail: "Failed to deserialize MONSTER 'mon_bullfrog_tadpole': invalid value: integer `-60`, expected u32" }, JsonParse { path: "MONSTER", detail: "Failed to deserialize MONSTER 'mon_fry': invalid value: integer `-60`, expected u32" }, JsonParse { path: "MONSTER", detail: "Failed to deserialize MONSTER 'mon_fry_pickerel_american': invalid value: integer `-60`, expected u32" }, JsonParse { path: "MONSTER", detail: "Failed to deserialize MONSTER 'mon_hound_tindalos': data did not match any variant of untagged enum SpecialAttack" }, JsonParse { path: "MONSTER", detail: "Failed to deserialize MONSTER 'mon_cat': invalid value: integer `-99`, expected u32" }, JsonParse { path: "MONSTER", detail: "Failed to deserialize MONSTER 'mon_cat_isherwood': invalid value: integer `-99`, expected u32" }, JsonParse { path: "MONSTER", detail: "Failed to deserialize MONSTER 'mon_void_spider_spiderling': invalid type: floating point `2.0`, expected u32" }, JsonParse { path: "MONSTER", detail: "Failed to deserialize MONSTER 'mon_bird_flying_base': invalid value: integer `-99`, expected u32" }, JsonParse { path: "MONSTER", detail: "Failed to deserialize MONSTER 'mon_bird_water_base': invalid value: integer `-99`, expected u32" }, JsonParse { path: "MONSTER", detail: "Failed to deserialize MONSTER 'mon_cormorant': invalid value: integer `-99`, expected u32" }, JsonParse { path: "MONSTER", detail: "Failed to deserialize MONSTER 'mon_larva_abstract': invalid value: integer `-99`, expected u32" }, JsonParse { path: "MONSTER", detail: "Failed to deserialize MONSTER 'mon_crayfish_giant_larva': invalid value: integer `-99`, expected u32" }, JsonParse { path: "MONSTER", detail: "Failed to deserialize MONSTER 'mon_slug_small': invalid type: floating point `76.0`, expected u32" }, JsonParse { path: "MONSTER", detail: "Failed to deserialize MONSTER 'mon_snake_abstract': invalid type: map, expected a sequence" }, JsonParse { path: "MONSTER", detail: "Failed to deserialize MONSTER 'mon_snakelet_abstract': invalid value: integer `-35`, expected u32" }, JsonParse { path: "MONSTER", detail: "Failed to deserialize MONSTER 'mon_wormsnake_baby': invalid value: integer `-35`, expected u32" }, JsonParse { path: "MONSTER", detail: "Failed to deserialize MONSTER 'mon_zombie_necro': invalid type: boolean `false`, expected struct UpgradeInfo" }, JsonParse { path: "MONSTER", detail: "Failed to deserialize MONSTER 'mon_skeleton_necro': invalid type: boolean `false`, expected struct UpgradeInfo" }, JsonParse { path: "MONSTER", detail: "Failed to deserialize MONSTER 'mon_starer_pipe': invalid type: map, expected a sequence" }, JsonParse { path: "MONSTER", detail: "Failed to deserialize MONSTER 'mon_chud': invalid type: map, expected a sequence" }, JsonParse { path: "MONSTER", detail: "Failed to deserialize MONSTER 'mon_zougar': data did not match any variant of untagged enum SpecialAttack" }, JsonParse { path: "MONSTER", detail: "Failed to deserialize MONSTER 'mon_zougar_shady': data did not match any variant of untagged enum SpecialAttack" }, JsonParse { path: "MONSTER", detail: "Failed to deserialize MONSTER 'mon_mi_go_guard': data did not match any variant of untagged enum SpecialAttack" }, JsonParse { path: "MONSTER", detail: "Failed to deserialize MONSTER 'mon_zombie_tough_fungalize': invalid type: floating point `25.5`, expected u32" }, JsonParse { path: "MONSTER", detail: "Failed to deserialize MONSTER 'mon_zombie_hulk_dusted': invalid type: floating point `78.0`, expected u32" }, JsonParse { path: "MONSTER", detail: "Failed to deserialize MONSTER 'mon_dog': invalid value: integer `-10`, expected u32" }, JsonParse { path: "MONSTER", detail: "Failed to deserialize MONSTER 'mon_dog_pup': invalid value: integer `-13`, expected u32" }, JsonParse { path: "MONSTER", detail: "Failed to deserialize MONSTER 'mon_dog_samoyed_pup': invalid value: integer `-30`, expected u32" }, JsonParse { path: "MONSTER", detail: "Failed to deserialize MONSTER 'mon_ant_larva': invalid value: integer `-1`, expected u32" }, JsonParse { path: "MONSTER", detail: "Failed to deserialize MONSTER 'mon_spider_jumping_giant': invalid value: integer `-20`, expected u32" }, JsonParse { path: "MONSTER", detail: "Failed to deserialize MONSTER 'mon_ant': invalid type: map, expected a sequence" }, JsonParse { path: "MONSTER", detail: "Failed to deserialize MONSTER 'mon_fish_medium': invalid value: integer `-60`, expected u32" }, JsonParse { path: "MONSTER", detail: "Failed to deserialize MONSTER 'mon_fish_kokanee_salmon': invalid value: integer `-60`, expected u32" }, JsonParse { path: "MONSTER", detail: "Failed to deserialize MONSTER 'mon_turret_bmg': data did not match any variant of untagged enum SpecialAttack" }, JsonParse { path: "MONSTER", detail: "Failed to deserialize MONSTER 'mon_yrax_quadraphract': invalid type: map, expected a sequence" }, JsonParse { path: "MONSTER", detail: "Failed to deserialize MONSTER 'mon_ant_acid_queen': invalid type: map, expected a sequence" }, JsonParse { path: "MONSTER", detail: "Failed to deserialize MONSTER 'mon_dog_rottweiler_pup': invalid value: integer `-11`, expected u32" }, JsonParse { path: "MONSTER", detail: "Failed to deserialize MONSTER 'mon_zombie_fiend': invalid type: boolean `false`, expected struct UpgradeInfo" }, JsonParse { path: "MONSTER", detail: "Failed to deserialize MONSTER 'mon_mole_cricket_nymph': invalid value: integer `-99`, expected u32" }, JsonParse { path: "MONSTER", detail: "Failed to deserialize MONSTER 'mon_mole_cricket': invalid value: integer `-10`, expected u32" }, JsonParse { path: "MONSTER", detail: "Failed to deserialize MONSTER 'mon_proxy_frog_zombie': data did not match any variant of untagged enum SpecialAttack" }, JsonParse { path: "MONSTER", detail: "Failed to deserialize MONSTER 'mon_frog_smoker_hulk': data did not match any variant of untagged enum SpecialAttack" }, JsonParse { path: "MONSTER", detail: "Failed to deserialize MONSTER 'mon_eigenspectre_3_echo': data did not match any variant of untagged enum SpecialAttack" }, JsonParse { path: "MONSTER", detail: "Failed to deserialize MONSTER 'mon_amalgamation_abstract_small': missing field `id`" }, JsonParse { path: "MONSTER", detail: "Failed to deserialize MONSTER 'mon_amalgamation_abstract_med': missing field `id`" }, JsonParse { path: "MONSTER", detail: "Failed to deserialize MONSTER 'mon_ant_acid': invalid type: map, expected a sequence" }, JsonParse { path: "MONSTER", detail: "Failed to deserialize MONSTER 'mon_ant_acid_small': invalid type: floating point `30.0`, expected u32" }, JsonParse { path: "MONSTER", detail: "Failed to deserialize MONSTER 'mon_halo_tangle': data did not match any variant of untagged enum SpecialAttack" }, JsonParse { path: "MONSTER", detail: "Failed to deserialize MONSTER 'mon_woodlouse_manca': invalid value: integer `-99`, expected u32" }, JsonParse { path: "MONSTER", detail: "Failed to deserialize MONSTER 'mon_spider_trapdoor_s': invalid value: integer `-99`, expected u32" }, JsonParse { path: "MONSTER", detail: "Failed to deserialize MONSTER 'mon_lab_ratkin': invalid value: integer `-15`, expected u32" }, JsonParse { path: "MONSTER", detail: "Failed to deserialize MONSTER 'mon_fish_tiny': invalid value: integer `-60`, expected u32" }, JsonParse { path: "MONSTER", detail: "Failed to deserialize MONSTER 'mon_fish_porgy': invalid value: integer `-60`, expected u32" }, JsonParse { path: "MONSTER", detail: "Failed to deserialize MONSTER 'mon_cat_kitten': invalid value: integer `-99`, expected u32" }, JsonParse { path: "MONSTER", detail: "Failed to deserialize MONSTER 'mon_cat_calico_kitten': invalid value: integer `-99`, expected u32" }, JsonParse { path: "MONSTER", detail: "Failed to deserialize MONSTER 'mon_zllama': data did not match any variant of untagged enum SpecialAttack" }, JsonParse { path: "MONSTER", detail: "Failed to deserialize MONSTER 'mon_worm': invalid value: integer `-60`, expected u32" }, JsonParse { path: "MONSTER", detail: "Failed to deserialize MONSTER 'mon_cow_calf': invalid value: integer `-70`, expected u32" }, JsonParse { path: "MONSTER", detail: "Failed to deserialize MONSTER 'mon_dog': invalid value: integer `-10`, expected u32" }, JsonParse { path: "MONSTER", detail: "Failed to deserialize MONSTER 'mon_dog_dachshund': invalid value: integer `-4`, expected u32" }, JsonParse { path: "MONSTER", detail: "Failed to deserialize MONSTER 'mon_leech_stalk': data did not match any variant of untagged enum SpecialAttack" }, JsonParse { path: "MONSTER", detail: "Failed to deserialize MONSTER 'mon_fry_lake_trout': invalid value: integer `-60`, expected u32" }, JsonParse { path: "MONSTER", detail: "Failed to deserialize MONSTER 'mon_cabin_tunnel_shadow': invalid value: integer `-20`, expected u32" }, JsonParse { path: "MONSTER", detail: "Failed to deserialize MONSTER 'mon_fry_sunfish': invalid value: integer `-60`, expected u32" }, JsonParse { path: "MONSTER", detail: "Failed to deserialize MONSTER 'mon_generic_chick_tiny': invalid value: integer `-99`, expected u32" }, JsonParse { path: "MONSTER", detail: "Failed to deserialize MONSTER 'mon_bluejay_chick': invalid value: integer `-99`, expected u32" }, JsonParse { path: "MONSTER", detail: "Failed to deserialize MONSTER 'mon_fry_rock_bass': invalid value: integer `-60`, expected u32" }, JsonParse { path: "MONSTER", detail: "Failed to deserialize MONSTER 'mon_zombtreefrog': data did not match any variant of untagged enum SpecialAttack" }, JsonParse { path: "MONSTER", detail: "Failed to deserialize MONSTER 'mon_mi_go_scout': data did not match any variant of untagged enum SpecialAttack" }, JsonParse { path: "MONSTER", detail: "Failed to deserialize MONSTER 'mon_smoker_brute': invalid type: boolean `false`, expected struct UpgradeInfo" }, JsonParse { path: "MONSTER", detail: "Failed to deserialize MONSTER 'mon_feral_prepper_mace': invalid type: map, expected a sequence" }, JsonParse { path: "MONSTER", detail: "Failed to deserialize MONSTER 'mon_feral_prepper_knife': invalid type: map, expected a sequence" }, JsonParse { path: "MONSTER", detail: "Failed to deserialize MONSTER 'mon_fungaloid': invalid value: integer `-50`, expected u32" }, JsonParse { path: "MONSTER", detail: "Failed to deserialize MONSTER 'mon_fungaloid_shambler': invalid value: integer `-50`, expected u32" }, JsonParse { path: "MONSTER", detail: "Failed to deserialize MONSTER 'mon_wormsnake': invalid type: map, expected a sequence" }, JsonParse { path: "MONSTER", detail: "Failed to deserialize MONSTER 'mon_fish_flounder': invalid value: integer `-60`, expected u32" }, JsonParse { path: "MONSTER", detail: "Failed to deserialize MONSTER 'mon_caterpillar_butterfly': invalid value: integer `-99`, expected u32" }, JsonParse { path: "MONSTER", detail: "Failed to deserialize MONSTER 'mon_rabbit_base': invalid value: integer `-99`, expected u32" }, JsonParse { path: "MONSTER", detail: "Failed to deserialize MONSTER 'mon_rabbit_baby_base': invalid value: integer `-99`, expected u32" }, JsonParse { path: "MONSTER", detail: "Failed to deserialize MONSTER 'mon_fish_mackerel': invalid value: integer `-60`, expected u32" }, JsonParse { path: "MONSTER", detail: "Failed to deserialize MONSTER 'mon_fry_cod': invalid value: integer `-60`, expected u32" }, JsonParse { path: "MONSTER", detail: "Failed to deserialize MONSTER 'mon_zoose': data did not match any variant of untagged enum SpecialAttack" }, JsonParse { path: "MONSTER", detail: "Failed to deserialize MONSTER 'mon_zoose_thorny': data did not match any variant of untagged enum SpecialAttack" }, JsonParse { path: "MONSTER", detail: "Failed to deserialize MONSTER 'mon_proxy_bigtad': invalid value: integer `-40`, expected u32" }, JsonParse { path: "MONSTER", detail: "Failed to deserialize MONSTER 'mon_odd_bigtad': invalid value: integer `-40`, expected u32" }, JsonParse { path: "MONSTER", detail: "Failed to deserialize MONSTER 'mon_zombie_inner_cabins_grue': invalid type: boolean `false`, expected struct UpgradeInfo" }, JsonParse { path: "MONSTER", detail: "Failed to deserialize MONSTER 'mon_labyrinth_turret_1_2': data did not match any variant of untagged enum SpecialAttack" }, JsonParse { path: "MONSTER", detail: "Failed to deserialize MONSTER 'mon_spider_web': invalid type: map, expected a sequence" }, JsonParse { path: "MONSTER", detail: "Failed to deserialize MONSTER 'mon_zombear_acidic': invalid type: boolean `false`, expected struct UpgradeInfo" }, JsonParse { path: "MONSTER", detail: "Failed to deserialize MONSTER 'mon_octupus_stalker': invalid type: map, expected a sequence" }, JsonParse { path: "MONSTER", detail: "Failed to deserialize MONSTER 'mon_kraken_guard': invalid type: map, expected a sequence" }, JsonParse { path: "MONSTER", detail: "Failed to deserialize MONSTER 'mon_kraken_queen': invalid type: map, expected a sequence" }, JsonParse { path: "MONSTER", detail: "Failed to deserialize MONSTER 'mon_sludge_crawler': invalid type: map, expected a sequence" }, JsonParse { path: "MONSTER", detail: "Failed to deserialize MONSTER 'mon_fish_pickerel_american': invalid value: integer `-60`, expected u32" }, JsonParse { path: "MONSTER", detail: "Failed to deserialize MONSTER 'mon_zombie_strider': data did not match any variant of untagged enum SpecialAttack" }, JsonParse { path: "MONSTER", detail: "Failed to deserialize MONSTER 'mon_dog_boxer_pup': invalid value: integer `-12`, expected u32" }, JsonParse { path: "MONSTER", detail: "Failed to deserialize MONSTER 'mon_proxy_frog': invalid type: map, expected a sequence" }, JsonParse { path: "MONSTER", detail: "Failed to deserialize MONSTER 'mon_mink_frog': invalid type: map, expected a sequence" }, JsonParse { path: "MONSTER", detail: "Failed to deserialize MONSTER 'mon_tail_frog': invalid type: map, expected a sequence" }, JsonParse { path: "MONSTER", detail: "Failed to deserialize MONSTER 'mon_exodii_worker': invalid value: integer `-20`, expected u32" }, JsonParse { path: "MONSTER", detail: "Failed to deserialize MONSTER 'mon_zombie_pig': data did not match any variant of untagged enum SpecialAttack" }, JsonParse { path: "MONSTER", detail: "Failed to deserialize MONSTER 'mon_zombie_pig_gas': invalid type: boolean `false`, expected struct UpgradeInfo" }, JsonParse { path: "MONSTER", detail: "Failed to deserialize MONSTER 'mon_feral_marine_bayonet': invalid type: map, expected a sequence" }, JsonParse { path: "MONSTER", detail: "Failed to deserialize MONSTER 'mon_bullfrog_frog': invalid type: map, expected a sequence" }, JsonParse { path: "MONSTER", detail: "Failed to deserialize MONSTER 'mon_spider_web_small': invalid type: floating point `20.0`, expected u32" }, JsonParse { path: "MONSTER", detail: "Failed to deserialize MONSTER 'mon_fry_warmouth': invalid value: integer `-60`, expected u32" }, JsonParse { path: "MONSTER", detail: "Failed to deserialize MONSTER 'mon_fry_pike': invalid value: integer `-60`, expected u32" }, JsonParse { path: "MONSTER", detail: "Failed to deserialize MONSTER 'mon_zombie_horse_pale': invalid type: boolean `false`, expected struct UpgradeInfo" }, JsonParse { path: "MONSTER", detail: "Failed to deserialize MONSTER 'mon_fry_pickerel': invalid value: integer `-60`, expected u32" }, JsonParse { path: "MONSTER", detail: "Failed to deserialize MONSTER 'mon_deer_fawn': invalid value: integer `-99`, expected u32" }, JsonParse { path: "MONSTER", detail: "Failed to deserialize MONSTER 'mon_hare': invalid value: integer `-99`, expected u32" }, JsonParse { path: "MONSTER", detail: "Failed to deserialize MONSTER 'mon_giant_crayfish': invalid type: map, expected a sequence" }, JsonParse { path: "MONSTER", detail: "Failed to deserialize MONSTER 'mon_crayfish_mega': invalid type: floating point `1.0`, expected u32" }, JsonParse { path: "MONSTER", detail: "Failed to deserialize MONSTER 'mon_ant_queen': invalid type: map, expected a sequence" }, JsonParse { path: "MONSTER", detail: "Failed to deserialize MONSTER 'mon_centipede_larva': invalid value: integer `-10`, expected u32" }, JsonParse { path: "MONSTER", detail: "Failed to deserialize MONSTER 'mon_aphid': invalid value: integer `-90`, expected u32" }, JsonParse { path: "MONSTER", detail: "Failed to deserialize MONSTER 'mon_aphid_small': invalid value: integer `-90`, expected u32" }, JsonParse { path: "MONSTER", detail: "Failed to deserialize MONSTER 'mon_zombie_hunter': invalid type: map, expected a sequence" }, JsonParse { path: "MONSTER", detail: "Failed to deserialize MONSTER 'mon_shift_bigtad': invalid value: integer `-40`, expected u32" }, JsonParse { path: "MONSTER", detail: "Failed to deserialize MONSTER 'mon_duck': invalid value: integer `-99`, expected u32" }, JsonParse { path: "MONSTER", detail: "Failed to deserialize MONSTER 'mon_fish_large': invalid value: integer `-60`, expected u32" }, JsonParse { path: "MONSTER", detail: "Failed to deserialize MONSTER 'mon_fish_rainbow_trout': invalid value: integer `-60`, expected u32" }, JsonParse { path: "MONSTER", detail: "Failed to deserialize MONSTER 'mon_proxy_giganfrog': invalid type: map, expected a sequence" }, JsonParse { path: "MONSTER", detail: "Failed to deserialize MONSTER 'mon_odd_giganfrog': invalid type: map, expected a sequence" }, JsonParse { path: "MONSTER", detail: "Failed to deserialize MONSTER 'mon_fry_perch': invalid value: integer `-60`, expected u32" }, JsonParse { path: "MONSTER", detail: "Failed to deserialize MONSTER 'mon_zombie_smoker_dusted': invalid type: floating point `66.0`, expected u32" }, JsonParse { path: "MONSTER", detail: "Failed to deserialize MONSTER 'mon_ant_soldier': invalid type: map, expected a sequence" }, JsonParse { path: "MONSTER", detail: "Failed to deserialize MONSTER 'mon_ant_soldier_mega': invalid type: floating point `1.0`, expected u32" }, JsonParse { path: "MONSTER", detail: "Failed to deserialize MONSTER 'mon_zombie_runner_fungal': invalid type: floating point `60.0`, expected u32" }, JsonParse { path: "MONSTER", detail: "Failed to deserialize MONSTER 'mon_zombullfrog': data did not match any variant of untagged enum SpecialAttack" }, JsonParse { path: "MONSTER", detail: "Failed to deserialize MONSTER 'mon_zombie_urchin': invalid type: boolean `false`, expected struct UpgradeInfo" }, JsonParse { path: "MONSTER", detail: "Failed to deserialize MONSTER 'mon_water_scorpion': invalid type: map, expected a sequence" }, JsonParse { path: "MONSTER", detail: "Failed to deserialize MONSTER 'mon_water_scorpion_larva': invalid type: floating point `22.5`, expected u32" }, JsonParse { path: "MONSTER", detail: "Failed to deserialize MONSTER 'mon_feral_maid_broom': invalid type: map, expected a sequence" }, JsonParse { path: "MONSTER", detail: "Failed to deserialize MONSTER 'mon_feral_maid_knife': invalid type: map, expected a sequence" }, JsonParse { path: "MONSTER", detail: "Failed to deserialize MONSTER 'mon_hallucinator': data did not match any variant of untagged enum SpecialAttack" }, JsonParse { path: "MONSTER", detail: "Failed to deserialize MONSTER 'mon_spider_jumping_small': invalid value: integer `-20`, expected u32" }, JsonParse { path: "MONSTER", detail: "Failed to deserialize MONSTER 'mon_pattern_bigtad': invalid value: integer `-40`, expected u32" }, JsonParse { path: "MONSTER", detail: "Failed to deserialize MONSTER 'mon_zombie_military_pilot': invalid type: boolean `false`, expected struct UpgradeInfo" }, JsonParse { path: "MONSTER", detail: "Failed to deserialize MONSTER 'mon_zombie_fat_dusted': invalid type: floating point `33.0`, expected u32" }, JsonParse { path: "MONSTER", detail: "Failed to deserialize MONSTER 'mon_big_rat': invalid type: map, expected a sequence" }, JsonParse { path: "MONSTER", detail: "Failed to deserialize MONSTER 'mon_pack_rat': invalid type: map, expected a sequence" }, JsonParse { path: "MONSTER", detail: "Failed to deserialize MONSTER 'mon_fry_kokanee_salmon': invalid value: integer `-60`, expected u32" }, JsonParse { path: "MONSTER", detail: "Failed to deserialize MONSTER 'mon_deer_mutant_spider': invalid value: integer `-99`, expected u32" }, JsonParse { path: "MONSTER", detail: "Failed to deserialize MONSTER 'mon_black_rat': invalid value: integer `-5`, expected u32" }, JsonParse { path: "MONSTER", detail: "Failed to deserialize MONSTER 'mon_black_ratkin': invalid value: integer `-5`, expected u32" }, JsonParse { path: "MONSTER", detail: "Failed to deserialize MONSTER 'mon_zombie_scissorlimbs': invalid type: map, expected a sequence" }, JsonParse { path: "MONSTER", detail: "Failed to deserialize MONSTER 'mon_gastro_bufo': data did not match any variant of untagged enum SpecialAttack" }, JsonParse { path: "MONSTER", detail: "Failed to deserialize MONSTER 'mon_secubot_america': data did not match any variant of untagged enum SpecialAttack" }, JsonParse { path: "MONSTER", detail: "Failed to deserialize MONSTER 'mon_fry_brown_trout': invalid value: integer `-60`, expected u32" }, JsonParse { path: "MONSTER", detail: "Failed to deserialize MONSTER 'mon_fish_small': invalid value: integer `-60`, expected u32" }, JsonParse { path: "MONSTER", detail: "Failed to deserialize MONSTER 'mon_blood_sacrifice': data did not match any variant of untagged enum SpecialAttack" }, JsonParse { path: "MONSTER", detail: "Failed to deserialize MONSTER 'mon_dog_beagle': invalid value: integer `-10`, expected u32" }, JsonParse { path: "MONSTER", detail: "Failed to deserialize MONSTER 'mon_cat_tabby_kitten': invalid value: integer `-99`, expected u32" }, JsonParse { path: "MONSTER", detail: "Failed to deserialize MONSTER 'mon_fish_sturgeon_lake': invalid value: integer `-60`, expected u32" }, JsonParse { path: "MONSTER", detail: "Failed to deserialize MONSTER 'mon_dragonfly_giant': data did not match any variant of untagged enum SpecialAttack" }, JsonParse { path: "MONSTER", detail: "Failed to deserialize MONSTER 'base_drone': missing field `id`" }, JsonParse { path: "MONSTER", detail: "Failed to deserialize MONSTER 'mon_zombie_dog_fungus': invalid type: floating point `27.0`, expected u32" }, JsonParse { path: "MONSTER", detail: "Failed to deserialize MONSTER 'mon_zoose_brute': data did not match any variant of untagged enum SpecialAttack" }, JsonParse { path: "MONSTER", detail: "Failed to deserialize MONSTER 'mon_cat_maine_coon': invalid value: integer `-99`, expected u32" }, JsonParse { path: "MONSTER", detail: "Failed to deserialize MONSTER 'mon_shadow': invalid value: integer `-25`, expected u32" }, JsonParse { path: "MONSTER", detail: "Failed to deserialize MONSTER 'mon_fish_lake_trout': invalid value: integer `-60`, expected u32" }, JsonParse { path: "MONSTER", detail: "Failed to deserialize MONSTER 'mon_nether_huntsman': data did not match any variant of untagged enum SpecialAttack" }, JsonParse { path: "MONSTER", detail: "Failed to deserialize MONSTER 'mon_coyote_pup': invalid value: integer `-13`, expected u32" }, JsonParse { path: "MONSTER", detail: "Failed to deserialize MONSTER 'mon_coyote_pup_mutant_venom': invalid value: integer `-13`, expected u32" }, JsonParse { path: "MONSTER", detail: "Failed to deserialize MONSTER 'mon_generic_chick_water': invalid value: integer `-99`, expected u32" }, JsonParse { path: "MONSTER", detail: "Failed to deserialize MONSTER 'mon_cormorant_chick': invalid value: integer `-99`, expected u32" }, JsonParse { path: "MONSTER", detail: "Failed to deserialize MONSTER 'mon_fry_white_catfish': invalid value: integer `-60`, expected u32" }, JsonParse { path: "MONSTER", detail: "Failed to deserialize MONSTER 'mon_fish_rock_bass': invalid value: integer `-60`, expected u32" }, JsonParse { path: "MONSTER", detail: "Failed to deserialize MONSTER 'mon_skeleton_fungalize': invalid type: floating point `18.0`, expected u32" }, JsonParse { path: "MONSTER", detail: "Failed to deserialize MONSTER 'mon_robofac_camspy': invalid value: integer `-99`, expected u32" }, JsonParse { path: "MONSTER", detail: "Failed to deserialize MONSTER 'mon_zombie_nemesis': invalid type: boolean `false`, expected struct UpgradeInfo" }, JsonParse { path: "MONSTER", detail: "Failed to deserialize MONSTER 'mon_fry_pollock': invalid value: integer `-60`, expected u32" }, JsonParse { path: "MONSTER", detail: "Failed to deserialize MONSTER 'mon_bat': invalid value: integer `-25`, expected u32" }, JsonParse { path: "MONSTER", detail: "Failed to deserialize MONSTER 'mon_spider_web_mega': invalid type: floating point `1.0`, expected u32" }, JsonParse { path: "MONSTER", detail: "Failed to deserialize MONSTER 'mon_civilian_panic': invalid value: integer `-50`, expected u32" }, JsonParse { path: "MONSTER", detail: "Failed to deserialize MONSTER 'mon_civilian_stationary': invalid value: integer `-50`, expected u32" }, JsonParse { path: "MONSTER", detail: "Failed to deserialize MONSTER 'mon_mutant_salmon_huge': invalid type: map, expected a sequence" }, JsonParse { path: "MONSTER", detail: "Failed to deserialize MONSTER 'mon_spider_cellar_giant': invalid value: integer `-5`, expected u32" }, JsonParse { path: "MONSTER", detail: "Failed to deserialize MONSTER 'mon_pale_reflection': data did not match any variant of untagged enum SpecialAttack" }, JsonParse { path: "MONSTER", detail: "Failed to deserialize MONSTER 'mon_carrion_grub': invalid value: integer `-10`, expected u32" }, JsonParse { path: "MONSTER", detail: "Failed to deserialize MONSTER 'mon_void_spider_limb': invalid type: floating point `2.0`, expected u32" }, JsonParse { path: "MONSTER", detail: "Failed to deserialize MONSTER 'mon_fungal_raptor': invalid type: boolean `false`, expected struct UpgradeInfo" }, JsonParse { path: "MONSTER", detail: "Failed to deserialize MONSTER 'mon_zombie_sproglodyte': invalid type: map, expected a sequence" }, JsonParse { path: "MONSTER", detail: "Failed to deserialize MONSTER 'mon_fry_sturgeon_lake': invalid value: integer `-60`, expected u32" }, JsonParse { path: "MONSTER", detail: "Failed to deserialize MONSTER 'mon_yrax_quadraphract_leg': invalid type: map, expected a sequence" }, JsonParse { path: "MONSTER", detail: "Failed to deserialize MONSTER 'mon_zeer': data did not match any variant of untagged enum SpecialAttack" }, JsonParse { path: "MONSTER", detail: "Failed to deserialize MONSTER 'mon_feral_human_crowbar': invalid type: map, expected a sequence" }, JsonParse { path: "MONSTER", detail: "Failed to deserialize MONSTER 'mon_proxy_bigfrog': invalid value: integer `-10`, expected u32" }, JsonParse { path: "MONSTER", detail: "Failed to deserialize MONSTER 'mon_spider_web_s': invalid value: integer `-99`, expected u32" }, JsonParse { path: "MONSTER", detail: "Failed to deserialize MONSTER 'mon_frog_dad': data did not match any variant of untagged enum SpecialAttack" }, JsonParse { path: "MONSTER", detail: "Failed to deserialize MONSTER 'mon_centipede_house_larva': invalid value: integer `-99`, expected u32" }, JsonParse { path: "MONSTER", detail: "Failed to deserialize MONSTER 'mon_grouse': invalid value: integer `-99`, expected u32" }, JsonParse { path: "MONSTER", detail: "Failed to deserialize MONSTER 'mon_darkman': invalid value: integer `-25`, expected u32" }, JsonParse { path: "MONSTER", detail: "Failed to deserialize MONSTER 'mon_beekeeper': invalid type: boolean `false`, expected struct UpgradeInfo" }, JsonParse { path: "MONSTER", detail: "Failed to deserialize MONSTER 'mon_zombie_pupa_decoy': data did not match any variant of untagged enum SpecialAttack" }, JsonParse { path: "MONSTER", detail: "Failed to deserialize MONSTER 'mon_zombie_pupa': data did not match any variant of untagged enum SpecialAttack" }, JsonParse { path: "MONSTER", detail: "Failed to deserialize MONSTER 'mon_zombie_medical_pupa': data did not match any variant of untagged enum SpecialAttack" }, JsonParse { path: "MONSTER", detail: "Failed to deserialize MONSTER 'mon_zombie_biter': invalid type: boolean `false`, expected struct UpgradeInfo" }, JsonParse { path: "MONSTER", detail: "Failed to deserialize MONSTER 'mon_mech_combat': invalid value: integer `-50`, expected u32" }, JsonParse { path: "MONSTER", detail: "Failed to deserialize MONSTER 'mon_ziger': data did not match any variant of untagged enum SpecialAttack" }, JsonParse { path: "MONSTER", detail: "Failed to deserialize MONSTER 'mon_ziger_fungus': invalid type: floating point `150.0`, expected u32" }, JsonParse { path: "MONSTER", detail: "Failed to deserialize MONSTER 'mon_civilian_panic_robofac_chop_shop': invalid value: integer `-50`, expected u32" }, JsonParse { path: "MONSTER", detail: "Failed to deserialize MONSTER 'mon_civilian_stationary_robofac_chop_shop': invalid value: integer `-50`, expected u32" }, JsonParse { path: "MONSTER", detail: "Failed to deserialize MONSTER 'mon_fish_lobster': invalid value: integer `-50`, expected u32" }, JsonParse { path: "MONSTER", detail: "Failed to deserialize MONSTER 'mon_XEDRA_officer': data did not match any variant of untagged enum SpecialAttack" }, JsonParse { path: "MONSTER", detail: "Failed to deserialize MONSTER 'mon_locust': invalid value: integer `-5`, expected u32" }, JsonParse { path: "MONSTER", detail: "Failed to deserialize MONSTER 'mon_locust_small': invalid value: integer `-5`, expected u32" }, JsonParse { path: "MONSTER", detail: "Failed to deserialize MONSTER 'mon_mantis_nymph': invalid value: integer `-10`, expected u32" }, JsonParse { path: "MONSTER", detail: "Failed to deserialize MONSTER 'mon_nether_unviable_stomper': invalid type: string \"ABERRATION\", expected a sequence" }, JsonParse { path: "MONSTER", detail: "Failed to deserialize MONSTER 'mon_twisted_reflection': data did not match any variant of untagged enum SpecialAttack" }, JsonParse { path: "MONSTER", detail: "Failed to deserialize MONSTER 'mon_leech_pod_cluster': data did not match any variant of untagged enum SpecialAttack" }, JsonParse { path: "MONSTER", detail: "Failed to deserialize MONSTER 'mon_fly_larva': invalid value: integer `-99`, expected u32" }, JsonParse { path: "MONSTER", detail: "Failed to deserialize MONSTER 'mon_mosquito_mega': invalid type: floating point `400.0`, expected u32" }, JsonParse { path: "MONSTER", detail: "Failed to deserialize MONSTER 'mon_zombie_gasbag_impaler': invalid type: map, expected a sequence" }, JsonParse { path: "MONSTER", detail: "Failed to deserialize MONSTER 'mon_feral_sailor_wrench': invalid type: map, expected a sequence" }, JsonParse { path: "MONSTER", detail: "Failed to deserialize MONSTER 'mon_feral_sailor_mop': invalid type: map, expected a sequence" }, JsonParse { path: "MONSTER", detail: "Failed to deserialize MONSTER 'mon_fry_whitefish': invalid value: integer `-60`, expected u32" }, JsonParse { path: "MONSTER", detail: "Failed to deserialize MONSTER 'mon_fish_bluegill': invalid value: integer `-60`, expected u32" }, JsonParse { path: "MONSTER", detail: "Failed to deserialize MONSTER 'mon_antlion_giant': invalid value: integer `-10`, expected u32" }, JsonParse { path: "MONSTER", detail: "Failed to deserialize MONSTER 'mon_skink_fivelined': invalid value: integer `-30`, expected u32" }, JsonParse { path: "MONSTER", detail: "Failed to deserialize MONSTER 'mon_strange_bigfrog': invalid type: map, expected a sequence" }, JsonParse { path: "MONSTER", detail: "Failed to deserialize MONSTER 'mon_sparrow': invalid value: integer `-99`, expected u32" }, JsonParse { path: "MONSTER", detail: "Failed to deserialize MONSTER 'mon_dog_bcollie_pup': invalid value: integer `-12`, expected u32" }, JsonParse { path: "MONSTER", detail: "Failed to deserialize MONSTER 'mon_hound_tindalos_afterimage': data did not match any variant of untagged enum SpecialAttack" }, JsonParse { path: "MONSTER", detail: "Failed to deserialize MONSTER 'mon_zombie_pupa_decoy_shady': data did not match any variant of untagged enum SpecialAttack" }, JsonParse { path: "MONSTER", detail: "Failed to deserialize MONSTER 'mon_zombie_pupa_shady': data did not match any variant of untagged enum SpecialAttack" }, JsonParse { path: "MONSTER", detail: "Failed to deserialize MONSTER 'mon_archunk_medium': data did not match any variant of untagged enum SpecialAttack" }, JsonParse { path: "MONSTER", detail: "Failed to deserialize MONSTER 'mon_yrax_delta': data did not match any variant of untagged enum SpecialAttack" }, JsonParse { path: "MONSTER", detail: "Failed to deserialize MONSTER 'mon_dog_samoyed': invalid value: integer `-20`, expected u32" }, JsonParse { path: "MONSTER", detail: "Failed to deserialize MONSTER 'mon_groundhog': invalid value: integer `-99`, expected u32" }, JsonParse { path: "MONSTER", detail: "Failed to deserialize MONSTER 'mon_starer_crowbar': invalid type: map, expected a sequence" }, JsonParse { path: "MONSTER", detail: "Failed to deserialize MONSTER 'mon_centipede_house': invalid type: map, expected a sequence" }, JsonParse { path: "MONSTER", detail: "Failed to deserialize MONSTER 'mon_centipede_house_small': invalid type: map, expected a sequence" }, JsonParse { path: "MONSTER", detail: "Failed to deserialize MONSTER 'mon_mink_tadpole': invalid value: integer `-60`, expected u32" }, JsonParse { path: "MONSTER", detail: "Failed to deserialize MONSTER 'mon_wood_frog': invalid type: map, expected a sequence" }, JsonParse { path: "MONSTER", detail: "Failed to deserialize MONSTER 'mon_wood_worm': invalid type: map, expected a sequence" }, JsonParse { path: "MONSTER", detail: "Failed to deserialize MONSTER 'mon_nether_leech': invalid type: map, expected a sequence" }, JsonParse { path: "MONSTER", detail: "Failed to deserialize MONSTER 'mon_amalgamation_jumper': data did not match any variant of untagged enum SpecialAttack" }, JsonParse { path: "MONSTER", detail: "Failed to deserialize MONSTER 'mon_coot': invalid value: integer `-99`, expected u32" }, JsonParse { path: "MONSTER", detail: "Failed to deserialize MONSTER 'mon_gozu': data did not match any variant of untagged enum SpecialAttack" }, JsonParse { path: "MONSTER", detail: "Failed to deserialize MONSTER 'mon_fry_haddock': invalid value: integer `-60`, expected u32" }, JsonParse { path: "MONSTER", detail: "Failed to deserialize MONSTER 'mon_pickerel_frog': invalid type: map, expected a sequence" }, JsonParse { path: "MONSTER", detail: "Failed to deserialize MONSTER 'mon_palette_frog': invalid type: map, expected a sequence" }, JsonParse { path: "MONSTER", detail: "Failed to deserialize MONSTER 'mon_silverfish': invalid value: integer `-20`, expected u32" }, JsonParse { path: "MONSTER", detail: "Failed to deserialize MONSTER 'mon_silverfish_small': invalid value: integer `-20`, expected u32" }, JsonParse { path: "MONSTER", detail: "Failed to deserialize MONSTER 'mon_zombie_wretch': data did not match any variant of untagged enum SpecialAttack" }, JsonParse { path: "MONSTER", detail: "Failed to deserialize MONSTER 'mon_fungal_wretch': invalid type: floating point `30.0`, expected u32" }, JsonParse { path: "MONSTER", detail: "Failed to deserialize MONSTER 'mon_alpha_razorclaw': invalid type: map, expected a sequence" }, JsonParse { path: "MONSTER", detail: "Failed to deserialize MONSTER 'mon_grasshopper_nymph': invalid value: integer `-99`, expected u32" }, JsonParse { path: "MONSTER", detail: "Failed to deserialize MONSTER 'mon_locust_mega': invalid value: integer `-5`, expected u32" }, JsonParse { path: "MONSTER", detail: "Failed to deserialize MONSTER 'mon_fish_gar_longnose': invalid value: integer `-60`, expected u32" }, JsonParse { path: "MONSTER", detail: "Failed to deserialize MONSTER 'mon_fish_eel': invalid value: integer `-50`, expected u32" }, JsonParse { path: "MONSTER", detail: "Failed to deserialize MONSTER 'mon_fish_white_catfish': invalid value: integer `-60`, expected u32" }, JsonParse { path: "MONSTER", detail: "Failed to deserialize MONSTER 'mon_dog_mutant_loper_pup': invalid value: integer `-13`, expected u32" }, JsonParse { path: "MONSTER", detail: "Failed to deserialize MONSTER 'mon_centipede_giant': invalid type: map, expected a sequence" }, JsonParse { path: "MONSTER", detail: "Failed to deserialize MONSTER 'mon_centipede_mom': invalid type: map, expected a sequence" }, JsonParse { path: "MONSTER", detail: "Failed to deserialize MONSTER 'mon_fry_pumpkinseed': invalid value: integer `-60`, expected u32" }, JsonParse { path: "MONSTER", detail: "Failed to deserialize MONSTER 'mon_dog_bull': invalid value: integer `-10`, expected u32" }, JsonParse { path: "MONSTER", detail: "Failed to deserialize MONSTER 'mon_labyrinth_turret_1_1': data did not match any variant of untagged enum SpecialAttack" }, JsonParse { path: "MONSTER", detail: "Failed to deserialize MONSTER 'mon_freedom_tadpole': invalid value: integer `-60`, expected u32" }, JsonParse { path: "MONSTER", detail: "Failed to deserialize MONSTER 'mon_cat_persian_kitten': invalid value: integer `-99`, expected u32" }, JsonParse { path: "MONSTER", detail: "Failed to deserialize MONSTER 'mon_frog_husk': data did not match any variant of untagged enum SpecialAttack" }, JsonParse { path: "MONSTER", detail: "Failed to deserialize MONSTER 'mon_fly_mega': invalid value: integer `-50`, expected u32" }, JsonParse { path: "MONSTER", detail: "Failed to deserialize MONSTER 'mon_fish_sunfish': invalid value: integer `-60`, expected u32" }, JsonParse { path: "MONSTER", detail: "Failed to deserialize MONSTER 'mon_turtle_baby_abstract': invalid value: integer `-35`, expected u32" }, JsonParse { path: "MONSTER", detail: "Failed to deserialize MONSTER 'mon_turtle_painted_baby': invalid value: integer `-35`, expected u32" }, JsonParse { path: "MONSTER", detail: "Failed to deserialize MONSTER 'mon_zombie_predator': invalid type: map, expected a sequence" }, JsonParse { path: "MONSTER", detail: "Failed to deserialize MONSTER 'mon_zombie_regenerating_final': invalid type: map, expected a sequence" }, JsonParse { path: "MONSTER", detail: "Failed to deserialize MONSTER 'mon_freedom_toad': invalid type: map, expected a sequence" }, JsonParse { path: "MONSTER", detail: "Failed to deserialize MONSTER 'mon_devourer_lab_sec': data did not match any variant of untagged enum SpecialAttack" }, JsonParse { path: "MONSTER", detail: "Failed to deserialize MONSTER 'mon_skeleton_brute_fungus': invalid type: floating point `131.25`, expected u32" }, JsonParse { path: "MONSTER", detail: "Failed to deserialize MONSTER 'mon_cat_chonker': invalid value: integer `-99`, expected u32" }, JsonParse { path: "MONSTER", detail: "Failed to deserialize MONSTER 'mon_tunnel_rat': invalid type: map, expected a sequence" }, JsonParse { path: "MONSTER", detail: "Failed to deserialize MONSTER 'mon_tusked_moose_calf': invalid value: integer `-70`, expected u32" }, JsonParse { path: "MONSTER", detail: "Failed to deserialize MONSTER 'mon_mi_go_myrmidon': data did not match any variant of untagged enum SpecialAttack" }, JsonParse { path: "MONSTER", detail: "Failed to deserialize MONSTER 'mon_toad_bone': data did not match any variant of untagged enum SpecialAttack" }, JsonParse { path: "MONSTER", detail: "Failed to deserialize MONSTER 'mon_spawn_raptor_shady': invalid type: boolean `false`, expected struct UpgradeInfo" }, JsonParse { path: "MONSTER", detail: "Failed to deserialize MONSTER 'mon_impossible_shape': data did not match any variant of untagged enum SpecialAttack" }, JsonParse { path: "MONSTER", detail: "Failed to deserialize MONSTER 'mon_civilian_icu': invalid value: integer `-50`, expected u32" }, JsonParse { path: "MONSTER", detail: "Failed to deserialize MONSTER 'mon_pickerel_tadpole': invalid value: integer `-60`, expected u32" }, JsonParse { path: "MONSTER", detail: "Failed to deserialize MONSTER 'mon_thing': invalid type: map, expected a sequence" }, JsonParse { path: "MONSTER", detail: "Failed to deserialize MONSTER 'mon_beekeeper_fungalize': invalid type: floating point `18.0`, expected u32" }, JsonParse { path: "MONSTER", detail: "Failed to deserialize MONSTER 'mon_fry_redbreast': invalid value: integer `-60`, expected u32" }, JsonParse { path: "MONSTER", detail: "Failed to deserialize MONSTER 'mon_zombie_summoner': invalid type: boolean `false`, expected struct UpgradeInfo" }, JsonParse { path: "MONSTER", detail: "Failed to deserialize MONSTER 'mon_cicada': invalid value: integer `-5`, expected u32" }, JsonParse { path: "MONSTER", detail: "Failed to deserialize MONSTER 'mon_coyote_pup_mutant_shark': invalid value: integer `-13`, expected u32" }, JsonParse { path: "MONSTER", detail: "Failed to deserialize MONSTER 'mon_vocal_bigtad': invalid value: integer `-40`, expected u32" }, JsonParse { path: "MONSTER", detail: "Failed to deserialize MONSTER 'mon_deer': invalid value: integer `-99`, expected u32" }, JsonParse { path: "MONSTER", detail: "Failed to deserialize MONSTER 'mon_wolf_pup': invalid value: integer `-25`, expected u32" }, JsonParse { path: "MONSTER", detail: "Failed to deserialize MONSTER 'mon_leo_frog': invalid type: map, expected a sequence" }, JsonParse { path: "MONSTER", detail: "Failed to deserialize MONSTER 'mon_pattern_frog': invalid type: map, expected a sequence" }, JsonParse { path: "MONSTER", detail: "Failed to deserialize MONSTER 'mon_dog_telekenetic': invalid value: integer `-10`, expected u32" }, JsonParse { path: "MONSTER", detail: "Failed to deserialize MONSTER 'mon_feral_maid_candlestick': invalid type: map, expected a sequence" }, JsonParse { path: "MONSTER", detail: "Failed to deserialize MONSTER 'mon_fish_bullhead': invalid value: integer `-60`, expected u32" }, JsonParse { path: "MONSTER", detail: "Failed to deserialize MONSTER 'mon_rattlesnake_s': invalid value: integer `-35`, expected u32" }, JsonParse { path: "MONSTER", detail: "Failed to deserialize MONSTER 'mon_rattlesnake_big_s': invalid value: integer `-30`, expected u32" }, JsonParse { path: "MONSTER", detail: "Failed to deserialize MONSTER 'mon_boomer_glutton': data did not match any variant of untagged enum SpecialAttack" }, JsonParse { path: "MONSTER", detail: "Failed to deserialize MONSTER 'mon_fish_redbreast': invalid value: integer `-60`, expected u32" }, JsonParse { path: "MONSTER", detail: "Failed to deserialize MONSTER 'mon_zombie_phase_skulker': data did not match any variant of untagged enum SpecialAttack" }, JsonParse { path: "MONSTER", detail: "Failed to deserialize MONSTER 'mon_feral_sailor_lug_wrench': invalid type: map, expected a sequence" }, JsonParse { path: "MONSTER", detail: "Failed to deserialize MONSTER 'mon_fry_calico_bass': invalid value: integer `-60`, expected u32" }, JsonParse { path: "MONSTER", detail: "Failed to deserialize MONSTER 'mon_fry_whitefish_round': invalid value: integer `-60`, expected u32" }, JsonParse { path: "MONSTER", detail: "Failed to deserialize MONSTER 'mon_dog_incorporeal': invalid value: integer `-10`, expected u32" }, JsonParse { path: "MONSTER", detail: "Failed to deserialize MONSTER 'mon_zombie_master': invalid type: boolean `false`, expected struct UpgradeInfo" }, JsonParse { path: "MONSTER", detail: "Failed to deserialize MONSTER 'mon_zombie_child_dusted': invalid type: floating point `39.0`, expected u32" }, JsonParse { path: "MONSTER", detail: "Failed to deserialize MONSTER 'mon_zombie_brute_fungal': invalid type: floating point `90.0`, expected u32" }, JsonParse { path: "MONSTER", detail: "Failed to deserialize MONSTER 'mon_fish_walleye': invalid value: integer `-60`, expected u32" }, JsonParse { path: "MONSTER", detail: "Failed to deserialize MONSTER 'mon_skeleton_fungus': invalid type: floating point `60.0`, expected u32" }, JsonParse { path: "MONSTER", detail: "Failed to deserialize MONSTER 'mon_spider_trapdoor_giant': invalid type: map, expected a sequence" }, JsonParse { path: "MONSTER", detail: "Failed to deserialize MONSTER 'mon_spider_trapdoor_mega': invalid type: floating point `1.0`, expected u32" }, JsonParse { path: "MONSTER", detail: "Failed to deserialize MONSTER 'mon_nether_unviable_butterfly': invalid type: string \"INSECT\", expected a sequence" }, JsonParse { path: "MONSTER", detail: "Failed to deserialize MONSTER 'mon_zombie_crawler_pupa': data did not match any variant of untagged enum SpecialAttack" }, JsonParse { path: "MONSTER", detail: "Failed to deserialize MONSTER 'mon_shifting_mass': data did not match any variant of untagged enum SpecialAttack" }, JsonParse { path: "MONSTER", detail: "Failed to deserialize MONSTER 'mon_guilt': data did not match any variant of untagged enum SpecialAttack" }, JsonParse { path: "MONSTER", detail: "Failed to deserialize MONSTER 'mon_cat_tabby': invalid value: integer `-99`, expected u32" }, JsonParse { path: "MONSTER", detail: "Failed to deserialize MONSTER 'mon_feral_human_crowbar_fungal_infected': invalid type: map, expected a sequence" }, JsonParse { path: "MONSTER", detail: "Failed to deserialize MONSTER 'mon_jumbo_bigfrog': invalid value: integer `-10`, expected u32" }, JsonParse { path: "MONSTER", detail: "Failed to deserialize MONSTER 'mon_vocal_bigfrog': invalid value: integer `-10`, expected u32" }, JsonParse { path: "MONSTER", detail: "Failed to deserialize MONSTER 'mon_fry_rainbow_trout': invalid value: integer `-60`, expected u32" }, JsonParse { path: "MONSTER", detail: "Failed to deserialize MONSTER 'mon_frog_mother': data did not match any variant of untagged enum SpecialAttack" }, JsonParse { path: "MONSTER", detail: "Failed to deserialize MONSTER 'mon_dog_beagle_pup': invalid value: integer `-13`, expected u32" }, JsonParse { path: "MONSTER", detail: "Failed to deserialize MONSTER 'mon_chickadee_chick': invalid value: integer `-99`, expected u32" }, JsonParse { path: "MONSTER", detail: "Failed to deserialize MONSTER 'mon_mutant_salmon_mega': invalid type: map, expected a sequence" }, JsonParse { path: "MONSTER", detail: "Failed to deserialize MONSTER 'mon_inner_cabins_interstice_mutant_ignoring': invalid value: integer `-20`, expected u32" }, JsonParse { path: "MONSTER", detail: "Failed to deserialize MONSTER 'mon_zombie_rot_fungal': invalid type: floating point `41.25`, expected u32" }, JsonParse { path: "MONSTER", detail: "Failed to deserialize MONSTER 'mon_cat_calico': invalid value: integer `-99`, expected u32" }, JsonParse { path: "MONSTER", detail: "Failed to deserialize MONSTER 'mon_swarm_structure': data did not match any variant of untagged enum SpecialAttack" }, JsonParse { path: "MONSTER", detail: "Failed to deserialize MONSTER 'mon_fish_sbass': invalid value: integer `-60`, expected u32" }, JsonParse { path: "MONSTER", detail: "Failed to deserialize MONSTER 'mon_fry_flounder': invalid value: integer `-60`, expected u32" }, JsonParse { path: "MONSTER", detail: "Failed to deserialize MONSTER 'mon_otter': invalid value: integer `-10`, expected u32" }, JsonParse { path: "MONSTER", detail: "Failed to deserialize MONSTER 'mon_mutant_alpha': data did not match any variant of untagged enum SpecialAttack" }, JsonParse { path: "MONSTER", detail: "Failed to deserialize MONSTER 'mon_fleshborg_1_1': data did not match any variant of untagged enum SpecialAttack" }, JsonParse { path: "MONSTER", detail: "Failed to deserialize MONSTER 'mon_fleshborg_1_2': data did not match any variant of untagged enum SpecialAttack" }, JsonParse { path: "MONSTER", detail: "Failed to deserialize MONSTER 'mon_robofac_skittergun': data did not match any variant of untagged enum SpecialAttack" }, JsonParse { path: "MONSTER", detail: "Failed to deserialize MONSTER 'mon_triffid_sprig': invalid value: integer `-99`, expected u32" }, JsonParse { path: "MONSTER", detail: "Failed to deserialize MONSTER 'mon_zombie_thorny': invalid type: boolean `false`, expected struct UpgradeInfo" }, JsonParse { path: "MONSTER", detail: "Failed to deserialize MONSTER 'mon_fry_crayfish': invalid value: integer `-60`, expected u32" }, JsonParse { path: "MONSTER", detail: "Failed to deserialize MONSTER 'mon_robofac_laserturret_mk1': data did not match any variant of untagged enum SpecialAttack" }, JsonParse { path: "MONSTER", detail: "Failed to deserialize MONSTER 'mon_giant_cockroach': invalid type: map, expected a sequence" }, JsonParse { path: "MONSTER", detail: "Failed to deserialize MONSTER 'mon_large_cockroach': invalid type: floating point `20.0`, expected u32" }, JsonParse { path: "MONSTER", detail: "Failed to deserialize MONSTER 'mon_fry_fallfish': invalid value: integer `-60`, expected u32" }, JsonParse { path: "MONSTER", detail: "Failed to deserialize MONSTER 'mon_zombie_fungalize': invalid type: floating point `21.0`, expected u32" }, JsonParse { path: "MONSTER", detail: "Failed to deserialize MONSTER 'mon_zombie_fungus': invalid type: floating point `60.0`, expected u32" }, JsonParse { path: "MONSTER", detail: "Failed to deserialize MONSTER 'mon_zombie_fungus_acidic': invalid type: floating point `48.75`, expected u32" }, JsonParse { path: "MONSTER", detail: "Failed to deserialize MONSTER 'mon_feral_human_axe': invalid type: map, expected a sequence" }, JsonParse { path: "MONSTER", detail: "Failed to deserialize MONSTER 'mon_feral_human_axe_fungal_infected': invalid type: map, expected a sequence" }, JsonParse { path: "MONSTER", detail: "Failed to deserialize MONSTER 'mon_fish_calico_bass': invalid value: integer `-60`, expected u32" }, JsonParse { path: "MONSTER", detail: "Failed to deserialize MONSTER 'mon_rattlesnake_mega': invalid type: map, expected a sequence" }, JsonParse { path: "MONSTER", detail: "Failed to deserialize MONSTER 'mon_cat_persian': invalid value: integer `-99`, expected u32" }, JsonParse { path: "MONSTER", detail: "Failed to deserialize MONSTER 'mon_duck_domestic_chick': invalid value: integer `-99`, expected u32" }, JsonParse { path: "MONSTER", detail: "Failed to deserialize MONSTER 'mon_zombie_child_fungus': invalid type: floating point `30.0`, expected u32" }, JsonParse { path: "MONSTER", detail: "Failed to deserialize MONSTER 'mon_shadow_snake': invalid type: map, expected a sequence" }, JsonParse { path: "MONSTER", detail: "Failed to deserialize MONSTER 'mon_frog_shadow': data did not match any variant of untagged enum SpecialAttack" }, JsonParse { path: "MONSTER", detail: "Failed to deserialize MONSTER 'mon_dog_pitbullmix_pup': invalid value: integer `-12`, expected u32" }, JsonParse { path: "MONSTER", detail: "Failed to deserialize MONSTER 'mon_hanging_roper': data did not match any variant of untagged enum SpecialAttack" }, JsonParse { path: "MONSTER", detail: "Failed to deserialize MONSTER 'mon_woodpecker_chick': invalid value: integer `-99`, expected u32" }, JsonParse { path: "MONSTER", detail: "Failed to deserialize MONSTER 'mon_cow': invalid value: integer `-10`, expected u32" }, JsonParse { path: "MONSTER", detail: "Failed to deserialize MONSTER 'mon_fish_lbass': invalid value: integer `-60`, expected u32" }, JsonParse { path: "MONSTER", detail: "Failed to deserialize MONSTER 'mon_toad_bloat': data did not match any variant of untagged enum SpecialAttack" }, JsonParse { path: "MONSTER", detail: "Failed to deserialize MONSTER 'mon_pregnant_giant_cockroach': invalid type: map, expected a sequence" }, JsonParse { path: "MONSTER", detail: "Failed to deserialize MONSTER 'mon_zombie_grue': invalid type: map, expected a sequence" }, JsonParse { path: "MONSTER", detail: "Failed to deserialize MONSTER 'mon_stag_beetle_larva': invalid value: integer `-99`, expected u32" }, JsonParse { path: "MONSTER", detail: "Failed to deserialize MONSTER 'mon_spawn_raptor_electric': invalid type: boolean `false`, expected struct UpgradeInfo" }, JsonParse { path: "MONSTER", detail: "Failed to deserialize MONSTER 'mon_fry_bluefin_tuna': invalid value: integer `-60`, expected u32" }, JsonParse { path: "MONSTER", detail: "Failed to deserialize MONSTER 'mon_cat_siamese': invalid value: integer `-99`, expected u32" }, JsonParse { path: "MONSTER", detail: "Failed to deserialize MONSTER 'mon_unseen_hunter': data did not match any variant of untagged enum SpecialAttack" }, JsonParse { path: "MONSTER", detail: "Failed to deserialize MONSTER 'mon_fry_bowfin': invalid value: integer `-60`, expected u32" }, JsonParse { path: "MONSTER", detail: "Failed to deserialize MONSTER 'mon_toad_zombie': data did not match any variant of untagged enum SpecialAttack" }, JsonParse { path: "MONSTER", detail: "Failed to deserialize MONSTER 'mon_mutant_salmon': invalid type: map, expected a sequence" }, JsonParse { path: "MONSTER", detail: "Failed to deserialize MONSTER 'mon_fox_gray': invalid value: integer `-5`, expected u32" }, JsonParse { path: "MONSTER", detail: "Failed to deserialize MONSTER 'mon_zombie_brute_string_dimension': invalid type: boolean `false`, expected struct UpgradeInfo" }, JsonParse { path: "MONSTER", detail: "Failed to deserialize MONSTER 'mon_spider_widow_giant_s': invalid value: integer `-99`, expected u32" }, JsonParse { path: "MONSTER", detail: "Failed to deserialize MONSTER 'mon_zombie_tough_fungal': invalid type: floating point `75.0`, expected u32" }, JsonParse { path: "MONSTER", detail: "Failed to deserialize MONSTER 'mon_leech_blossom': data did not match any variant of untagged enum SpecialAttack" }, JsonParse { path: "MONSTER", detail: "Failed to deserialize MONSTER 'mon_flatlander': data did not match any variant of untagged enum SpecialAttack" }, JsonParse { path: "MONSTER", detail: "Failed to deserialize MONSTER 'mon_feral_human_crowbar_fungal_corpse': invalid type: map, expected a sequence" }, JsonParse { path: "MONSTER", detail: "Failed to deserialize MONSTER 'mon_zombie_tough_dusted': invalid type: floating point `51.0`, expected u32" }, JsonParse { path: "MONSTER", detail: "Failed to deserialize MONSTER 'mon_sloth': data did not match any variant of untagged enum SpecialAttack" }, JsonParse { path: "MONSTER", detail: "Failed to deserialize MONSTER 'mon_civilian_zombiegunner': data did not match any variant of untagged enum SpecialAttack" }, JsonParse { path: "MONSTER", detail: "Failed to deserialize MONSTER 'mon_snail_forest': invalid value: integer `-50`, expected u32" }, JsonParse { path: "MONSTER", detail: "Failed to deserialize MONSTER 'mon_zombie_fat_fungalize': invalid type: floating point `16.5`, expected u32" }, JsonParse { path: "MONSTER", detail: "Failed to deserialize MONSTER 'mon_bear': invalid value: integer `-10`, expected u32" }, JsonParse { path: "MONSTER", detail: "Failed to deserialize MONSTER 'mon_strange_frog': invalid type: map, expected a sequence" }, JsonParse { path: "MONSTER", detail: "Failed to deserialize MONSTER 'mon_albino_penguin': invalid type: map, expected a sequence" }, JsonParse { path: "MONSTER", detail: "Failed to deserialize MONSTER 'mon_skeleton_brute_dusted': invalid type: floating point `36.0`, expected u32" }, JsonParse { path: "MONSTER", detail: "Failed to deserialize MONSTER 'mon_nether_cucumber': invalid type: map, expected a sequence" }, JsonParse { path: "MONSTER", detail: "Failed to deserialize MONSTER 'mon_bee_small_fungus': invalid type: floating point `12.0`, expected u32" }, JsonParse { path: "MONSTER", detail: "Failed to deserialize MONSTER 'mon_ant_acid_larva': invalid value: integer `-1`, expected u32" }, JsonParse { path: "MONSTER", detail: "Failed to deserialize MONSTER 'mon_fry_lbass': invalid value: integer `-60`, expected u32" }, JsonParse { path: "MONSTER", detail: "Failed to deserialize MONSTER 'mon_nether_unviable_chunk': invalid type: string \"NETHER\", expected a sequence" }, JsonParse { path: "MONSTER", detail: "Failed to deserialize MONSTER 'mon_fry_brook_trout': invalid value: integer `-60`, expected u32" }, JsonParse { path: "MONSTER", detail: "Failed to deserialize MONSTER 'mon_dog_gshepherd_pup': invalid value: integer `-12`, expected u32" }, JsonParse { path: "MONSTER", detail: "Failed to deserialize MONSTER 'mon_plague_vector': invalid type: map, expected a sequence" }, JsonParse { path: "MONSTER", detail: "Failed to deserialize MONSTER 'mon_fly_small': invalid value: integer `-50`, expected u32" }, JsonParse { path: "MONSTER", detail: "Failed to deserialize MONSTER 'mon_rattlesnake': invalid type: map, expected a sequence" }, JsonParse { path: "MONSTER", detail: "Failed to deserialize MONSTER 'mon_dog_mutant_mongrel': invalid value: integer `-15`, expected u32" }, JsonParse { path: "MONSTER", detail: "Failed to deserialize MONSTER 'mon_feral_soldier': invalid type: map, expected a sequence" }, JsonParse { path: "MONSTER", detail: "Failed to deserialize MONSTER 'mon_spider_wolf_giant': invalid type: map, expected a sequence" }, JsonParse { path: "MONSTER", detail: "Failed to deserialize MONSTER 'mon_spider_wolf_mega': invalid type: floating point `1.0`, expected u32" }, JsonParse { path: "MONSTER", detail: "Failed to deserialize MONSTER 'mon_secubot': data did not match any variant of untagged enum SpecialAttack" }, JsonParse { path: "MONSTER", detail: "Failed to deserialize MONSTER 'mon_fry_walleye': invalid value: integer `-60`, expected u32" }, JsonParse { path: "MONSTER", detail: "Failed to deserialize MONSTER 'mon_fish_crayfish': invalid value: integer `-50`, expected u32" }, JsonParse { path: "MONSTER", detail: "Failed to deserialize MONSTER 'mon_centipede_small': invalid type: map, expected a sequence" }, JsonParse { path: "MONSTER", detail: "Failed to deserialize MONSTER 'mon_feral_sapien_spear': invalid type: map, expected a sequence" }, JsonParse { path: "MONSTER", detail: "Failed to deserialize MONSTER 'mon_crow_chick': invalid value: integer `-99`, expected u32" }, JsonParse { path: "MONSTER", detail: "Failed to deserialize MONSTER 'mon_feral_labsecurity_9mm': invalid type: map, expected a sequence" }, JsonParse { path: "MONSTER", detail: "Failed to deserialize MONSTER 'mon_feral_labsecurity_flashlight': invalid type: map, expected a sequence" }, JsonParse { path: "MONSTER", detail: "Failed to deserialize MONSTER 'mon_dog_auscattle_pup': invalid value: integer `-12`, expected u32" }, JsonParse { path: "MONSTER", detail: "Failed to deserialize MONSTER 'mon_dog_mutant_loper': invalid value: integer `-15`, expected u32" }, JsonParse { path: "MONSTER", detail: "Failed to deserialize MONSTER 'mon_fry_bluegill': invalid value: integer `-60`, expected u32" }, JsonParse { path: "MONSTER", detail: "Failed to deserialize MONSTER 'mon_cat_bengal_kitten': invalid value: integer `-99`, expected u32" }, JsonParse { path: "MONSTER", detail: "Failed to deserialize MONSTER 'mon_secubot_balthazar': data did not match any variant of untagged enum SpecialAttack" }, JsonParse { path: "MONSTER", detail: "Failed to deserialize MONSTER 'mon_proxy_megafrog': invalid type: map, expected a sequence" }, JsonParse { path: "MONSTER", detail: "Failed to deserialize MONSTER 'mon_foul_megafrog': invalid type: map, expected a sequence" }, JsonParse { path: "MONSTER", detail: "Failed to deserialize MONSTER 'mon_fry_channel_catfish': invalid value: integer `-60`, expected u32" }, JsonParse { path: "MONSTER", detail: "Failed to deserialize MONSTER 'mon_zombie_horse_fungus': invalid type: floating point `52.5`, expected u32" }, JsonParse { path: "MONSTER", detail: "Failed to deserialize MONSTER 'mon_lemming': invalid value: integer `-50`, expected u32" }, JsonParse { path: "MONSTER", detail: "Failed to deserialize MONSTER 'mon_lab_security_drone_BM': data did not match any variant of untagged enum SpecialAttack" }, JsonParse { path: "MONSTER", detail: "Failed to deserialize MONSTER 'mon_grebe': invalid value: integer `-99`, expected u32" }, JsonParse { path: "MONSTER", detail: "Failed to deserialize MONSTER 'mon_spider_cellar_mom': invalid value: integer `-15`, expected u32" }, JsonParse { path: "MONSTER", detail: "Failed to deserialize MONSTER 'mon_ant_small': invalid type: floating point `20.0`, expected u32" }, JsonParse { path: "MONSTER", detail: "Failed to deserialize MONSTER 'mon_wasp_small': invalid value: integer `-10`, expected u32" }, JsonParse { path: "MONSTER", detail: "Failed to deserialize MONSTER 'mon_wasp_small_guard': data did not match any variant of untagged enum SpecialAttack" }, JsonParse { path: "MONSTER", detail: "Failed to deserialize MONSTER 'mon_sewer_snake': invalid type: map, expected a sequence" }, JsonParse { path: "MONSTER", detail: "Failed to deserialize MONSTER 'mon_cat_black_kitten': invalid value: integer `-99`, expected u32" }, JsonParse { path: "MONSTER", detail: "Failed to deserialize MONSTER 'mon_opossum': invalid value: integer `-99`, expected u32" }, JsonParse { path: "MONSTER", detail: "Failed to deserialize MONSTER 'mon_gray_frog': invalid type: map, expected a sequence" }, JsonParse { path: "MONSTER", detail: "Failed to deserialize MONSTER 'mon_spider_widow_giant': invalid value: integer `-10`, expected u32" }, JsonParse { path: "MONSTER", detail: "Failed to deserialize MONSTER 'mon_spider_widow_small': invalid value: integer `-10`, expected u32" }, JsonParse { path: "MONSTER", detail: "Failed to deserialize MONSTER 'mon_turkey_chick': invalid value: integer `-99`, expected u32" }, JsonParse { path: "MONSTER", detail: "Failed to deserialize MONSTER 'mon_fish_bullhead_yellow': invalid value: integer `-60`, expected u32" }, JsonParse { path: "MONSTER", detail: "Failed to deserialize MONSTER 'mon_turret': data did not match any variant of untagged enum SpecialAttack" }, JsonParse { path: "MONSTER", detail: "Failed to deserialize MONSTER 'mon_civilian_parent_robofac_chop_shop': invalid value: integer `-50`, expected u32" }, JsonParse { path: "MONSTER", detail: "Failed to deserialize MONSTER 'mon_dog_skeleton_brute': invalid type: boolean `false`, expected struct UpgradeInfo" }, JsonParse { path: "MONSTER", detail: "Failed to deserialize MONSTER 'mon_boomer_fungus': invalid type: floating point `30.0`, expected u32" }, JsonParse { path: "MONSTER", detail: "Failed to deserialize MONSTER 'mon_leo_worm': invalid type: map, expected a sequence" }, JsonParse { path: "MONSTER", detail: "Failed to deserialize MONSTER 'mon_diving_beetle_small': invalid type: map, expected a sequence" }, JsonParse { path: "MONSTER", detail: "Failed to deserialize MONSTER 'mon_dog_cuspated': invalid type: boolean `false`, expected struct UpgradeInfo" }, JsonParse { path: "MONSTER", detail: "Failed to deserialize MONSTER 'mon_zombie_mancroc': invalid type: map, expected a sequence" }, JsonParse { path: "MONSTER", detail: "Failed to deserialize MONSTER 'mon_kreck': data did not match any variant of untagged enum SpecialAttack" }, JsonParse { path: "MONSTER", detail: "Failed to deserialize MONSTER 'mon_fry_mutant': invalid value: integer `-60`, expected u32" }, JsonParse { path: "MONSTER", detail: "Failed to deserialize MONSTER 'mon_fry_mutant_salmon': invalid value: integer `-60`, expected u32" }, JsonParse { path: "MONSTER", detail: "Failed to deserialize MONSTER 'mon_zombie_crawler_fungal': invalid type: floating point `45.0`, expected u32" }, JsonParse { path: "MONSTER", detail: "Failed to deserialize MONSTER 'mon_bee': invalid value: integer `-10`, expected u32" }, JsonParse { path: "MONSTER", detail: "Failed to deserialize MONSTER 'mon_bee_small': invalid value: integer `-10`, expected u32" }, JsonParse { path: "MONSTER", detail: "Failed to deserialize MONSTER 'mon_wasp': invalid value: integer `-5`, expected u32" }, JsonParse { path: "MONSTER", detail: "Failed to deserialize MONSTER 'mon_dog_mutant_thrasher_pup': invalid value: integer `-13`, expected u32" }, JsonParse { path: "MONSTER", detail: "Failed to deserialize MONSTER 'mon_gartersnake': invalid type: map, expected a sequence" }, JsonParse { path: "MONSTER", detail: "Failed to deserialize MONSTER 'mon_zombie_hulk_fungalize': invalid type: floating point `39.0`, expected u32" }, JsonParse { path: "MONSTER", detail: "Failed to deserialize MONSTER 'mon_zombie_grappler': invalid type: boolean `false`, expected struct UpgradeInfo" }, JsonParse { path: "MONSTER", detail: "Failed to deserialize MONSTER 'mon_zombie_fireproof_grappler': invalid type: boolean `false`, expected struct UpgradeInfo" }, JsonParse { path: "MONSTER", detail: "Failed to deserialize MONSTER 'mon_living_vector': data did not match any variant of untagged enum SpecialAttack" }, JsonParse { path: "MONSTER", detail: "Failed to deserialize MONSTER 'mon_skeleton_master': invalid type: boolean `false`, expected struct UpgradeInfo" }, JsonParse { path: "MONSTER", detail: "Failed to deserialize MONSTER 'mon_brute_pupa': data did not match any variant of untagged enum SpecialAttack" }, JsonParse { path: "MONSTER", detail: "Failed to deserialize MONSTER 'mon_leech_root_runner': data did not match any variant of untagged enum SpecialAttack" }, JsonParse { path: "MONSTER", detail: "Failed to deserialize MONSTER 'mon_zomborg_boss_string_dimension': invalid type: boolean `false`, expected struct UpgradeInfo" }, JsonParse { path: "MONSTER", detail: "Failed to deserialize MONSTER 'mon_pigeon': invalid value: integer `-99`, expected u32" }, JsonParse { path: "MONSTER", detail: "Failed to deserialize MONSTER 'mon_feral_jackboot': invalid type: map, expected a sequence" }, JsonParse { path: "MONSTER", detail: "Failed to deserialize MONSTER 'mon_zombie_rot_fungalize': invalid type: floating point `18.0`, expected u32" }, JsonParse { path: "MONSTER", detail: "Failed to deserialize MONSTER 'mon_zombie_hulk_fungal': invalid type: floating point `360.0`, expected u32" }, JsonParse { path: "MONSTER", detail: "Failed to deserialize MONSTER 'mon_lab_security_drone_GM': data did not match any variant of untagged enum SpecialAttack" }, JsonParse { path: "MONSTER", detail: "Failed to deserialize MONSTER 'mon_ferret': invalid type: map, expected a sequence" }, JsonParse { path: "MONSTER", detail: "Failed to deserialize MONSTER 'mon_ferret_kit': invalid type: map, expected a sequence" }, JsonParse { path: "MONSTER", detail: "Failed to deserialize MONSTER 'mon_deer_mutant_spider_fawn': invalid value: integer `-99`, expected u32" }, JsonParse { path: "MONSTER", detail: "Failed to deserialize MONSTER 'mon_gartersnake_baby': invalid value: integer `-35`, expected u32" }, JsonParse { path: "MONSTER", detail: "Failed to deserialize MONSTER 'mon_zombie_fireproof_brute': invalid type: boolean `false`, expected struct UpgradeInfo" }, JsonParse { path: "MONSTER", detail: "Failed to deserialize MONSTER 'mon_fish_blackfish': invalid value: integer `-60`, expected u32" }, JsonParse { path: "MONSTER", detail: "Failed to deserialize MONSTER 'mon_boomer_dusted': invalid type: floating point `33.0`, expected u32" }, JsonParse { path: "MONSTER", detail: "Failed to deserialize MONSTER 'mon_dog_scorched': invalid type: boolean `false`, expected struct UpgradeInfo" }, JsonParse { path: "MONSTER", detail: "Failed to deserialize MONSTER 'mon_muskrat': invalid value: integer `-45`, expected u32" }, JsonParse { path: "MONSTER", detail: "Failed to deserialize MONSTER 'mon_skeleton_reaper': invalid type: boolean `false`, expected struct UpgradeInfo" }, JsonParse { path: "MONSTER", detail: "Failed to deserialize MONSTER 'mon_pattern_bigfrog': invalid value: integer `-10`, expected u32" }, JsonParse { path: "MONSTER", detail: "Failed to deserialize MONSTER 'mon_cat_mutant_prism': invalid value: integer `-99`, expected u32" }, JsonParse { path: "MONSTER", detail: "Failed to deserialize MONSTER 'mon_amalgamation_swarmer': invalid type: map, expected a sequence" }, JsonParse { path: "MONSTER", detail: "Failed to deserialize MONSTER 'mon_zombie_brute_winged': data did not match any variant of untagged enum SpecialAttack" }, JsonParse { path: "MONSTER", detail: "Failed to deserialize MONSTER 'mon_lab_security_drone_YM': data did not match any variant of untagged enum SpecialAttack" }, JsonParse { path: "MONSTER", detail: "Failed to deserialize MONSTER 'mon_fish_burbot': invalid value: integer `-60`, expected u32" }, JsonParse { path: "MONSTER", detail: "Failed to deserialize MONSTER 'mon_fish_carp': invalid value: integer `-60`, expected u32" }, JsonParse { path: "MONSTER", detail: "Failed to deserialize MONSTER 'mon_feral_fancy_rapier': invalid type: map, expected a sequence" }, JsonParse { path: "MONSTER", detail: "Failed to deserialize MONSTER 'mon_twisted_body': invalid type: map, expected a sequence" }, JsonParse { path: "MONSTER", detail: "Failed to deserialize MONSTER 'mon_zombie_horse_white': invalid type: boolean `false`, expected struct UpgradeInfo" }, JsonParse { path: "MONSTER", detail: "Failed to deserialize MONSTER 'mon_zombie_shriekling': invalid type: boolean `false`, expected struct UpgradeInfo" }, JsonParse { path: "MONSTER", detail: "Failed to deserialize MONSTER 'mon_beaver': invalid type: map, expected a sequence" }, JsonParse { path: "MONSTER", detail: "Failed to deserialize MONSTER 'mon_beaver_mutant_avian': invalid type: map, expected a sequence" }, JsonParse { path: "MONSTER", detail: "Failed to deserialize MONSTER 'mon_chickadee': invalid value: integer `-99`, expected u32" }, JsonParse { path: "MONSTER", detail: "Failed to deserialize MONSTER 'mon_feral_cop': invalid type: map, expected a sequence" }, JsonParse { path: "MONSTER", detail: "Failed to deserialize MONSTER 'mon_zombie_runner_dusted': invalid type: floating point `63.0`, expected u32" }, JsonParse { path: "MONSTER", detail: "Failed to deserialize MONSTER 'mon_cat_black': invalid value: integer `-99`, expected u32" }, JsonParse { path: "MONSTER", detail: "Failed to deserialize MONSTER 'mon_eigenspectre_2': data did not match any variant of untagged enum SpecialAttack" }, JsonParse { path: "MONSTER", detail: "Failed to deserialize MONSTER 'mon_vinebeast': invalid type: map, expected a sequence" }, JsonParse { path: "MONSTER", detail: "Failed to deserialize MONSTER 'mon_silverfish_nymph': invalid value: integer `-99`, expected u32" }, JsonParse { path: "MONSTER", detail: "Failed to deserialize MONSTER 'mon_zombie_hanging_innards': invalid type: map, expected a sequence" }, JsonParse { path: "MONSTER", detail: "Failed to deserialize MONSTER 'mon_fry_bluefish': invalid value: integer `-60`, expected u32" }, JsonParse { path: "MONSTER", detail: "Failed to deserialize MONSTER 'mon_moose_calf': invalid value: integer `-70`, expected u32" }, JsonParse { path: "MONSTER", detail: "Failed to deserialize MONSTER 'mon_bird_flightless_base': invalid value: integer `-99`, expected u32" }, JsonParse { path: "MONSTER", detail: "Failed to deserialize MONSTER 'mon_turkey_domestic': invalid value: integer `-99`, expected u32" }, JsonParse { path: "MONSTER", detail: "Failed to deserialize MONSTER 'mon_coot_chick': invalid value: integer `-99`, expected u32" }, JsonParse { path: "MONSTER", detail: "Failed to deserialize MONSTER 'mon_antlion_larva': data did not match any variant of untagged enum SpecialAttack" }, JsonParse { path: "MONSTER", detail: "Failed to deserialize MONSTER 'mon_worm_small': invalid value: integer `-60`, expected u32" }, JsonParse { path: "MONSTER", detail: "Failed to deserialize MONSTER 'mon_halfworm_small': invalid value: integer `-60`, expected u32" }, JsonParse { path: "MONSTER", detail: "Failed to deserialize MONSTER 'mon_turret_rifle': data did not match any variant of untagged enum SpecialAttack" }, JsonParse { path: "MONSTER", detail: "Failed to deserialize MONSTER 'mon_robin_chick': invalid value: integer `-99`, expected u32" }, JsonParse { path: "MONSTER", detail: "Failed to deserialize MONSTER 'mon_strange_megafrog': invalid type: map, expected a sequence" }, JsonParse { path: "MONSTER", detail: "Failed to deserialize MONSTER 'mon_ant_acid_soldier': invalid type: map, expected a sequence" }, JsonParse { path: "MONSTER", detail: "Failed to deserialize MONSTER 'mon_ant_acid_soldier_mega': invalid type: floating point `1.0`, expected u32" }, JsonParse { path: "MONSTER", detail: "Failed to deserialize MONSTER 'mon_lieutenant_shadow': invalid type: map, expected a sequence" }, JsonParse { path: "MONSTER", detail: "Failed to deserialize MONSTER 'mon_ant_fungus': invalid type: map, expected a sequence" }, JsonParse { path: "MONSTER", detail: "Failed to deserialize MONSTER 'mon_mantis_small': invalid type: floating point `60.0`, expected u32" }, JsonParse { path: "MONSTER", detail: "Failed to deserialize MONSTER 'mon_zombie_runner_fungalize': invalid type: floating point `31.5`, expected u32" }, JsonParse { path: "MONSTER", detail: "Failed to deserialize MONSTER 'mon_halfworm': invalid value: integer `-60`, expected u32" }, JsonParse { path: "MONSTER", detail: "Failed to deserialize MONSTER 'mon_zeindeer_fungus': invalid type: floating point `120.0`, expected u32" }, JsonParse { path: "MONSTER", detail: "Failed to deserialize MONSTER 'mon_feral_armored_mace': invalid type: map, expected a sequence" }, JsonParse { path: "MONSTER", detail: "Failed to deserialize MONSTER 'mon_halloween_dragon': invalid value: integer `-99`, expected u32" }, JsonParse { path: "MONSTER", detail: "Failed to deserialize MONSTER 'mon_leo_tadpole': invalid value: integer `-60`, expected u32" }, JsonParse { path: "MONSTER", detail: "Failed to deserialize MONSTER 'mon_dermatik_incubator_deer': data did not match any variant of untagged enum SpecialAttack" }, JsonParse { path: "MONSTER", detail: "Failed to deserialize MONSTER 'mon_zombie_phase_shrike': data did not match any variant of untagged enum SpecialAttack" }, JsonParse { path: "MONSTER", detail: "Failed to deserialize MONSTER 'mon_graboid': invalid value: integer `-15`, expected u32" }, JsonParse { path: "MONSTER", detail: "Failed to deserialize MONSTER 'mon_zombie_ocular': invalid type: boolean `false`, expected struct UpgradeInfo" }, JsonParse { path: "MONSTER", detail: "Failed to deserialize MONSTER 'mon_fry_green_sunfish': invalid value: integer `-60`, expected u32" }, JsonParse { path: "MONSTER", detail: "Failed to deserialize MONSTER 'mon_zombie_cop': invalid type: boolean `false`, expected struct UpgradeInfo" }, JsonParse { path: "MONSTER", detail: "Failed to deserialize MONSTER 'mon_fry_white_sucker': invalid value: integer `-60`, expected u32" }, JsonParse { path: "MONSTER", detail: "Failed to deserialize MONSTER 'mon_halfworm_graboid': invalid value: integer `-15`, expected u32" }, JsonParse { path: "MONSTER", detail: "Failed to deserialize MONSTER 'mon_dog_boxer': invalid value: integer `-8`, expected u32" }, JsonParse { path: "MONSTER", detail: "Failed to deserialize MONSTER 'mon_rabbit': invalid value: integer `-99`, expected u32" }, JsonParse { path: "MONSTER", detail: "Failed to deserialize MONSTER 'mon_turtle_painted': invalid type: map, expected a sequence" }, JsonParse { path: "MONSTER", detail: "Failed to deserialize MONSTER 'mon_zombear_skeleton': invalid type: boolean `false`, expected struct UpgradeInfo" }, JsonParse { path: "MONSTER", detail: "Failed to deserialize MONSTER 'mon_cat_longhair': invalid value: integer `-99`, expected u32" }, JsonParse { path: "MONSTER", detail: "Failed to deserialize MONSTER 'mon_turret_rifle_balthazar': data did not match any variant of untagged enum SpecialAttack" }, JsonParse { path: "MONSTER", detail: "Failed to deserialize MONSTER 'mon_goose': invalid type: map, expected a sequence" }, JsonParse { path: "MONSTER", detail: "Failed to deserialize MONSTER 'mon_boomer_fungalize': invalid type: floating point `16.5`, expected u32" }, JsonParse { path: "MONSTER", detail: "Failed to deserialize MONSTER 'mon_mech_recon': invalid value: integer `-50`, expected u32" }, JsonParse { path: "MONSTER", detail: "Failed to deserialize MONSTER 'mon_foul_bigtad': invalid value: integer `-40`, expected u32" }, JsonParse { path: "MONSTER", detail: "Failed to deserialize MONSTER 'mon_shift_bigfrog': invalid value: integer `-10`, expected u32" }, JsonParse { path: "MONSTER", detail: "Failed to deserialize MONSTER 'mon_bluejay': invalid value: integer `-99`, expected u32" }, JsonParse { path: "MONSTER", detail: "Failed to deserialize MONSTER 'mon_zougar_fungus': invalid type: floating point `48.75`, expected u32" }, JsonParse { path: "MONSTER", detail: "Failed to deserialize MONSTER 'mon_wasp_small_fungus': data did not match any variant of untagged enum SpecialAttack" }, JsonParse { path: "MONSTER", detail: "Failed to deserialize MONSTER 'mon_wasp_small_guard_fungus': data did not match any variant of untagged enum SpecialAttack" }, JsonParse { path: "MONSTER", detail: "Failed to deserialize MONSTER 'mon_fry_mackerel': invalid value: integer `-60`, expected u32" }, JsonParse { path: "MONSTER", detail: "Failed to deserialize MONSTER 'mon_dog_dachshund_pup': invalid value: integer `-12`, expected u32" }, JsonParse { path: "MONSTER", detail: "Failed to deserialize MONSTER 'mon_cat_devon_rex_kitten': invalid value: integer `-99`, expected u32" }, JsonParse { path: "MONSTER", detail: "Failed to deserialize MONSTER 'mon_dog_antimemetic': invalid value: integer `-10`, expected u32" }, JsonParse { path: "MONSTER", detail: "Failed to deserialize MONSTER 'mon_whisper_fungus': invalid value: integer `-20`, expected u32" }, JsonParse { path: "MONSTER", detail: "Failed to deserialize MONSTER 'mon_cougar': data did not match any variant of untagged enum SpecialAttack" }, JsonParse { path: "MONSTER", detail: "Failed to deserialize MONSTER 'mon_tiger': data did not match any variant of untagged enum SpecialAttack" }, JsonParse { path: "MONSTER", detail: "Failed to deserialize MONSTER 'mon_peeper_tadpole': invalid value: integer `-60`, expected u32" }, JsonParse { path: "MONSTER", detail: "Failed to deserialize MONSTER 'mon_gasbag_dusted': invalid type: floating point `48.0`, expected u32" }, JsonParse { path: "MONSTER", detail: "Failed to deserialize MONSTER 'mon_zombie_screecher': invalid type: boolean `false`, expected struct UpgradeInfo" }, JsonParse { path: "MONSTER", detail: "Failed to deserialize MONSTER 'mon_zpig_brute': invalid type: floating point `82.5`, expected u32" }, JsonParse { path: "MONSTER", detail: "Failed to deserialize MONSTER 'mon_gasbag_fungalize': invalid type: floating point `24.0`, expected u32" }, JsonParse { path: "MONSTER", detail: "Failed to deserialize MONSTER 'mon_cat_maine_coon_kitten': invalid value: integer `-99`, expected u32" }, JsonParse { path: "MONSTER", detail: "Failed to deserialize MONSTER 'mon_zombie_rot_dusted': invalid type: floating point `36.0`, expected u32" }, JsonParse { path: "MONSTER", detail: "Failed to deserialize MONSTER 'mon_zombeaver': invalid type: map, expected a sequence" }, JsonParse { path: "MONSTER", detail: "Failed to deserialize MONSTER 'mon_skittering_plague': invalid value: integer `-99`, expected u32" }, JsonParse { path: "MONSTER", detail: "Failed to deserialize MONSTER 'mon_starer_axe': invalid type: map, expected a sequence" }, JsonParse { path: "MONSTER", detail: "Failed to deserialize MONSTER 'mon_fish_muskellunge': invalid value: integer `-60`, expected u32" }, JsonParse { path: "MONSTER", detail: "Failed to deserialize MONSTER 'mon_zougar_hunter': invalid type: map, expected a sequence" }, JsonParse { path: "MONSTER", detail: "Failed to deserialize MONSTER 'mon_beaver_kit': invalid value: integer `-20`, expected u32" }, JsonParse { path: "MONSTER", detail: "Failed to deserialize MONSTER 'mon_feral_cop_fungal_infected': invalid type: map, expected a sequence" }, JsonParse { path: "MONSTER", detail: "Failed to deserialize MONSTER 'mon_worm_larva': invalid value: integer `-99`, expected u32" }, JsonParse { path: "MONSTER", detail: "Failed to deserialize MONSTER 'mon_pigeon_chick': invalid value: integer `-99`, expected u32" }, JsonParse { path: "MONSTER", detail: "Failed to deserialize MONSTER 'mon_dog_mutant_mauler_pup': invalid value: integer `-13`, expected u32" }, JsonParse { path: "MONSTER", detail: "Failed to deserialize MONSTER 'mon_zombie_horse_red': invalid type: boolean `false`, expected struct UpgradeInfo" }, JsonParse { path: "MONSTER", detail: "Failed to deserialize MONSTER 'mon_spawn_raptor_unstable': invalid type: boolean `false`, expected struct UpgradeInfo" }, JsonParse { path: "MONSTER", detail: "Failed to deserialize MONSTER 'mon_lab_rat': invalid value: integer `-15`, expected u32" }, JsonParse { path: "MONSTER", detail: "Failed to deserialize MONSTER 'mon_mutant_arthropod': invalid type: map, expected a sequence" }, JsonParse { path: "MONSTER", detail: "Failed to deserialize MONSTER 'mon_centipede_mega': data did not match any variant of untagged enum SpecialAttack" }, JsonParse { path: "MONSTER", detail: "Failed to deserialize MONSTER 'mon_dog_gpyrenees_pup': invalid value: integer `-12`, expected u32" }, JsonParse { path: "MONSTER", detail: "Failed to deserialize MONSTER 'mon_labyrinth_buoy_turret_1_1': data did not match any variant of untagged enum SpecialAttack" }, JsonParse { path: "MONSTER", detail: "Failed to deserialize MONSTER 'mon_zombie_soldier_acid_1': data did not match any variant of untagged enum SpecialAttack" }, JsonParse { path: "MONSTER", detail: "Failed to deserialize MONSTER 'mon_dog_bcollie': invalid value: integer `-5`, expected u32" }, JsonParse { path: "MONSTER", detail: "Failed to deserialize MONSTER 'mon_raven_chick': invalid value: integer `-99`, expected u32" }, JsonParse { path: "MONSTER", detail: "Failed to deserialize MONSTER 'mon_fry_bullhead_yellow': invalid value: integer `-60`, expected u32" }, JsonParse { path: "MONSTER", detail: "Failed to deserialize MONSTER 'mon_dog_auscattle': invalid value: integer `-10`, expected u32" }, JsonParse { path: "MONSTER", detail: "Failed to deserialize MONSTER 'mon_dog_wad': invalid value: integer `-20`, expected u32" }, JsonParse { path: "MONSTER", detail: "Failed to deserialize MONSTER 'mon_dog_chihuahua_pup': invalid value: integer `-11`, expected u32" }, JsonParse { path: "MONSTER", detail: "Failed to deserialize MONSTER 'mon_mausketeer': invalid type: map, expected a sequence" }, JsonParse { path: "MONSTER", detail: "Failed to deserialize MONSTER 'mon_skeleton_hulk': invalid type: boolean `false`, expected struct UpgradeInfo" }, JsonParse { path: "MONSTER", detail: "Failed to deserialize MONSTER 'mon_turret_artisans': invalid value: integer `-10`, expected u32" }, JsonParse { path: "MONSTER", detail: "Failed to deserialize MONSTER 'mon_zombie_rot_grabber': invalid type: boolean `false`, expected struct UpgradeInfo" }, JsonParse { path: "MONSTER", detail: "Failed to deserialize MONSTER 'mon_hummingbird_chick': invalid value: integer `-99`, expected u32" }, JsonParse { path: "MONSTER", detail: "Failed to deserialize MONSTER 'mon_chicken': invalid value: integer `-99`, expected u32" }, JsonParse { path: "MONSTER", detail: "Failed to deserialize MONSTER 'mon_fry_porgy': invalid value: integer `-60`, expected u32" }, JsonParse { path: "MONSTER", detail: "Failed to deserialize MONSTER 'mon_zombie_snotgobbler': invalid type: boolean `false`, expected struct UpgradeInfo" }, JsonParse { path: "MONSTER", detail: "Failed to deserialize MONSTER 'mon_dermatik_incubator_dog': data did not match any variant of untagged enum SpecialAttack" }, JsonParse { path: "MONSTER", detail: "Failed to deserialize MONSTER 'mon_spider_jumping_mega': invalid value: integer `-20`, expected u32" }, JsonParse { path: "MONSTER", detail: "Failed to deserialize MONSTER 'mon_snail_larva': invalid value: integer `-99`, expected u32" }, JsonParse { path: "MONSTER", detail: "Failed to deserialize MONSTER 'mon_skeleton_dusted': invalid type: floating point `36.0`, expected u32" }, JsonParse { path: "MONSTER", detail: "Failed to deserialize MONSTER 'mon_beaver_mutant_huge_kit': invalid value: integer `-20`, expected u32" }, JsonParse { path: "MONSTER", detail: "Failed to deserialize MONSTER 'mon_zombie_hollow': invalid type: boolean `false`, expected struct UpgradeInfo" }, JsonParse { path: "MONSTER", detail: "Failed to deserialize MONSTER 'mon_sewer_rat': invalid value: integer `-5`, expected u32" }, JsonParse { path: "MONSTER", detail: "Failed to deserialize MONSTER 'mon_wasp_mega_fungus': invalid type: floating point `280.0`, expected u32" }, JsonParse { path: "MONSTER", detail: "Failed to deserialize MONSTER 'mon_spider_wolf_small': invalid type: floating point `20.0`, expected u32" }, JsonParse { path: "MONSTER", detail: "Failed to deserialize MONSTER 'mon_cat_chonker_kitten': invalid value: integer `-99`, expected u32" }, JsonParse { path: "MONSTER", detail: "Failed to deserialize MONSTER 'mon_shoggoth': invalid type: map, expected a sequence" }, JsonParse { path: "MONSTER", detail: "Failed to deserialize MONSTER 'mon_sparrow_chick': invalid value: integer `-99`, expected u32" }, JsonParse { path: "MONSTER", detail: "Failed to deserialize MONSTER 'mon_wild_rabbit_baby': invalid value: integer `-99`, expected u32" }, JsonParse { path: "MONSTER", detail: "Failed to deserialize MONSTER 'mon_zombie_dog_brute_acidic': invalid type: floating point `43.2`, expected u32" }, JsonParse { path: "MONSTER", detail: "Failed to deserialize MONSTER 'mon_pheasant_chick': invalid value: integer `-99`, expected u32" }, JsonParse { path: "MONSTER", detail: "Failed to deserialize MONSTER 'mon_exodii_quad': invalid value: integer `-10`, expected u32" }, JsonParse { path: "MONSTER", detail: "Failed to deserialize MONSTER 'mon_mosquito_small': invalid type: floating point `10.0`, expected u32" }, JsonParse { path: "MONSTER", detail: "Failed to deserialize MONSTER 'mon_zombie_necro_boomer': invalid type: boolean `false`, expected struct UpgradeInfo" }, JsonParse { path: "MONSTER", detail: "Failed to deserialize MONSTER 'mon_rabbit_baby': invalid value: integer `-99`, expected u32" }, JsonParse { path: "MONSTER", detail: "Failed to deserialize MONSTER 'mon_fry_sturgeon_shortnose': invalid value: integer `-60`, expected u32" }, JsonParse { path: "MONSTER", detail: "Failed to deserialize MONSTER 'mon_hummingbird': invalid value: integer `-99`, expected u32" }, JsonParse { path: "MONSTER", detail: "Failed to deserialize MONSTER 'mon_structural_spur': data did not match any variant of untagged enum SpecialAttack" }, JsonParse { path: "MONSTER", detail: "Failed to deserialize MONSTER 'mon_tindalos': data did not match any variant of untagged enum SpecialAttack" }, JsonParse { path: "MONSTER", detail: "Failed to deserialize MONSTER 'mon_zombie_regenerating_hunter': invalid type: map, expected a sequence" }, JsonParse { path: "MONSTER", detail: "Failed to deserialize MONSTER 'mon_octupus_stalker_spawn': invalid value: integer `-5`, expected u32" }, JsonParse { path: "MONSTER", detail: "Failed to deserialize MONSTER 'mon_lab_security_drone_BS': data did not match any variant of untagged enum SpecialAttack" }, JsonParse { path: "MONSTER", detail: "Failed to deserialize MONSTER 'mon_spider_widow_mega': invalid value: integer `-10`, expected u32" }, JsonParse { path: "MONSTER", detail: "Failed to deserialize MONSTER 'mon_fish_cod': invalid value: integer `-60`, expected u32" }, JsonParse { path: "MONSTER", detail: "Failed to deserialize MONSTER 'mon_fish_perch': invalid value: integer `-60`, expected u32" }, JsonParse { path: "MONSTER", detail: "Failed to deserialize MONSTER 'mon_bee_mega_fungus': invalid type: floating point `200.0`, expected u32" }, JsonParse { path: "MONSTER", detail: "Failed to deserialize MONSTER 'mon_civilian_police_rifle': data did not match any variant of untagged enum SpecialAttack" }, JsonParse { path: "MONSTER", detail: "Failed to deserialize MONSTER 'mon_dragonfly_mega': invalid type: map, expected a sequence" }, JsonParse { path: "MONSTER", detail: "Failed to deserialize MONSTER 'mon_cougar_kitten': invalid value: integer `-25`, expected u32" }, JsonParse { path: "MONSTER", detail: "Failed to deserialize MONSTER 'mon_beaver_mutant_avian_kit': invalid value: integer `-20`, expected u32" }, JsonParse { path: "MONSTER", detail: "Failed to deserialize MONSTER 'mon_dog_zombie_brute': invalid type: floating point `36.0`, expected u32" }, JsonParse { path: "MONSTER", detail: "Failed to deserialize MONSTER 'mon_wild_rabbit': invalid value: integer `-99`, expected u32" }, JsonParse { path: "MONSTER", detail: "Failed to deserialize MONSTER 'mon_turtle_snapping_common': invalid type: map, expected a sequence" }, JsonParse { path: "MONSTER", detail: "Failed to deserialize MONSTER 'mon_fish_channel_catfish': invalid value: integer `-60`, expected u32" }, JsonParse { path: "MONSTER", detail: "Failed to deserialize MONSTER 'mon_snail_river': invalid value: integer `-50`, expected u32" }, JsonParse { path: "MONSTER", detail: "Failed to deserialize MONSTER 'mon_toad_wart': data did not match any variant of untagged enum SpecialAttack" }, JsonParse { path: "MONSTER", detail: "Failed to deserialize MONSTER 'mon_moth_fly_larva': invalid value: integer `-99`, expected u32" }, JsonParse { path: "MONSTER", detail: "Failed to deserialize MONSTER 'mon_chipmunk': invalid value: integer `-90`, expected u32" }, JsonParse { path: "MONSTER", detail: "Failed to deserialize MONSTER 'mon_zap_rat': invalid type: map, expected a sequence" }, JsonParse { path: "MONSTER", detail: "Failed to deserialize MONSTER 'mon_hunting_horror': data did not match any variant of untagged enum SpecialAttack" }, JsonParse { path: "MONSTER", detail: "Failed to deserialize MONSTER 'mon_zombie_wretch_fungalize': data did not match any variant of untagged enum SpecialAttack" }, JsonParse { path: "MONSTER", detail: "Failed to deserialize MONSTER 'mon_feral_prisoner': invalid type: map, expected a sequence" }, JsonParse { path: "MONSTER", detail: "Failed to deserialize MONSTER 'mon_stag_beetle_mega': invalid type: floating point `1400.0`, expected u32" }, JsonParse { path: "MONSTER", detail: "Failed to deserialize MONSTER 'mon_fish_fallfish': invalid value: integer `-60`, expected u32" }, JsonParse { path: "MONSTER", detail: "Failed to deserialize MONSTER 'mon_bear_cub': invalid value: integer `-10`, expected u32" }, JsonParse { path: "MONSTER", detail: "Failed to deserialize MONSTER 'mon_peeper_frog': invalid type: map, expected a sequence" }, JsonParse { path: "MONSTER", detail: "Failed to deserialize MONSTER 'mon_vocal_frog': invalid type: map, expected a sequence" }, JsonParse { path: "MONSTER", detail: "Failed to deserialize MONSTER 'mon_zombie_skull': invalid type: boolean `false`, expected struct UpgradeInfo" }, JsonParse { path: "MONSTER", detail: "Failed to deserialize MONSTER 'mon_skeleton_brute_fungalize': invalid type: floating point `18.0`, expected u32" }, JsonParse { path: "MONSTER", detail: "Failed to deserialize MONSTER 'mon_cat_sphynx_kitten': invalid value: integer `-99`, expected u32" }, JsonParse { path: "MONSTER", detail: "Failed to deserialize MONSTER 'mon_dog_howling': invalid type: boolean `false`, expected struct UpgradeInfo" }, JsonParse { path: "MONSTER", detail: "Failed to deserialize MONSTER 'mon_zombie_soldier_acid_2': data did not match any variant of untagged enum SpecialAttack" }, JsonParse { path: "MONSTER", detail: "Failed to deserialize MONSTER 'mon_weasel': invalid type: map, expected a sequence" }, JsonParse { path: "MONSTER", detail: "Failed to deserialize MONSTER 'mon_zombie_brute_shocker': invalid type: boolean `false`, expected struct UpgradeInfo" }, JsonParse { path: "MONSTER", detail: "Failed to deserialize MONSTER 'mon_zombie_winged': data did not match any variant of untagged enum SpecialAttack" }, JsonParse { path: "MONSTER", detail: "Failed to deserialize MONSTER 'mon_beekeeper_dusted': invalid type: floating point `36.0`, expected u32" }, JsonParse { path: "MONSTER", detail: "Failed to deserialize MONSTER 'mon_strider_nymph': invalid value: integer `-99`, expected u32" }, JsonParse { path: "MONSTER", detail: "Failed to deserialize MONSTER 'mon_skeleton_hulk_fungalize': invalid type: floating point `18.0`, expected u32" }, JsonParse { path: "MONSTER", detail: "Failed to deserialize MONSTER 'mon_robin': invalid value: integer `-99`, expected u32" }, JsonParse { path: "MONSTER", detail: "Failed to deserialize MONSTER 'mon_snail_small': invalid type: floating point `76.0`, expected u32" }, JsonParse { path: "MONSTER", detail: "Failed to deserialize MONSTER 'mon_green_tadpole': invalid value: integer `-60`, expected u32" }, JsonParse { path: "MONSTER", detail: "Failed to deserialize MONSTER 'mon_zombie_brute_dusted': invalid type: floating point `63.0`, expected u32" }, JsonParse { path: "MONSTER", detail: "Failed to deserialize MONSTER 'mon_zombie_crawler_dusted': invalid type: floating point `12.0`, expected u32" }, JsonParse { path: "MONSTER", detail: "Failed to deserialize MONSTER 'mon_rattlesnake_giant': invalid type: map, expected a sequence" }, JsonParse { path: "MONSTER", detail: "Failed to deserialize MONSTER 'mon_turkey': invalid value: integer `-99`, expected u32" }, JsonParse { path: "MONSTER", detail: "Failed to deserialize MONSTER 'mon_fry_blackfish': invalid value: integer `-60`, expected u32" }, JsonParse { path: "MONSTER", detail: "Failed to deserialize MONSTER 'mon_better_half': data did not match any variant of untagged enum SpecialAttack" }, JsonParse { path: "MONSTER", detail: "Failed to deserialize MONSTER 'mon_fry_goldfish': invalid value: integer `-60`, expected u32" }, JsonParse { path: "MONSTER", detail: "Failed to deserialize MONSTER 'mon_dermatik_larva': invalid value: integer `-20`, expected u32" }, JsonParse { path: "MONSTER", detail: "Failed to deserialize MONSTER 'mon_cat_sphynx': invalid value: integer `-99`, expected u32" }, JsonParse { path: "MONSTER", detail: "Failed to deserialize MONSTER 'mon_zombie_brute_fungalize': invalid type: floating point `31.5`, expected u32" }, JsonParse { path: "MONSTER", detail: "Failed to deserialize MONSTER 'mon_wasp_queen_fungus': data did not match any variant of untagged enum SpecialAttack" }, JsonParse { path: "MONSTER", detail: "Failed to deserialize MONSTER 'mon_zombie_kevlar_2': invalid type: boolean `false`, expected struct UpgradeInfo" }, JsonParse { path: "MONSTER", detail: "Failed to deserialize MONSTER 'mon_fish_pumpkinseed': invalid value: integer `-60`, expected u32" }, JsonParse { path: "MONSTER", detail: "Failed to deserialize MONSTER 'mon_zombie_rot_diseased': invalid type: boolean `false`, expected struct UpgradeInfo" }, JsonParse { path: "MONSTER", detail: "Failed to deserialize MONSTER 'mon_frog_shocker': data did not match any variant of untagged enum SpecialAttack" }, JsonParse { path: "MONSTER", detail: "Failed to deserialize MONSTER 'mon_spider_cellar_small': invalid value: integer `-50`, expected u32" }, JsonParse { path: "MONSTER", detail: "Failed to deserialize MONSTER 'mon_skeleton_hulk_fungus': invalid type: floating point `360.0`, expected u32" }, JsonParse { path: "MONSTER", detail: "Failed to deserialize MONSTER 'mon_grebe_chick': invalid value: integer `-99`, expected u32" }, JsonParse { path: "MONSTER", detail: "Failed to deserialize MONSTER 'mon_pheasant': invalid value: integer `-99`, expected u32" }, JsonParse { path: "MONSTER", detail: "Failed to deserialize MONSTER 'mon_mutant_evolved': data did not match any variant of untagged enum SpecialAttack" }, JsonParse { path: "MONSTER", detail: "Failed to deserialize MONSTER 'mon_foul_giganfrog': invalid type: map, expected a sequence" }, JsonParse { path: "MONSTER", detail: "Failed to deserialize MONSTER 'mon_leech_root_drone': data did not match any variant of untagged enum SpecialAttack" }, JsonParse { path: "MONSTER", detail: "Failed to deserialize MONSTER 'mon_eigenspectre_3': data did not match any variant of untagged enum SpecialAttack" }, JsonParse { path: "MONSTER", detail: "Failed to deserialize MONSTER 'mon_squirrel_red': invalid value: integer `-99`, expected u32" }, JsonParse { path: "MONSTER", detail: "Failed to deserialize MONSTER 'mon_feral_swimmer_kickboard': invalid type: map, expected a sequence" }, JsonParse { path: "MONSTER", detail: "Failed to deserialize MONSTER 'mon_cat_liquid': invalid value: integer `-99`, expected u32" }, JsonParse { path: "MONSTER", detail: "Failed to deserialize MONSTER 'mon_zombie_soldier_blackops_2': data did not match any variant of untagged enum SpecialAttack" }, JsonParse { path: "MONSTER", detail: "Failed to deserialize MONSTER 'mon_mi_go_slaver': data did not match any variant of untagged enum SpecialAttack" }, JsonParse { path: "MONSTER", detail: "Failed to deserialize MONSTER 'mon_beekeeper_fungal': invalid type: floating point `52.5`, expected u32" }, JsonParse { path: "MONSTER", detail: "Failed to deserialize MONSTER 'mon_fry_halibut': invalid value: integer `-60`, expected u32" }, JsonParse { path: "MONSTER", detail: "Failed to deserialize MONSTER 'mon_wasp_guard': data did not match any variant of untagged enum SpecialAttack" }, JsonParse { path: "MONSTER", detail: "Failed to deserialize MONSTER 'mon_wood_tadpole': invalid value: integer `-60`, expected u32" }, JsonParse { path: "MONSTER", detail: "Failed to deserialize MONSTER 'mon_fry_sbass': invalid value: integer `-60`, expected u32" }, JsonParse { path: "MONSTER", detail: "Failed to deserialize MONSTER 'mon_raccoon_mutant': invalid type: map, expected a sequence" }, JsonParse { path: "MONSTER", detail: "Failed to deserialize MONSTER 'exodii_sniper_drone': invalid value: integer `-20`, expected u32" }, JsonParse { path: "MONSTER", detail: "Failed to deserialize MONSTER 'mon_mech_lifter': invalid value: integer `-50`, expected u32" }, JsonParse { path: "MONSTER", detail: "Failed to deserialize MONSTER 'mon_feral_fancy_rapier_fake': invalid type: map, expected a sequence" }, JsonParse { path: "MONSTER", detail: "Failed to deserialize MONSTER 'mon_fish_whitefish': invalid value: integer `-60`, expected u32" }, JsonParse { path: "MONSTER", detail: "Failed to deserialize MONSTER 'mon_strange_giganfrog': invalid type: map, expected a sequence" }, JsonParse { path: "MONSTER", detail: "Failed to deserialize MONSTER 'mon_fish_huge': invalid value: integer `-60`, expected u32" }, JsonParse { path: "MONSTER", detail: "Failed to deserialize MONSTER 'mon_fish_bluefin_tuna': invalid value: integer `-60`, expected u32" }, JsonParse { path: "MONSTER", detail: "Failed to deserialize MONSTER 'mon_lady_bug_larva': invalid value: integer `-10`, expected u32" }, JsonParse { path: "MONSTER", detail: "Failed to deserialize MONSTER 'mon_spade_frog': invalid type: map, expected a sequence" }, JsonParse { path: "MONSTER", detail: "Failed to deserialize MONSTER 'mon_feral_officer': invalid type: map, expected a sequence" }, JsonParse { path: "MONSTER", detail: "Failed to deserialize MONSTER 'mon_odd_bigfrog': invalid type: map, expected a sequence" }, JsonParse { path: "MONSTER", detail: "Failed to deserialize MONSTER 'mon_fish_brown_trout': invalid value: integer `-60`, expected u32" }, JsonParse { path: "MONSTER", detail: "Failed to deserialize MONSTER 'mon_bobcat': invalid value: integer `-25`, expected u32" }, JsonParse { path: "MONSTER", detail: "Failed to deserialize MONSTER 'mon_spade_tadpole': invalid value: integer `-60`, expected u32" }, JsonParse { path: "MONSTER", detail: "Failed to deserialize MONSTER 'mon_fry_muskellunge': invalid value: integer `-60`, expected u32" }, JsonParse { path: "MONSTER", detail: "Failed to deserialize MONSTER 'mon_absence': data did not match any variant of untagged enum SpecialAttack" }, JsonParse { path: "MONSTER", detail: "Failed to deserialize MONSTER 'mon_flaming_eye': data did not match any variant of untagged enum SpecialAttack" }, JsonParse { path: "MONSTER", detail: "Failed to deserialize MONSTER 'mon_feral_survivalist': invalid type: map, expected a sequence" }, JsonParse { path: "MONSTER", detail: "Failed to deserialize MONSTER 'mon_bee_mega': invalid value: integer `-10`, expected u32" }, JsonParse { path: "MONSTER", detail: "Failed to deserialize MONSTER 'mon_dog_wad_pup': invalid value: integer `-30`, expected u32" }, JsonParse { path: "MONSTER", detail: "Failed to deserialize MONSTER 'mon_green_frog': invalid type: map, expected a sequence" }, JsonParse { path: "MONSTER", detail: "Failed to deserialize MONSTER 'mon_green_worm': invalid type: map, expected a sequence" }, JsonParse { path: "MONSTER", detail: "Failed to deserialize MONSTER 'mon_dark_reflection': data did not match any variant of untagged enum SpecialAttack" }, JsonParse { path: "MONSTER", detail: "Failed to deserialize MONSTER 'mon_spider_wolf_giant_s': invalid value: integer `-99`, expected u32" }, JsonParse { path: "MONSTER", detail: "Failed to deserialize MONSTER 'mon_zombie_acidic_dusted': invalid type: floating point `42.0`, expected u32" }, JsonParse { path: "MONSTER", detail: "Failed to deserialize MONSTER 'mon_fry_pbass': invalid value: integer `-60`, expected u32" }, JsonParse { path: "MONSTER", detail: "Failed to deserialize MONSTER 'mon_fish_haddock': invalid value: integer `-60`, expected u32" }, JsonParse { path: "MONSTER", detail: "Failed to deserialize MONSTER 'mon_cicada_nymph': invalid value: integer `-5`, expected u32" }, JsonParse { path: "MONSTER", detail: "Failed to deserialize MONSTER 'mon_slug_larva': invalid value: integer `-99`, expected u32" }, JsonParse { path: "MONSTER", detail: "Failed to deserialize MONSTER 'mon_nether_unviable_bug': invalid value: integer `-5`, expected u32" }, JsonParse { path: "MONSTER", detail: "Failed to deserialize MONSTER 'mon_zombie_horse_black': invalid type: boolean `false`, expected struct UpgradeInfo" }, JsonParse { path: "MONSTER", detail: "Failed to deserialize MONSTER 'mon_crow_mutant': data did not match any variant of untagged enum SpecialAttack" }, JsonParse { path: "MONSTER", detail: "Failed to deserialize MONSTER 'mon_zombie_corrosive': data did not match any variant of untagged enum SpecialAttack" }, JsonParse { path: "MONSTER", detail: "Failed to deserialize MONSTER 'mon_razorclaw': invalid type: map, expected a sequence" }, JsonParse { path: "MONSTER", detail: "Failed to deserialize MONSTER 'mon_spider_trapdoor_small': invalid type: floating point `35.0`, expected u32" }, JsonParse { path: "MONSTER", detail: "Failed to deserialize MONSTER 'mon_crow': invalid value: integer `-99`, expected u32" }, JsonParse { path: "MONSTER", detail: "Failed to deserialize MONSTER 'mon_fish_pbass': invalid value: integer `-60`, expected u32" }, JsonParse { path: "MONSTER", detail: "Failed to deserialize MONSTER 'mon_pattern_giganfrog': invalid value: integer `-1`, expected u32" }, JsonParse { path: "MONSTER", detail: "Failed to deserialize MONSTER 'mon_hare_baby': invalid value: integer `-99`, expected u32" }, JsonParse { path: "MONSTER", detail: "Failed to deserialize MONSTER 'mon_fish_whitefish_round': invalid value: integer `-60`, expected u32" }, JsonParse { path: "MONSTER", detail: "Failed to deserialize MONSTER 'mon_zombie_gasbag_crawler': invalid type: map, expected a sequence" }, JsonParse { path: "MONSTER", detail: "Failed to deserialize MONSTER 'mon_bear_mutant_3headed': data did not match any variant of untagged enum SpecialAttack" }, JsonParse { path: "MONSTER", detail: "Failed to deserialize MONSTER 'mon_dog_bull_pup': invalid value: integer `-11`, expected u32" }, JsonParse { path: "MONSTER", detail: "Failed to deserialize MONSTER 'mon_yrax_trifacet': data did not match any variant of untagged enum SpecialAttack" }, JsonParse { path: "MONSTER", detail: "Failed to deserialize MONSTER 'mon_lab_security_drone_BM2': data did not match any variant of untagged enum SpecialAttack" }, JsonParse { path: "MONSTER", detail: "Failed to deserialize MONSTER 'mon_moorhen_chick': invalid value: integer `-99`, expected u32" }, JsonParse { path: "MONSTER", detail: "Failed to deserialize MONSTER 'mon_cardinal_chick': invalid value: integer `-99`, expected u32" }, JsonParse { path: "MONSTER", detail: "Failed to deserialize MONSTER 'mon_zombie_fireproof': invalid type: map, expected a sequence" }, JsonParse { path: "MONSTER", detail: "Failed to deserialize MONSTER 'mon_spider_jumping_giant_s': invalid value: integer `-99`, expected u32" }, JsonParse { path: "MONSTER", detail: "Failed to deserialize MONSTER 'mon_gray_tadpole': invalid value: integer `-60`, expected u32" }, JsonParse { path: "MONSTER", detail: "Failed to deserialize MONSTER 'mon_horse_foal': invalid value: integer `-10`, expected u32" }, JsonParse { path: "MONSTER", detail: "Failed to deserialize MONSTER 'mon_shift_frog': invalid type: map, expected a sequence" }, JsonParse { path: "MONSTER", detail: "Failed to deserialize MONSTER 'mon_firefly_larva': invalid value: integer `-99`, expected u32" }, JsonParse { path: "MONSTER", detail: "Failed to deserialize MONSTER 'mon_civilian_parent': invalid value: integer `-50`, expected u32" }, JsonParse { path: "MONSTER", detail: "Failed to deserialize MONSTER 'mon_fish_goldfish': invalid value: integer `-60`, expected u32" }, JsonParse { path: "MONSTER", detail: "Failed to deserialize MONSTER 'mon_zombie_fat_fungus': invalid type: floating point `71.25`, expected u32" }, JsonParse { path: "MONSTER", detail: "Failed to deserialize MONSTER 'mon_odd_megafrog': invalid type: map, expected a sequence" }, JsonParse { path: "MONSTER", detail: "Failed to deserialize MONSTER 'mon_amigara_horror': data did not match any variant of untagged enum SpecialAttack" }, JsonParse { path: "MONSTER", detail: "Failed to deserialize MONSTER 'mon_fish_halibut': invalid value: integer `-60`, expected u32" }, JsonParse { path: "MONSTER", detail: "Failed to deserialize MONSTER 'mon_spider_fungus': invalid type: map, expected a sequence" }, JsonParse { path: "MONSTER", detail: "Failed to deserialize MONSTER 'mon_flailer_radiosphere': invalid value: integer `-99`, expected u32" }, JsonParse { path: "MONSTER", detail: "Failed to deserialize MONSTER 'mon_waxwing_chick': invalid value: integer `-99`, expected u32" }, JsonParse { path: "MONSTER", detail: "Failed to deserialize MONSTER 'mon_feral_armored_battleaxe': invalid type: map, expected a sequence" }, JsonParse { path: "MONSTER", detail: "Failed to deserialize MONSTER 'mon_skeleton_electric': invalid type: boolean `false`, expected struct UpgradeInfo" }, JsonParse { path: "MONSTER", detail: "Failed to deserialize MONSTER 'mon_goose_canadian': invalid type: map, expected a sequence" }, JsonParse { path: "MONSTER", detail: "Failed to deserialize MONSTER 'mon_moorhen': invalid value: integer `-99`, expected u32" }, JsonParse { path: "MONSTER", detail: "Failed to deserialize MONSTER 'mon_feral_scientist_scalpel': invalid type: map, expected a sequence" }, JsonParse { path: "MONSTER", detail: "Failed to deserialize MONSTER 'mon_crows_m240': data did not match any variant of untagged enum SpecialAttack" }, JsonParse { path: "MONSTER", detail: "Failed to deserialize MONSTER 'mon_lady_bug': invalid value: integer `-10`, expected u32" }, JsonParse { path: "MONSTER", detail: "Failed to deserialize MONSTER 'mon_zombie_smoker_fungalize': invalid type: floating point `33.0`, expected u32" }, JsonParse { path: "MONSTER", detail: "Failed to deserialize MONSTER 'mon_boar_wild_piglet': invalid value: integer `-10`, expected u32" }, JsonParse { path: "MONSTER", detail: "Failed to deserialize MONSTER 'mon_zombie_hammer_hands': invalid type: boolean `false`, expected struct UpgradeInfo" }, JsonParse { path: "MONSTER", detail: "Failed to deserialize MONSTER 'mon_fish_salmon': invalid value: integer `-60`, expected u32" }, JsonParse { path: "MONSTER", detail: "Failed to deserialize MONSTER 'mon_feral_human_tool': invalid type: map, expected a sequence" }, JsonParse { path: "MONSTER", detail: "Failed to deserialize MONSTER 'mon_cat_siamese_kitten': invalid value: integer `-99`, expected u32" }, JsonParse { path: "MONSTER", detail: "Failed to deserialize MONSTER 'mon_fish_white_sucker': invalid value: integer `-60`, expected u32" }, JsonParse { path: "MONSTER", detail: "Failed to deserialize MONSTER 'mon_zombie_dusted': invalid type: floating point `42.0`, expected u32" }, JsonParse { path: "MONSTER", detail: "Failed to deserialize MONSTER 'mon_mutant_camouflaged': invalid type: map, expected a sequence" }, JsonParse { path: "MONSTER", detail: "Failed to deserialize MONSTER 'pseudo_weakpoint_mon': invalid type: map, expected a string" }, JsonParse { path: "MONSTER", detail: "Failed to deserialize MONSTER 'mon_fish_pollock': invalid value: integer `-60`, expected u32" }, JsonParse { path: "MONSTER", detail: "Failed to deserialize MONSTER 'mon_mosquito_larva': invalid value: integer `-99`, expected u32" }, JsonParse { path: "MONSTER", detail: "Failed to deserialize MONSTER 'mon_mutant_alpha_boss': invalid type: floating point `7.199999999999999`, expected u32" }, JsonParse { path: "MONSTER", detail: "Failed to deserialize MONSTER 'mon_turtle_snapping_common_baby': invalid value: integer `-35`, expected u32" }, JsonParse { path: "MONSTER", detail: "Failed to deserialize MONSTER 'mon_zhark': invalid type: map, expected a sequence" }, JsonParse { path: "MONSTER", detail: "Failed to deserialize MONSTER 'mon_fowler_tadpole': invalid value: integer `-60`, expected u32" }, JsonParse { path: "MONSTER", detail: "Failed to deserialize MONSTER 'mon_cardinal': invalid value: integer `-99`, expected u32" }, JsonParse { path: "MONSTER", detail: "Failed to deserialize MONSTER 'mon_zombie_creepy': invalid type: map, expected a sequence" }, JsonParse { path: "MONSTER", detail: "Failed to deserialize MONSTER 'mon_grouse_chick': invalid value: integer `-99`, expected u32" }, JsonParse { path: "MONSTER", detail: "Failed to deserialize MONSTER 'mon_zeer_fungus': invalid type: floating point `75.0`, expected u32" }, JsonParse { path: "MONSTER", detail: "Failed to deserialize MONSTER 'mon_beaver_mutant_huge': invalid type: map, expected a sequence" }, JsonParse { path: "MONSTER", detail: "Failed to deserialize MONSTER 'mon_foul_bigfrog': invalid value: integer `-10`, expected u32" }, JsonParse { path: "MONSTER", detail: "Failed to deserialize MONSTER 'mon_zombie_gasbag_fungus': invalid type: floating point `11.25`, expected u32" }, JsonParse { path: "MONSTER", detail: "Failed to deserialize MONSTER 'mon_nether_fish': invalid type: map, expected a sequence" }, JsonParse { path: "MONSTER", detail: "Failed to deserialize MONSTER 'mon_zombie_anklebiter': invalid type: boolean `false`, expected struct UpgradeInfo" }, JsonParse { path: "MONSTER", detail: "Failed to deserialize MONSTER 'mon_spider_cellar_giant_s': invalid value: integer `-99`, expected u32" }, JsonParse { path: "MONSTER", detail: "Failed to deserialize MONSTER 'mon_fowler_toad': invalid type: map, expected a sequence" }, JsonParse { path: "MONSTER", detail: "Failed to deserialize MONSTER 'mon_foul_toad': invalid type: map, expected a sequence" }, JsonParse { path: "MONSTER", detail: "Failed to deserialize MONSTER 'mon_cat_longhair_kitten': invalid value: integer `-99`, expected u32" }, JsonParse { path: "MONSTER", detail: "Failed to deserialize MONSTER 'mon_plague_nymph': invalid value: integer `-99`, expected u32" }, JsonParse { path: "MONSTER", detail: "Failed to deserialize MONSTER 'mon_goose_chick': invalid value: integer `-99`, expected u32" }, JsonParse { path: "MONSTER", detail: "Failed to deserialize MONSTER 'mon_zombie_crawler_fungalize': invalid type: floating point `6.0`, expected u32" }, JsonParse { path: "MONSTER", detail: "Failed to deserialize MONSTER 'mon_mutant_experimental': data did not match any variant of untagged enum SpecialAttack" }, JsonParse { path: "MONSTER", detail: "Failed to deserialize MONSTER 'mon_guinea_fowl': invalid value: integer `-99`, expected u32" }, JsonParse { path: "MONSTER", detail: "Failed to deserialize MONSTER 'mon_yugg': invalid type: map, expected a sequence" }, JsonParse { path: "MONSTER", detail: "Failed to deserialize MONSTER 'mon_fish_pike': invalid value: integer `-60`, expected u32" }, JsonParse { path: "MONSTER", detail: "Failed to deserialize MONSTER 'mon_fish_bluefish': invalid value: integer `-60`, expected u32" }, JsonParse { path: "MONSTER", detail: "Failed to deserialize MONSTER 'mon_zombie_child_fungalize': invalid type: floating point `19.5`, expected u32" }, JsonParse { path: "MONSTER", detail: "Failed to deserialize MONSTER 'mon_fish_sturgeon_shortnose': invalid value: integer `-60`, expected u32" }, JsonParse { path: "MONSTER", detail: "Failed to deserialize MONSTER 'mon_hologram': invalid value: integer `-99`, expected u32" }, JsonParse { path: "MONSTER", detail: "Failed to deserialize MONSTER 'mon_lady_bug_giant': data did not match any variant of untagged enum SpecialAttack" }, JsonParse { path: "MONSTER", detail: "Failed to deserialize MONSTER 'mon_feral_human_axe_fungal_corpse': invalid type: map, expected a sequence" }, JsonParse { path: "MONSTER", detail: "Failed to deserialize MONSTER 'mon_zombie_armored': invalid type: boolean `false`, expected struct UpgradeInfo" }, JsonParse { path: "MONSTER", detail: "Failed to deserialize MONSTER 'mon_frog_mummy': data did not match any variant of untagged enum SpecialAttack" }, JsonParse { path: "MONSTER", detail: "Failed to deserialize MONSTER 'mon_fungaloid_young': invalid value: integer `-50`, expected u32" }, JsonParse { path: "MONSTER", detail: "Failed to deserialize MONSTER 'mon_butterfly_titan': invalid type: floating point `150.0`, expected u32" }, JsonParse { path: "MONSTER", detail: "Failed to deserialize MONSTER 'mon_feral_human_pipe_fungal_corpse': invalid type: map, expected a sequence" }, JsonParse { path: "MONSTER", detail: "Failed to deserialize MONSTER 'mon_amalgamation_spotter': data did not match any variant of untagged enum SpecialAttack" }, JsonParse { path: "MONSTER", detail: "Failed to deserialize MONSTER 'mon_strange_bigtad': invalid value: integer `-40`, expected u32" }, JsonParse { path: "MONSTER", detail: "Failed to deserialize MONSTER 'mon_dog_mutant_thrasher': invalid value: integer `-15`, expected u32" }, JsonParse { path: "MONSTER", detail: "Failed to deserialize MONSTER 'mon_teke_mouse': invalid type: map, expected a sequence" }, JsonParse { path: "MONSTER", detail: "Failed to deserialize MONSTER 'mon_stag_beetle_small': invalid type: floating point `175.0`, expected u32" }, JsonParse { path: "MONSTER", detail: "Failed to deserialize MONSTER 'mon_fish_pickerel': invalid value: integer `-60`, expected u32" }, JsonParse { path: "MONSTER", detail: "Failed to deserialize MONSTER 'mon_zombie_swimmer': invalid type: map, expected a sequence" }, JsonParse { path: "MONSTER", detail: "Failed to deserialize MONSTER 'mon_fish_brook_trout': invalid value: integer `-60`, expected u32" }, JsonParse { path: "MONSTER", detail: "Failed to deserialize MONSTER 'mon_skunk': invalid type: map, expected a sequence" }, JsonParse { path: "MONSTER", detail: "Failed to deserialize MONSTER 'mon_slug_forest': invalid value: integer `-50`, expected u32" }, JsonParse { path: "MONSTER", detail: "Failed to deserialize MONSTER 'mon_cat_void': invalid value: integer `-99`, expected u32" }, JsonParse { path: "MONSTER", detail: "Failed to deserialize MONSTER 'mon_fry_gar_longnose': invalid value: integer `-60`, expected u32" }, JsonParse { path: "MONSTER", detail: "Failed to deserialize MONSTER 'mon_crayfish_small': invalid type: floating point `25.0`, expected u32" }, JsonParse { path: "MONSTER", detail: "Failed to deserialize MONSTER 'mon_fleshborg_2_3_string_dimension': data did not match any variant of untagged enum SpecialAttack" }, JsonParse { path: "MONSTER", detail: "Failed to deserialize MONSTER 'mon_nether_unviable_root': invalid type: string \"PLANT\", expected a sequence" }, JsonParse { path: "MONSTER", detail: "Failed to deserialize MONSTER 'mon_boomer_claymore': data did not match any variant of untagged enum SpecialAttack" }, JsonParse { path: "MONSTER", detail: "Failed to deserialize MONSTER 'mon_civilian_police': data did not match any variant of untagged enum SpecialAttack" }, JsonParse { path: "MONSTER", detail: "Failed to deserialize MONSTER 'mon_mink': invalid type: map, expected a sequence" }, JsonParse { path: "MONSTER", detail: "Failed to deserialize MONSTER 'mon_zombie_nullfield': invalid type: boolean `false`, expected struct UpgradeInfo" }, JsonParse { path: "MONSTER", detail: "Failed to deserialize MONSTER 'mon_woodpecker': invalid value: integer `-99`, expected u32" }, JsonParse { path: "MONSTER", detail: "Failed to deserialize MONSTER 'mon_talon_m202a1': data did not match any variant of untagged enum SpecialAttack" }, JsonParse { path: "MONSTER", detail: "Failed to deserialize MONSTER 'mon_zombie_waif': invalid type: boolean `false`, expected struct UpgradeInfo" }, JsonParse { path: "MONSTER", detail: "Failed to deserialize MONSTER 'mon_fish_grass_carp': invalid value: integer `-60`, expected u32" }, JsonParse { path: "MONSTER", detail: "Failed to deserialize MONSTER 'mon_void_spider_maw': invalid type: floating point `2.0`, expected u32" }, JsonParse { path: "MONSTER", detail: "Failed to deserialize MONSTER 'mon_zombie_smoker_fungus': invalid type: floating point `56.25`, expected u32" }, JsonParse { path: "MONSTER", detail: "Failed to deserialize MONSTER 'mon_pig_piglet': invalid value: integer `-10`, expected u32" }, JsonParse { path: "MONSTER", detail: "Failed to deserialize MONSTER 'mon_locust_nymph': invalid value: integer `-99`, expected u32" }, JsonParse { path: "MONSTER", detail: "Failed to deserialize MONSTER 'mon_dog_zombie_hulk': invalid type: floating point `144.0`, expected u32" }, JsonParse { path: "MONSTER", detail: "Failed to deserialize MONSTER 'mon_dog_scorched_hulk': invalid type: floating point `108.0`, expected u32" }, JsonParse { path: "MONSTER", detail: "Failed to deserialize MONSTER 'mon_zombie_brute_grappler': invalid type: boolean `false`, expected struct UpgradeInfo" }, JsonParse { path: "MONSTER", detail: "Failed to deserialize MONSTER 'mon_strider_giant': invalid type: map, expected a sequence" }, JsonParse { path: "MONSTER", detail: "Failed to deserialize MONSTER 'mon_strider_small': invalid type: floating point `10.0`, expected u32" }, JsonParse { path: "MONSTER", detail: "Failed to deserialize MONSTER 'mon_zoose_fungus': invalid type: floating point `157.5`, expected u32" }, JsonParse { path: "MONSTER", detail: "Failed to deserialize MONSTER 'mon_wasp_mega': invalid type: floating point `400.0`, expected u32" }, JsonParse { path: "MONSTER", detail: "Failed to deserialize MONSTER 'mon_exodii_turret': invalid value: integer `-10`, expected u32" }, JsonParse { path: "MONSTER", detail: "Failed to deserialize MONSTER 'mon_fry_grass_carp': invalid value: integer `-60`, expected u32" }, JsonParse { path: "MONSTER", detail: "Failed to deserialize MONSTER 'mon_turkey_domestic_chick': invalid value: integer `-99`, expected u32" }, JsonParse { path: "MONSTER", detail: "Failed to deserialize MONSTER 'mon_goat': invalid type: map, expected a sequence" }, JsonParse { path: "MONSTER", detail: "Failed to deserialize MONSTER 'mon_fry_bullhead': invalid value: integer `-60`, expected u32" }, JsonParse { path: "MONSTER", detail: "Failed to deserialize MONSTER 'mon_zombie_plated': invalid type: boolean `false`, expected struct UpgradeInfo" }, JsonParse { path: "MONSTER", detail: "Failed to deserialize MONSTER 'mon_zombie_brute_ninja': invalid type: boolean `false`, expected struct UpgradeInfo" }, JsonParse { path: "MONSTER", detail: "Failed to deserialize MONSTER 'mon_fish_warmouth': invalid value: integer `-60`, expected u32" }, JsonParse { path: "MONSTER", detail: "Failed to deserialize MONSTER 'mon_void_spider_spiderling_skewered': invalid type: floating point `2.0`, expected u32" }, JsonParse { path: "MONSTER", detail: "Failed to deserialize MONSTER 'mon_odd_toad': invalid type: map, expected a sequence" }, JsonParse { path: "MONSTER", detail: "Failed to deserialize MONSTER 'mon_dermatik_incubator_spider': data did not match any variant of untagged enum SpecialAttack" }, JsonParse { path: "MONSTER", detail: "Failed to deserialize MONSTER 'mon_skeleton_hulk_dusted': invalid type: floating point `36.0`, expected u32" }, JsonParse { path: "MONSTER", detail: "Failed to deserialize MONSTER 'mon_spider_cellar_mega': invalid value: integer `-5`, expected u32" }, JsonParse { path: "MONSTER", detail: "Failed to deserialize MONSTER 'mon_feral_sailor_axe': invalid type: map, expected a sequence" }, JsonParse { path: "MONSTER", detail: "Failed to deserialize MONSTER 'mon_fry_salmon': invalid value: integer `-60`, expected u32" }, JsonParse { path: "MONSTER", detail: "Failed to deserialize MONSTER 'mon_spawn_raptor_fungalize': invalid type: floating point `42.0`, expected u32" }, JsonParse { path: "MONSTER", detail: "Failed to deserialize MONSTER 'mon_labyrinth_buoy_turret_1_2': data did not match any variant of untagged enum SpecialAttack" }, JsonParse { path: "MONSTER", detail: "Failed to deserialize MONSTER 'mon_wasp_queen': data did not match any variant of untagged enum SpecialAttack" }, JsonParse { path: "MONSTER", detail: "Failed to deserialize MONSTER 'mon_inner_cabins_interstice_horror': invalid type: map, expected a sequence" }, JsonParse { path: "MONSTER", detail: "Failed to deserialize MONSTER 'mon_squirrel': invalid value: integer `-89`, expected u32" }, JsonParse { path: "MONSTER", detail: "Failed to deserialize MONSTER 'mon_yrax_triakis': data did not match any variant of untagged enum SpecialAttack" }, JsonParse { path: "MONSTER", detail: "Failed to deserialize MONSTER 'mon_caterpillar_moth': invalid value: integer `-99`, expected u32" }, JsonParse { path: "MONSTER", detail: "Failed to deserialize MONSTER 'mon_skink_fivelined_baby': invalid value: integer `-30`, expected u32" }, JsonParse { path: "MONSTER", detail: "Failed to deserialize MONSTER 'mon_zombie_wretch_dusted': data did not match any variant of untagged enum SpecialAttack" }, JsonParse { path: "MONSTER", detail: "Failed to deserialize MONSTER 'mon_fox_red': invalid value: integer `-5`, expected u32" }, JsonParse { path: "MONSTER", detail: "Failed to deserialize MONSTER 'mon_waxwing': invalid value: integer `-99`, expected u32" }, JsonParse { path: "MONSTER", detail: "Failed to deserialize MONSTER 'mon_moth_fly': invalid value: integer `-50`, expected u32" }, JsonParse { path: "MONSTER", detail: "Failed to deserialize MONSTER 'mon_inner_cabins_interstice_mutant': data did not match any variant of untagged enum SpecialAttack" }, JsonParse { path: "MONSTER", detail: "Failed to deserialize MONSTER 'mon_cat_devon_rex': invalid value: integer `-99`, expected u32" }, JsonParse { path: "MONSTER", detail: "Failed to deserialize MONSTER 'mon_ocean_zhark': invalid type: map, expected a sequence" }, JsonParse { path: "MONSTER", detail: "Failed to deserialize MONSTER 'mon_feral_militia': invalid type: map, expected a sequence" }, JsonParse { path: "MONSTER", detail: "Failed to deserialize MONSTER 'mon_zombie_pupa_medical_decoy': data did not match any variant of untagged enum SpecialAttack" }, JsonParse { path: "MONSTER", detail: "Failed to deserialize MONSTER 'mon_zombie_inner_cabins_revenant': invalid type: boolean `false`, expected struct UpgradeInfo" }, JsonParse { path: "MONSTER", detail: "Failed to deserialize MONSTER 'mon_moth_titan': invalid type: floating point `150.0`, expected u32" }, JsonParse { path: "MONSTER", detail: "Failed to deserialize MONSTER 'mon_giant_cockroach_nymph': invalid value: integer `-99`, expected u32" }, JsonParse { path: "MONSTER", detail: "Failed to deserialize MONSTER 'mon_rattlesnake_big': invalid value: integer `-10`, expected u32" }, JsonParse { path: "MONSTER", detail: "Failed to deserialize MONSTER 'mon_spawn_raptor_dusted': invalid type: floating point `84.0`, expected u32" }, JsonParse { path: "MONSTER", detail: "Failed to deserialize MONSTER 'mon_raven': invalid value: integer `-99`, expected u32" }, JsonParse { path: "MONSTER", detail: "Failed to deserialize MONSTER 'mon_twisting_blade': data did not match any variant of untagged enum SpecialAttack" }, JsonParse { path: "MONSTER", detail: "Failed to deserialize MONSTER 'mon_fish_bowfin': invalid value: integer `-60`, expected u32" }, JsonParse { path: "MONSTER", detail: "Failed to deserialize MONSTER 'mon_dog_mutant_mauler': data did not match any variant of untagged enum SpecialAttack" }, JsonParse { path: "MONSTER", detail: "Failed to deserialize MONSTER 'mon_cat_bengal': invalid value: integer `-99`, expected u32" }, JsonParse { path: "MONSTER", detail: "Failed to deserialize MONSTER 'mon_duck_domestic': invalid value: integer `-99`, expected u32" }, JsonParse { path: "MONSTER", detail: "Failed to deserialize MONSTER 'mon_secubot_america_refurbished': data did not match any variant of untagged enum SpecialAttack" }, JsonParse { path: "MONSTER", detail: "Failed to deserialize MONSTER 'mon_fish_green_sunfish': invalid value: integer `-60`, expected u32" }, JsonParse { path: "MONSTER", detail: "Failed to deserialize MONSTER 'mon_wasp_larva': invalid value: integer `-99`, expected u32" }, JsonParse { path: "MONSTER", detail: "Failed to deserialize MONSTER 'mon_spore': invalid value: integer `-50`, expected u32" }, JsonParse { path: "MONSTER", detail: "Failed to deserialize MONSTER 'mon_afs_headless_horror': invalid type: boolean `false`, expected struct UpgradeInfo" }, JsonParse { path: "MONSTER", detail: "Failed to deserialize MONSTER 'mon_fry_burbot': invalid value: integer `-60`, expected u32" }, JsonParse { path: "MONSTER", detail: "Failed to deserialize MONSTER 'mon_fry_carp': invalid value: integer `-60`, expected u32" }, JsonParse { path: "MONSTER", detail: "Failed to deserialize MONSTER 'mon_duck_chick': invalid value: integer `-99`, expected u32" }, JsonParse { path: "MONSTER", detail: "Failed to deserialize MONSTER 'mon_lab_security_drone_GR': data did not match any variant of untagged enum SpecialAttack" }, JsonParse { path: "MONSTER", detail: "Failed to deserialize MONSTER 'mon_moth_fly_small': invalid value: integer `-50`, expected u32" }, JsonParse { path: "MONSTER", detail: "Failed to deserialize MONSTER 'mon_goose_canadian_chick': invalid value: integer `-99`, expected u32" }, JsonParse { path: "MONSTER", detail: "Failed to deserialize MONSTER 'mon_zombie_acidic_fungalize': invalid type: floating point `21.0`, expected u32" }, JsonParse { path: "terrain", detail: "Failed to deserialize terrain 't_carpet_base': missing field `id`" }, JsonParse { path: "terrain", detail: "Failed to deserialize terrain 't_abstract_wall': invalid type: string \"WALL\", expected a sequence" }, JsonParse { path: "terrain", detail: "Failed to deserialize terrain 't_abstract_wall_brick': invalid type: string \"WALL\", expected a sequence" }, JsonParse { path: "terrain", detail: "Failed to deserialize terrain 't_adobe_brick_wall': invalid type: string \"WALL\", expected a sequence" }, JsonParse { path: "terrain", detail: "Failed to deserialize terrain 't_milking_machine': invalid type: sequence, expected u32" }, JsonParse { path: "terrain", detail: "Failed to deserialize terrain 't_tree_abstract': invalid type: sequence, expected a string" }, JsonParse { path: "terrain", detail: "Failed to deserialize terrain 't_tree': invalid type: sequence, expected a string" }, JsonParse { path: "terrain", detail: "Failed to deserialize terrain 't_ramp_up_low': invalid type: string \"PAVEMENT\", expected a sequence" }, JsonParse { path: "terrain", detail: "Failed to deserialize terrain 't_abstract_wall_metal': invalid type: string \"WALL\", expected a sequence" }, JsonParse { path: "terrain", detail: "Failed to deserialize terrain 't_scrap_wall': invalid type: string \"WALL\", expected a sequence" }, JsonParse { path: "terrain", detail: "Failed to deserialize terrain 't_bullettrailer_nwall_westcorner': invalid type: string \"WALL\", expected a sequence" }, JsonParse { path: "terrain", detail: "Failed to deserialize terrain 't_bullettrailer_swall_westcorner': invalid type: string \"WALL\", expected a sequence" }, JsonParse { path: "terrain", detail: "Failed to deserialize terrain 't_bullettrailer_swall': invalid type: string \"WALL\", expected a sequence" }, JsonParse { path: "terrain", detail: "Failed to deserialize terrain 't_card_science': invalid type: string \"WALL\", expected a sequence" }, JsonParse { path: "terrain", detail: "Failed to deserialize terrain 't_card_science_transport_1': invalid type: string \"WALL\", expected a sequence" }, JsonParse { path: "terrain", detail: "Failed to deserialize terrain 't_strconc_wall_halfway': invalid type: string \"WALL\", expected a sequence" }, JsonParse { path: "terrain", detail: "Failed to deserialize terrain 't_door_metal_bulkhead_c': invalid type: string \"WALL\", expected a sequence" }, JsonParse { path: "terrain", detail: "Failed to deserialize terrain 't_abstract_wall_concrete': invalid type: string \"WALL\", expected a sequence" }, JsonParse { path: "terrain", detail: "Failed to deserialize terrain 't_sconc_wall': invalid type: string \"WALL\", expected a sequence" }, JsonParse { path: "terrain", detail: "Failed to deserialize terrain 't_sconc_wall_gray': invalid type: string \"WALL\", expected a sequence" }, JsonParse { path: "terrain", detail: "Failed to deserialize terrain 't_sidewalk_roof_canvas': invalid type: string \"CONCRETE\", expected a sequence" }, JsonParse { path: "terrain", detail: "Failed to deserialize terrain 't_floor_metal_gangway': invalid type: string \"METALFLOOR\", expected a sequence" }, JsonParse { path: "terrain", detail: "Failed to deserialize terrain 't_door_boarded': invalid type: string \"WALL\", expected a sequence" }, JsonParse { path: "terrain", detail: "Failed to deserialize terrain 't_greenhouse_tilled': invalid type: string \"GREENHOUSE\", expected a sequence" }, JsonParse { path: "terrain", detail: "Failed to deserialize terrain 't_strconc_wall': invalid type: string \"WALL\", expected a sequence" }, JsonParse { path: "terrain", detail: "Failed to deserialize terrain 't_strconc_wall_orange': invalid type: string \"WALL\", expected a sequence" }, JsonParse { path: "terrain", detail: "Failed to deserialize terrain 't_triple_pane_glass_with_curtain': invalid type: string \"WALL\", expected a sequence" }, JsonParse { path: "terrain", detail: "Failed to deserialize terrain 't_stairs_down': invalid type: string \"INDOORFLOOR\", expected a sequence" }, JsonParse { path: "terrain", detail: "Failed to deserialize terrain 't_strconc_wall_g': invalid type: string \"WALL\", expected a sequence" }, JsonParse { path: "terrain", detail: "Failed to deserialize terrain 't_plastic_window_with_curtain_open_window_closed': invalid type: integer `1`, expected an array of length 2" }, JsonParse { path: "terrain", detail: "Failed to deserialize terrain 't_tree_hickory': invalid type: sequence, expected a string" }, JsonParse { path: "terrain", detail: "Failed to deserialize terrain 't_scrap_floor': invalid type: string \"INDOORFLOOR\", expected a sequence" }, JsonParse { path: "terrain", detail: "Failed to deserialize terrain 't_ballistic_door_glass_o': invalid type: string \"WALL\", expected a sequence" }, JsonParse { path: "terrain", detail: "Failed to deserialize terrain 't_door_glass_c': invalid type: string \"WALL\", expected a sequence" }, JsonParse { path: "terrain", detail: "Failed to deserialize terrain 't_door_glass_frosted_c': invalid type: string \"WALL\", expected a sequence" }, JsonParse { path: "terrain", detail: "Failed to deserialize terrain 't_door_glass_frosted_lab_c': invalid type: string \"WALL\", expected a sequence" }, JsonParse { path: "terrain", detail: "Failed to deserialize terrain 't_dock_deep_frame': invalid type: integer `2`, expected an array of length 2" }, JsonParse { path: "terrain", detail: "Failed to deserialize terrain 't_sconc_wall_g': invalid type: string \"WALL\", expected a sequence" }, JsonParse { path: "terrain", detail: "Failed to deserialize terrain 't_dirtfloor_no_roof': invalid type: string \"DIRT\", expected a sequence" }, JsonParse { path: "terrain", detail: "Failed to deserialize terrain 't_natural_floor_abstract': missing field `id`" }, JsonParse { path: "terrain", detail: "Failed to deserialize terrain 't_metal_railing': invalid type: string \"RAILING\", expected a sequence" }, JsonParse { path: "terrain", detail: "Failed to deserialize terrain 't_region_pseudo': missing field `id`" }, JsonParse { path: "terrain", detail: "Failed to deserialize terrain 't_reinforced_plastic_window_open': invalid type: integer `1`, expected an array of length 2" }, JsonParse { path: "terrain", detail: "Failed to deserialize terrain 't_concrete_wall': invalid type: string \"WALL\", expected a sequence" }, JsonParse { path: "terrain", detail: "Failed to deserialize terrain 't_concrete_wall_P': invalid type: string \"WALL\", expected a sequence" }, JsonParse { path: "terrain", detail: "Failed to deserialize terrain 't_nl_obelisk_mission_water_cooler': invalid type: map, expected a string" }, JsonParse { path: "terrain", detail: "Failed to deserialize terrain 't_tree_cherry': invalid type: sequence, expected a string" }, JsonParse { path: "terrain", detail: "Failed to deserialize terrain 't_palisade_gate': invalid type: string \"WALL\", expected a sequence" }, JsonParse { path: "terrain", detail: "Failed to deserialize terrain 't_concrete_ramp_down_low': invalid type: string \"WALL\", expected a sequence" }, JsonParse { path: "terrain", detail: "Failed to deserialize terrain 't_bullettrailer_nwall_window': invalid type: string \"WALL\", expected a sequence" }, JsonParse { path: "terrain", detail: "Failed to deserialize terrain 't_bullettrailer_swall_wheels': invalid type: string \"WALL\", expected a sequence" }, JsonParse { path: "terrain", detail: "Failed to deserialize terrain 't_root_floor': invalid type: string \"WALL\", expected a sequence" }, JsonParse { path: "terrain", detail: "Failed to deserialize terrain 't_carpet_base_linoleum_white': missing field `id`" }, JsonParse { path: "terrain", detail: "Failed to deserialize terrain 't_tree_pistachio_harvested': invalid type: sequence, expected a string" }, JsonParse { path: "terrain", detail: "Failed to deserialize terrain 't_nl_obelisk_0': invalid type: map, expected a string" }, JsonParse { path: "terrain", detail: "Failed to deserialize terrain 't_claymound': invalid type: string \"CLAYMOUND\", expected a sequence" }, JsonParse { path: "terrain", detail: "Failed to deserialize terrain 't_elevator_control_robofac_up': invalid type: string \"INDOORFLOOR\", expected a sequence" }, JsonParse { path: "terrain", detail: "Failed to deserialize terrain 't_wall_metal_shipping_container': invalid type: string \"WALL\", expected a sequence" }, JsonParse { path: "terrain", detail: "Failed to deserialize terrain 't_wall_metal_shipping_container_yellow': invalid type: string \"WALL\", expected a sequence" }, JsonParse { path: "terrain", detail: "Failed to deserialize terrain 't_reinforced_triple_pane_glass_with_curtain_open': invalid type: string \"WALL\", expected a sequence" }, JsonParse { path: "terrain", detail: "Failed to deserialize terrain 't_reinforced_quadruple_double_pane_glass_with_curtain_open_window_closed': invalid type: string \"WALL\", expected a sequence" }, JsonParse { path: "terrain", detail: "Failed to deserialize terrain 't_elevator_control_off': invalid type: string \"INDOORFLOOR\", expected a sequence" }, JsonParse { path: "terrain", detail: "Failed to deserialize terrain 't_card_LIXA_mil': invalid type: map, expected a string" }, JsonParse { path: "terrain", detail: "Failed to deserialize terrain 't_door_red_b': invalid type: string \"WALL\", expected a sequence" }, JsonParse { path: "terrain", detail: "Failed to deserialize terrain 't_railroad_track_recessed': invalid type: string \"RAIL\", expected a sequence" }, JsonParse { path: "terrain", detail: "Failed to deserialize terrain 't_tree_butternut': invalid type: sequence, expected a string" }, JsonParse { path: "terrain", detail: "Failed to deserialize terrain 't_tree_butternut_harvested': invalid type: sequence, expected a string" }, JsonParse { path: "terrain", detail: "Failed to deserialize terrain 't_door_glass_white_c': invalid type: string \"WALL\", expected a sequence" }, JsonParse { path: "terrain", detail: "Failed to deserialize terrain 't_monkey_bars': invalid type: sequence, expected u32" }, JsonParse { path: "terrain", detail: "Failed to deserialize terrain 't_gutter': invalid type: string \"RAILING\", expected a sequence" }, JsonParse { path: "terrain", detail: "Failed to deserialize terrain 't_window_empty_no_roof': invalid type: string \"WALL\", expected a sequence" }, JsonParse { path: "terrain", detail: "Failed to deserialize terrain 't_window_empty_stone': invalid type: string \"WALL\", expected a sequence" }, JsonParse { path: "terrain", detail: "Failed to deserialize terrain 't_card_robofac': invalid type: string \"WALL\", expected a sequence" }, JsonParse { path: "terrain", detail: "Failed to deserialize terrain 't_salt_water_pump': invalid type: sequence, expected u32" }, JsonParse { path: "terrain", detail: "Failed to deserialize terrain 't_triple_pane_glass': invalid type: integer `1`, expected an array of length 2" }, JsonParse { path: "terrain", detail: "Failed to deserialize terrain 't_vitrified_stairs_up': invalid type: string \"INDOORFLOOR\", expected a sequence" }, JsonParse { path: "terrain", detail: "Failed to deserialize terrain 't_deck_coating_no_roof': invalid type: string \"METALFLOOR\", expected a sequence" }, JsonParse { path: "terrain", detail: "Failed to deserialize terrain 't_deck_coating_no_roof_r': invalid type: string \"METALFLOOR\", expected a sequence" }, JsonParse { path: "terrain", detail: "Failed to deserialize terrain 't_door_white_frame': invalid type: string \"WALL\", expected a sequence" }, JsonParse { path: "terrain", detail: "Failed to deserialize terrain 't_rdoor_o': invalid type: string \"WALL\", expected a sequence" }, JsonParse { path: "terrain", detail: "Failed to deserialize terrain 't_wall_resin': invalid type: string \"WALL\", expected a sequence" }, JsonParse { path: "terrain", detail: "Failed to deserialize terrain 't_pit_glass': invalid type: string \"PIT_DEEP\", expected a sequence" }, JsonParse { path: "terrain", detail: "Failed to deserialize terrain 't_alien_meadow_shrub_2_harvested': invalid type: string \"ALIENMEADOW\", expected a sequence" }, JsonParse { path: "terrain", detail: "Failed to deserialize terrain 't_nm_wall_bone': invalid type: string \"WALL\", expected a sequence" }, JsonParse { path: "terrain", detail: "Failed to deserialize terrain 't_door_locked_alarm': invalid type: string \"WALL\", expected a sequence" }, JsonParse { path: "terrain", detail: "Failed to deserialize terrain 't_screen_door_c': invalid type: string \"WALL\", expected a sequence" }, JsonParse { path: "terrain", detail: "Failed to deserialize terrain 't_ice_dp_thin': invalid type: string \"ICE\", expected a sequence" }, JsonParse { path: "terrain", detail: "Failed to deserialize terrain 't_rock_floor_no_roof': invalid type: string \"ROCKFLOOR\", expected a sequence" }, JsonParse { path: "terrain", detail: "Failed to deserialize terrain 't_nanofab_body': invalid type: integer `1`, expected an array of length 2" }, JsonParse { path: "terrain", detail: "Failed to deserialize terrain 't_portcullis': invalid type: string \"WALL\", expected a sequence" }, JsonParse { path: "terrain", detail: "Failed to deserialize terrain 't_window_bars_domestic': invalid type: integer `2`, expected an array of length 2" }, JsonParse { path: "terrain", detail: "Failed to deserialize terrain 't_door_locked': invalid type: string \"WALL\", expected a sequence" }, JsonParse { path: "terrain", detail: "Failed to deserialize terrain 't_card_fp': invalid type: string \"WALL\", expected a sequence" }, JsonParse { path: "terrain", detail: "Failed to deserialize terrain 't_region_pseudo_noitem': missing field `id`" }, JsonParse { path: "terrain", detail: "Failed to deserialize terrain 't_wall_metal_shipping_container_blue': invalid type: string \"WALL\", expected a sequence" }, JsonParse { path: "terrain", detail: "Failed to deserialize terrain 't_tempered_glass_with_curtain_open': invalid type: string \"WALL\", expected a sequence" }, JsonParse { path: "terrain", detail: "Failed to deserialize terrain 't_sidewalk_ramp_up_high': invalid type: string \"WALL\", expected a sequence" }, JsonParse { path: "terrain", detail: "Failed to deserialize terrain 't_nl_obelisk_mission_boiler': invalid type: map, expected a string" }, JsonParse { path: "terrain", detail: "Failed to deserialize terrain 't_vitrified_downspout': invalid type: string \"INDOORFLOOR\", expected a sequence" }, JsonParse { path: "terrain", detail: "Failed to deserialize terrain 't_embrasure_wood': invalid type: string \"WALL\", expected a sequence" }, JsonParse { path: "terrain", detail: "Failed to deserialize terrain 't_concrete': invalid type: string \"CONCRETE\", expected a sequence" }, JsonParse { path: "terrain", detail: "Failed to deserialize terrain 't_apiary': invalid type: sequence, expected a string" }, JsonParse { path: "terrain", detail: "Failed to deserialize terrain 't_floor_noroof': invalid type: string \"WOODFLOOR\", expected a sequence" }, JsonParse { path: "terrain", detail: "Failed to deserialize terrain 't_tree_sassafras': invalid type: sequence, expected a string" }, JsonParse { path: "terrain", detail: "Failed to deserialize terrain 't_earth_ramp_down_low': invalid type: string \"WALL\", expected a sequence" }, JsonParse { path: "terrain", detail: "Failed to deserialize terrain 't_ramp_down_high': invalid type: string \"PAVEMENT\", expected a sequence" }, JsonParse { path: "terrain", detail: "Failed to deserialize terrain 't_gates_control_concrete_lab': invalid type: string \"INDOORFLOOR\", expected a sequence" }, JsonParse { path: "terrain", detail: "Failed to deserialize terrain 't_alien_meadow_grass_long': invalid type: string \"ALIENMEADOW\", expected a sequence" }, JsonParse { path: "terrain", detail: "Failed to deserialize terrain 't_abstract_column': invalid type: string \"WALL\", expected a sequence" }, JsonParse { path: "terrain", detail: "Failed to deserialize terrain 't_little_column': invalid type: string \"WALL\", expected a sequence" }, JsonParse { path: "terrain", detail: "Failed to deserialize terrain 't_carpet_base_metal': missing field `id`" }, JsonParse { path: "terrain", detail: "Failed to deserialize terrain 't_elevator_control': invalid type: string \"INDOORFLOOR\", expected a sequence" }, JsonParse { path: "terrain", detail: "Failed to deserialize terrain 't_elevator_control_no_roof': invalid type: string \"INDOORFLOOR\", expected a sequence" }, JsonParse { path: "terrain", detail: "Failed to deserialize terrain 't_riverbridge_dp': invalid type: integer `2`, expected an array of length 2" }, JsonParse { path: "terrain", detail: "Failed to deserialize terrain 't_foam_wall': invalid type: string \"WALL\", expected a sequence" }, JsonParse { path: "terrain", detail: "Failed to deserialize terrain 't_window_bars': invalid type: string \"WALL\", expected a sequence" }, JsonParse { path: "terrain", detail: "Failed to deserialize terrain 't_tree_mulberry': invalid type: sequence, expected a string" }, JsonParse { path: "terrain", detail: "Failed to deserialize terrain 't_nl_sd_2d_ground': invalid type: string \"WALL\", expected a sequence" }, JsonParse { path: "terrain", detail: "Failed to deserialize terrain 't_bullettrailer_swall_eastcorner': invalid type: string \"WALL\", expected a sequence" }, JsonParse { path: "terrain", detail: "Failed to deserialize terrain 't_bars': invalid type: string \"WALL\", expected a sequence" }, JsonParse { path: "terrain", detail: "Failed to deserialize terrain 't_card_science_maintenance_yellow': invalid type: string \"WALL\", expected a sequence" }, JsonParse { path: "terrain", detail: "Failed to deserialize terrain 't_wall_wood_widened': invalid type: string \"WALL\", expected a sequence" }, JsonParse { path: "terrain", detail: "Failed to deserialize terrain 't_tree_cottonwood': invalid type: sequence, expected a string" }, JsonParse { path: "terrain", detail: "Failed to deserialize terrain 't_tree_cottonwood_harvested': invalid type: sequence, expected a string" }, JsonParse { path: "terrain", detail: "Failed to deserialize terrain 't_reinforced_triple_pane_glass_with_curtain': invalid type: string \"WALL\", expected a sequence" }, JsonParse { path: "terrain", detail: "Failed to deserialize terrain 't_alien_meadow_tree_2': invalid type: string \"ALIENMEADOW\", expected a sequence" }, JsonParse { path: "terrain", detail: "Failed to deserialize terrain 't_rdoor_boarded': invalid type: integer `1`, expected an array of length 2" }, JsonParse { path: "terrain", detail: "Failed to deserialize terrain 't_door_o': invalid type: string \"WALL\", expected a sequence" }, JsonParse { path: "terrain", detail: "Failed to deserialize terrain 't_tree_maple': invalid type: sequence, expected a string" }, JsonParse { path: "terrain", detail: "Failed to deserialize terrain 't_reinforced_quadruple_pane_glass_taped': invalid type: string \"WALL\", expected a sequence" }, JsonParse { path: "terrain", detail: "Failed to deserialize terrain 't_vitrified_edge': invalid type: string \"WALL\", expected a sequence" }, JsonParse { path: "terrain", detail: "Failed to deserialize terrain 't_vitrified_column': invalid type: string \"WALL\", expected a sequence" }, JsonParse { path: "terrain", detail: "Failed to deserialize terrain 't_abstract_wall_wood': invalid type: string \"WALL\", expected a sequence" }, JsonParse { path: "terrain", detail: "Failed to deserialize terrain 't_wall': invalid type: string \"wall_bash_results\", expected a sequence" }, JsonParse { path: "terrain", detail: "Failed to deserialize terrain 't_wall': invalid type: string \"wall_bash_results\", expected a sequence" }, JsonParse { path: "terrain", detail: "Failed to deserialize terrain 't_wall_w': invalid type: string \"wall_bash_results\", expected a sequence" }, JsonParse { path: "terrain", detail: "Failed to deserialize terrain 't_reinforced_plastic_window_with_curtain': invalid type: integer `1`, expected an array of length 2" }, JsonParse { path: "terrain", detail: "Failed to deserialize terrain 't_bulkhead_floor': invalid type: string \"INDOORFLOOR\", expected a sequence" }, JsonParse { path: "terrain", detail: "Failed to deserialize terrain 't_wall_log_broken': invalid type: string \"WALL\", expected a sequence" }, JsonParse { path: "terrain", detail: "Failed to deserialize terrain 't_reinforced_plastic_window_with_curtain_open_window_closed': invalid type: integer `1`, expected an array of length 2" }, JsonParse { path: "terrain", detail: "Failed to deserialize terrain 't_concrete_wall_g': invalid type: string \"WALL\", expected a sequence" }, JsonParse { path: "terrain", detail: "Failed to deserialize terrain 't_pit_BEM_human_sample': invalid type: map, expected a string" }, JsonParse { path: "terrain", detail: "Failed to deserialize terrain 't_gas_pump_smashed': invalid type: integer `1`, expected an array of length 2" }, JsonParse { path: "terrain", detail: "Failed to deserialize terrain 't_quietfarm_border_fence_closed': invalid type: string \"CHAINFENCE\", expected a sequence" }, JsonParse { path: "terrain", detail: "Failed to deserialize terrain 't_window': invalid type: string \"WALL\", expected a sequence" }, JsonParse { path: "terrain", detail: "Failed to deserialize terrain 't_reinforced_quadruple_pane_glass_with_curtain_open': invalid type: string \"WALL\", expected a sequence" }, JsonParse { path: "terrain", detail: "Failed to deserialize terrain 't_bullettrailer_inner_door': invalid type: string \"INDOORFLOOR\", expected a sequence" }, JsonParse { path: "terrain", detail: "Failed to deserialize terrain 't_tree_harvested': invalid type: sequence, expected a string" }, JsonParse { path: "terrain", detail: "Failed to deserialize terrain 't_resin_hole_c': invalid type: string \"WALL\", expected a sequence" }, JsonParse { path: "terrain", detail: "Failed to deserialize terrain 't_gate_metal_c': invalid type: string \"WOODFENCE\", expected a sequence" }, JsonParse { path: "terrain", detail: "Failed to deserialize terrain 't_window_boarded': invalid type: string \"WALL\", expected a sequence" }, JsonParse { path: "terrain", detail: "Failed to deserialize terrain 't_window_boarded_shutters_closed': invalid type: string \"WALL\", expected a sequence" }, JsonParse { path: "terrain", detail: "Failed to deserialize terrain 't_window_boarded_shutters_open': invalid type: string \"WALL\", expected a sequence" }, JsonParse { path: "terrain", detail: "Failed to deserialize terrain 't_window_boarded_shutters_open_fully': invalid type: string \"WALL\", expected a sequence" }, JsonParse { path: "terrain", detail: "Failed to deserialize terrain 't_door_metal_lab_c': invalid type: string \"WALL\", expected a sequence" }, JsonParse { path: "terrain", detail: "Failed to deserialize terrain 't_wall_r': invalid type: string \"wall_bash_results\", expected a sequence" }, JsonParse { path: "terrain", detail: "Failed to deserialize terrain 't_ka_moonpool': invalid type: string \"WATER\", expected a sequence" }, JsonParse { path: "terrain", detail: "Failed to deserialize terrain 't_embrasure_brick': invalid type: string \"WALL\", expected a sequence" }, JsonParse { path: "terrain", detail: "Failed to deserialize terrain 't_metal_pontoon_dp': invalid type: integer `2`, expected an array of length 2" }, JsonParse { path: "terrain", detail: "Failed to deserialize terrain 't_embrasure_adobe_brick': invalid type: string \"WALL\", expected a sequence" }, JsonParse { path: "terrain", detail: "Failed to deserialize terrain 't_wall_g': invalid type: string \"wall_bash_results\", expected a sequence" }, JsonParse { path: "terrain", detail: "Failed to deserialize terrain 't_fencegate_c': invalid type: string \"WOODFENCE\", expected a sequence" }, JsonParse { path: "terrain", detail: "Failed to deserialize terrain 't_nl_obelisk_mission_living_space_1': invalid type: map, expected a string" }, JsonParse { path: "terrain", detail: "Failed to deserialize terrain 't_bullettrailer_inner_T': invalid type: string \"WALL\", expected a sequence" }, JsonParse { path: "terrain", detail: "Failed to deserialize terrain 't_bullettrailer_inner_eastcorner': invalid type: string \"WALL\", expected a sequence" }, JsonParse { path: "terrain", detail: "Failed to deserialize terrain 't_tree_almond_harvested': invalid type: sequence, expected a string" }, JsonParse { path: "terrain", detail: "Failed to deserialize terrain 't_porthole': invalid type: string \"WALL\", expected a sequence" }, JsonParse { path: "terrain", detail: "Failed to deserialize terrain 't_reinforced_single_pane_glass_with_curtain_open': invalid type: string \"WALL\", expected a sequence" }, JsonParse { path: "terrain", detail: "Failed to deserialize terrain 't_alien_meadow_shrub_3': invalid type: string \"ALIENMEADOW\", expected a sequence" }, JsonParse { path: "terrain", detail: "Failed to deserialize terrain 't_abstract_wall_stone': invalid type: string \"WALL\", expected a sequence" }, JsonParse { path: "terrain", detail: "Failed to deserialize terrain 't_drystone_wall': invalid type: string \"WALL\", expected a sequence" }, JsonParse { path: "terrain", detail: "Failed to deserialize terrain 't_concrete_wall_gray': invalid type: string \"WALL\", expected a sequence" }, JsonParse { path: "terrain", detail: "Failed to deserialize terrain 't_concrete_wall_flesh': invalid type: string \"WALL\", expected a sequence" }, JsonParse { path: "terrain", detail: "Failed to deserialize terrain 't_fern': invalid type: sequence, expected a string" }, JsonParse { path: "terrain", detail: "Failed to deserialize terrain 't_embrasure_strconcrete': invalid type: string \"WALL\", expected a sequence" }, JsonParse { path: "terrain", detail: "Failed to deserialize terrain 't_splitrail_fencegate_c': invalid type: string \"WOODFENCE\", expected a sequence" }, JsonParse { path: "terrain", detail: "Failed to deserialize terrain 't_card_science_mutagen_cyan': invalid type: string \"WALL\", expected a sequence" }, JsonParse { path: "terrain", detail: "Failed to deserialize terrain 't_sconc_wall_black': invalid type: string \"WALL\", expected a sequence" }, JsonParse { path: "terrain", detail: "Failed to deserialize terrain 't_window_enhanced_noglass': invalid type: string \"WALL\", expected a sequence" }, JsonParse { path: "terrain", detail: "Failed to deserialize terrain 't_chaingate_o': invalid type: string \"CHAINFENCE\", expected a sequence" }, JsonParse { path: "terrain", detail: "Failed to deserialize terrain 't_nl_safehouse_metal_wall_wired': invalid type: string \"WALL\", expected a sequence" }, JsonParse { path: "terrain", detail: "Failed to deserialize terrain 't_concrete_ramp_up_high': invalid type: string \"WALL\", expected a sequence" }, JsonParse { path: "terrain", detail: "Failed to deserialize terrain 't_abstract_wall_glass': invalid type: string \"WALL\", expected a sequence" }, JsonParse { path: "terrain", detail: "Failed to deserialize terrain 't_wall_glass': invalid type: string \"WALL\", expected a sequence" }, JsonParse { path: "terrain", detail: "Failed to deserialize terrain 't_wall_glass_lab': invalid type: string \"WALL\", expected a sequence" }, JsonParse { path: "terrain", detail: "Failed to deserialize terrain 't_door_glass_lab_o': invalid type: string \"WALL\", expected a sequence" }, JsonParse { path: "terrain", detail: "Failed to deserialize terrain 't_door_glass_frosted_lab_o': invalid type: string \"WALL\", expected a sequence" }, JsonParse { path: "terrain", detail: "Failed to deserialize terrain 't_fencegate_o': invalid type: integer `1`, expected an array of length 2" }, JsonParse { path: "terrain", detail: "Failed to deserialize terrain 't_moss_underground': invalid type: string \"INDOORFLOOR\", expected a sequence" }, JsonParse { path: "terrain", detail: "Failed to deserialize terrain 't_vitrified_fence_barbed': invalid type: string \"INDOORFLOOR\", expected a sequence" }, JsonParse { path: "terrain", detail: "Failed to deserialize terrain 't_wall_log': invalid type: string \"WALL\", expected a sequence" }, JsonParse { path: "terrain", detail: "Failed to deserialize terrain 't_dock': invalid type: integer `2`, expected an array of length 2" }, JsonParse { path: "terrain", detail: "Failed to deserialize terrain 't_ice_sh_thick': invalid type: string \"ICE\", expected a sequence" }, JsonParse { path: "terrain", detail: "Failed to deserialize terrain 't_beehive_natural': invalid type: sequence, expected a string" }, JsonParse { path: "terrain", detail: "Failed to deserialize terrain 't_ponywall': invalid type: string \"wall_bash_results\", expected a sequence" }, JsonParse { path: "terrain", detail: "Failed to deserialize terrain 't_door_grass_curtain_c': invalid type: integer `1`, expected an array of length 2" }, JsonParse { path: "terrain", detail: "Failed to deserialize terrain 't_triple_pane_glass_with_curtain_open_window_closed': invalid type: string \"WALL\", expected a sequence" }, JsonParse { path: "terrain", detail: "Failed to deserialize terrain 't_sunkenhelicopter_wall_nw': invalid type: string \"WALL\", expected a sequence" }, JsonParse { path: "terrain", detail: "Failed to deserialize terrain 't_sunkenhelicopter_wall_sw': invalid type: string \"WALL\", expected a sequence" }, JsonParse { path: "terrain", detail: "Failed to deserialize terrain 't_concrete_dock_deep_pile': invalid type: string \"WATER\", expected a sequence" }, JsonParse { path: "terrain", detail: "Failed to deserialize terrain 't_door_o_peep': invalid type: string \"WALL\", expected a sequence" }, JsonParse { path: "terrain", detail: "Failed to deserialize terrain 't_retractable_gate_o': invalid type: string \"WALL\", expected a sequence" }, JsonParse { path: "terrain", detail: "Failed to deserialize terrain 't_nanofab': invalid type: string \"WALL\", expected a sequence" }, JsonParse { path: "terrain", detail: "Failed to deserialize terrain 't_door_gray_c': invalid type: string \"WALL\", expected a sequence" }, JsonParse { path: "terrain", detail: "Failed to deserialize terrain 't_glass_railing': invalid type: string \"RAILING\", expected a sequence" }, JsonParse { path: "terrain", detail: "Failed to deserialize terrain 't_sidewalk_bg_dp': invalid type: string \"WATER\", expected a sequence" }, JsonParse { path: "terrain", detail: "Failed to deserialize terrain 't_door_elocked_peep': invalid type: string \"WALL\", expected a sequence" }, JsonParse { path: "terrain", detail: "Failed to deserialize terrain 't_thconc_floor_no_roof': invalid type: string \"CONCRETE\", expected a sequence" }, JsonParse { path: "terrain", detail: "Failed to deserialize terrain 't_barndoor': invalid type: string \"INDOORFLOOR\", expected a sequence" }, JsonParse { path: "terrain", detail: "Failed to deserialize terrain 't_railroad_tie_v': invalid type: string \"RAIL\", expected a sequence" }, JsonParse { path: "terrain", detail: "Failed to deserialize terrain 't_wall_wood': invalid type: string \"WALL\", expected a sequence" }, JsonParse { path: "terrain", detail: "Failed to deserialize terrain 't_wood_wall_g': invalid type: string \"WALL\", expected a sequence" }, JsonParse { path: "terrain", detail: "Failed to deserialize terrain 't_railroad_track_small_d': invalid type: string \"RAIL\", expected a sequence" }, JsonParse { path: "terrain", detail: "Failed to deserialize terrain 't_nl_obelisk_1': invalid type: map, expected a string" }, JsonParse { path: "terrain", detail: "Failed to deserialize terrain 't_tree_walnut': invalid type: sequence, expected a string" }, JsonParse { path: "terrain", detail: "Failed to deserialize terrain 't_m_frame': invalid type: string \"WALL\", expected a sequence" }, JsonParse { path: "terrain", detail: "Failed to deserialize terrain 't_tree_elderberry': invalid type: sequence, expected a string" }, JsonParse { path: "terrain", detail: "Failed to deserialize terrain 't_door_white_o': invalid type: string \"WALL\", expected a sequence" }, JsonParse { path: "terrain", detail: "Failed to deserialize terrain 't_reinforced_single_pane_glass_with_curtain': invalid type: string \"WALL\", expected a sequence" }, JsonParse { path: "terrain", detail: "Failed to deserialize terrain 't_tree_peach': invalid type: sequence, expected a string" }, JsonParse { path: "terrain", detail: "Failed to deserialize terrain 't_window_no_curtains_open_alarm': invalid type: string \"WALL\", expected a sequence" }, JsonParse { path: "terrain", detail: "Failed to deserialize terrain 't_reinforced_quadruple_pane_glass_with_curtain': invalid type: string \"WALL\", expected a sequence" }, JsonParse { path: "terrain", detail: "Failed to deserialize terrain 't_fault': invalid type: string \"WALL\", expected a sequence" }, JsonParse { path: "terrain", detail: "Failed to deserialize terrain 't_carpet_base_concrete': missing field `id`" }, JsonParse { path: "terrain", detail: "Failed to deserialize terrain 't_tree_apple_vitrified': invalid type: sequence, expected a string" }, JsonParse { path: "terrain", detail: "Failed to deserialize terrain 't_reinforced_plastic_window_with_curtain_open': invalid type: integer `1`, expected an array of length 2" }, JsonParse { path: "terrain", detail: "Failed to deserialize terrain 't_abstract_wall_earthen': invalid type: string \"WALL\", expected a sequence" }, JsonParse { path: "terrain", detail: "Failed to deserialize terrain 't_soil': invalid type: integer `20`, expected an array of length 2" }, JsonParse { path: "terrain", detail: "Failed to deserialize terrain 't_alien_meadow_grass_tall': invalid type: string \"ALIENMEADOW\", expected a sequence" }, JsonParse { path: "terrain", detail: "Failed to deserialize terrain 't_wall_cyan': invalid type: string \"wall_bash_results\", expected a sequence" }, JsonParse { path: "terrain", detail: "Failed to deserialize terrain 't_lake_bed_concrete_yellow': invalid type: string \"WATER\", expected a sequence" }, JsonParse { path: "terrain", detail: "Failed to deserialize terrain 't_triffid_wood_wall': invalid type: string \"WALL\", expected a sequence" }, JsonParse { path: "terrain", detail: "Failed to deserialize terrain 't_window_open': invalid type: integer `2`, expected an array of length 2" }, JsonParse { path: "terrain", detail: "Failed to deserialize terrain 't_ballistic_door_glass_c': invalid type: string \"WALL\", expected a sequence" }, JsonParse { path: "terrain", detail: "Failed to deserialize terrain 't_wattle_fence': invalid type: string \"WOODFENCE\", expected a sequence" }, JsonParse { path: "terrain", detail: "Failed to deserialize terrain 't_door_metal_c': invalid type: string \"WALL\", expected a sequence" }, JsonParse { path: "terrain", detail: "Failed to deserialize terrain 't_puddle_underground': invalid type: string \"INDOORFLOOR\", expected a sequence" }, JsonParse { path: "terrain", detail: "Failed to deserialize terrain 't_railroad_track_small': invalid type: string \"RAIL\", expected a sequence" }, JsonParse { path: "terrain", detail: "Failed to deserialize terrain 't_sconc_wall_orange': invalid type: string \"WALL\", expected a sequence" }, JsonParse { path: "terrain", detail: "Failed to deserialize terrain 't_broken_metal_floor': invalid type: string \"INDOORFLOOR\", expected a sequence" }, JsonParse { path: "terrain", detail: "Failed to deserialize terrain 't_window_stained_red': invalid type: string \"WALL\", expected a sequence" }, JsonParse { path: "terrain", detail: "Failed to deserialize terrain 't_carpet_base_strconcrete': missing field `id`" }, JsonParse { path: "terrain", detail: "Failed to deserialize terrain 't_ice_dp_thick': invalid type: string \"ICE\", expected a sequence" }, JsonParse { path: "terrain", detail: "Failed to deserialize terrain 't_carpet_base_wood': missing field `id`" }, JsonParse { path: "terrain", detail: "Failed to deserialize terrain 't_thconc_floor_flesh': invalid type: string \"INDOORFLOOR\", expected a sequence" }, JsonParse { path: "terrain", detail: "Failed to deserialize terrain 't_secretdoor_concrete_c': invalid type: string \"WALL\", expected a sequence" }, JsonParse { path: "terrain", detail: "Failed to deserialize terrain 't_stone_masonry_wall_whitewashed': invalid type: string \"WALL\", expected a sequence" }, JsonParse { path: "terrain", detail: "Failed to deserialize terrain 't_reinforced_single_pane_glass_with_curtain_open_window_closed': invalid type: string \"WALL\", expected a sequence" }, JsonParse { path: "terrain", detail: "Failed to deserialize terrain 't_tree_alder': invalid type: sequence, expected a string" }, JsonParse { path: "terrain", detail: "Failed to deserialize terrain 't_tree_alder_harvested': invalid type: sequence, expected a string" }, JsonParse { path: "terrain", detail: "Failed to deserialize terrain 't_gates_control_concrete': invalid type: string \"INDOORFLOOR\", expected a sequence" }, JsonParse { path: "terrain", detail: "Failed to deserialize terrain 't_gates_boom_barrier': invalid type: string \"INDOORFLOOR\", expected a sequence" }, JsonParse { path: "terrain", detail: "Failed to deserialize terrain 't_card_science_mu': invalid type: string \"WALL\", expected a sequence" }, JsonParse { path: "terrain", detail: "Failed to deserialize terrain 't_single_pane_glass_with_curtain': invalid type: string \"WALL\", expected a sequence" }, JsonParse { path: "terrain", detail: "Failed to deserialize terrain 't_concrete_wall_cyan': invalid type: string \"WALL\", expected a sequence" }, JsonParse { path: "terrain", detail: "Failed to deserialize terrain 't_bullettrailer_ewall': invalid type: string \"WALL\", expected a sequence" }, JsonParse { path: "terrain", detail: "Failed to deserialize terrain 't_tree_abstract': invalid type: sequence, expected a string" }, JsonParse { path: "terrain", detail: "Failed to deserialize terrain 't_tree_crabapple': invalid type: sequence, expected a string" }, JsonParse { path: "terrain", detail: "Failed to deserialize terrain 't_tree_crabapple_harvested': invalid type: sequence, expected a string" }, JsonParse { path: "terrain", detail: "Failed to deserialize terrain 't_dirt': invalid type: string \"DIRT\", expected a sequence" }, JsonParse { path: "terrain", detail: "Failed to deserialize terrain 't_grass_dead': invalid type: string \"DIRT\", expected a sequence" }, JsonParse { path: "terrain", detail: "Failed to deserialize terrain 't_grass_grazed': invalid type: string \"DIRT\", expected a sequence" }, JsonParse { path: "terrain", detail: "Failed to deserialize terrain 't_drystone_wall_half': invalid type: string \"WALL\", expected a sequence" }, JsonParse { path: "terrain", detail: "Failed to deserialize terrain 't_sunkenhelicopter_quarterpanel_n_middle': invalid type: string \"WALL\", expected a sequence" }, JsonParse { path: "terrain", detail: "Failed to deserialize terrain 't_fence_metal': invalid type: string \"WOODFENCE\", expected a sequence" }, JsonParse { path: "terrain", detail: "Failed to deserialize terrain 't_gates_mech_control_lab': invalid type: string \"INDOORFLOOR\", expected a sequence" }, JsonParse { path: "terrain", detail: "Failed to deserialize terrain 't_window_domestic': invalid type: integer `2`, expected an array of length 2" }, JsonParse { path: "terrain", detail: "Failed to deserialize terrain 't_reinforced_double_pane_glass_with_curtain': invalid type: string \"WALL\", expected a sequence" }, JsonParse { path: "terrain", detail: "Failed to deserialize terrain 't_tempered_glass_open': invalid type: integer `1`, expected an array of length 2" }, JsonParse { path: "terrain", detail: "Failed to deserialize terrain 't_wood_stairs_down': invalid type: sequence, expected u32" }, JsonParse { path: "terrain", detail: "Failed to deserialize terrain 't_bullettrailer_swall_windows': invalid type: string \"WALL\", expected a sequence" }, JsonParse { path: "terrain", detail: "Failed to deserialize terrain 't_junk_floor': invalid type: string \"INDOORFLOOR\", expected a sequence" }, JsonParse { path: "terrain", detail: "Failed to deserialize terrain 't_sunkenhelicopter_frame': invalid type: string \"INDOORFLOOR\", expected a sequence" }, JsonParse { path: "terrain", detail: "Failed to deserialize terrain 't_metal_dock_deep': invalid type: integer `4`, expected an array of length 2" }, JsonParse { path: "terrain", detail: "Failed to deserialize terrain 't_retractable_gate_c': invalid type: string \"WALL\", expected a sequence" }, JsonParse { path: "terrain", detail: "Failed to deserialize terrain 't_tree_apricot': invalid type: sequence, expected a string" }, JsonParse { path: "terrain", detail: "Failed to deserialize terrain 't_window_alarm_taped': invalid type: string \"WALL\", expected a sequence" }, JsonParse { path: "terrain", detail: "Failed to deserialize terrain 't_carpet_base_linoleum_gray': missing field `id`" }, JsonParse { path: "terrain", detail: "Failed to deserialize terrain 't_tree_chestnut': invalid type: sequence, expected a string" }, JsonParse { path: "terrain", detail: "Failed to deserialize terrain 't_gates_mech_control': invalid type: string \"INDOORFLOOR\", expected a sequence" }, JsonParse { path: "terrain", detail: "Failed to deserialize terrain 't_clay': invalid type: string \"CLAY\", expected a sequence" }, JsonParse { path: "terrain", detail: "Failed to deserialize terrain 't_wall_metal_shipping_container_magenta': invalid type: string \"WALL\", expected a sequence" }, JsonParse { path: "terrain", detail: "Failed to deserialize terrain 't_metal_grate_window_noglass': invalid type: string \"WALL\", expected a sequence" }, JsonParse { path: "terrain", detail: "Failed to deserialize terrain 't_vitrified_bars': invalid type: string \"WALL\", expected a sequence" }, JsonParse { path: "terrain", detail: "Failed to deserialize terrain 't_card_LIXA': invalid type: map, expected a string" }, JsonParse { path: "terrain", detail: "Failed to deserialize terrain 't_sconc_wall_brown': invalid type: string \"WALL\", expected a sequence" }, JsonParse { path: "terrain", detail: "Failed to deserialize terrain 't_reinforced_plastic_window': invalid type: integer `1`, expected an array of length 2" }, JsonParse { path: "terrain", detail: "Failed to deserialize terrain 't_tree_plum': invalid type: sequence, expected a string" }, JsonParse { path: "terrain", detail: "Failed to deserialize terrain 't_bark_wall_chipped': invalid type: string \"WALL\", expected a sequence" }, JsonParse { path: "terrain", detail: "Failed to deserialize terrain 't_reinforced_triple_pane_glass_taped': invalid type: string \"WALL\", expected a sequence" }, JsonParse { path: "terrain", detail: "Failed to deserialize terrain 't_quadruple_pane_glass_taped': invalid type: string \"WALL\", expected a sequence" }, JsonParse { path: "terrain", detail: "Failed to deserialize terrain 't_reinforced_double_pane_glass_with_curtain_open': invalid type: string \"WALL\", expected a sequence" }, JsonParse { path: "terrain", detail: "Failed to deserialize terrain 't_concrete_wall_r': invalid type: string \"WALL\", expected a sequence" }, JsonParse { path: "terrain", detail: "Failed to deserialize terrain 't_reinforced_glass_shutter_open': invalid type: string \"WALL\", expected a sequence" }, JsonParse { path: "terrain", detail: "Failed to deserialize terrain 't_wood_stairs_up': invalid type: sequence, expected u32" }, JsonParse { path: "terrain", detail: "Failed to deserialize terrain 't_vitrified_pool_talker': invalid type: string \"POOLWATER\", expected a sequence" }, JsonParse { path: "terrain", detail: "Failed to deserialize terrain 't_railroad_track_d': invalid type: string \"RAIL\", expected a sequence" }, JsonParse { path: "terrain", detail: "Failed to deserialize terrain 't_LIXA_strconc_wall': invalid type: string \"WALL\", expected a sequence" }, JsonParse { path: "terrain", detail: "Failed to deserialize terrain 't_window_domestic_taped': invalid type: integer `2`, expected an array of length 2" }, JsonParse { path: "terrain", detail: "Failed to deserialize terrain 't_window_bars_curtains': invalid type: integer `2`, expected an array of length 2" }, JsonParse { path: "terrain", detail: "Failed to deserialize terrain 't_palisade_gate_o': invalid type: string \"WALL\", expected a sequence" }, JsonParse { path: "terrain", detail: "Failed to deserialize terrain 't_wall_glass_alarm': invalid type: string \"WALL\", expected a sequence" }, JsonParse { path: "terrain", detail: "Failed to deserialize terrain 't_wax': invalid type: string \"WALL\", expected a sequence" }, JsonParse { path: "terrain", detail: "Failed to deserialize terrain 't_vitrified_wall': invalid type: string \"WALL\", expected a sequence" }, JsonParse { path: "terrain", detail: "Failed to deserialize terrain 't_vitrified_stairs_down': invalid type: string \"INDOORFLOOR\", expected a sequence" }, JsonParse { path: "terrain", detail: "Failed to deserialize terrain 't_water_moving_sh': invalid type: string \"WATER\", expected a sequence" }, JsonParse { path: "terrain", detail: "Failed to deserialize terrain 't_wall_metal_shipping_container_white': invalid type: string \"WALL\", expected a sequence" }, JsonParse { path: "terrain", detail: "Failed to deserialize terrain 't_concrete_railing': invalid type: string \"RAILING\", expected a sequence" }, JsonParse { path: "terrain", detail: "Failed to deserialize terrain 't_deck_coating_no_roof_y': invalid type: string \"METALFLOOR\", expected a sequence" }, JsonParse { path: "terrain", detail: "Failed to deserialize terrain 't_window_enhanced': invalid type: string \"WALL\", expected a sequence" }, JsonParse { path: "terrain", detail: "Failed to deserialize terrain 't_concrete_wall_brown': invalid type: string \"WALL\", expected a sequence" }, JsonParse { path: "terrain", detail: "Failed to deserialize terrain 't_chaingate_c': invalid type: string \"CHAINFENCE\", expected a sequence" }, JsonParse { path: "terrain", detail: "Failed to deserialize terrain 't_wall_lighthouse_lens': invalid type: string \"WALL\", expected a sequence" }, JsonParse { path: "terrain", detail: "Failed to deserialize terrain 't_lake_bed_concrete': invalid type: string \"WATER\", expected a sequence" }, JsonParse { path: "terrain", detail: "Failed to deserialize terrain 't_ramp_up_high': invalid type: string \"WALL\", expected a sequence" }, JsonParse { path: "terrain", detail: "Failed to deserialize terrain 't_sunkenhelicopter_windshield_n': invalid type: string \"WALL\", expected a sequence" }, JsonParse { path: "terrain", detail: "Failed to deserialize terrain 't_sconc_wall_w': invalid type: string \"WALL\", expected a sequence" }, JsonParse { path: "terrain", detail: "Failed to deserialize terrain 't_wall_gray': invalid type: string \"wall_bash_results\", expected a sequence" }, JsonParse { path: "terrain", detail: "Failed to deserialize terrain 't_door_gray_o': invalid type: string \"WALL\", expected a sequence" }, JsonParse { path: "terrain", detail: "Failed to deserialize terrain 't_rubber_mulch': invalid type: string \"MULCHFLOOR\", expected a sequence" }, JsonParse { path: "terrain", detail: "Failed to deserialize terrain 't_pit': invalid type: string \"PIT_DEEP\", expected a sequence" }, JsonParse { path: "terrain", detail: "Failed to deserialize terrain 't_water_cube_hot': invalid type: string \"WATER\", expected a sequence" }, JsonParse { path: "terrain", detail: "Failed to deserialize terrain 't_railroad_ramp_down_low': invalid type: string \"WALL\", expected a sequence" }, JsonParse { path: "terrain", detail: "Failed to deserialize terrain 't_nm_cartilage': invalid type: string \"INDOORFLOOR\", expected a sequence" }, JsonParse { path: "terrain", detail: "Failed to deserialize terrain 't_carpet_base_primitive': missing field `id`" }, JsonParse { path: "terrain", detail: "Failed to deserialize terrain 't_wall_wood_broken': invalid type: string \"WALL\", expected a sequence" }, JsonParse { path: "terrain", detail: "Failed to deserialize terrain 't_resin_hole_o': invalid type: string \"WALL\", expected a sequence" }, JsonParse { path: "terrain", detail: "Failed to deserialize terrain 't_window_domestic_alarm': invalid type: integer `2`, expected an array of length 2" }, JsonParse { path: "terrain", detail: "Failed to deserialize terrain 't_reinforced_quadruple_pane_glass': invalid type: integer `1`, expected an array of length 2" }, JsonParse { path: "terrain", detail: "Failed to deserialize terrain 't_card_science_medical_red': invalid type: string \"WALL\", expected a sequence" }, JsonParse { path: "terrain", detail: "Failed to deserialize terrain 't_railroad_tie_d2': invalid type: string \"RAIL\", expected a sequence" }, JsonParse { path: "terrain", detail: "Failed to deserialize terrain 't_double_pane_glass': invalid type: integer `1`, expected an array of length 2" }, JsonParse { path: "terrain", detail: "Failed to deserialize terrain 't_concrete_wall_b': invalid type: string \"WALL\", expected a sequence" }, JsonParse { path: "terrain", detail: "Failed to deserialize terrain 't_water_dp': invalid type: string \"WATER\", expected a sequence" }, JsonParse { path: "terrain", detail: "Failed to deserialize terrain 't_triffid_slope_down': invalid type: string \"PAVEMENT\", expected a sequence" }, JsonParse { path: "terrain", detail: "Failed to deserialize terrain 't_door_locked_interior': invalid type: string \"WALL\", expected a sequence" }, JsonParse { path: "terrain", detail: "Failed to deserialize terrain 't_door_makeshift_c': invalid type: string \"WALL\", expected a sequence" }, JsonParse { path: "terrain", detail: "Failed to deserialize terrain 't_railroad_rubble': invalid type: sequence, expected u32" }, JsonParse { path: "terrain", detail: "Failed to deserialize terrain 't_LIXA_laser': invalid type: sequence, expected u32" }, JsonParse { path: "terrain", detail: "Failed to deserialize terrain 't_reinforced_door_glass_c': invalid type: string \"WALL\", expected a sequence" }, JsonParse { path: "terrain", detail: "Failed to deserialize terrain 't_orifice': invalid type: string \"WALL\", expected a sequence" }, JsonParse { path: "terrain", detail: "Failed to deserialize terrain 't_tree_young': invalid type: sequence, expected a string" }, JsonParse { path: "terrain", detail: "Failed to deserialize terrain 't_mdoor_frame': invalid type: string \"WALL\", expected a sequence" }, JsonParse { path: "terrain", detail: "Failed to deserialize terrain 't_bramble_door_o': invalid type: string \"WALL\", expected a sequence" }, JsonParse { path: "terrain", detail: "Failed to deserialize terrain 't_window_bars_alarm': invalid type: string \"WALL\", expected a sequence" }, JsonParse { path: "terrain", detail: "Failed to deserialize terrain 't_water_hot': invalid type: string \"WATER\", expected a sequence" }, JsonParse { path: "terrain", detail: "Failed to deserialize terrain 't_single_pane_glass_with_curtain_open_window_closed': invalid type: string \"WALL\", expected a sequence" }, JsonParse { path: "terrain", detail: "Failed to deserialize terrain 't_privacy_fencegate_o': invalid type: string \"WOODFENCE\", expected a sequence" }, JsonParse { path: "terrain", detail: "Failed to deserialize terrain 't_tree_apple': invalid type: sequence, expected a string" }, JsonParse { path: "terrain", detail: "Failed to deserialize terrain 't_tree_apple_harvested': invalid type: sequence, expected a string" }, JsonParse { path: "terrain", detail: "Failed to deserialize terrain 't_tree_mulberry_harvested': invalid type: sequence, expected a string" }, JsonParse { path: "terrain", detail: "Failed to deserialize terrain 't_greenhouse': invalid type: string \"GREENHOUSE\", expected a sequence" }, JsonParse { path: "terrain", detail: "Failed to deserialize terrain 't_inner_cabins_exit_portal': invalid type: map, expected a string" }, JsonParse { path: "terrain", detail: "Failed to deserialize terrain 't_wall_brown': invalid type: string \"wall_bash_results\", expected a sequence" }, JsonParse { path: "terrain", detail: "Failed to deserialize terrain 't_quadruple_pane_glass': invalid type: integer `1`, expected an array of length 2" }, JsonParse { path: "terrain", detail: "Failed to deserialize terrain 't_window_reinforced': invalid type: string \"WALL\", expected a sequence" }, JsonParse { path: "terrain", detail: "Failed to deserialize terrain 't_tree_juniper': invalid type: sequence, expected a string" }, JsonParse { path: "terrain", detail: "Failed to deserialize terrain 't_door_red_o': invalid type: string \"WALL\", expected a sequence" }, JsonParse { path: "terrain", detail: "Failed to deserialize terrain 't_palisade_embrasure': invalid type: string \"WALL\", expected a sequence" }, JsonParse { path: "terrain", detail: "Failed to deserialize terrain 't_metal_grate_window_with_curtain_open': invalid type: string \"WALL\", expected a sequence" }, JsonParse { path: "terrain", detail: "Failed to deserialize terrain 't_door_red_c': invalid type: string \"WALL\", expected a sequence" }, JsonParse { path: "terrain", detail: "Failed to deserialize terrain 't_bullettrailer_nwall_eastcorner': invalid type: string \"WALL\", expected a sequence" }, JsonParse { path: "terrain", detail: "Failed to deserialize terrain 't_stairs_up': invalid type: string \"INDOORFLOOR\", expected a sequence" }, JsonParse { path: "terrain", detail: "Failed to deserialize terrain 't_sidewalk': invalid type: string \"CONCRETE\", expected a sequence" }, JsonParse { path: "terrain", detail: "Failed to deserialize terrain 't_railroad_track_on_tie': invalid type: string \"RAIL\", expected a sequence" }, JsonParse { path: "terrain", detail: "Failed to deserialize terrain 't_reinforced_double_pane_glass_open': invalid type: integer `1`, expected an array of length 2" }, JsonParse { path: "terrain", detail: "Failed to deserialize terrain 't_skylight_frame': invalid type: sequence, expected u32" }, JsonParse { path: "terrain", detail: "Failed to deserialize terrain 't_door_locked_peep': invalid type: string \"WALL\", expected a sequence" }, JsonParse { path: "terrain", detail: "Failed to deserialize terrain 't_strconc_wall_gray': invalid type: string \"WALL\", expected a sequence" }, JsonParse { path: "terrain", detail: "Failed to deserialize terrain 't_door_glass_o': invalid type: string \"WALL\", expected a sequence" }, JsonParse { path: "terrain", detail: "Failed to deserialize terrain 't_card_reader_broken': invalid type: string \"WALL\", expected a sequence" }, JsonParse { path: "terrain", detail: "Failed to deserialize terrain 't_sunkenhelicopter_wall_e': invalid type: string \"WALL\", expected a sequence" }, JsonParse { path: "terrain", detail: "Failed to deserialize terrain 't_reinforced_triple_pane_glass': invalid type: integer `1`, expected an array of length 2" }, JsonParse { path: "terrain", detail: "Failed to deserialize terrain 't_sunkenhelicopter_wall_ne': invalid type: string \"WALL\", expected a sequence" }, JsonParse { path: "terrain", detail: "Failed to deserialize terrain 't_splitrail_fencegate_o': invalid type: string \"WOODFENCE\", expected a sequence" }, JsonParse { path: "terrain", detail: "Failed to deserialize terrain 't_door_metal_c_peep': invalid type: string \"WALL\", expected a sequence" }, JsonParse { path: "terrain", detail: "Failed to deserialize terrain 't_card_artisans': invalid type: string \"WALL\", expected a sequence" }, JsonParse { path: "terrain", detail: "Failed to deserialize terrain 't_window_boarded_noglass': invalid type: string \"WALL\", expected a sequence" }, JsonParse { path: "terrain", detail: "Failed to deserialize terrain 't_dirtmound': invalid type: string \"DIRTMOUND\", expected a sequence" }, JsonParse { path: "terrain", detail: "Failed to deserialize terrain 't_door_metal_lab_o': invalid type: string \"WALL\", expected a sequence" }, JsonParse { path: "terrain", detail: "Failed to deserialize terrain 't_embrasure_log': invalid type: string \"WALL\", expected a sequence" }, JsonParse { path: "terrain", detail: "Failed to deserialize terrain 't_diesel_pump_a': invalid type: integer `1`, expected an array of length 2" }, JsonParse { path: "terrain", detail: "Failed to deserialize terrain 't_tree_cherry_harvested': invalid type: sequence, expected a string" }, JsonParse { path: "terrain", detail: "Failed to deserialize terrain 't_metal_dock': invalid type: integer `2`, expected an array of length 2" }, JsonParse { path: "terrain", detail: "Failed to deserialize terrain 't_gutter_drop': invalid type: string \"RAILING\", expected a sequence" }, JsonParse { path: "terrain", detail: "Failed to deserialize terrain 't_wall_metal_shipping_container_black': invalid type: string \"WALL\", expected a sequence" }, JsonParse { path: "terrain", detail: "Failed to deserialize terrain 't_plastic_window': invalid type: integer `1`, expected an array of length 2" }, JsonParse { path: "terrain", detail: "Failed to deserialize terrain 't_water_pool_shallow_outdoors': invalid type: string \"POOLWATER\", expected a sequence" }, JsonParse { path: "terrain", detail: "Failed to deserialize terrain 't_wall_orange': invalid type: string \"wall_bash_results\", expected a sequence" }, JsonParse { path: "terrain", detail: "Failed to deserialize terrain 't_wall_wattle_broken': invalid type: string \"WALL\", expected a sequence" }, JsonParse { path: "terrain", detail: "Failed to deserialize terrain 't_quietfarm_border_fence': invalid type: string \"CHAINFENCE\", expected a sequence" }, JsonParse { path: "terrain", detail: "Failed to deserialize terrain 't_railroad_track_h': invalid type: string \"RAIL\", expected a sequence" }, JsonParse { path: "terrain", detail: "Failed to deserialize terrain 't_nl_obelisk_mission_utility_space': invalid type: map, expected a string" }, JsonParse { path: "terrain", detail: "Failed to deserialize terrain 't_floor_resin': invalid type: string \"INDOORFLOOR\", expected a sequence" }, JsonParse { path: "terrain", detail: "Failed to deserialize terrain 't_fungus_wall_transformed': invalid type: string \"WALL\", expected a sequence" }, JsonParse { path: "terrain", detail: "Failed to deserialize terrain 't_junk_wall': invalid type: string \"WALL\", expected a sequence" }, JsonParse { path: "terrain", detail: "Failed to deserialize terrain 't_wall_log_chipped': invalid type: string \"WALL\", expected a sequence" }, JsonParse { path: "terrain", detail: "Failed to deserialize terrain 't_window_no_curtains_alarm': invalid type: string \"WALL\", expected a sequence" }, JsonParse { path: "terrain", detail: "Failed to deserialize terrain 't_window_empty': invalid type: string \"WALL\", expected a sequence" }, JsonParse { path: "terrain", detail: "Failed to deserialize terrain 't_window_stained_green': invalid type: string \"WALL\", expected a sequence" }, JsonParse { path: "terrain", detail: "Failed to deserialize terrain 't_door_bar_o': invalid type: string \"WALL\", expected a sequence" }, JsonParse { path: "terrain", detail: "Failed to deserialize terrain 't_wood_wall_y': invalid type: string \"WALL\", expected a sequence" }, JsonParse { path: "terrain", detail: "Failed to deserialize terrain 't_vitrified_roof': invalid type: string \"INDOORFLOOR\", expected a sequence" }, JsonParse { path: "terrain", detail: "Failed to deserialize terrain 't_floor_paper_noroof': invalid type: string \"INDOORFLOOR\", expected a sequence" }, JsonParse { path: "terrain", detail: "Failed to deserialize terrain 't_improvised_shelter_filled': invalid type: string \"INDOORFLOOR\", expected a sequence" }, JsonParse { path: "terrain", detail: "Failed to deserialize terrain 't_door_metal_corrugated_c': invalid type: string \"WALL\", expected a sequence" }, JsonParse { path: "terrain", detail: "Failed to deserialize terrain 't_wall_metal_shipping_container_green': invalid type: string \"WALL\", expected a sequence" }, JsonParse { path: "terrain", detail: "Failed to deserialize terrain 't_door_metal_o': invalid type: string \"WALL\", expected a sequence" }, JsonParse { path: "terrain", detail: "Failed to deserialize terrain 't_strconc_wall_brown': invalid type: string \"WALL\", expected a sequence" }, JsonParse { path: "terrain", detail: "Failed to deserialize terrain 't_alien_meadow_shrub_2': invalid type: string \"ALIENMEADOW\", expected a sequence" }, JsonParse { path: "terrain", detail: "Failed to deserialize terrain 't_alien_meadow_tree_trap': invalid type: string \"ALIENMEADOW\", expected a sequence" }, JsonParse { path: "terrain", detail: "Failed to deserialize terrain 't_pontoon_dp': invalid type: integer `2`, expected an array of length 2" }, JsonParse { path: "terrain", detail: "Failed to deserialize terrain 't_water_murky': invalid type: string \"WATER\", expected a sequence" }, JsonParse { path: "terrain", detail: "Failed to deserialize terrain 't_concrete_wall_p': invalid type: string \"WALL\", expected a sequence" }, JsonParse { path: "terrain", detail: "Failed to deserialize terrain 't_door_metal_elocked': invalid type: string \"WALL\", expected a sequence" }, JsonParse { path: "terrain", detail: "Failed to deserialize terrain 't_oil_circ_brkr_s': invalid type: string \"WALL\", expected a sequence" }, JsonParse { path: "terrain", detail: "Failed to deserialize terrain 't_double_pane_glass_with_curtain_open_window_closed': invalid type: string \"WALL\", expected a sequence" }, JsonParse { path: "terrain", detail: "Failed to deserialize terrain 't_tree_pistachio': invalid type: sequence, expected a string" }, JsonParse { path: "terrain", detail: "Failed to deserialize terrain 't_window_open_alarm': invalid type: integer `2`, expected an array of length 2" }, JsonParse { path: "terrain", detail: "Failed to deserialize terrain 't_strconc_wall_w': invalid type: string \"WALL\", expected a sequence" }, JsonParse { path: "terrain", detail: "Failed to deserialize terrain 't_metal_floor_no_roof': invalid type: string \"METALFLOOR\", expected a sequence" }, JsonParse { path: "terrain", detail: "Failed to deserialize terrain 't_gate_metal_o': invalid type: string \"WOODFENCE\", expected a sequence" }, JsonParse { path: "terrain", detail: "Failed to deserialize terrain 't_station_disc': invalid type: string \"WALL\", expected a sequence" }, JsonParse { path: "terrain", detail: "Failed to deserialize terrain 't_curtains_alarm': invalid type: integer `2`, expected an array of length 2" }, JsonParse { path: "terrain", detail: "Failed to deserialize terrain 't_door_glass_lab_c': invalid type: string \"WALL\", expected a sequence" }, JsonParse { path: "terrain", detail: "Failed to deserialize terrain 't_window_no_curtains_open': invalid type: string \"WALL\", expected a sequence" }, JsonParse { path: "terrain", detail: "Failed to deserialize terrain 't_door_lab_b': invalid type: string \"WALL\", expected a sequence" }, JsonParse { path: "terrain", detail: "Failed to deserialize terrain 't_strconc_floor_halfway': invalid type: string \"INDOORFLOOR\", expected a sequence" }, JsonParse { path: "terrain", detail: "Failed to deserialize terrain 't_sconc_wall_y': invalid type: string \"WALL\", expected a sequence" }, JsonParse { path: "terrain", detail: "Failed to deserialize terrain 't_door_metal_pickable': invalid type: string \"WALL\", expected a sequence" }, JsonParse { path: "terrain", detail: "Failed to deserialize terrain 't_tarptent': invalid type: string \"INDOORFLOOR\", expected a sequence" }, JsonParse { path: "terrain", detail: "Failed to deserialize terrain 't_window_frame': invalid type: string \"WALL\", expected a sequence" }, JsonParse { path: "terrain", detail: "Failed to deserialize terrain 't_slope_down': invalid type: string \"PAVEMENT\", expected a sequence" }, JsonParse { path: "terrain", detail: "Failed to deserialize terrain 't_support_l': invalid type: string \"WALL\", expected a sequence" }, JsonParse { path: "terrain", detail: "Failed to deserialize terrain 't_door_lighthouse_lens_o': invalid type: string \"WALL\", expected a sequence" }, JsonParse { path: "terrain", detail: "Failed to deserialize terrain 't_tree_almond': invalid type: sequence, expected a string" }, JsonParse { path: "terrain", detail: "Failed to deserialize terrain 't_railroad_tie_h': invalid type: string \"RAIL\", expected a sequence" }, JsonParse { path: "terrain", detail: "Failed to deserialize terrain 't_brick_wall': invalid type: string \"WALL\", expected a sequence" }, JsonParse { path: "terrain", detail: "Failed to deserialize terrain 't_door_glass_red_c': invalid type: string \"WALL\", expected a sequence" }, JsonParse { path: "terrain", detail: "Failed to deserialize terrain 't_tree_coffee': invalid type: sequence, expected a string" }, JsonParse { path: "terrain", detail: "Failed to deserialize terrain 't_nl_metal_floor': invalid type: string \"METALFLOOR\", expected a sequence" }, JsonParse { path: "terrain", detail: "Failed to deserialize terrain 't_fence': invalid type: integer `1`, expected an array of length 2" }, JsonParse { path: "terrain", detail: "Failed to deserialize terrain 't_card_science_security_black': invalid type: string \"WALL\", expected a sequence" }, JsonParse { path: "terrain", detail: "Failed to deserialize terrain 't_rock_wall': invalid type: string \"WALL\", expected a sequence" }, JsonParse { path: "terrain", detail: "Failed to deserialize terrain 't_wall_metal_shipping_container_red': invalid type: string \"WALL\", expected a sequence" }, JsonParse { path: "terrain", detail: "Failed to deserialize terrain 't_sunkenhelicopter_wall_w': invalid type: string \"WALL\", expected a sequence" }, JsonParse { path: "terrain", detail: "Failed to deserialize terrain 't_tree_willow': invalid type: sequence, expected a string" }, JsonParse { path: "terrain", detail: "Failed to deserialize terrain 't_card_industrial': invalid type: string \"WALL\", expected a sequence" }, JsonParse { path: "terrain", detail: "Failed to deserialize terrain 't_rock': invalid type: integer `1`, expected an array of length 2" }, JsonParse { path: "terrain", detail: "Failed to deserialize terrain 't_string_dimension_meteoric_rock': invalid type: integer `1`, expected an array of length 2" }, JsonParse { path: "terrain", detail: "Failed to deserialize terrain 't_privacy_fencegate_c': invalid type: string \"WOODFENCE\", expected a sequence" }, JsonParse { path: "terrain", detail: "Failed to deserialize terrain 't_floor_brood_wasp': invalid type: string \"INDOORFLOOR\", expected a sequence" }, JsonParse { path: "terrain", detail: "Failed to deserialize terrain 't_saltwater_cube': invalid type: string \"WATER\", expected a sequence" }, JsonParse { path: "terrain", detail: "Failed to deserialize terrain 't_wood_wall_gray': invalid type: string \"WALL\", expected a sequence" }, JsonParse { path: "terrain", detail: "Failed to deserialize terrain 't_nl_mission_water_cooler': invalid type: map, expected a string" }, JsonParse { path: "terrain", detail: "Failed to deserialize terrain 't_sai_box_damaged': invalid type: string \"WALL\", expected a sequence" }, JsonParse { path: "terrain", detail: "Failed to deserialize terrain 't_curtains': invalid type: integer `2`, expected an array of length 2" }, JsonParse { path: "terrain", detail: "Failed to deserialize terrain 't_window_reinforced_noglass': invalid type: string \"WALL\", expected a sequence" }, JsonParse { path: "terrain", detail: "Failed to deserialize terrain 't_door_b': invalid type: string \"WALL\", expected a sequence" }, JsonParse { path: "terrain", detail: "Failed to deserialize terrain 't_strconc_wall_y': invalid type: string \"WALL\", expected a sequence" }, JsonParse { path: "terrain", detail: "Failed to deserialize terrain 't_window_stained_blue': invalid type: string \"WALL\", expected a sequence" }, JsonParse { path: "terrain", detail: "Failed to deserialize terrain 't_double_pane_glass_open': invalid type: integer `1`, expected an array of length 2" }, JsonParse { path: "terrain", detail: "Failed to deserialize terrain 't_dock_deep_pile': invalid type: string \"WATER\", expected a sequence" }, JsonParse { path: "terrain", detail: "Failed to deserialize terrain 't_door_gray_frame': invalid type: string \"WALL\", expected a sequence" }, JsonParse { path: "terrain", detail: "Failed to deserialize terrain 't_tempered_glass_with_curtain': invalid type: string \"WALL\", expected a sequence" }, JsonParse { path: "terrain", detail: "Failed to deserialize terrain 't_mega_fern': invalid type: sequence, expected a string" }, JsonParse { path: "terrain", detail: "Failed to deserialize terrain 't_railroad_ramp_down_high': invalid type: string \"RAIL\", expected a sequence" }, JsonParse { path: "terrain", detail: "Failed to deserialize terrain 't_stone_masonry_floor_balcony': invalid type: string \"ROCKFLOOR\", expected a sequence" }, JsonParse { path: "terrain", detail: "Failed to deserialize terrain 't_nl_safehouse_door_metal_corrugated_o': invalid type: string \"WALL\", expected a sequence" }, JsonParse { path: "terrain", detail: "Failed to deserialize terrain 't_junk_palisade': invalid type: string \"WALL\", expected a sequence" }, JsonParse { path: "terrain", detail: "Failed to deserialize terrain 't_nm_floor_bone': invalid type: string \"INDOORFLOOR\", expected a sequence" }, JsonParse { path: "terrain", detail: "Failed to deserialize terrain 't_sunkenhelicopter_wall_se': invalid type: string \"WALL\", expected a sequence" }, JsonParse { path: "terrain", detail: "Failed to deserialize terrain 't_reinforced_quadruple_pane_glass_open': invalid type: integer `1`, expected an array of length 2" }, JsonParse { path: "terrain", detail: "Failed to deserialize terrain 't_paper_hard': invalid type: string \"WALL\", expected a sequence" }, JsonParse { path: "terrain", detail: "Failed to deserialize terrain 't_unfolded_wall': invalid type: string \"WALL\", expected a sequence" }, JsonParse { path: "terrain", detail: "Failed to deserialize terrain 't_tree_hickory_harvested': invalid type: sequence, expected a string" }, JsonParse { path: "terrain", detail: "Failed to deserialize terrain 't_door_glass_red_o': invalid type: string \"WALL\", expected a sequence" }, JsonParse { path: "terrain", detail: "Failed to deserialize terrain 't_string_dimension_meteoric_rock_charred': invalid type: integer `1`, expected an array of length 2" }, JsonParse { path: "terrain", detail: "Failed to deserialize terrain 't_reinforced_single_pane_glass_taped': invalid type: string \"WALL\", expected a sequence" }, JsonParse { path: "terrain", detail: "Failed to deserialize terrain 't_slide': invalid type: sequence, expected u32" }, JsonParse { path: "terrain", detail: "Failed to deserialize terrain 't_wall_metal_shipping_container_brown': invalid type: string \"WALL\", expected a sequence" }, JsonParse { path: "terrain", detail: "Failed to deserialize terrain 't_carpet_base_rock': missing field `id`" }, JsonParse { path: "terrain", detail: "Failed to deserialize terrain 't_concrete_wall_black': invalid type: string \"WALL\", expected a sequence" }, JsonParse { path: "terrain", detail: "Failed to deserialize terrain 't_alien_meadow_tree_trap_roots_long_grass': invalid type: string \"ALIENMEADOW\", expected a sequence" }, JsonParse { path: "terrain", detail: "Failed to deserialize terrain 't_quietfarm_border_ground': invalid type: string \"DIRT\", expected a sequence" }, JsonParse { path: "terrain", detail: "Failed to deserialize terrain 't_wall_y': invalid type: string \"wall_bash_results\", expected a sequence" }, JsonParse { path: "terrain", detail: "Failed to deserialize terrain 't_wall_log_half': invalid type: string \"WALL\", expected a sequence" }, JsonParse { path: "terrain", detail: "Failed to deserialize terrain 't_window_bars_noglass': invalid type: string \"WALL\", expected a sequence" }, JsonParse { path: "terrain", detail: "Failed to deserialize terrain 't_nl_safehouse_metal_wall_wired_destructable': invalid type: string \"WALL\", expected a sequence" }, JsonParse { path: "terrain", detail: "Failed to deserialize terrain 't_bulk_tank': invalid type: string \"WALL\", expected a sequence" }, JsonParse { path: "terrain", detail: "Failed to deserialize terrain 't_secretdoor_metal_c': invalid type: string \"WALL\", expected a sequence" }, JsonParse { path: "terrain", detail: "Failed to deserialize terrain 't_strconc_wall_cyan': invalid type: string \"WALL\", expected a sequence" }, JsonParse { path: "terrain", detail: "Failed to deserialize terrain 't_nl_bridge': invalid type: string \"WATER\", expected a sequence" }, JsonParse { path: "terrain", detail: "Failed to deserialize terrain 't_privacy_fence': invalid type: string \"WOODFENCE\", expected a sequence" }, JsonParse { path: "terrain", detail: "Failed to deserialize terrain 't_mdoor_lab_frame': invalid type: string \"WALL\", expected a sequence" }, JsonParse { path: "terrain", detail: "Failed to deserialize terrain 't_sconc_wall_p': invalid type: string \"WALL\", expected a sequence" }, JsonParse { path: "terrain", detail: "Failed to deserialize terrain 't_elevator_control_off_no_roof': invalid type: string \"INDOORFLOOR\", expected a sequence" }, JsonParse { path: "terrain", detail: "Failed to deserialize terrain 't_tree_sassafras_harvested': invalid type: sequence, expected a string" }, JsonParse { path: "terrain", detail: "Failed to deserialize terrain 't_railroad_track': invalid type: string \"RAIL\", expected a sequence" }, JsonParse { path: "terrain", detail: "Failed to deserialize terrain 't_vitrified_bush': invalid type: string \"INDOORFLOOR\", expected a sequence" }, JsonParse { path: "terrain", detail: "Failed to deserialize terrain 't_nl_chasm': invalid type: map, expected a string" }, JsonParse { path: "terrain", detail: "Failed to deserialize terrain 't_double_pane_glass_with_curtain': invalid type: string \"WALL\", expected a sequence" }, JsonParse { path: "terrain", detail: "Failed to deserialize terrain 't_wall_metal': invalid type: string \"WALL\", expected a sequence" }, JsonParse { path: "terrain", detail: "Failed to deserialize terrain 't_railroad_tie_d': invalid type: string \"RAIL\", expected a sequence" }, JsonParse { path: "terrain", detail: "Failed to deserialize terrain 't_alien_meadow_shrub_1': invalid type: string \"ALIENMEADOW\", expected a sequence" }, JsonParse { path: "terrain", detail: "Failed to deserialize terrain 't_coast_rock_surf': invalid type: string \"BEACH_FORMATIONS\", expected a sequence" }, JsonParse { path: "terrain", detail: "Failed to deserialize terrain 't_metal_grate_window_with_curtain': invalid type: string \"WALL\", expected a sequence" }, JsonParse { path: "terrain", detail: "Failed to deserialize terrain 't_bulkhead_roof': invalid type: string \"WATER\", expected a sequence" }, JsonParse { path: "terrain", detail: "Failed to deserialize terrain 't_railroad_ramp_up_high': invalid type: string \"WALL\", expected a sequence" }, JsonParse { path: "terrain", detail: "Failed to deserialize terrain 't_improvised_shelter': invalid type: string \"INDOORFLOOR\", expected a sequence" }, JsonParse { path: "terrain", detail: "Failed to deserialize terrain 't_bullettrailer_inner_door_o': invalid type: string \"INDOORFLOOR\", expected a sequence" }, JsonParse { path: "terrain", detail: "Failed to deserialize terrain 't_door_curtain_o': invalid type: integer `1`, expected an array of length 2" }, JsonParse { path: "terrain", detail: "Failed to deserialize terrain 't_tree_apricot_harvested': invalid type: sequence, expected a string" }, JsonParse { path: "terrain", detail: "Failed to deserialize terrain 't_railroad_track_d2': invalid type: string \"RAIL\", expected a sequence" }, JsonParse { path: "terrain", detail: "Failed to deserialize terrain 't_single_pane_glass_open': invalid type: integer `1`, expected an array of length 2" }, JsonParse { path: "terrain", detail: "Failed to deserialize terrain 't_door_glass_gray_c': invalid type: string \"WALL\", expected a sequence" }, JsonParse { path: "terrain", detail: "Failed to deserialize terrain 't_wall_bulkhead': invalid type: string \"WALL\", expected a sequence" }, JsonParse { path: "terrain", detail: "Failed to deserialize terrain 't_string_gates_mech_control': invalid type: string \"INDOORFLOOR\", expected a sequence" }, JsonParse { path: "terrain", detail: "Failed to deserialize terrain 't_door_white_c': invalid type: string \"WALL\", expected a sequence" }, JsonParse { path: "terrain", detail: "Failed to deserialize terrain 't_wall_P': invalid type: string \"wall_bash_results\", expected a sequence" }, JsonParse { path: "terrain", detail: "Failed to deserialize terrain 't_tree_pecan': invalid type: sequence, expected a string" }, JsonParse { path: "terrain", detail: "Failed to deserialize terrain 't_swater_dp': invalid type: string \"WATER\", expected a sequence" }, JsonParse { path: "terrain", detail: "Failed to deserialize terrain 't_pavement_hw_air': invalid type: string \"PAVEMENT\", expected a sequence" }, JsonParse { path: "terrain", detail: "Failed to deserialize terrain 't_embrasure_sconc': invalid type: string \"WALL\", expected a sequence" }, JsonParse { path: "terrain", detail: "Failed to deserialize terrain 't_door_metal_locked': invalid type: string \"WALL\", expected a sequence" }, JsonParse { path: "terrain", detail: "Failed to deserialize terrain 't_door_metal_interior_locked': invalid type: string \"WALL\", expected a sequence" }, JsonParse { path: "terrain", detail: "Failed to deserialize terrain 't_screen_door_o': invalid type: string \"WALL\", expected a sequence" }, JsonParse { path: "terrain", detail: "Failed to deserialize terrain 't_fungus_wall': invalid type: string \"WALL\", expected a sequence" }, JsonParse { path: "terrain", detail: "Failed to deserialize terrain 't_card_science_maintenance_green': invalid type: string \"WALL\", expected a sequence" }, JsonParse { path: "terrain", detail: "Failed to deserialize terrain 't_ballistic_glass': invalid type: string \"WALL\", expected a sequence" }, JsonParse { path: "terrain", detail: "Failed to deserialize terrain 't_tree_pecan_harvested': invalid type: sequence, expected a string" }, JsonParse { path: "terrain", detail: "Failed to deserialize terrain 't_leanto': invalid type: string \"INDOORFLOOR\", expected a sequence" }, JsonParse { path: "terrain", detail: "Failed to deserialize terrain 't_railroad_tie': invalid type: string \"RAIL\", expected a sequence" }, JsonParse { path: "terrain", detail: "Failed to deserialize terrain 't_railroad_tie_d1': invalid type: string \"RAIL\", expected a sequence" }, JsonParse { path: "terrain", detail: "Failed to deserialize terrain 't_window_taped': invalid type: string \"WALL\", expected a sequence" }, JsonParse { path: "terrain", detail: "Failed to deserialize terrain 't_door_white_b': invalid type: string \"WALL\", expected a sequence" }, JsonParse { path: "terrain", detail: "Failed to deserialize terrain 't_reinforced_door_glass_lab_o': invalid type: string \"WALL\", expected a sequence" }, JsonParse { path: "terrain", detail: "Failed to deserialize terrain 't_door_frame': invalid type: string \"WALL\", expected a sequence" }, JsonParse { path: "terrain", detail: "Failed to deserialize terrain 't_chickenwire_gate_c': invalid type: string \"CHAINFENCE\", expected a sequence" }, JsonParse { path: "terrain", detail: "Failed to deserialize terrain 't_railroad_track_h_on_tie': invalid type: string \"RAIL\", expected a sequence" }, JsonParse { path: "terrain", detail: "Failed to deserialize terrain 't_lake_bed': invalid type: string \"WATER\", expected a sequence" }, JsonParse { path: "terrain", detail: "Failed to deserialize terrain 't_door_makeshift_o': invalid type: string \"WALL\", expected a sequence" }, JsonParse { path: "terrain", detail: "Failed to deserialize terrain 't_wall_metal_shipping_container_light_green': invalid type: string \"WALL\", expected a sequence" }, JsonParse { path: "terrain", detail: "Failed to deserialize terrain 't_door_glass_white_o': invalid type: string \"WALL\", expected a sequence" }, JsonParse { path: "terrain", detail: "Failed to deserialize terrain 't_vitrified_window_frame': invalid type: string \"WALL\", expected a sequence" }, JsonParse { path: "terrain", detail: "Failed to deserialize terrain 't_jp8_pump': invalid type: integer `1`, expected an array of length 2" }, JsonParse { path: "terrain", detail: "Failed to deserialize terrain 't_tempered_glass_with_curtain_open_window_closed': invalid type: string \"WALL\", expected a sequence" }, JsonParse { path: "terrain", detail: "Failed to deserialize terrain 't_tree_blackjack': invalid type: sequence, expected a string" }, JsonParse { path: "terrain", detail: "Failed to deserialize terrain 't_tree_blackjack_harvested': invalid type: sequence, expected a string" }, JsonParse { path: "terrain", detail: "Failed to deserialize terrain 't_wood_wall_P': invalid type: string \"WALL\", expected a sequence" }, JsonParse { path: "terrain", detail: "Failed to deserialize terrain 't_current_trans': invalid type: string \"WALL\", expected a sequence" }, JsonParse { path: "terrain", detail: "Failed to deserialize terrain 't_rad_platform': invalid type: sequence, expected u32" }, JsonParse { path: "terrain", detail: "Failed to deserialize terrain 't_reinforced_door_glass_lab_c': invalid type: string \"WALL\", expected a sequence" }, JsonParse { path: "terrain", detail: "Failed to deserialize terrain 't_sidewalk_ramp_down_low': invalid type: string \"WALL\", expected a sequence" }, JsonParse { path: "terrain", detail: "Failed to deserialize terrain 't_bollard': invalid type: string \"WALL\", expected a sequence" }, JsonParse { path: "terrain", detail: "Failed to deserialize terrain 't_switchgear_s': invalid type: string \"WALL\", expected a sequence" }, JsonParse { path: "terrain", detail: "Failed to deserialize terrain 't_wood_wall_cyan': invalid type: string \"WALL\", expected a sequence" }, JsonParse { path: "terrain", detail: "Failed to deserialize terrain 't_concrete_ramp_down_high': invalid type: string \"PAVEMENT\", expected a sequence" }, JsonParse { path: "terrain", detail: "Failed to deserialize terrain 't_door_lighthouse_lens_c': invalid type: string \"WALL\", expected a sequence" }, JsonParse { path: "terrain", detail: "Failed to deserialize terrain 't_laminated_door_glass_c': invalid type: string \"WALL\", expected a sequence" }, JsonParse { path: "terrain", detail: "Failed to deserialize terrain 't_door_glass_frosted_o': invalid type: string \"WALL\", expected a sequence" }, JsonParse { path: "terrain", detail: "Failed to deserialize terrain 't_door_glass_green_c': invalid type: string \"WALL\", expected a sequence" }, JsonParse { path: "terrain", detail: "Failed to deserialize terrain 't_wall_log_widened': invalid type: string \"WALL\", expected a sequence" }, JsonParse { path: "terrain", detail: "Failed to deserialize terrain 't_chickenwire_fence': invalid type: string \"CHAINFENCE\", expected a sequence" }, JsonParse { path: "terrain", detail: "Failed to deserialize terrain 't_tree_nannyberry_harvested': invalid type: sequence, expected a string" }, JsonParse { path: "terrain", detail: "Failed to deserialize terrain 't_window_alarm': invalid type: string \"WALL\", expected a sequence" }, JsonParse { path: "terrain", detail: "Failed to deserialize terrain 't_folded_wall': invalid type: string \"WALL\", expected a sequence" }, JsonParse { path: "terrain", detail: "Failed to deserialize terrain 't_card_science_security_yellow': invalid type: string \"WALL\", expected a sequence" }, JsonParse { path: "terrain", detail: "Failed to deserialize terrain 't_concrete_wall_w': invalid type: string \"WALL\", expected a sequence" }, JsonParse { path: "terrain", detail: "Failed to deserialize terrain 't_jp8_pump_smashed': invalid type: integer `1`, expected an array of length 2" }, JsonParse { path: "terrain", detail: "Failed to deserialize terrain 't_sai_box': invalid type: string \"WALL\", expected a sequence" }, JsonParse { path: "terrain", detail: "Failed to deserialize terrain 't_bullettrailer_wwall': invalid type: string \"WALL\", expected a sequence" }, JsonParse { path: "terrain", detail: "Failed to deserialize terrain 't_lixa_wall': invalid type: string \"WALL\", expected a sequence" }, JsonParse { path: "terrain", detail: "Failed to deserialize terrain 't_wall_metal_corrugated': invalid type: string \"WALL\", expected a sequence" }, JsonParse { path: "terrain", detail: "Failed to deserialize terrain 't_glassed_sand': invalid type: string \"SANDGLASS\", expected a sequence" }, JsonParse { path: "terrain", detail: "Failed to deserialize terrain 't_door_boarded_peep': invalid type: string \"WALL\", expected a sequence" }, JsonParse { path: "terrain", detail: "Failed to deserialize terrain 't_vitrified_curtains': invalid type: string \"WALL\", expected a sequence" }, JsonParse { path: "terrain", detail: "Failed to deserialize terrain 't_door_metal_o_peep': invalid type: string \"WALL\", expected a sequence" }, JsonParse { path: "terrain", detail: "Failed to deserialize terrain 't_door_glass_gray_o': invalid type: string \"WALL\", expected a sequence" }, JsonParse { path: "terrain", detail: "Failed to deserialize terrain 't_bullettrailer_inner_westcorner': invalid type: string \"WALL\", expected a sequence" }, JsonParse { path: "terrain", detail: "Failed to deserialize terrain 't_nm_wall_flesh_pupating': invalid type: string \"WALL\", expected a sequence" }, JsonParse { path: "terrain", detail: "Failed to deserialize terrain 't_alien_meadow_tree_trap_roots_tall_grass': invalid type: string \"ALIENMEADOW\", expected a sequence" }, JsonParse { path: "terrain", detail: "Failed to deserialize terrain 't_wall_metal_shipping_container_light_blue': invalid type: string \"WALL\", expected a sequence" }, JsonParse { path: "terrain", detail: "Failed to deserialize terrain 't_card_LIXA_3': invalid type: map, expected a string" }, JsonParse { path: "terrain", detail: "Failed to deserialize terrain 't_floor_paper': invalid type: string \"INDOORFLOOR\", expected a sequence" }, JsonParse { path: "terrain", detail: "Failed to deserialize terrain 't_tree_nannyberry': invalid type: sequence, expected a string" }, JsonParse { path: "terrain", detail: "Failed to deserialize terrain 't_floor_burnt': invalid type: string \"INDOORFLOOR\", expected a sequence" }, JsonParse { path: "terrain", detail: "Failed to deserialize terrain 't_wall_wood_chipped': invalid type: string \"WALL\", expected a sequence" }, JsonParse { path: "terrain", detail: "Failed to deserialize terrain 't_nl_metal_wall': invalid type: string \"WALL\", expected a sequence" }, JsonParse { path: "terrain", detail: "Failed to deserialize terrain 't_linoleum_gray_no_roof': invalid type: string \"LINOLEUM\", expected a sequence" }, JsonParse { path: "terrain", detail: "Failed to deserialize terrain 't_ocean_bed': invalid type: string \"WATER\", expected a sequence" }, JsonParse { path: "terrain", detail: "Failed to deserialize terrain 't_bramble_door_c': invalid type: string \"WALL\", expected a sequence" }, JsonParse { path: "terrain", detail: "Failed to deserialize terrain 't_tree_coffee_harvested': invalid type: sequence, expected a string" }, JsonParse { path: "terrain", detail: "Failed to deserialize terrain 't_infinite_shaft_rooved': invalid type: string \"INDOORFLOOR\", expected a sequence" }, JsonParse { path: "terrain", detail: "Failed to deserialize terrain 't_metal_grate_window_with_curtain_noglass': invalid type: string \"WALL\", expected a sequence" }, JsonParse { path: "terrain", detail: "Failed to deserialize terrain 't_triple_pane_glass_with_curtain_open': invalid type: string \"WALL\", expected a sequence" }, JsonParse { path: "terrain", detail: "Failed to deserialize terrain 't_wall_p': invalid type: string \"wall_bash_results\", expected a sequence" }, JsonParse { path: "terrain", detail: "Failed to deserialize terrain 't_door_lab_frame': invalid type: string \"WALL\", expected a sequence" }, JsonParse { path: "terrain", detail: "Failed to deserialize terrain 't_door_elocked_alarm': invalid type: string \"WALL\", expected a sequence" }, JsonParse { path: "terrain", detail: "Failed to deserialize terrain 't_vitrified_grass': invalid type: string \"INDOORFLOOR\", expected a sequence" }, JsonParse { path: "terrain", detail: "Failed to deserialize terrain 't_single_pane_glass_with_curtain_open': invalid type: string \"WALL\", expected a sequence" }, JsonParse { path: "terrain", detail: "Failed to deserialize terrain 't_metal_grate_window': invalid type: string \"WALL\", expected a sequence" }, JsonParse { path: "terrain", detail: "Failed to deserialize terrain 't_sunkenhelicopter_quarterpanel_n_right': invalid type: string \"WALL\", expected a sequence" }, JsonParse { path: "terrain", detail: "Failed to deserialize terrain 't_paper': invalid type: string \"WALL\", expected a sequence" }, JsonParse { path: "terrain", detail: "Failed to deserialize terrain 't_paper_brood': invalid type: string \"WALL\", expected a sequence" }, JsonParse { path: "terrain", detail: "Failed to deserialize terrain 't_alien_meadow_tree_3_harvested': invalid type: string \"ALIENMEADOW\", expected a sequence" }, JsonParse { path: "terrain", detail: "Failed to deserialize terrain 't_strconc_wall_p': invalid type: string \"WALL\", expected a sequence" }, JsonParse { path: "terrain", detail: "Failed to deserialize terrain 't_bridge': invalid type: string \"WATER\", expected a sequence" }, JsonParse { path: "terrain", detail: "Failed to deserialize terrain 't_water_cube': invalid type: string \"WATER\", expected a sequence" }, JsonParse { path: "terrain", detail: "Failed to deserialize terrain 't_door_metal_bulkhead_o': invalid type: string \"WALL\", expected a sequence" }, JsonParse { path: "terrain", detail: "Failed to deserialize terrain 't_water_pool_outdoors': invalid type: string \"POOLWATER\", expected a sequence" }, JsonParse { path: "terrain", detail: "Failed to deserialize terrain 't_wall_dirt': invalid type: string \"WALL\", expected a sequence" }, JsonParse { path: "terrain", detail: "Failed to deserialize terrain 't_dock_deep': invalid type: integer `8`, expected an array of length 2" }, JsonParse { path: "terrain", detail: "Failed to deserialize terrain 't_tidepool': invalid type: string \"BEACH_FORMATIONS\", expected a sequence" }, JsonParse { path: "terrain", detail: "Failed to deserialize terrain 't_strconc_floor_no_roof': invalid type: string \"CONCRETE\", expected a sequence" }, JsonParse { path: "terrain", detail: "Failed to deserialize terrain 't_door_gray_b': invalid type: string \"WALL\", expected a sequence" }, JsonParse { path: "terrain", detail: "Failed to deserialize terrain 't_door_lab_o': invalid type: string \"WALL\", expected a sequence" }, JsonParse { path: "terrain", detail: "Failed to deserialize terrain 't_tree_hazelnut': invalid type: sequence, expected a string" }, JsonParse { path: "terrain", detail: "Failed to deserialize terrain 't_tree_hazelnut_harvested': invalid type: sequence, expected a string" }, JsonParse { path: "terrain", detail: "Failed to deserialize terrain 't_alien_meadow_tree_3': invalid type: string \"ALIENMEADOW\", expected a sequence" }, JsonParse { path: "terrain", detail: "Failed to deserialize terrain 't_tree_pear': invalid type: sequence, expected a string" }, JsonParse { path: "terrain", detail: "Failed to deserialize terrain 't_door_green_c': invalid type: string \"WALL\", expected a sequence" }, JsonParse { path: "terrain", detail: "Failed to deserialize terrain 't_tree_elderberry_harvested': invalid type: sequence, expected a string" }, JsonParse { path: "terrain", detail: "Failed to deserialize terrain 't_oil_circ_brkr_l': invalid type: string \"WALL\", expected a sequence" }, JsonParse { path: "terrain", detail: "Failed to deserialize terrain 't_plastic_window_open': invalid type: integer `1`, expected an array of length 2" }, JsonParse { path: "terrain", detail: "Failed to deserialize terrain 't_rdoor_c': invalid type: string \"WALL\", expected a sequence" }, JsonParse { path: "terrain", detail: "Failed to deserialize terrain 't_metal_ventilation_shutter': invalid type: string \"WALL\", expected a sequence" }, JsonParse { path: "terrain", detail: "Failed to deserialize terrain 't_concrete_wall_rope': invalid type: string \"WALL\", expected a sequence" }, JsonParse { path: "terrain", detail: "Failed to deserialize terrain 't_stone_fence': invalid type: string \"RAILING\", expected a sequence" }, JsonParse { path: "terrain", detail: "Failed to deserialize terrain 't_wood_wall_r': invalid type: string \"WALL\", expected a sequence" }, JsonParse { path: "terrain", detail: "Failed to deserialize terrain 't_boom_barrier_lowered': invalid type: integer `1`, expected an array of length 2" }, JsonParse { path: "terrain", detail: "Failed to deserialize terrain 't_mud': invalid type: string \"MUD\", expected a sequence" }, JsonParse { path: "terrain", detail: "Failed to deserialize terrain 't_fungus_floor_in': invalid type: string \"INDOORFLOOR\", expected a sequence" }, JsonParse { path: "terrain", detail: "Failed to deserialize terrain 't_triple_pane_glass_open': invalid type: integer `1`, expected an array of length 2" }, JsonParse { path: "terrain", detail: "Failed to deserialize terrain 't_pavement_y_hw_air': invalid type: string \"PAVEMENT\", expected a sequence" }, JsonParse { path: "terrain", detail: "Failed to deserialize terrain 't_rootcellar': invalid type: integer `8`, expected an array of length 2" }, JsonParse { path: "terrain", detail: "Failed to deserialize terrain 't_reinforced_glass': invalid type: string \"WALL\", expected a sequence" }, JsonParse { path: "terrain", detail: "Failed to deserialize terrain 't_nl_metal_wall_edge': invalid type: string \"WALL\", expected a sequence" }, JsonParse { path: "terrain", detail: "Failed to deserialize terrain 't_cattle_feeder': invalid type: string \"RAILING\", expected a sequence" }, JsonParse { path: "terrain", detail: "Failed to deserialize terrain 't_water_moving_dp': invalid type: string \"WATER\", expected a sequence" }, JsonParse { path: "terrain", detail: "Failed to deserialize terrain 't_alien_meadow_grass': invalid type: string \"ALIENMEADOW\", expected a sequence" }, JsonParse { path: "terrain", detail: "Failed to deserialize terrain 't_tree_walnut_harvested': invalid type: sequence, expected a string" }, JsonParse { path: "terrain", detail: "Failed to deserialize terrain 't_wall_rammed_earth': invalid type: string \"WALL\", expected a sequence" }, JsonParse { path: "terrain", detail: "Failed to deserialize terrain 't_nl_safehouse_door_metal_corrugated_c': invalid type: string \"WALL\", expected a sequence" }, JsonParse { path: "terrain", detail: "Failed to deserialize terrain 't_door_boarded_damaged': invalid type: integer `1`, expected an array of length 2" }, JsonParse { path: "terrain", detail: "Failed to deserialize terrain 't_intercom': invalid type: string \"WALL\", expected a sequence" }, JsonParse { path: "terrain", detail: "Failed to deserialize terrain 't_column_halfway': invalid type: string \"WALL\", expected a sequence" }, JsonParse { path: "terrain", detail: "Failed to deserialize terrain 't_rdoor_b': invalid type: string \"WALL\", expected a sequence" }, JsonParse { path: "terrain", detail: "Failed to deserialize terrain 't_door_bar_c': invalid type: string \"WALL\", expected a sequence" }, JsonParse { path: "terrain", detail: "Failed to deserialize terrain 't_double_pane_glass_taped': invalid type: string \"WALL\", expected a sequence" }, JsonParse { path: "terrain", detail: "Failed to deserialize terrain 't_quadruple_pane_glass_with_curtain': invalid type: string \"WALL\", expected a sequence" }, JsonParse { path: "terrain", detail: "Failed to deserialize terrain 't_sunkenhelicopter_wall_s': invalid type: string \"WALL\", expected a sequence" }, JsonParse { path: "terrain", detail: "Failed to deserialize terrain 't_tree_beech': invalid type: sequence, expected a string" }, JsonParse { path: "terrain", detail: "Failed to deserialize terrain 't_tree_beech_harvested': invalid type: sequence, expected a string" }, JsonParse { path: "terrain", detail: "Failed to deserialize terrain 't_tree_juniper_harvested': invalid type: sequence, expected a string" }, JsonParse { path: "terrain", detail: "Failed to deserialize terrain 't_concrete_y': invalid type: string \"CONCRETE\", expected a sequence" }, JsonParse { path: "terrain", detail: "Failed to deserialize terrain 't_card_science_maintenance_blue': invalid type: string \"WALL\", expected a sequence" }, JsonParse { path: "terrain", detail: "Failed to deserialize terrain 't_railing': invalid type: string \"RAILING\", expected a sequence" }, JsonParse { path: "terrain", detail: "Failed to deserialize terrain 't_door_lab_c': invalid type: string \"WALL\", expected a sequence" }, JsonParse { path: "terrain", detail: "Failed to deserialize terrain 't_treetop': invalid type: sequence, expected a string" }, JsonParse { path: "terrain", detail: "Failed to deserialize terrain 't_floor_wax': invalid type: string \"INDOORFLOOR\", expected a sequence" }, JsonParse { path: "terrain", detail: "Failed to deserialize terrain 't_sandmound': invalid type: string \"SANDMOUND\", expected a sequence" }, JsonParse { path: "terrain", detail: "Failed to deserialize terrain 't_switchgear_l': invalid type: string \"WALL\", expected a sequence" }, JsonParse { path: "terrain", detail: "Failed to deserialize terrain 't_card_office_warehouse_anduril': invalid type: string \"WALL\", expected a sequence" }, JsonParse { path: "terrain", detail: "Failed to deserialize terrain 't_triple_pane_glass_taped': invalid type: string \"WALL\", expected a sequence" }, JsonParse { path: "terrain", detail: "Failed to deserialize terrain 't_reinforced_triple_pane_glass_with_curtain_open_window_closed': invalid type: string \"WALL\", expected a sequence" }, JsonParse { path: "terrain", detail: "Failed to deserialize terrain 't_resin_hole': invalid type: string \"WALL\", expected a sequence" }, JsonParse { path: "terrain", detail: "Failed to deserialize terrain 't_wall_black': invalid type: string \"wall_bash_results\", expected a sequence" }, JsonParse { path: "terrain", detail: "Failed to deserialize terrain 't_alien_meadow_tree_trap_roots_obvious': invalid type: string \"ALIENMEADOW\", expected a sequence" }, JsonParse { path: "terrain", detail: "Failed to deserialize terrain 't_window_no_curtains_taped': invalid type: string \"WALL\", expected a sequence" }, JsonParse { path: "terrain", detail: "Failed to deserialize terrain 't_nm_brain': invalid type: string \"WALL\", expected a sequence" }, JsonParse { path: "terrain", detail: "Failed to deserialize terrain 't_quadruple_pane_glass_with_curtain_open_window_closed': invalid type: string \"WALL\", expected a sequence" }, JsonParse { path: "terrain", detail: "Failed to deserialize terrain 't_railroad_ramp_up_low': invalid type: string \"RAIL\", expected a sequence" }, JsonParse { path: "terrain", detail: "Failed to deserialize terrain 't_window_no_curtains': invalid type: string \"WALL\", expected a sequence" }, JsonParse { path: "terrain", detail: "Failed to deserialize terrain 't_door_grass_curtain_o': invalid type: integer `1`, expected an array of length 2" }, JsonParse { path: "terrain", detail: "Failed to deserialize terrain 't_nanofab_body_broken': invalid type: integer `1`, expected an array of length 2" }, JsonParse { path: "terrain", detail: "Failed to deserialize terrain 't_nm_wall_cartilage': invalid type: string \"WALL\", expected a sequence" }, JsonParse { path: "terrain", detail: "Failed to deserialize terrain 't_pit_glass_covered': invalid type: string \"PIT_DEEP\", expected a sequence" }, JsonParse { path: "terrain", detail: "Failed to deserialize terrain 't_concrete_wall_orange': invalid type: string \"WALL\", expected a sequence" }, JsonParse { path: "terrain", detail: "Failed to deserialize terrain 't_floor_paper_hard': invalid type: string \"INDOORFLOOR\", expected a sequence" }, JsonParse { path: "terrain", detail: "Failed to deserialize terrain 't_wood_wall_w': invalid type: string \"WALL\", expected a sequence" }, JsonParse { path: "terrain", detail: "Failed to deserialize terrain 't_tempered_glass_window': invalid type: integer `1`, expected an array of length 2" }, JsonParse { path: "terrain", detail: "Failed to deserialize terrain 't_swater_sh': invalid type: string \"WATER\", expected a sequence" }, JsonParse { path: "terrain", detail: "Failed to deserialize terrain 't_wall_half': invalid type: string \"WALL\", expected a sequence" }, JsonParse { path: "terrain", detail: "Failed to deserialize terrain 't_card_science_mutagen_pink': invalid type: string \"WALL\", expected a sequence" }, JsonParse { path: "terrain", detail: "Failed to deserialize terrain 't_secretdoor_concrete_o': invalid type: string \"WALL\", expected a sequence" }, JsonParse { path: "terrain", detail: "Failed to deserialize terrain 't_rock_wall_half': invalid type: string \"WALL\", expected a sequence" }, JsonParse { path: "terrain", detail: "Failed to deserialize terrain 't_root_wall': invalid type: string \"WALL\", expected a sequence" }, JsonParse { path: "terrain", detail: "Failed to deserialize terrain 't_vitrified_wall_glass': invalid type: string \"WALL\", expected a sequence" }, JsonParse { path: "terrain", detail: "Failed to deserialize terrain 't_ramp_down_low': invalid type: string \"WALL\", expected a sequence" }, JsonParse { path: "terrain", detail: "Failed to deserialize terrain 't_mud_underground': invalid type: string \"INDOORFLOOR\", expected a sequence" }, JsonParse { path: "terrain", detail: "Failed to deserialize terrain 't_door_glass_green_o': invalid type: string \"WALL\", expected a sequence" }, JsonParse { path: "terrain", detail: "Failed to deserialize terrain 't_door_boarded_damaged_peep': invalid type: integer `1`, expected an array of length 2" }, JsonParse { path: "terrain", detail: "Failed to deserialize terrain 't_card_science_visitor': invalid type: string \"WALL\", expected a sequence" }, JsonParse { path: "terrain", detail: "Failed to deserialize terrain 't_backboard': invalid type: string \"WALL\", expected a sequence" }, JsonParse { path: "terrain", detail: "Failed to deserialize terrain 't_infinite_shaft_no_roof': invalid type: string \"INDOORFLOOR\", expected a sequence" }, JsonParse { path: "terrain", detail: "Failed to deserialize terrain 't_sconc_wall_cyan': invalid type: string \"WALL\", expected a sequence" }, JsonParse { path: "terrain", detail: "Failed to deserialize terrain 't_reinforced_single_pane_glass': invalid type: integer `1`, expected an array of length 2" }, JsonParse { path: "terrain", detail: "Failed to deserialize terrain 't_vitrified_soil_talker': invalid type: string \"SANDGLASS\", expected a sequence" }, JsonParse { path: "terrain", detail: "Failed to deserialize terrain 't_wood_wall_b': invalid type: string \"WALL\", expected a sequence" }, JsonParse { path: "terrain", detail: "Failed to deserialize terrain 't_railroad_track_d_on_tie': invalid type: string \"RAIL\", expected a sequence" }, JsonParse { path: "terrain", detail: "Failed to deserialize terrain 't_metal_dock_deep_frame': invalid type: integer `4`, expected an array of length 2" }, JsonParse { path: "terrain", detail: "Failed to deserialize terrain 't_reinforced_glass_shutter': invalid type: string \"WALL\", expected a sequence" }, JsonParse { path: "terrain", detail: "Failed to deserialize terrain 't_manhole': invalid type: string \"PAVEMENT\", expected a sequence" }, JsonParse { path: "terrain", detail: "Failed to deserialize terrain 't_lgtn_arrest': invalid type: string \"WALL\", expected a sequence" }, JsonParse { path: "terrain", detail: "Failed to deserialize terrain 't_wall_b': invalid type: string \"wall_bash_results\", expected a sequence" }, JsonParse { path: "terrain", detail: "Failed to deserialize terrain 't_strconc_wall_black': invalid type: string \"WALL\", expected a sequence" }, JsonParse { path: "terrain", detail: "Failed to deserialize terrain 't_triffid_slope_up': invalid type: string \"WALL\", expected a sequence" }, JsonParse { path: "terrain", detail: "Failed to deserialize terrain 't_railroad_track_v_on_tie': invalid type: string \"RAIL\", expected a sequence" }, JsonParse { path: "terrain", detail: "Failed to deserialize terrain 't_gates_control_brick': invalid type: string \"INDOORFLOOR\", expected a sequence" }, JsonParse { path: "terrain", detail: "Failed to deserialize terrain 't_single_pane_glass': invalid type: integer `1`, expected an array of length 2" }, JsonParse { path: "terrain", detail: "Failed to deserialize terrain 't_nm_wall_flesh': invalid type: string \"WALL\", expected a sequence" }, JsonParse { path: "terrain", detail: "Failed to deserialize terrain 't_nl_obelisk_3': invalid type: map, expected a string" }, JsonParse { path: "terrain", detail: "Failed to deserialize terrain 't_elevator': invalid type: string \"INDOORFLOOR\", expected a sequence" }, JsonParse { path: "terrain", detail: "Failed to deserialize terrain 't_door_elocked': invalid type: string \"WALL\", expected a sequence" }, JsonParse { path: "terrain", detail: "Failed to deserialize terrain 't_chaingate_l': invalid type: string \"CHAINFENCE\", expected a sequence" }, JsonParse { path: "terrain", detail: "Failed to deserialize terrain 't_treetop_evergreen': invalid type: sequence, expected a string" }, JsonParse { path: "terrain", detail: "Failed to deserialize terrain 't_plastic_window_with_curtain': invalid type: integer `1`, expected an array of length 2" }, JsonParse { path: "terrain", detail: "Failed to deserialize terrain 't_linoleum_white_no_roof': invalid type: string \"LINOLEUM\", expected a sequence" }, JsonParse { path: "terrain", detail: "Failed to deserialize terrain 't_sconc_wall_b': invalid type: string \"WALL\", expected a sequence" }, JsonParse { path: "terrain", detail: "Failed to deserialize terrain 't_manhole_cover': invalid type: string \"PAVEMENT\", expected a sequence" }, JsonParse { path: "terrain", detail: "Failed to deserialize terrain 't_open_air_rooved': invalid type: string \"INDOORFLOOR\", expected a sequence" }, JsonParse { path: "terrain", detail: "Failed to deserialize terrain 't_tree_maple_tapped': invalid type: sequence, expected a string" }, JsonParse { path: "terrain", detail: "Failed to deserialize terrain 't_quietfarm_border_fence_open': invalid type: string \"CHAINFENCE\", expected a sequence" }, JsonParse { path: "terrain", detail: "Failed to deserialize terrain 't_avgas_pump_smashed': invalid type: integer `1`, expected an array of length 2" }, JsonParse { path: "terrain", detail: "Failed to deserialize terrain 't_railroad_track_d1': invalid type: string \"RAIL\", expected a sequence" }, JsonParse { path: "terrain", detail: "Failed to deserialize terrain 't_sconc_wall_r': invalid type: string \"WALL\", expected a sequence" }, JsonParse { path: "terrain", detail: "Failed to deserialize terrain 't_avgas_pump': invalid type: integer `1`, expected an array of length 2" }, JsonParse { path: "terrain", detail: "Failed to deserialize terrain 't_window_empty_curtains_open': invalid type: integer `2`, expected an array of length 2" }, JsonParse { path: "terrain", detail: "Failed to deserialize terrain 't_reinforced_double_pane_glass': invalid type: integer `1`, expected an array of length 2" }, JsonParse { path: "terrain", detail: "Failed to deserialize terrain 't_vat': invalid type: string \"WALL\", expected a sequence" }, JsonParse { path: "terrain", detail: "Failed to deserialize terrain 't_strconc_wall_P': invalid type: string \"WALL\", expected a sequence" }, JsonParse { path: "terrain", detail: "Failed to deserialize terrain 't_pit_spiked': invalid type: string \"PIT_DEEP\", expected a sequence" }, JsonParse { path: "terrain", detail: "Failed to deserialize terrain 't_triffid_bark_wall': invalid type: string \"WALL\", expected a sequence" }, JsonParse { path: "terrain", detail: "Failed to deserialize terrain 't_dirt_isherwood_player_spawnpoint': invalid type: string \"DIRT\", expected a sequence" }, JsonParse { path: "terrain", detail: "Failed to deserialize terrain 't_quadruple_pane_glass_with_curtain_open': invalid type: string \"WALL\", expected a sequence" }, JsonParse { path: "terrain", detail: "Failed to deserialize terrain 't_earth_ramp_up_high': invalid type: string \"WALL\", expected a sequence" }, JsonParse { path: "terrain", detail: "Failed to deserialize terrain 't_vitrified_floor': invalid type: string \"INDOORFLOOR\", expected a sequence" }, JsonParse { path: "terrain", detail: "Failed to deserialize terrain 't_metal_grate_window_with_curtain_open_noglass': invalid type: string \"WALL\", expected a sequence" }, JsonParse { path: "terrain", detail: "Failed to deserialize terrain 't_pit_spiked_covered': invalid type: string \"PIT_DEEP\", expected a sequence" }, JsonParse { path: "terrain", detail: "Failed to deserialize terrain 't_wall_metal_shipping_container_cyan': invalid type: string \"WALL\", expected a sequence" }, JsonParse { path: "terrain", detail: "Failed to deserialize terrain 't_tree_elm': invalid type: sequence, expected a string" }, JsonParse { path: "terrain", detail: "Failed to deserialize terrain 't_door_green_o': invalid type: string \"WALL\", expected a sequence" }, JsonParse { path: "terrain", detail: "Failed to deserialize terrain 't_door_b_peep': invalid type: string \"WALL\", expected a sequence" }, JsonParse { path: "terrain", detail: "Failed to deserialize terrain 't_tree_pear_harvested': invalid type: sequence, expected a string" }, JsonParse { path: "terrain", detail: "Failed to deserialize terrain 't_reb_cage': invalid type: string \"WALL\", expected a sequence" }, JsonParse { path: "terrain", detail: "Failed to deserialize terrain 't_card_exodii_string_dimension': invalid type: string \"WALL\", expected a sequence" }, JsonParse { path: "terrain", detail: "Failed to deserialize terrain 't_column': invalid type: string \"WALL\", expected a sequence" }, JsonParse { path: "terrain", detail: "Failed to deserialize terrain 't_sidewalk_ramp_down_high': invalid type: string \"PAVEMENT\", expected a sequence" }, JsonParse { path: "terrain", detail: "Failed to deserialize terrain 't_gas_pump': invalid type: integer `1`, expected an array of length 2" }, JsonParse { path: "terrain", detail: "Failed to deserialize terrain 't_gas_pump_a': invalid type: integer `1`, expected an array of length 2" }, JsonParse { path: "terrain", detail: "Failed to deserialize terrain 't_nm_wall_teeth': invalid type: string \"WALL\", expected a sequence" }, JsonParse { path: "terrain", detail: "Failed to deserialize terrain 't_quadruple_pane_glass_open': invalid type: integer `1`, expected an array of length 2" }, JsonParse { path: "terrain", detail: "Failed to deserialize terrain 't_reinforced_double_pane_glass_taped': invalid type: string \"WALL\", expected a sequence" }, JsonParse { path: "terrain", detail: "Failed to deserialize terrain 't_wood_wall_brown': invalid type: string \"WALL\", expected a sequence" }, JsonParse { path: "terrain", detail: "Failed to deserialize terrain 't_barkfloor': invalid type: string \"INDOORFLOOR\", expected a sequence" }, JsonParse { path: "terrain", detail: "Failed to deserialize terrain 't_sconc_wall_halfway': invalid type: string \"WALL\", expected a sequence" }, JsonParse { path: "terrain", detail: "Failed to deserialize terrain 't_reinforced_single_pane_glass_open': invalid type: integer `1`, expected an array of length 2" }, JsonParse { path: "terrain", detail: "Failed to deserialize terrain 't_door_curtain_c': invalid type: integer `1`, expected an array of length 2" }, JsonParse { path: "terrain", detail: "Failed to deserialize terrain 't_nl_obelisk_2': invalid type: map, expected a string" }, JsonParse { path: "terrain", detail: "Failed to deserialize terrain 't_slope_up': invalid type: string \"WALL\", expected a sequence" }, JsonParse { path: "terrain", detail: "Failed to deserialize terrain 't_sunkenhelicopter_quarterpanel_n_left': invalid type: string \"WALL\", expected a sequence" }, JsonParse { path: "terrain", detail: "Failed to deserialize terrain 't_stone_road': invalid type: string \"ROCKFLOOR\", expected a sequence" }, JsonParse { path: "terrain", detail: "Failed to deserialize terrain 't_laminated_glass': invalid type: string \"WALL\", expected a sequence" }, JsonParse { path: "terrain", detail: "Failed to deserialize terrain 't_reinforced_glass_lab': invalid type: string \"WALL\", expected a sequence" }, JsonParse { path: "terrain", detail: "Failed to deserialize terrain 't_tree_basswood': invalid type: sequence, expected a string" }, JsonParse { path: "terrain", detail: "Failed to deserialize terrain 't_tree_basswood_harvested': invalid type: sequence, expected a string" }, JsonParse { path: "terrain", detail: "Failed to deserialize terrain 't_door_red_frame': invalid type: string \"WALL\", expected a sequence" }, JsonParse { path: "terrain", detail: "Failed to deserialize terrain 't_inner_cabins_door_o': invalid type: string \"WALL\", expected a sequence" }, JsonParse { path: "terrain", detail: "Failed to deserialize terrain 't_wood_wall_orange': invalid type: string \"WALL\", expected a sequence" }, JsonParse { path: "terrain", detail: "Failed to deserialize terrain 't_alien_meadow_tree_1': invalid type: string \"ALIENMEADOW\", expected a sequence" }, JsonParse { path: "terrain", detail: "Failed to deserialize terrain 't_door_metal_corrugated_o': invalid type: string \"WALL\", expected a sequence" }, JsonParse { path: "terrain", detail: "Failed to deserialize terrain 't_nm_floor_flesh': invalid type: string \"INDOORFLOOR\", expected a sequence" }, JsonParse { path: "terrain", detail: "Failed to deserialize terrain 't_tree_plum_harvested': invalid type: sequence, expected a string" }, JsonParse { path: "terrain", detail: "Failed to deserialize terrain 't_deck_coating_no_roof_w': invalid type: string \"METALFLOOR\", expected a sequence" }, JsonParse { path: "terrain", detail: "Failed to deserialize terrain 't_door_c': invalid type: string \"WALL\", expected a sequence" }, JsonParse { path: "terrain", detail: "Failed to deserialize terrain 't_water_sh': invalid type: string \"WATER\", expected a sequence" }, JsonParse { path: "terrain", detail: "Failed to deserialize terrain 't_slot_machine': invalid type: string \"INDOORFLOOR\", expected a sequence" }, JsonParse { path: "terrain", detail: "Failed to deserialize terrain 't_card_science_mutagen_green': invalid type: string \"WALL\", expected a sequence" }, JsonParse { path: "terrain", detail: "Failed to deserialize terrain 't_pit_covered': invalid type: string \"PIT_DEEP\", expected a sequence" }, JsonParse { path: "terrain", detail: "Failed to deserialize terrain 't_wood_wall_black': invalid type: string \"WALL\", expected a sequence" }, JsonParse { path: "terrain", detail: "Failed to deserialize terrain 't_wall_metal_shipping_container_light_cyan': invalid type: string \"WALL\", expected a sequence" }, JsonParse { path: "terrain", detail: "Failed to deserialize terrain 't_door_green_frame': invalid type: string \"WALL\", expected a sequence" }, JsonParse { path: "terrain", detail: "Failed to deserialize terrain 't_tree_willow_harvested': invalid type: sequence, expected a string" }, JsonParse { path: "terrain", detail: "Failed to deserialize terrain 't_nether_basalt': invalid type: string \"WALL\", expected a sequence" }, JsonParse { path: "terrain", detail: "Failed to deserialize terrain 't_wall_metal_shipping_container_pink': invalid type: string \"WALL\", expected a sequence" }, JsonParse { path: "terrain", detail: "Failed to deserialize terrain 't_chickenwire_gate_o': invalid type: string \"CHAINFENCE\", expected a sequence" }, JsonParse { path: "terrain", detail: "Failed to deserialize terrain 't_sconc_wall_P': invalid type: string \"WALL\", expected a sequence" }, JsonParse { path: "terrain", detail: "Failed to deserialize terrain 't_string_gates_mech_control_inert': invalid type: string \"INDOORFLOOR\", expected a sequence" }, JsonParse { path: "terrain", detail: "Failed to deserialize terrain 't_plastic_window_with_curtain_open': invalid type: integer `1`, expected an array of length 2" }, JsonParse { path: "terrain", detail: "Failed to deserialize terrain 't_concrete_wall_y': invalid type: string \"WALL\", expected a sequence" }, JsonParse { path: "terrain", detail: "Failed to deserialize terrain 't_card_science_security_magenta': invalid type: string \"WALL\", expected a sequence" }, JsonParse { path: "terrain", detail: "Failed to deserialize terrain 't_bullettrailer_nwall': invalid type: string \"WALL\", expected a sequence" }, JsonParse { path: "terrain", detail: "Failed to deserialize terrain 't_sh_bridge': invalid type: integer `2`, expected an array of length 2" }, JsonParse { path: "terrain", detail: "Failed to deserialize terrain 't_wall_warped': invalid type: string \"WALL\", expected a sequence" }, JsonParse { path: "terrain", detail: "Failed to deserialize terrain 't_retractable_gate_l': invalid type: string \"WALL\", expected a sequence" }, JsonParse { path: "terrain", detail: "Failed to deserialize terrain 't_bark_wall_broken': invalid type: string \"WALL\", expected a sequence" }, JsonParse { path: "terrain", detail: "Failed to deserialize terrain 't_vitrified_dirt': invalid type: string \"INDOORFLOOR\", expected a sequence" }, JsonParse { path: "terrain", detail: "Failed to deserialize terrain 't_pit_straw': invalid type: sequence, expected u32" }, JsonParse { path: "terrain", detail: "Failed to deserialize terrain 't_nether_glass_wall': invalid type: string \"WALL\", expected a sequence" }, JsonParse { path: "terrain", detail: "Failed to deserialize terrain 't_double_pane_glass_with_curtain_open': invalid type: string \"WALL\", expected a sequence" }, JsonParse { path: "terrain", detail: "Failed to deserialize terrain 't_gates_control_brick_lab': invalid type: string \"INDOORFLOOR\", expected a sequence" }, JsonParse { path: "terrain", detail: "Failed to deserialize terrain 't_reinforced_door_glass_o': invalid type: string \"WALL\", expected a sequence" }, JsonParse { path: "terrain", detail: "Failed to deserialize terrain 't_door_c_peep': invalid type: string \"WALL\", expected a sequence" }, JsonParse { path: "terrain", detail: "Failed to deserialize terrain 't_carpet_concrete_green_olight': invalid type: string \"INDOORFLOOR\", expected a sequence" }, JsonParse { path: "terrain", detail: "Failed to deserialize terrain 't_chainfence': invalid type: string \"CHAINFENCE\", expected a sequence" }, JsonParse { path: "terrain", detail: "Failed to deserialize terrain 't_diesel_pump': invalid type: integer `1`, expected an array of length 2" }, JsonParse { path: "terrain", detail: "Failed to deserialize terrain 't_radio_controls': invalid type: sequence, expected u32" }, JsonParse { path: "terrain", detail: "Failed to deserialize terrain 't_laminated_door_glass_o': invalid type: string \"WALL\", expected a sequence" }, JsonParse { path: "terrain", detail: "Failed to deserialize terrain 't_reinforced_triple_pane_glass_open': invalid type: integer `1`, expected an array of length 2" }, JsonParse { path: "terrain", detail: "Failed to deserialize terrain 't_floor_primitive': invalid type: string \"INDOORFLOOR\", expected a sequence" }, JsonParse { path: "terrain", detail: "Failed to deserialize terrain 't_ice_sh_thin': invalid type: string \"ICE\", expected a sequence" }, JsonParse { path: "terrain", detail: "Failed to deserialize terrain 't_pavement': invalid type: string \"PAVEMENT\", expected a sequence" }, JsonParse { path: "terrain", detail: "Failed to deserialize terrain 't_reinforced_double_pane_glass_with_curtain_open_window_closed': invalid type: string \"WALL\", expected a sequence" }, JsonParse { path: "terrain", detail: "Failed to deserialize terrain 't_card_LIXA_2': invalid type: map, expected a string" }, JsonParse { path: "terrain", detail: "Failed to deserialize terrain 't_rdoor_boarded_damaged': invalid type: integer `1`, expected an array of length 2" }, JsonParse { path: "terrain", detail: "Failed to deserialize terrain 't_tree_chestnut_harvested': invalid type: sequence, expected a string" }, JsonParse { path: "terrain", detail: "Failed to deserialize terrain 't_secretdoor_metal_o': invalid type: string \"WALL\", expected a sequence" }, JsonParse { path: "terrain", detail: "Failed to deserialize terrain 't_water_pump': invalid type: sequence, expected u32" }, JsonParse { path: "terrain", detail: "Failed to deserialize terrain 't_vitrified_tile': invalid type: string \"INDOORFLOOR\", expected a sequence" }, JsonParse { path: "terrain", detail: "Failed to deserialize terrain 't_door_metal_elocked_xedra3': invalid type: string \"WALL\", expected a sequence" }, JsonParse { path: "terrain", detail: "Failed to deserialize terrain 't_wood_stairs_up_half': invalid type: sequence, expected u32" }, JsonParse { path: "terrain", detail: "Failed to deserialize terrain 't_rock_smooth': invalid type: string \"WALL\", expected a sequence" }, JsonParse { path: "terrain", detail: "Failed to deserialize terrain 't_door_green_b': invalid type: string \"WALL\", expected a sequence" }, JsonParse { path: "terrain", detail: "Failed to deserialize terrain 't_metal_floor_submerged_hot': invalid type: string \"WATER\", expected a sequence" }, JsonParse { path: "terrain", detail: "Failed to deserialize terrain 't_conveyor': invalid type: string \"INDOORFLOOR\", expected a sequence" }, JsonParse { path: "terrain", detail: "Failed to deserialize terrain 't_palisade': invalid type: string \"WALL\", expected a sequence" }, JsonParse { path: "terrain", detail: "Failed to deserialize terrain 't_pillar': invalid type: string \"WALL\", expected a sequence" }, JsonParse { path: "terrain", detail: "Failed to deserialize terrain 't_tree_tupelo_harvested': invalid type: sequence, expected a string" }, JsonParse { path: "terrain", detail: "Failed to deserialize terrain 't_strconc_wall_r': invalid type: string \"WALL\", expected a sequence" }, JsonParse { path: "terrain", detail: "Failed to deserialize terrain 't_splitrail_fence': invalid type: string \"WOODFENCE\", expected a sequence" }, JsonParse { path: "terrain", detail: "Failed to deserialize terrain 't_wall_metal_shipping_container_light_red': invalid type: string \"WALL\", expected a sequence" }, JsonParse { path: "terrain", detail: "Failed to deserialize terrain 't_window_empty_curtains_closed': invalid type: integer `2`, expected an array of length 2" }, JsonParse { path: "terrain", detail: "Failed to deserialize terrain 't_embrasure_rock': invalid type: string \"WALL\", expected a sequence" }, JsonParse { path: "terrain", detail: "Failed to deserialize terrain 't_card_military': invalid type: string \"WALL\", expected a sequence" }, JsonParse { path: "terrain", detail: "Failed to deserialize terrain 't_wall_burnt': invalid type: string \"WALL\", expected a sequence" }, JsonParse { path: "terrain", detail: "Failed to deserialize terrain 't_elevator_control_robofac_down': invalid type: string \"INDOORFLOOR\", expected a sequence" }, JsonParse { path: "terrain", detail: "Failed to deserialize terrain 't_sand': invalid type: string \"SAND\", expected a sequence" }, JsonParse { path: "terrain", detail: "Failed to deserialize terrain 't_swater_surf': invalid type: sequence, expected a string" }, JsonParse { path: "terrain", detail: "Failed to deserialize terrain 't_single_pane_glass_taped': invalid type: string \"WALL\", expected a sequence" }, JsonParse { path: "terrain", detail: "Failed to deserialize terrain 't_support_s': invalid type: string \"WALL\", expected a sequence" }, JsonParse { path: "terrain", detail: "Failed to deserialize terrain 't_bullettrailer_swall_door': invalid type: string \"WALL\", expected a sequence" }, JsonParse { path: "terrain", detail: "Failed to deserialize terrain 't_bullettrailer_swall_door_o': invalid type: string \"WALL\", expected a sequence" }, JsonParse { path: "terrain", detail: "Failed to deserialize terrain 't_tree_peach_harvested': invalid type: sequence, expected a string" }, JsonParse { path: "terrain", detail: "Failed to deserialize terrain 't_wall_wattle': invalid type: string \"WALL\", expected a sequence" }, JsonParse { path: "terrain", detail: "Failed to deserialize terrain 't_door_bar_locked': invalid type: string \"WALL\", expected a sequence" }, JsonParse { path: "terrain", detail: "Failed to deserialize terrain 't_intercom_balthazar': invalid type: string \"WALL\", expected a sequence" }, JsonParse { path: "terrain", detail: "Failed to deserialize terrain 't_tree_tupelo': invalid type: sequence, expected a string" }, JsonParse { path: "terrain", detail: "Failed to deserialize terrain 't_buffer_stop': invalid type: integer `2`, expected an array of length 2" }, JsonParse { path: "terrain", detail: "Failed to deserialize terrain 't_wood_wall_p': invalid type: string \"WALL\", expected a sequence" }, JsonParse { path: "terrain", detail: "Failed to deserialize terrain 't_strconc_wall_b': invalid type: string \"WALL\", expected a sequence" }, JsonParse { path: "terrain", detail: "Failed to deserialize terrain 't_apiary_empty': invalid type: sequence, expected a string" }, JsonParse { path: "terrain", detail: "Failed to deserialize terrain 't_diesel_pump_smashed': invalid type: integer `1`, expected an array of length 2" }, JsonParse { path: "terrain", detail: "Failed to deserialize terrain 't_potential_trans': invalid type: string \"WALL\", expected a sequence" }, JsonParse { path: "terrain", detail: "Failed to deserialize terrain 't_railroad_track_v': invalid type: string \"RAIL\", expected a sequence" }, JsonParse { path: "furniture", detail: "Failed to deserialize furniture 'f_speaker_cabinet': invalid type: sequence, expected u32" }, JsonParse { path: "furniture", detail: "Failed to deserialize furniture 'f_air_conditioner': invalid type: sequence, expected u32" }, JsonParse { path: "furniture", detail: "Failed to deserialize furniture 'f_air_filter': invalid type: sequence, expected u32" }, JsonParse { path: "furniture", detail: "Failed to deserialize furniture 'f_bookcase': invalid type: integer `1`, expected an array of length 2" }, JsonParse { path: "furniture", detail: "Failed to deserialize furniture 'f_coffin_o': invalid type: integer `1`, expected an array of length 2" }, JsonParse { path: "furniture", detail: "Failed to deserialize furniture 'f_lane': invalid type: integer `1`, expected an array of length 2" }, JsonParse { path: "furniture", detail: "Failed to deserialize furniture 'f_ball_mach': invalid type: integer `1`, expected an array of length 2" }, JsonParse { path: "furniture", detail: "Failed to deserialize furniture 'f_canvas_wall': invalid type: string \"CANVAS_WALL\", expected a sequence" }, JsonParse { path: "furniture", detail: "Failed to deserialize furniture 'f_anvil_ingot': invalid type: integer `1`, expected an array of length 2" }, JsonParse { path: "furniture", detail: "Failed to deserialize furniture 'f_coffee_table': invalid type: integer `1`, expected an array of length 2" }, JsonParse { path: "furniture", detail: "Failed to deserialize furniture 'f_cardboard_wall': invalid type: sequence, expected u32" }, JsonParse { path: "furniture", detail: "Failed to deserialize furniture 'f_counter_gate_o': invalid type: integer `1`, expected an array of length 2" }, JsonParse { path: "furniture", detail: "Failed to deserialize furniture 'f_sample_freezer': invalid type: integer `1`, expected an array of length 2" }, JsonParse { path: "furniture", detail: "Failed to deserialize furniture 'f_scan_bed': invalid type: sequence, expected u32" }, JsonParse { path: "furniture", detail: "Failed to deserialize furniture 'f_sand_mound_short': invalid type: string \"SANDPILE\", expected a sequence" }, JsonParse { path: "furniture", detail: "Failed to deserialize furniture 'f_sandbag_half': invalid type: integer `15`, expected an array of length 2" }, JsonParse { path: "furniture", detail: "Failed to deserialize furniture 'f_kiln_metal_full': invalid type: sequence, expected u32" }, JsonParse { path: "furniture", detail: "Failed to deserialize furniture 'f_selfheal': invalid type: sequence, expected a string" }, JsonParse { path: "furniture", detail: "Failed to deserialize furniture 'f_autoclave_full': invalid type: sequence, expected u32" }, JsonParse { path: "furniture", detail: "Failed to deserialize furniture 'f_water_purifier': invalid type: map, expected a string" }, JsonParse { path: "furniture", detail: "Failed to deserialize furniture 'f_region_pseudo': missing field `id`" }, JsonParse { path: "furniture", detail: "Failed to deserialize furniture 'f_planter': invalid type: string \"PLANTER\", expected a sequence" }, JsonParse { path: "furniture", detail: "Failed to deserialize furniture 'f_traffic_light': invalid type: string \"PAVEMENT\", expected a sequence" }, JsonParse { path: "furniture", detail: "Failed to deserialize furniture 'f_balthazar_server': invalid type: sequence, expected u32" }, JsonParse { path: "furniture", detail: "Failed to deserialize furniture 'f_dialysis': invalid type: sequence, expected u32" }, JsonParse { path: "furniture", detail: "Failed to deserialize furniture 'f_hammock': invalid value: integer `-1400`, expected u32" }, JsonParse { path: "furniture", detail: "Failed to deserialize furniture 'f_groundsheet': invalid type: string \"INDOORFLOOR\", expected a sequence" }, JsonParse { path: "furniture", detail: "Failed to deserialize furniture 'f_empty_spike': invalid type: map, expected a string" }, JsonParse { path: "furniture", detail: "Failed to deserialize furniture 'f_bench_park': invalid value: integer `-1500`, expected u32" }, JsonParse { path: "furniture", detail: "Failed to deserialize furniture 'f_counter': invalid type: integer `1`, expected an array of length 2" }, JsonParse { path: "furniture", detail: "Failed to deserialize furniture 'f_exodii_signpost': invalid type: map, expected a string" }, JsonParse { path: "furniture", detail: "Failed to deserialize furniture 'f_vitrified_rack': invalid type: string \"INDOORFLOOR\", expected a sequence" }, JsonParse { path: "furniture", detail: "Failed to deserialize furniture 'f_console_broken_table': invalid type: string \"INDOORFLOOR\", expected a sequence" }, JsonParse { path: "furniture", detail: "Failed to deserialize furniture 'f_canvas_door': invalid type: string \"CANVAS_WALL\", expected a sequence" }, JsonParse { path: "furniture", detail: "Failed to deserialize furniture 'f_makeshift_bed': invalid type: sequence, expected u32" }, JsonParse { path: "furniture", detail: "Failed to deserialize furniture 'f_desk': invalid type: string \"INDOORFLOOR\", expected a sequence" }, JsonParse { path: "furniture", detail: "Failed to deserialize furniture 'f_table': invalid type: integer `1`, expected an array of length 2" }, JsonParse { path: "furniture", detail: "Failed to deserialize furniture 'f_bullettrailer_table_top': invalid type: integer `1`, expected an array of length 2" }, JsonParse { path: "furniture", detail: "Failed to deserialize furniture 'f_bullettrailer_table_middle': invalid type: integer `1`, expected an array of length 2" }, JsonParse { path: "furniture", detail: "Failed to deserialize furniture 'f_glass_cabinet': invalid type: sequence, expected u32" }, JsonParse { path: "furniture", detail: "Failed to deserialize furniture 'f_large_skin_wall': invalid type: string \"CANVAS_WALL\", expected a sequence" }, JsonParse { path: "furniture", detail: "Failed to deserialize furniture 'f_earthbag_wall': invalid type: integer `19`, expected an array of length 2" }, JsonParse { path: "furniture", detail: "Failed to deserialize furniture 'f_planter_harvest': invalid type: string \"PLANTER\", expected a sequence" }, JsonParse { path: "furniture", detail: "Failed to deserialize furniture 'f_shaker': invalid type: sequence, expected u32" }, JsonParse { path: "furniture", detail: "Failed to deserialize furniture 'f_dancing_pole': invalid type: sequence, expected u32" }, JsonParse { path: "furniture", detail: "Failed to deserialize furniture 'f_fireweed': invalid type: sequence, expected a string" }, JsonParse { path: "furniture", detail: "Failed to deserialize furniture 'f_air_compressor': invalid type: map, expected a string" }, JsonParse { path: "furniture", detail: "Failed to deserialize furniture 'f_metal_trashcan': invalid type: sequence, expected u32" }, JsonParse { path: "furniture", detail: "Failed to deserialize furniture 'f_alien_weed_2': invalid type: sequence, expected a string" }, JsonParse { path: "furniture", detail: "Failed to deserialize furniture 'f_alien_weed_1': invalid type: sequence, expected a string" }, JsonParse { path: "furniture", detail: "Failed to deserialize furniture 'f_dental_xray': invalid type: sequence, expected u32" }, JsonParse { path: "furniture", detail: "Failed to deserialize furniture 'f_anvil_scavenged': invalid type: integer `1`, expected an array of length 2" }, JsonParse { path: "furniture", detail: "Failed to deserialize furniture 'f_large_groundsheet': invalid type: string \"INDOORFLOOR\", expected a sequence" }, JsonParse { path: "furniture", detail: "Failed to deserialize furniture 'f_satellite': invalid type: sequence, expected u32" }, JsonParse { path: "furniture", detail: "Failed to deserialize furniture 'f_arcfurnace_full': invalid type: sequence, expected u32" }, JsonParse { path: "furniture", detail: "Failed to deserialize furniture 'f_roulette_table': invalid type: integer `1`, expected an array of length 2" }, JsonParse { path: "furniture", detail: "Failed to deserialize furniture 'f_utility_shelf_string_warped': invalid type: integer `1`, expected an array of length 2" }, JsonParse { path: "furniture", detail: "Failed to deserialize furniture 'f_robotic_arm': invalid type: sequence, expected u32" }, JsonParse { path: "furniture", detail: "Failed to deserialize furniture 'f_center_groundsheet': invalid type: string \"INDOORFLOOR\", expected a sequence" }, JsonParse { path: "furniture", detail: "Failed to deserialize furniture 'f_kiln_metal_empty': invalid type: sequence, expected u32" }, JsonParse { path: "furniture", detail: "Failed to deserialize furniture 'f_cupboard': invalid type: integer `1`, expected an array of length 2" }, JsonParse { path: "furniture", detail: "Failed to deserialize furniture 'f_bullettrailer_cabinet': invalid type: integer `1`, expected an array of length 2" }, JsonParse { path: "furniture", detail: "Failed to deserialize furniture 'f_sign': invalid type: integer `2`, expected an array of length 2" }, JsonParse { path: "furniture", detail: "Failed to deserialize furniture 'f_sofa': invalid type: sequence, expected u32" }, JsonParse { path: "furniture", detail: "Failed to deserialize furniture 'f_bullettrailer_minisofa': invalid type: sequence, expected u32" }, JsonParse { path: "furniture", detail: "Failed to deserialize furniture 'f_smoking_rack': invalid type: integer `8`, expected an array of length 2" }, JsonParse { path: "furniture", detail: "Failed to deserialize furniture 'f_bike_rack': invalid type: sequence, expected u32" }, JsonParse { path: "furniture", detail: "Failed to deserialize furniture 'f_large_skin_door': invalid type: string \"CANVAS_WALL\", expected a sequence" }, JsonParse { path: "furniture", detail: "Failed to deserialize furniture 'f_glass_freezer': invalid type: map, expected a string" }, JsonParse { path: "furniture", detail: "Failed to deserialize furniture 'f_vitrified_oven': invalid type: sequence, expected u32" }, JsonParse { path: "furniture", detail: "Failed to deserialize furniture 'f_gravel_mound_short': invalid type: string \"GRAVELPILE\", expected a sequence" }, JsonParse { path: "furniture", detail: "Failed to deserialize furniture 'f_gravelbag_half': invalid type: integer `15`, expected an array of length 2" }, JsonParse { path: "furniture", detail: "Failed to deserialize furniture 'f_hedge_short': invalid type: string \"WOODFENCE\", expected a sequence" }, JsonParse { path: "furniture", detail: "Failed to deserialize furniture 'f_rack_primitive': invalid type: integer `12`, expected an array of length 2" }, JsonParse { path: "furniture", detail: "Failed to deserialize furniture 'f_vitrified_bookcase_talker': invalid type: map, expected a string" }, JsonParse { path: "furniture", detail: "Failed to deserialize furniture 'f_rotary_clothesline': invalid type: sequence, expected u32" }, JsonParse { path: "furniture", detail: "Failed to deserialize furniture 'f_sign_stop': invalid type: string \"PAVEMENT\", expected a sequence" }, JsonParse { path: "furniture", detail: "Failed to deserialize furniture 'f_sink': missing field `item`" }, JsonParse { path: "furniture", detail: "Failed to deserialize furniture 'f_gas_oven': invalid type: integer `1`, expected an array of length 2" }, JsonParse { path: "furniture", detail: "Failed to deserialize furniture 'f_gas_oven_microwave_combo': invalid type: integer `1`, expected an array of length 2" }, JsonParse { path: "furniture", detail: "Failed to deserialize furniture 'f_fvat_full': invalid type: integer `1`, expected an array of length 2" }, JsonParse { path: "furniture", detail: "Failed to deserialize furniture 'f_mitresaw': invalid type: map, expected a string" }, JsonParse { path: "furniture", detail: "Failed to deserialize furniture 'f_aut_gas_console_o': invalid type: integer `1`, expected an array of length 2" }, JsonParse { path: "furniture", detail: "Failed to deserialize furniture 'f_fvat_wood_full': invalid type: integer `2`, expected an array of length 2" }, JsonParse { path: "furniture", detail: "Failed to deserialize furniture 'f_deckchair': invalid value: integer `-1000`, expected u32" }, JsonParse { path: "furniture", detail: "Failed to deserialize furniture 'f_cellphone_booster': invalid type: sequence, expected u32" }, JsonParse { path: "furniture", detail: "Failed to deserialize furniture 'f_solar_unit': invalid type: map, expected a string" }, JsonParse { path: "furniture", detail: "Failed to deserialize furniture 'f_rack_wood': invalid type: integer `12`, expected an array of length 2" }, JsonParse { path: "furniture", detail: "Failed to deserialize furniture 'f_exam_chair': invalid type: integer `1`, expected an array of length 2" }, JsonParse { path: "furniture", detail: "Failed to deserialize furniture 'f_displaycase': invalid type: string \"INDOORFLOOR\", expected a sequence" }, JsonParse { path: "furniture", detail: "Failed to deserialize furniture 'f_dogbane': invalid type: sequence, expected a string" }, JsonParse { path: "furniture", detail: "Failed to deserialize furniture 'f_wild_rice': invalid type: sequence, expected a string" }, JsonParse { path: "furniture", detail: "Failed to deserialize furniture 'f_washer': invalid type: map, expected a string" }, JsonParse { path: "furniture", detail: "Failed to deserialize furniture 'f_hedge_tall': invalid type: string \"WOODFENCE\", expected a sequence" }, JsonParse { path: "furniture", detail: "Failed to deserialize furniture 'f_minifreezer': invalid type: map, expected a string" }, JsonParse { path: "furniture", detail: "Failed to deserialize furniture 'f_large_canvas_wall': invalid type: string \"CANVAS_WALL\", expected a sequence" }, JsonParse { path: "furniture", detail: "Failed to deserialize furniture 'f_sand_mound_tall': invalid type: string \"SANDPILE\", expected a sequence" }, JsonParse { path: "furniture", detail: "Failed to deserialize furniture 'f_vitrified_dresser': invalid type: sequence, expected u32" }, JsonParse { path: "furniture", detail: "Failed to deserialize furniture 'f_string_dimension_housing': invalid type: map, expected a string" }, JsonParse { path: "furniture", detail: "Failed to deserialize furniture 'f_displaycase_b': invalid type: string \"INDOORFLOOR\", expected a sequence" }, JsonParse { path: "furniture", detail: "Failed to deserialize furniture 'f_chest': invalid type: integer `2`, expected an array of length 2" }, JsonParse { path: "furniture", detail: "Failed to deserialize furniture 'f_highlands_holy_statue': invalid type: integer `1`, expected an array of length 2" }, JsonParse { path: "furniture", detail: "Failed to deserialize furniture 'f_nl_water_cooler': invalid type: map, expected a string" }, JsonParse { path: "furniture", detail: "Failed to deserialize furniture 'f_impaled_officer': invalid type: map, expected a string" }, JsonParse { path: "furniture", detail: "Failed to deserialize furniture 'f_autodoc': invalid type: sequence, expected u32" }, JsonParse { path: "furniture", detail: "Failed to deserialize furniture 'f_bench': invalid value: integer `-1500`, expected u32" }, JsonParse { path: "furniture", detail: "Failed to deserialize furniture 'f_alien_pod_resin': invalid type: sequence, expected u32" }, JsonParse { path: "furniture", detail: "Failed to deserialize furniture 'f_m224_mortar': invalid type: map, expected a string" }, JsonParse { path: "furniture", detail: "Failed to deserialize furniture 'f_large_skin_door_o': invalid type: string \"CANVAS_WALL\", expected a sequence" }, JsonParse { path: "furniture", detail: "Failed to deserialize furniture 'f_nm_nether_lily': invalid type: map, expected a string" }, JsonParse { path: "furniture", detail: "Failed to deserialize furniture 'f_ventilator': invalid type: sequence, expected u32" }, JsonParse { path: "furniture", detail: "Failed to deserialize furniture 'f_vitrified_firering': invalid type: sequence, expected a string" }, JsonParse { path: "furniture", detail: "Failed to deserialize furniture 'f_bullettrailer_sign_danabakery': invalid type: integer `2`, expected an array of length 2" }, JsonParse { path: "furniture", detail: "Failed to deserialize furniture 'f_organ': invalid type: sequence, expected u32" }, JsonParse { path: "furniture", detail: "Failed to deserialize furniture 'f_vending_o': invalid type: integer `1`, expected an array of length 2" }, JsonParse { path: "furniture", detail: "Failed to deserialize furniture 'f_drill_press': invalid type: map, expected a string" }, JsonParse { path: "furniture", detail: "Failed to deserialize furniture 'f_cardboard_door_o': invalid type: sequence, expected u32" }, JsonParse { path: "furniture", detail: "Failed to deserialize furniture 'f_utility_shelf': invalid type: integer `1`, expected an array of length 2" }, JsonParse { path: "furniture", detail: "Failed to deserialize furniture 'f_mill_vertical': invalid type: map, expected a string" }, JsonParse { path: "furniture", detail: "Failed to deserialize furniture 'f_chair': invalid value: integer `-1500`, expected u32" }, JsonParse { path: "furniture", detail: "Failed to deserialize furniture 'f_MRI': invalid type: sequence, expected u32" }, JsonParse { path: "furniture", detail: "Failed to deserialize furniture 'f_vitrified_desk': invalid type: sequence, expected u32" }, JsonParse { path: "furniture", detail: "Failed to deserialize furniture 'f_stack_plank': invalid type: integer `1`, expected an array of length 2" }, JsonParse { path: "furniture", detail: "Failed to deserialize furniture 'f_entertainment_center': invalid type: string \"INDOORFLOOR\", expected a sequence" }, JsonParse { path: "furniture", detail: "Failed to deserialize furniture 'f_indoor_plant_y': missing field `item`" }, JsonParse { path: "furniture", detail: "Failed to deserialize furniture 'f_hammock_net': invalid value: integer `-1500`, expected u32" }, JsonParse { path: "furniture", detail: "Failed to deserialize furniture 'f_sunkenhelicopter_seat_rotating': invalid type: string \"MULCHFLOOR\", expected a sequence" }, JsonParse { path: "furniture", detail: "Failed to deserialize furniture 'f_wood_keg': invalid type: integer `1`, expected an array of length 2" }, JsonParse { path: "furniture", detail: "Failed to deserialize furniture 'f_vitrified_bench': invalid type: sequence, expected u32" }, JsonParse { path: "furniture", detail: "Failed to deserialize furniture 'f_compost_empty': invalid type: sequence, expected u32" }, JsonParse { path: "furniture", detail: "Failed to deserialize furniture 'f_gravel_mound_mid': invalid type: string \"GRAVELPILE\", expected a sequence" }, JsonParse { path: "furniture", detail: "Failed to deserialize furniture 'f_vitrified_dryer': invalid type: sequence, expected u32" }, JsonParse { path: "furniture", detail: "Failed to deserialize furniture 'f_firering': invalid type: sequence, expected a string" }, JsonParse { path: "furniture", detail: "Failed to deserialize furniture 'f_barstool': invalid value: integer `-1000`, expected u32" }, JsonParse { path: "furniture", detail: "Failed to deserialize furniture 'f_beaded_door': invalid type: integer `1`, expected an array of length 2" }, JsonParse { path: "furniture", detail: "Failed to deserialize furniture 'f_cardboard_door': invalid type: sequence, expected u32" }, JsonParse { path: "furniture", detail: "Failed to deserialize furniture 'f_thistle': invalid type: sequence, expected a string" }, JsonParse { path: "furniture", detail: "Failed to deserialize furniture 'f_heavy_duty_freezer': invalid type: map, expected a string" }, JsonParse { path: "furniture", detail: "Failed to deserialize furniture 'f_deep_fryer': invalid type: map, expected a string" }, JsonParse { path: "furniture", detail: "Failed to deserialize furniture 'f_active_backup_generator': invalid type: map, expected a string" }, JsonParse { path: "furniture", detail: "Failed to deserialize furniture 'f_military_generator': invalid type: map, expected a string" }, JsonParse { path: "furniture", detail: "Failed to deserialize furniture 'f_skin_door': invalid type: string \"CANVAS_WALL\", expected a sequence" }, JsonParse { path: "furniture", detail: "Failed to deserialize furniture 'f_catalytic_cracking_reactor': invalid type: map, expected a string" }, JsonParse { path: "furniture", detail: "Failed to deserialize furniture 'f_router': invalid type: map, expected a string" }, JsonParse { path: "furniture", detail: "Failed to deserialize furniture 'f_locker': invalid type: sequence, expected u32" }, JsonParse { path: "furniture", detail: "Failed to deserialize furniture 'f_curtain': invalid type: sequence, expected u32" }, JsonParse { path: "furniture", detail: "Failed to deserialize furniture 'f_freezer': invalid type: map, expected a string" }, JsonParse { path: "furniture", detail: "Failed to deserialize furniture 'f_battlefield_cross': invalid type: integer `1`, expected an array of length 2" }, JsonParse { path: "furniture", detail: "Failed to deserialize furniture 'f_machinery_electronic': invalid type: sequence, expected u32" }, JsonParse { path: "furniture", detail: "Failed to deserialize furniture 'f_crate_o': invalid type: sequence, expected u32" }, JsonParse { path: "furniture", detail: "Failed to deserialize furniture 'f_ladder': invalid type: string \"WALL\", expected a sequence" }, JsonParse { path: "furniture", detail: "Failed to deserialize furniture 'f_skin_center_groundsheet': invalid type: string \"INDOORFLOOR\", expected a sequence" }, JsonParse { path: "furniture", detail: "Failed to deserialize furniture 'f_street_light': invalid type: string \"PAVEMENT\", expected a sequence" }, JsonParse { path: "furniture", detail: "Failed to deserialize furniture 'f_home_furnace': invalid type: sequence, expected u32" }, JsonParse { path: "furniture", detail: "Failed to deserialize furniture 'f_portable_generator': invalid type: map, expected a string" }, JsonParse { path: "furniture", detail: "Failed to deserialize furniture 'f_shredder': invalid type: sequence, expected u32" }, JsonParse { path: "furniture", detail: "Failed to deserialize furniture 'f_exercise': invalid type: integer `1`, expected an array of length 2" }, JsonParse { path: "furniture", detail: "Failed to deserialize furniture 'f_power_hammer': invalid type: map, expected a string" }, JsonParse { path: "furniture", detail: "Failed to deserialize furniture 'f_beaded_door_o': invalid type: integer `1`, expected an array of length 2" }, JsonParse { path: "furniture", detail: "Failed to deserialize furniture 'f_hd_compressor_unit': invalid type: map, expected a string" }, JsonParse { path: "furniture", detail: "Failed to deserialize furniture 'f_xray': invalid type: sequence, expected u32" }, JsonParse { path: "furniture", detail: "Failed to deserialize furniture 'f_gravel_mound_tall': invalid type: string \"GRAVELPILE\", expected a sequence" }, JsonParse { path: "furniture", detail: "Failed to deserialize furniture 'f_server': invalid type: integer `1`, expected an array of length 2" }, JsonParse { path: "furniture", detail: "Failed to deserialize furniture 'f_pallet_belted_open': invalid type: integer `1`, expected an array of length 2" }, JsonParse { path: "furniture", detail: "Failed to deserialize furniture 'f_bullettrailer_desk': invalid type: string \"INDOORFLOOR\", expected a sequence" }, JsonParse { path: "furniture", detail: "Failed to deserialize furniture 'f_bullettrailer_sink': missing field `item`" }, JsonParse { path: "furniture", detail: "Failed to deserialize furniture 'f_heavy_duty_fridge': invalid type: map, expected a string" }, JsonParse { path: "furniture", detail: "Failed to deserialize furniture 'f_console_broken': invalid type: sequence, expected u32" }, JsonParse { path: "furniture", detail: "Failed to deserialize furniture 'f_string_dimension_distress_beacon_2': invalid type: sequence, expected u32" }, JsonParse { path: "furniture", detail: "Failed to deserialize furniture 'f_pool_table': invalid type: integer `1`, expected an array of length 2" }, JsonParse { path: "furniture", detail: "Failed to deserialize furniture 'f_electron_microscope': invalid type: sequence, expected u32" }, JsonParse { path: "furniture", detail: "Failed to deserialize furniture 'f_fema_groundsheet': invalid type: string \"INDOORFLOOR\", expected a sequence" }, JsonParse { path: "furniture", detail: "Failed to deserialize furniture 'f_barber_chair': invalid type: integer `1`, expected an array of length 2" }, JsonParse { path: "furniture", detail: "Failed to deserialize furniture 'f_board_map': invalid type: map, expected a string" }, JsonParse { path: "furniture", detail: "Failed to deserialize furniture 'f_vitrified_counter': invalid type: string \"COUNTER\", expected a sequence" }, JsonParse { path: "furniture", detail: "Failed to deserialize furniture 'f_control_station': invalid type: sequence, expected u32" }, JsonParse { path: "furniture", detail: "Failed to deserialize furniture 'f_fvat_empty': invalid type: integer `1`, expected an array of length 2" }, JsonParse { path: "furniture", detail: "Failed to deserialize furniture 'f_arcade_machine': invalid type: map, expected a string" }, JsonParse { path: "furniture", detail: "Failed to deserialize furniture 'f_electrical_conduit': invalid type: sequence, expected u32" }, JsonParse { path: "furniture", detail: "Failed to deserialize furniture 'f_dresser': invalid type: integer `1`, expected an array of length 2" }, JsonParse { path: "furniture", detail: "Failed to deserialize furniture 'f_gravelbag_wall': invalid type: integer `19`, expected an array of length 2" }, JsonParse { path: "furniture", detail: "Failed to deserialize furniture 'f_pallet_cement': invalid type: integer `1`, expected an array of length 2" }, JsonParse { path: "furniture", detail: "Failed to deserialize furniture 'f_dumpster': invalid type: sequence, expected u32" }, JsonParse { path: "furniture", detail: "Failed to deserialize furniture 'f_string_dimension_distress_beacon_1': invalid type: sequence, expected u32" }, JsonParse { path: "furniture", detail: "Failed to deserialize furniture 'f_arcfurnace_empty': invalid type: map, expected a string" }, JsonParse { path: "furniture", detail: "Failed to deserialize furniture 'f_oil_press_industrial': invalid type: map, expected a string" }, JsonParse { path: "furniture", detail: "Failed to deserialize furniture 'f_vitrified_mailbox': invalid type: sequence, expected u32" }, JsonParse { path: "furniture", detail: "Failed to deserialize furniture 'f_planter_seedling': invalid type: string \"PLANTER\", expected a sequence" }, JsonParse { path: "furniture", detail: "Failed to deserialize furniture 'f_vitrified_locker': invalid type: sequence, expected u32" }, JsonParse { path: "furniture", detail: "Failed to deserialize furniture 'f_vitrified_bookcase': invalid type: string \"INDOORFLOOR\", expected a sequence" }, JsonParse { path: "furniture", detail: "Failed to deserialize furniture 'f_jointer': invalid type: map, expected a string" }, JsonParse { path: "furniture", detail: "Failed to deserialize furniture 'f_sand_castle': invalid type: integer `8`, expected an array of length 2" }, JsonParse { path: "furniture", detail: "Failed to deserialize furniture 'f_machinery_old': invalid type: integer `2`, expected an array of length 2" }, JsonParse { path: "furniture", detail: "Failed to deserialize furniture 'f_CTscan': invalid type: sequence, expected u32" }, JsonParse { path: "furniture", detail: "Failed to deserialize furniture 'f_large_skin_groundsheet': invalid type: string \"INDOORFLOOR\", expected a sequence" }, JsonParse { path: "furniture", detail: "Failed to deserialize furniture 'f_display_fridge': invalid type: map, expected a string" }, JsonParse { path: "furniture", detail: "Failed to deserialize furniture 'f_piano': invalid type: map, expected a string" }, JsonParse { path: "furniture", detail: "Failed to deserialize furniture 'f_minifridge': invalid type: map, expected a string" }, JsonParse { path: "furniture", detail: "Failed to deserialize furniture 'f_display_freezer': invalid type: map, expected a string" }, JsonParse { path: "furniture", detail: "Failed to deserialize furniture 'f_oven': invalid type: map, expected a string" }, JsonParse { path: "furniture", detail: "Failed to deserialize furniture 'f_large_canvas_door_o': invalid type: string \"CANVAS_WALL\", expected a sequence" }, JsonParse { path: "furniture", detail: "Failed to deserialize furniture 'f_chair_black': invalid value: integer `-1500`, expected u32" }, JsonParse { path: "furniture", detail: "Failed to deserialize furniture 'f_GC': invalid type: sequence, expected u32" }, JsonParse { path: "furniture", detail: "Failed to deserialize furniture 'f_floor_lamp': invalid type: map, expected a string" }, JsonParse { path: "furniture", detail: "Failed to deserialize furniture 'f_planter_mature': invalid type: string \"PLANTER\", expected a sequence" }, JsonParse { path: "furniture", detail: "Failed to deserialize furniture 'f_string_dimension_distress_beacon_3': invalid type: sequence, expected u32" }, JsonParse { path: "furniture", detail: "Failed to deserialize furniture 'f_camp_chair': invalid value: integer `-1000`, expected u32" }, JsonParse { path: "furniture", detail: "Failed to deserialize furniture 'f_fvat_wood_empty': invalid type: integer `2`, expected an array of length 2" }, JsonParse { path: "furniture", detail: "Failed to deserialize furniture 'f_purple_loosestrife': invalid type: sequence, expected a string" }, JsonParse { path: "furniture", detail: "Failed to deserialize furniture 'f_treadmill': invalid type: sequence, expected u32" }, JsonParse { path: "furniture", detail: "Failed to deserialize furniture 'f_melchior_unit': invalid type: string \"INDOORFLOOR\", expected a sequence" }, JsonParse { path: "furniture", detail: "Failed to deserialize furniture 'f_earthbag_half': invalid type: integer `15`, expected an array of length 2" }, JsonParse { path: "furniture", detail: "Failed to deserialize furniture 'f_heavy_lathe': invalid type: sequence, expected u32" }, JsonParse { path: "furniture", detail: "Failed to deserialize furniture 'f_pinball_machine': invalid type: sequence, expected u32" }, JsonParse { path: "furniture", detail: "Failed to deserialize furniture 'f_bench_wooden': invalid value: integer `-1500`, expected u32" }, JsonParse { path: "furniture", detail: "Failed to deserialize furniture 'f_chair_white': invalid value: integer `-1500`, expected u32" }, JsonParse { path: "furniture", detail: "Failed to deserialize furniture 'f_tablesaw': invalid type: map, expected a string" }, JsonParse { path: "furniture", detail: "Failed to deserialize furniture 'f_atm_off': invalid type: integer `1`, expected an array of length 2" }, JsonParse { path: "furniture", detail: "Failed to deserialize furniture 'f_wild_sarsaparilla': invalid type: sequence, expected a string" }, JsonParse { path: "furniture", detail: "Failed to deserialize furniture 'f_logstool': invalid value: integer `-1000`, expected u32" }, JsonParse { path: "furniture", detail: "Failed to deserialize furniture 'f_compost_full': invalid type: sequence, expected u32" }, JsonParse { path: "furniture", detail: "Failed to deserialize furniture 'f_diesel_generator': invalid type: map, expected a string" }, JsonParse { path: "furniture", detail: "Failed to deserialize furniture 'f_solar_unit_v2': invalid type: map, expected a string" }, JsonParse { path: "furniture", detail: "Failed to deserialize furniture 'f_drophammer': invalid type: integer `1`, expected an array of length 2" }, JsonParse { path: "furniture", detail: "Failed to deserialize furniture 'f_boulder_small_volc': invalid value: integer `-1`, expected u32" }, JsonParse { path: "furniture", detail: "Failed to deserialize furniture 'f_oxygen_concentrator': invalid type: map, expected a string" }, JsonParse { path: "furniture", detail: "Failed to deserialize furniture 'f_clothing_rail': invalid type: integer `1`, expected an array of length 2" }, JsonParse { path: "furniture", detail: "Failed to deserialize furniture 'f_planer': invalid type: map, expected a string" }, JsonParse { path: "furniture", detail: "Failed to deserialize furniture 'f_bulletin_evac': invalid type: map, expected a string" }, JsonParse { path: "furniture", detail: "Failed to deserialize furniture 'f_glass_fridge': invalid type: map, expected a string" }, JsonParse { path: "furniture", detail: "Failed to deserialize furniture 'f_vitrified_chair': invalid value: integer `-1500`, expected u32" }, JsonParse { path: "furniture", detail: "Failed to deserialize furniture 'f_vitrified_doll': invalid type: map, expected a string" }, JsonParse { path: "furniture", detail: "Failed to deserialize furniture 'f_sandbag_wall': invalid type: integer `19`, expected an array of length 2" }, JsonParse { path: "furniture", detail: "Failed to deserialize furniture 'f_ergometer': invalid type: sequence, expected u32" }, JsonParse { path: "furniture", detail: "Failed to deserialize furniture 'f_japanese_knotweed': invalid type: sequence, expected a string" }, JsonParse { path: "furniture", detail: "Failed to deserialize furniture 'f_coffin_c': invalid type: integer `1`, expected an array of length 2" }, JsonParse { path: "furniture", detail: "Failed to deserialize furniture 'f_skin_door_o': invalid type: string \"CANVAS_WALL\", expected a sequence" }, JsonParse { path: "furniture", detail: "Failed to deserialize furniture 'f_planter_seed': invalid type: string \"PLANTER\", expected a sequence" }, JsonParse { path: "furniture", detail: "Failed to deserialize furniture 'f_barricade_road': invalid type: integer `1`, expected an array of length 2" }, JsonParse { path: "furniture", detail: "Failed to deserialize furniture 'f_sand_mound_mid': invalid type: string \"SANDPILE\", expected a sequence" }, JsonParse { path: "furniture", detail: "Failed to deserialize furniture 'f_pallet_brick_adobe': invalid type: integer `1`, expected an array of length 2" }, JsonParse { path: "furniture", detail: "Failed to deserialize furniture 'f_rack_l': invalid type: integer `1`, expected an array of length 2" }, JsonParse { path: "furniture", detail: "Failed to deserialize furniture 'f_rack_coat': invalid type: integer `1`, expected an array of length 2" }, JsonParse { path: "furniture", detail: "Failed to deserialize furniture 'f_fridge': missing field `item`" }, JsonParse { path: "furniture", detail: "Failed to deserialize furniture 'f_generator_broken': invalid type: sequence, expected u32" }, JsonParse { path: "furniture", detail: "Failed to deserialize furniture 'f_bellows': invalid type: sequence, expected u32" }, JsonParse { path: "furniture", detail: "Failed to deserialize furniture 'f_smoking_rack_active': invalid type: integer `8`, expected an array of length 2" }, JsonParse { path: "furniture", detail: "Failed to deserialize furniture 'f_machinery_light': invalid type: integer `2`, expected an array of length 2" }, JsonParse { path: "furniture", detail: "Failed to deserialize furniture 'f_bullettrailer_table_bottom': invalid type: integer `1`, expected an array of length 2" }, JsonParse { path: "furniture", detail: "Failed to deserialize furniture 'f_skin_wall': invalid type: string \"CANVAS_WALL\", expected a sequence" }, JsonParse { path: "furniture", detail: "Failed to deserialize furniture 'f_pallet_brick': invalid type: integer `1`, expected an array of length 2" }, JsonParse { path: "furniture", detail: "Failed to deserialize furniture 'f_vitrified_bed': invalid type: sequence, expected u32" }, JsonParse { path: "furniture", detail: "Failed to deserialize furniture 'f_rack': invalid type: integer `1`, expected an array of length 2" }, JsonParse { path: "furniture", detail: "Failed to deserialize furniture 'f_bandsaw': invalid type: map, expected a string" }, JsonParse { path: "furniture", detail: "Failed to deserialize furniture 'f_counter_gate_c': invalid type: integer `1`, expected an array of length 2" }, JsonParse { path: "furniture", detail: "Failed to deserialize furniture 'f_lab_bench': invalid type: integer `1`, expected an array of length 2" }, JsonParse { path: "furniture", detail: "Failed to deserialize furniture 'f_dryer': invalid type: sequence, expected u32" }, JsonParse { path: "furniture", detail: "Failed to deserialize furniture 'f_canvas_door_o': invalid type: string \"CANVAS_WALL\", expected a sequence" }, JsonParse { path: "furniture", detail: "Failed to deserialize furniture 'f_HPLC': invalid type: sequence, expected u32" }, JsonParse { path: "furniture", detail: "Failed to deserialize furniture 'f_dishwasher': invalid type: map, expected a string" }, JsonParse { path: "furniture", detail: "Failed to deserialize furniture 'f_indoor_plant': missing field `item`" }, JsonParse { path: "furniture", detail: "Failed to deserialize furniture 'f_pillow_fort': invalid type: integer `19`, expected an array of length 2" }, JsonParse { path: "furniture", detail: "Failed to deserialize furniture 'f_NMR': invalid type: sequence, expected u32" }, JsonParse { path: "furniture", detail: "Failed to deserialize furniture 'f_chemical_mixer': invalid type: sequence, expected u32" }, JsonParse { path: "furniture", detail: "Failed to deserialize furniture 'f_straw_bed': invalid type: sequence, expected u32" }, JsonParse { path: "furniture", detail: "Failed to deserialize furniture 'f_large_canvas_door': invalid type: string \"CANVAS_WALL\", expected a sequence" }, JsonParse { path: "furniture", detail: "Failed to deserialize furniture 'f_MS': invalid type: sequence, expected u32" }, JsonParse { path: "furniture", detail: "Failed to deserialize furniture 'f_glass_fridge_double': invalid type: map, expected a string" }, JsonParse { path: "furniture", detail: "Failed to deserialize furniture 'f_displaycase_o': invalid type: string \"INDOORFLOOR\", expected a sequence" }, JsonParse { path: "furniture", detail: "Failed to deserialize furniture 'f_vitrified_fridge': invalid type: sequence, expected u32" }, JsonParse { path: "furniture", detail: "Failed to deserialize furniture 'f_exodii_locator_antenna': invalid type: map, expected a string" }, JsonParse { path: "furniture", detail: "Failed to deserialize furniture 'f_treadmill_mechanical': invalid type: sequence, expected u32" }, JsonParse { path: "furniture", detail: "Failed to deserialize furniture 'f_compact_ASRG_containment': invalid type: map, expected a string" }, JsonParse { path: "furniture", detail: "Failed to deserialize furniture 'f_vitrified_cupboard': invalid type: string \"COUNTER\", expected a sequence" }, JsonParse { path: "furniture", detail: "Failed to deserialize furniture 'f_kiln_empty': invalid type: sequence, expected u32" }, JsonParse { path: "furniture", detail: "Failed to deserialize furniture 'f_filing_cabinet': invalid type: sequence, expected u32" }, JsonParse { path: "furniture", detail: "Failed to deserialize furniture 'f_ergometer_mechanical': invalid type: sequence, expected u32" }, JsonParse { path: "furniture", detail: "Failed to deserialize furniture 'f_kiln_full': invalid type: sequence, expected u32" }, JsonParse { path: "furniture", detail: "Failed to deserialize furniture 'f_warehouse_shelf': invalid type: integer `4`, expected an array of length 2" }, JsonParse { path: "furniture", detail: "Failed to deserialize furniture 'f_vitrified_table': invalid type: sequence, expected u32" }, JsonParse { path: "furniture", detail: "Failed to deserialize furniture 'f_metal_bench': invalid value: integer `-2000`, expected u32" }, JsonParse { path: "furniture", detail: "Failed to deserialize furniture 'f_curtain_open': invalid type: sequence, expected u32" }, JsonParse { path: "furniture", detail: "Failed to deserialize furniture 'f_atm': invalid type: integer `1`, expected an array of length 2" }, JsonParse { path: "furniture", detail: "Failed to deserialize furniture 'f_toilet': invalid type: integer `1`, expected an array of length 2" }, JsonParse { path: "furniture", detail: "Failed to deserialize furniture 'f_planter_unharvested_overgrown': invalid type: string \"PLANTER\", expected a sequence" }, JsonParse { path: "furniture", detail: "Failed to deserialize furniture 'f_anesthetic': invalid type: sequence, expected u32" }, JsonParse { path: "furniture", detail: "Failed to deserialize furniture 'f_chair_folding': invalid value: integer `-1500`, expected u32" }, JsonParse { path: "furniture", detail: "Failed to deserialize furniture 'f_chair_plywood': invalid value: integer `-1000`, expected u32" }, JsonParse { path: "furniture", detail: "Failed to deserialize furniture 'f_crate_c': invalid type: sequence, expected u32" }, JsonParse { path: "furniture", detail: "Failed to deserialize furniture 'f_hydraulic_press': invalid type: map, expected a string" }, JsonParse { path: "furniture", detail: "Failed to deserialize furniture 'f_12000_gasoline_generator': invalid type: map, expected a string" }, JsonParse { path: "furniture", detail: "Failed to deserialize furniture 'f_skin_groundsheet': invalid type: string \"INDOORFLOOR\", expected a sequence" }, JsonParse { path: "furniture", detail: "Failed to deserialize furniture 'f_board_map_b': invalid type: sequence, expected u32" }, JsonParse { path: "furniture", detail: "Failed to deserialize furniture 'f_console': invalid type: sequence, expected u32" }, JsonParse { path: "furniture", detail: "Failed to deserialize furniture 'f_alien_weed_3': invalid type: sequence, expected a string" }, JsonParse { path: "furniture", detail: "Failed to deserialize furniture 'f_chest_minifreezer': invalid type: map, expected a string" }, JsonParse { path: "furniture", detail: "Failed to deserialize furniture 'f_sink_gravity': invalid type: string \"COUNTER\", expected a sequence" }, JsonParse { path: "furniture", detail: "Failed to deserialize furniture 'f_vitrified_sink': invalid type: string \"COUNTER\", expected a sequence" }, JsonParse { path: "furniture", detail: "Failed to deserialize furniture 'f_tatami': invalid value: integer `-1500`, expected u32" }, JsonParse { path: "furniture", detail: "Failed to deserialize furniture 'f_machinery_heavy': invalid type: integer `1`, expected an array of length 2" }, JsonParse { path: "furniture", detail: "Failed to deserialize furniture 'f_fume_hood': invalid type: integer `1`, expected an array of length 2" }, JsonParse { path: "furniture", detail: "Failed to deserialize furniture 'f_sign_warning': invalid type: integer `2`, expected an array of length 2" }, JsonParse { path: "furniture", detail: "Failed to deserialize furniture 'f_eyewash': invalid type: integer `1`, expected an array of length 2" }, CircularCopyFrom { chain: ["bp_410shot_slug", "bp_410shot_slug"] }, CircularCopyFrom { chain: ["hoodie", "hoodie"] }, CircularCopyFrom { chain: ["apron_cotton_xs", "apron_cotton_xs"] }, CircularCopyFrom { chain: ["bp_410shot_scrap", "bp_410shot_scrap"] }, CircularCopyFrom { chain: ["bp_shot_scrap", "bp_shot_scrap"] }, CircularCopyFrom { chain: ["large_tent_kit", "large_tent_kit"] }, CircularCopyFrom { chain: ["waist_apron_short_xs", "waist_apron_short_xs"] }, CircularCopyFrom { chain: ["bp_410shot_000", "bp_410shot_000"] }, CircularCopyFrom { chain: ["waist_apron_short", "waist_apron_short"] }, CircularCopyFrom { chain: ["waist_apron_long_xs", "waist_apron_long_xs"] }, CircularCopyFrom { chain: ["waist_apron_long", "waist_apron_long"] }, CircularCopyFrom { chain: ["corn_kernels", "corn_kernels"] }, CircularCopyFrom { chain: ["hoodie_cropped", "hoodie_cropped"] }, CircularCopyFrom { chain: ["xs_espadrilles", "xs_espadrilles"] }, CircularCopyFrom { chain: ["bp_410shot_bird", "bp_410shot_bird"] }, CircularCopyFrom { chain: ["tent_kit", "tent_kit"] }, CircularCopyFrom { chain: ["bp_shot_dragon", "bp_shot_dragon"] }, CircularCopyFrom { chain: ["popcorn_raw", "popcorn_raw"] }, CircularCopyFrom { chain: ["waist_apron_short_xl", "waist_apron_short_xl"] }, CircularCopyFrom { chain: ["bp_shot_bird", "bp_shot_bird"] }, CircularCopyFrom { chain: ["apron_cotton", "apron_cotton"] }, CircularCopyFrom { chain: ["apron_cotton_xl", "apron_cotton_xl"] }, CircularCopyFrom { chain: ["xl_espadrilles", "xl_espadrilles"] }, CircularCopyFrom { chain: ["espadrilles", "espadrilles"] }, CircularCopyFrom { chain: ["waist_apron_long_xl", "waist_apron_long_xl"] }, CircularCopyFrom { chain: ["bp_shot_slug", "bp_shot_slug"] }, CircularCopyFrom { chain: ["bp_shot_00", "bp_shot_00"] }, JsonParse { path: "item_group", detail: "Failed to deserialize item_group 'field_ar15_mk318': data did not match any variant of untagged enum ItemGroupEntry" }, JsonParse { path: "item_group", detail: "Failed to deserialize item_group 'brioche_box_small_6': data did not match any variant of untagged enum ItemGroupEntry" }, JsonParse { path: "item_group", detail: "Failed to deserialize item_group 'nachosc_bag_plastic_1_inf': data did not match any variant of untagged enum ItemGroupEntry" }, JsonParse { path: "item_group", detail: "Failed to deserialize item_group 'NC_XEDRA_FIELD_AGENT_MORGANTOWN_worn': data did not match any variant of untagged enum ItemGroupEntry" }, JsonParse { path: "item_group", detail: "Failed to deserialize item_group 'SUS_exodii_storage_lowvalue': data did not match any variant of untagged enum ItemGroupEntry" }, JsonParse { path: "item_group", detail: "Failed to deserialize item_group 'knife_rambo_full': data did not match any variant of untagged enum ItemGroupEntry" }, JsonParse { path: "item_group", detail: "Failed to deserialize item_group 'NC_robofac_security_head_misc': data did not match any variant of untagged enum ItemGroupEntry" }, JsonParse { path: "item_group", detail: "Failed to deserialize item_group 'candy_bracelet_bag_plastic_3': data did not match any variant of untagged enum ItemGroupEntry" }, JsonParse { path: "item_group", detail: "Failed to deserialize item_group 'police_armory_full_ai_mag_308': data did not match any variant of untagged enum ItemGroupEntry" }, JsonParse { path: "item_group", detail: "Failed to deserialize item_group 'nested_ar12_shotgun': data did not match any variant of untagged enum ItemGroupEntry" }, JsonParse { path: "item_group", detail: "Failed to deserialize item_group 'NC_ARSONIST_misc': data did not match any variant of untagged enum ItemGroupEntry" }, JsonParse { path: "item_group", detail: "Failed to deserialize item_group 'field_xedra_officer': data did not match any variant of untagged enum ItemGroupEntry" }, JsonParse { path: "item_group", detail: "Failed to deserialize item_group 'BEM_human_sample_drop': data did not match any variant of untagged enum ItemGroupEntry" }, JsonParse { path: "item_group", detail: "Failed to deserialize item_group 'field_glock_19': data did not match any variant of untagged enum ItemGroupEntry" }, JsonParse { path: "item_group", detail: "Failed to deserialize item_group 'police_armory_full_p90mag_57mm': data did not match any variant of untagged enum ItemGroupEntry" }, JsonParse { path: "item_group", detail: "Failed to deserialize item_group 'remains_pilot': data did not match any variant of untagged enum ItemGroupEntry" }, JsonParse { path: "item_group", detail: "Failed to deserialize item_group 'almond_roasted_bag_plastic_4': data did not match any variant of untagged enum ItemGroupEntry" }, JsonParse { path: "item_group", detail: "Failed to deserialize item_group 'charged_mp3': data did not match any variant of untagged enum ItemGroupEntry" }, JsonParse { path: "item_group", detail: "Failed to deserialize item_group 'mon_feral_officer_death_drops': data did not match any variant of untagged enum ItemGroupEntry" }, JsonParse { path: "item_group", detail: "Failed to deserialize item_group 'cornmeal_box_full': data did not match any variant of untagged enum ItemGroupEntry" }, JsonParse { path: "item_group", detail: "Failed to deserialize item_group 'butane_can_full': data did not match any variant of untagged enum ItemGroupEntry" }, JsonParse { path: "item_group", detail: "Failed to deserialize item_group 'ratkin_teke_clothes': data did not match any variant of untagged enum ItemGroupEntry" }, JsonParse { path: "item_group", detail: "Failed to deserialize item_group 'flour_wheat_free_bag_paper_full': data did not match any variant of untagged enum ItemGroupEntry" }, JsonParse { path: "item_group", detail: "Failed to deserialize item_group 'pie_box_small_8': data did not match any variant of untagged enum ItemGroupEntry" }, JsonParse { path: "item_group", detail: "Failed to deserialize item_group 'crackers_box_16': data did not match any variant of untagged enum ItemGroupEntry" }, JsonParse { path: "item_group", detail: "Failed to deserialize item_group 'TACOMA_Dana_carried': data did not match any variant of untagged enum ItemGroupEntry" }, JsonParse { path: "item_group", detail: "Failed to deserialize item_group 'pie_maple_box_small_8': data did not match any variant of untagged enum ItemGroupEntry" }, JsonParse { path: "item_group", detail: "Failed to deserialize item_group 'chestnut_roasted_bag_plastic_4': data did not match any variant of untagged enum ItemGroupEntry" }, JsonParse { path: "item_group", detail: "Failed to deserialize item_group 'modular_deagle_complete': data did not match any variant of untagged enum ItemGroupEntry" }, JsonParse { path: "item_group", detail: "Failed to deserialize item_group 'mon_blob_small_deathdrops': data did not match any variant of untagged enum ItemGroupEntry" }, JsonParse { path: "item_group", detail: "Failed to deserialize item_group 'field_sig_40': data did not match any variant of untagged enum ItemGroupEntry" }, JsonParse { path: "item_group", detail: "Failed to deserialize item_group 'seasoning_italian_bottle_glass_full': data did not match any variant of untagged enum ItemGroupEntry" }, JsonParse { path: "item_group", detail: "Failed to deserialize item_group 'misc_smoking': data did not match any variant of untagged enum ItemGroupEntry" }, JsonParse { path: "item_group", detail: "Failed to deserialize item_group 'mon_zombie_resort_bouncer_death_drops': data did not match any variant of untagged enum ItemGroupEntry" }, JsonParse { path: "item_group", detail: "Failed to deserialize item_group 'cheese_in_can': data did not match any variant of untagged enum ItemGroupEntry" }, JsonParse { path: "item_group", detail: "Failed to deserialize item_group 'police_armory_full_augmag_556_mk318': data did not match any variant of untagged enum ItemGroupEntry" }, JsonParse { path: "item_group", detail: "Failed to deserialize item_group 'pizza_veggy_box_small_4': data did not match any variant of untagged enum ItemGroupEntry" }, JsonParse { path: "item_group", detail: "Failed to deserialize item_group 'tea_bag_box_10': data did not match any variant of untagged enum ItemGroupEntry" }, JsonParse { path: "item_group", detail: "Failed to deserialize item_group 'ant_food': data did not match any variant of untagged enum ItemGroupEntry" }, JsonParse { path: "item_group", detail: "Failed to deserialize item_group 'police_armory_full_glock17mag_9mm': data did not match any variant of untagged enum ItemGroupEntry" }, JsonParse { path: "item_group", detail: "Failed to deserialize item_group 'field_p226_357sig': data did not match any variant of untagged enum ItemGroupEntry" }, JsonParse { path: "item_group", detail: "Failed to deserialize item_group 'vertebrate_parts': data did not match any variant of untagged enum ItemGroupEntry" }, JsonParse { path: "item_group", detail: "Failed to deserialize item_group 'clothing_glasses': data did not match any variant of untagged enum ItemGroupEntry" }, JsonParse { path: "item_group", detail: "Failed to deserialize item_group 'cocoa_powder_bag_plastic_full': data did not match any variant of untagged enum ItemGroupEntry" }, JsonParse { path: "item_group", detail: "Failed to deserialize item_group 'oyster_crackers_plastic_bag_vac_1_inf': data did not match any variant of untagged enum ItemGroupEntry" }, JsonParse { path: "item_group", detail: "Failed to deserialize item_group 'army_mags_1911': data did not match any variant of untagged enum ItemGroupEntry" }, JsonParse { path: "item_group", detail: "Failed to deserialize item_group 'mausketeer_coats': data did not match any variant of untagged enum ItemGroupEntry" }, JsonParse { path: "item_group", detail: "Failed to deserialize item_group 'boxed_300blk_mdrxkit': data did not match any variant of untagged enum ItemGroupEntry" }, JsonParse { path: "item_group", detail: "Failed to deserialize item_group 'chem_home': data did not match any variant of untagged enum ItemGroupEntry" }, JsonParse { path: "item_group", detail: "Failed to deserialize item_group 'meth_bag_zipper_6': data did not match any variant of untagged enum ItemGroupEntry" }, JsonParse { path: "item_group", detail: "Failed to deserialize item_group 'bandolier_swat_cqc1': data did not match any variant of untagged enum ItemGroupEntry" }, JsonParse { path: "item_group", detail: "Failed to deserialize item_group 'interstice_mutant_zombie_death_drops': data did not match any variant of untagged enum ItemGroupEntry" }, JsonParse { path: "item_group", detail: "Failed to deserialize item_group 'mintpatties_bag_plastic_3': data did not match any variant of untagged enum ItemGroupEntry" }, JsonParse { path: "item_group", detail: "Failed to deserialize item_group 'nachosv_bag_plastic_1_inf': data did not match any variant of untagged enum ItemGroupEntry" }, JsonParse { path: "item_group", detail: "Failed to deserialize item_group 'sugar_bag_50': data did not match any variant of untagged enum ItemGroupEntry" }, JsonParse { path: "item_group", detail: "Failed to deserialize item_group 'explode_toad': data did not match any variant of untagged enum ItemGroupEntry" }, JsonParse { path: "item_group", detail: "Failed to deserialize item_group 'leather_jacket_costume_unisex': data did not match any variant of untagged enum ItemGroupEntry" }, JsonParse { path: "item_group", detail: "Failed to deserialize item_group 'quiver_naturalist': data did not match any variant of untagged enum ItemGroupEntry" }, JsonParse { path: "item_group", detail: "Failed to deserialize item_group 'cabbage_bag_plastic_8': data did not match any variant of untagged enum ItemGroupEntry" }, JsonParse { path: "item_group", detail: "Failed to deserialize item_group 'yogurt_starter_culture_bag_plastic_4': data did not match any variant of untagged enum ItemGroupEntry" }, JsonParse { path: "item_group", detail: "Failed to deserialize item_group 'NC_JUNK_SHOPKEEP_misc': data did not match any variant of untagged enum ItemGroupEntry" }, JsonParse { path: "item_group", detail: "Failed to deserialize item_group 'oxycodone_bottle_plastic_pill_prescription_10': data did not match any variant of untagged enum ItemGroupEntry" }, JsonParse { path: "item_group", detail: "Failed to deserialize item_group 'EXODII_CBM_Store_tier1_extra': data did not match any variant of untagged enum ItemGroupEntry" }, JsonParse { path: "item_group", detail: "Failed to deserialize item_group 'pemmican_ziploc_gallon': data did not match any variant of untagged enum ItemGroupEntry" }, JsonParse { path: "item_group", detail: "Failed to deserialize item_group 'chem_citric_acid_bottle_glass_50': data did not match any variant of untagged enum ItemGroupEntry" }, JsonParse { path: "item_group", detail: "Failed to deserialize item_group 'police_armory_full_as50mag': data did not match any variant of untagged enum ItemGroupEntry" }, JsonParse { path: "item_group", detail: "Failed to deserialize item_group 'clams_in_can': data did not match any variant of untagged enum ItemGroupEntry" }, JsonParse { path: "item_group", detail: "Failed to deserialize item_group 'pizza_meat_box_small_1_inf': data did not match any variant of untagged enum ItemGroupEntry" }, JsonParse { path: "item_group", detail: "Failed to deserialize item_group 'military_ballistic_vest_pristine': data did not match any variant of untagged enum ItemGroupEntry" }, JsonParse { path: "item_group", detail: "Failed to deserialize item_group 'scientist_costume_unisex': data did not match any variant of untagged enum ItemGroupEntry" }, JsonParse { path: "item_group", detail: "Failed to deserialize item_group 'allsporting': data did not match any variant of untagged enum ItemGroupEntry" }, JsonParse { path: "item_group", detail: "Failed to deserialize item_group 'nested_ar15_retool_22': data did not match any variant of untagged enum ItemGroupEntry" }, JsonParse { path: "item_group", detail: "Failed to deserialize item_group 'forage_spring': data did not match any variant of untagged enum ItemGroupEntry" }, JsonParse { path: "item_group", detail: "Failed to deserialize item_group 'police_armory_full_p320mag_357sigfmj': data did not match any variant of untagged enum ItemGroupEntry" }, JsonParse { path: "item_group", detail: "Failed to deserialize item_group 'house_suicide_shotgun': data did not match any variant of untagged enum ItemGroupEntry" }, JsonParse { path: "item_group", detail: "Failed to deserialize item_group 'corndogs_cooked_wrapper_2': data did not match any variant of untagged enum ItemGroupEntry" }, JsonParse { path: "item_group", detail: "Failed to deserialize item_group 'mon_feral_sailor_mop_death_drops': data did not match any variant of untagged enum ItemGroupEntry" }, JsonParse { path: "item_group", detail: "Failed to deserialize item_group 'chem_peptone_broth_bottle_plastic_small_1_inf': data did not match any variant of untagged enum ItemGroupEntry" }, JsonParse { path: "item_group", detail: "Failed to deserialize item_group 'bologna_bag_plastic_10': data did not match any variant of untagged enum ItemGroupEntry" }, JsonParse { path: "item_group", detail: "Failed to deserialize item_group 'NC_ROBOFAC_FIELD_RESEARCHER_worn': data did not match any variant of untagged enum ItemGroupEntry" }, JsonParse { path: "item_group", detail: "Failed to deserialize item_group 'army_grenades_40x46': data did not match any variant of untagged enum ItemGroupEntry" }, JsonParse { path: "item_group", detail: "Failed to deserialize item_group 'bugout_food_1l': data did not match any variant of untagged enum ItemGroupEntry" }, JsonParse { path: "item_group", detail: "Failed to deserialize item_group 'police_armory_box_full_762_51': data did not match any variant of untagged enum ItemGroupEntry" }, JsonParse { path: "item_group", detail: "Failed to deserialize item_group 'small_crate_of_fruit_berries': data did not match any variant of untagged enum ItemGroupEntry" }, JsonParse { path: "item_group", detail: "Failed to deserialize item_group 'mon_feral_prepper_mace_death_drops': data did not match any variant of untagged enum ItemGroupEntry" }, JsonParse { path: "item_group", detail: "Failed to deserialize item_group 'grave_cremains': data did not match any variant of untagged enum ItemGroupEntry" }, JsonParse { path: "item_group", detail: "Failed to deserialize item_group 'sandwich_jam_wrapper_1_inf': data did not match any variant of untagged enum ItemGroupEntry" }, JsonParse { path: "item_group", detail: "Failed to deserialize item_group 'SUS_fridge_breakroom': data did not match any variant of untagged enum ItemGroupEntry" }, JsonParse { path: "item_group", detail: "Failed to deserialize item_group 'ground_coffee_big_full': data did not match any variant of untagged enum ItemGroupEntry" }, JsonParse { path: "item_group", detail: "Failed to deserialize item_group 'cheerleader_costume_female': data did not match any variant of untagged enum ItemGroupEntry" }, JsonParse { path: "item_group", detail: "Failed to deserialize item_group 'clown_costume_unisex': data did not match any variant of untagged enum ItemGroupEntry" }, JsonParse { path: "item_group", detail: "Failed to deserialize item_group 'vitamins_bottle_plastic_pill_supplement_20': data did not match any variant of untagged enum ItemGroupEntry" }, JsonParse { path: "item_group", detail: "Failed to deserialize item_group 'costume_undergarments_women': data did not match any variant of untagged enum ItemGroupEntry" }, JsonParse { path: "item_group", detail: "Failed to deserialize item_group 'toasterpastryfrozen_box_snack_2': data did not match any variant of untagged enum ItemGroupEntry" }, JsonParse { path: "item_group", detail: "Failed to deserialize item_group 'dentist_supplies': data did not match any variant of untagged enum ItemGroupEntry" }, JsonParse { path: "item_group", detail: "Failed to deserialize item_group 'NC_robofac_security_head_worn': data did not match any variant of untagged enum ItemGroupEntry" }, JsonParse { path: "item_group", detail: "Failed to deserialize item_group 'memorial': data did not match any variant of untagged enum ItemGroupEntry" }, JsonParse { path: "item_group", detail: "Failed to deserialize item_group 'explode_zed_beast': data did not match any variant of untagged enum ItemGroupEntry" }, JsonParse { path: "item_group", detail: "Failed to deserialize item_group 'pemmican_ziploc_gallon_irradiated': data did not match any variant of untagged enum ItemGroupEntry" }, JsonParse { path: "item_group", detail: "Failed to deserialize item_group 'foodplace_food_box_small_4': data did not match any variant of untagged enum ItemGroupEntry" }, JsonParse { path: "item_group", detail: "Failed to deserialize item_group 'brownie_box_small_4': data did not match any variant of untagged enum ItemGroupEntry" }, JsonParse { path: "item_group", detail: "Failed to deserialize item_group 'GODCO_guard_carried': data did not match any variant of untagged enum ItemGroupEntry" }, JsonParse { path: "item_group", detail: "Failed to deserialize item_group 'airdrop_IFAK': data did not match any variant of untagged enum ItemGroupEntry" }, JsonParse { path: "item_group", detail: "Failed to deserialize item_group 'cm_maid': data did not match any variant of untagged enum ItemGroupEntry" }, JsonParse { path: "item_group", detail: "Failed to deserialize item_group 'pizza_veggy_box_small_1_inf': data did not match any variant of untagged enum ItemGroupEntry" }, JsonParse { path: "item_group", detail: "Failed to deserialize item_group 'police_armory_full_sig40mag_40sw': data did not match any variant of untagged enum ItemGroupEntry" }, JsonParse { path: "item_group", detail: "Failed to deserialize item_group 'japan_costume_unisex': data did not match any variant of untagged enum ItemGroupEntry" }, JsonParse { path: "item_group", detail: "Failed to deserialize item_group 'power_armor_sets': data did not match any variant of untagged enum ItemGroupEntry" }, JsonParse { path: "item_group", detail: "Failed to deserialize item_group 'boxed_357_deaglekit': data did not match any variant of untagged enum ItemGroupEntry" }, JsonParse { path: "item_group", detail: "Failed to deserialize item_group 'bandolier_cowboy': data did not match any variant of untagged enum ItemGroupEntry" }, JsonParse { path: "item_group", detail: "Failed to deserialize item_group 'bride_costume_female': data did not match any variant of untagged enum ItemGroupEntry" }, JsonParse { path: "item_group", detail: "Failed to deserialize item_group 'boxed_300blk_ar15kit': data did not match any variant of untagged enum ItemGroupEntry" }, JsonParse { path: "item_group", detail: "Failed to deserialize item_group 'onion_rings_box_small_1_inf': data did not match any variant of untagged enum ItemGroupEntry" }, JsonParse { path: "item_group", detail: "Failed to deserialize item_group 'herbal_tea_bag_box_10': data did not match any variant of untagged enum ItemGroupEntry" }, JsonParse { path: "item_group", detail: "Failed to deserialize item_group 'pemmican_ziploc': data did not match any variant of untagged enum ItemGroupEntry" }, JsonParse { path: "item_group", detail: "Failed to deserialize item_group 'thyme_bowl_plastic_full': data did not match any variant of untagged enum ItemGroupEntry" }, JsonParse { path: "item_group", detail: "Failed to deserialize item_group 'cabin_suicide': data did not match any variant of untagged enum ItemGroupEntry" }, JsonParse { path: "item_group", detail: "Failed to deserialize item_group 'SUS_exodii_storage_medvalue': data did not match any variant of untagged enum ItemGroupEntry" }, JsonParse { path: "item_group", detail: "Failed to deserialize item_group 'pet_food_in_container_full': data did not match any variant of untagged enum ItemGroupEntry" }, JsonParse { path: "item_group", detail: "Failed to deserialize item_group 'fish_fried_box_small_1_inf': data did not match any variant of untagged enum ItemGroupEntry" }, JsonParse { path: "item_group", detail: "Failed to deserialize item_group 'police_armory_full_hk417mag_308': data did not match any variant of untagged enum ItemGroupEntry" }, JsonParse { path: "item_group", detail: "Failed to deserialize item_group 'field_xedra_rifle': data did not match any variant of untagged enum ItemGroupEntry" }, JsonParse { path: "item_group", detail: "Failed to deserialize item_group 'dry_rice_bag_plastic_full': data did not match any variant of untagged enum ItemGroupEntry" }, JsonParse { path: "item_group", detail: "Failed to deserialize item_group 'police_armory_box_full_45_jhp': data did not match any variant of untagged enum ItemGroupEntry" }, JsonParse { path: "item_group", detail: "Failed to deserialize item_group 'chili_in_can': data did not match any variant of untagged enum ItemGroupEntry" }, JsonParse { path: "item_group", detail: "Failed to deserialize item_group 'police_armory_box_full_556_mk318': data did not match any variant of untagged enum ItemGroupEntry" }, JsonParse { path: "item_group", detail: "Failed to deserialize item_group 'flour_wheat_free_bag_50': data did not match any variant of untagged enum ItemGroupEntry" }, JsonParse { path: "item_group", detail: "Failed to deserialize item_group 'cat_hoarder': data did not match any variant of untagged enum ItemGroupEntry" }, JsonParse { path: "item_group", detail: "Failed to deserialize item_group 'fish_sandwich_wrapper_1_inf': data did not match any variant of untagged enum ItemGroupEntry" }, JsonParse { path: "item_group", detail: "Failed to deserialize item_group 'NC_ARSONIST_masks': data did not match any variant of untagged enum ItemGroupEntry" }, JsonParse { path: "item_group", detail: "Failed to deserialize item_group 'curry_powder_bottle_plastic_small_full': data did not match any variant of untagged enum ItemGroupEntry" }, JsonParse { path: "item_group", detail: "Failed to deserialize item_group 'cocoa_powder_bag_paper_full': data did not match any variant of untagged enum ItemGroupEntry" }, JsonParse { path: "item_group", detail: "Failed to deserialize item_group 'GODCO_helena_carried': data did not match any variant of untagged enum ItemGroupEntry" }, JsonParse { path: "item_group", detail: "Failed to deserialize item_group 'hotdogs_frozen_bag_plastic_10': data did not match any variant of untagged enum ItemGroupEntry" }, JsonParse { path: "item_group", detail: "Failed to deserialize item_group 'remains_soldier': data did not match any variant of untagged enum ItemGroupEntry" }, JsonParse { path: "item_group", detail: "Failed to deserialize item_group 'bugout_extras': data did not match any variant of untagged enum ItemGroupEntry" }, JsonParse { path: "item_group", detail: "Failed to deserialize item_group 'fursuit_costume_unisex': data did not match any variant of untagged enum ItemGroupEntry" }, JsonParse { path: "item_group", detail: "Failed to deserialize item_group 'SUS_gunstore_gear': data did not match any variant of untagged enum ItemGroupEntry" }, JsonParse { path: "item_group", detail: "Failed to deserialize item_group 'curry_powder_bottle_plastic_full': data did not match any variant of untagged enum ItemGroupEntry" }, JsonParse { path: "item_group", detail: "Failed to deserialize item_group 'dry_wild_rice_bag_plastic_full': data did not match any variant of untagged enum ItemGroupEntry" }, JsonParse { path: "item_group", detail: "Failed to deserialize item_group 'candy3_bag_plastic_3': data did not match any variant of untagged enum ItemGroupEntry" }, JsonParse { path: "item_group", detail: "Failed to deserialize item_group 'police_armory_full_usp9mag_9mm': data did not match any variant of untagged enum ItemGroupEntry" }, JsonParse { path: "item_group", detail: "Failed to deserialize item_group 'GODCO_tom_worn': data did not match any variant of untagged enum ItemGroupEntry" }, JsonParse { path: "item_group", detail: "Failed to deserialize item_group 'sloppyjoe_wrapper_1_inf': data did not match any variant of untagged enum ItemGroupEntry" }, JsonParse { path: "item_group", detail: "Failed to deserialize item_group 'pizza_supreme_box_small_1_inf': data did not match any variant of untagged enum ItemGroupEntry" }, JsonParse { path: "item_group", detail: "Failed to deserialize item_group 'maple_candy_bag_plastic_2': data did not match any variant of untagged enum ItemGroupEntry" }, JsonParse { path: "item_group", detail: "Failed to deserialize item_group 'fresh_produce': data did not match any variant of untagged enum ItemGroupEntry" }, JsonParse { path: "item_group", detail: "Failed to deserialize item_group 'noodles_fast_bag_5': data did not match any variant of untagged enum ItemGroupEntry" }, JsonParse { path: "item_group", detail: "Failed to deserialize item_group 'heavy_bugout': data did not match any variant of untagged enum ItemGroupEntry" }, JsonParse { path: "item_group", detail: "Failed to deserialize item_group 'mon_dog_death_drops': data did not match any variant of untagged enum ItemGroupEntry" }, JsonParse { path: "item_group", detail: "Failed to deserialize item_group 'wild_herbs_jar_glass_sealed_20_inf': data did not match any variant of untagged enum ItemGroupEntry" }, JsonParse { path: "item_group", detail: "Failed to deserialize item_group 'NC_robofac_generic_security_misc': data did not match any variant of untagged enum ItemGroupEntry" }, JsonParse { path: "item_group", detail: "Failed to deserialize item_group 'mon_zombie_paramilitary_death_drops': data did not match any variant of untagged enum ItemGroupEntry" }, JsonParse { path: "item_group", detail: "Failed to deserialize item_group 'flour_bag_paper_full': data did not match any variant of untagged enum ItemGroupEntry" }, JsonParse { path: "item_group", detail: "Failed to deserialize item_group 'REFUGEE_Dana_carried': data did not match any variant of untagged enum ItemGroupEntry" }, JsonParse { path: "item_group", detail: "Failed to deserialize item_group 'infantry_medical_gear': data did not match any variant of untagged enum ItemGroupEntry" }, JsonParse { path: "item_group", detail: "Failed to deserialize item_group 'groce_meat': data did not match any variant of untagged enum ItemGroupEntry" }, JsonParse { path: "item_group", detail: "Failed to deserialize item_group 'offal_pickled_jar_glass_sealed_2': data did not match any variant of untagged enum ItemGroupEntry" }, JsonParse { path: "item_group", detail: "Failed to deserialize item_group 'default_maid_clothes': data did not match any variant of untagged enum ItemGroupEntry" }, JsonParse { path: "item_group", detail: "Failed to deserialize item_group 'weak_antibiotic_bottle_plastic_pill_prescription_5': data did not match any variant of untagged enum ItemGroupEntry" }, JsonParse { path: "item_group", detail: "Failed to deserialize item_group 'bottle_otc_painkiller_20': data did not match any variant of untagged enum ItemGroupEntry" }, JsonParse { path: "item_group", detail: "Failed to deserialize item_group 'fertilizer_commercial_bag_canvas_60': data did not match any variant of untagged enum ItemGroupEntry" }, JsonParse { path: "item_group", detail: "Failed to deserialize item_group 'protein_bar_wrapped_box': data did not match any variant of untagged enum ItemGroupEntry" }, JsonParse { path: "item_group", detail: "Failed to deserialize item_group 'popcorn_bag_plastic_4': data did not match any variant of untagged enum ItemGroupEntry" }, JsonParse { path: "item_group", detail: "Failed to deserialize item_group 'flintlock_pouch_reenactor': data did not match any variant of untagged enum ItemGroupEntry" }, JsonParse { path: "item_group", detail: "Failed to deserialize item_group 'pepper_bag_paper_full': data did not match any variant of untagged enum ItemGroupEntry" }, JsonParse { path: "item_group", detail: "Failed to deserialize item_group 'holster_glock19_fed': data did not match any variant of untagged enum ItemGroupEntry" }, JsonParse { path: "item_group", detail: "Failed to deserialize item_group 'boxed_308win_axmckit': data did not match any variant of untagged enum ItemGroupEntry" }, JsonParse { path: "item_group", detail: "Failed to deserialize item_group 'can_herring_jar_glass_sealed_2': data did not match any variant of untagged enum ItemGroupEntry" }, JsonParse { path: "item_group", detail: "Failed to deserialize item_group 'melatonin_bottle_full': data did not match any variant of untagged enum ItemGroupEntry" }, JsonParse { path: "item_group", detail: "Failed to deserialize item_group 'mon_feral_militia_death_drops': data did not match any variant of untagged enum ItemGroupEntry" }, JsonParse { path: "item_group", detail: "Failed to deserialize item_group 'mozzarella_cheese_bag_1': data did not match any variant of untagged enum ItemGroupEntry" }, JsonParse { path: "item_group", detail: "Failed to deserialize item_group 'field_uzi': data did not match any variant of untagged enum ItemGroupEntry" }, JsonParse { path: "item_group", detail: "Failed to deserialize item_group 'GODCO_greenwood_carried': data did not match any variant of untagged enum ItemGroupEntry" }, JsonParse { path: "item_group", detail: "Failed to deserialize item_group 'NC_XEDRA_FIELD_AGENT_worn': data did not match any variant of untagged enum ItemGroupEntry" }, JsonParse { path: "item_group", detail: "Failed to deserialize item_group 'junk_burrito_bag_plastic_1_inf': data did not match any variant of untagged enum ItemGroupEntry" }, JsonParse { path: "item_group", detail: "Failed to deserialize item_group 'SUS_evac_shelter_cabinet_used': data did not match any variant of untagged enum ItemGroupEntry" }, JsonParse { path: "item_group", detail: "Failed to deserialize item_group 'glock17_mags': data did not match any variant of untagged enum ItemGroupEntry" }, JsonParse { path: "item_group", detail: "Failed to deserialize item_group 'sandwich_cheese_wrapper_1_inf': data did not match any variant of untagged enum ItemGroupEntry" }, JsonParse { path: "item_group", detail: "Failed to deserialize item_group 'jerky_ziploc_gallon_irradiated': data did not match any variant of untagged enum ItemGroupEntry" }, JsonParse { path: "item_group", detail: "Failed to deserialize item_group 'police_armory_box_full_357sigjhp': data did not match any variant of untagged enum ItemGroupEntry" }, JsonParse { path: "item_group", detail: "Failed to deserialize item_group 'bandolier_swat_cqc2': data did not match any variant of untagged enum ItemGroupEntry" }, JsonParse { path: "item_group", detail: "Failed to deserialize item_group 'police_armory_box_full_9mmfmj': data did not match any variant of untagged enum ItemGroupEntry" }, JsonParse { path: "item_group", detail: "Failed to deserialize item_group 'seasoning_salt_bottle_glass_small_full': data did not match any variant of untagged enum ItemGroupEntry" }, JsonParse { path: "item_group", detail: "Failed to deserialize item_group 'sugar_beverage_bag_2': data did not match any variant of untagged enum ItemGroupEntry" }, JsonParse { path: "item_group", detail: "Failed to deserialize item_group 'coffee_condiments': data did not match any variant of untagged enum ItemGroupEntry" }, JsonParse { path: "item_group", detail: "Failed to deserialize item_group 'boxed_300win_axmckit': data did not match any variant of untagged enum ItemGroupEntry" }, JsonParse { path: "item_group", detail: "Failed to deserialize item_group 'mummy_costume_unisex': data did not match any variant of untagged enum ItemGroupEntry" }, JsonParse { path: "item_group", detail: "Failed to deserialize item_group 'SUS_shelf_commercial_vegetables': data did not match any variant of untagged enum ItemGroupEntry" }, JsonParse { path: "item_group", detail: "Failed to deserialize item_group 'ibuprofen_bottle_full': data did not match any variant of untagged enum ItemGroupEntry" }, JsonParse { path: "item_group", detail: "Failed to deserialize item_group 'airdrop_generator': data did not match any variant of untagged enum ItemGroupEntry" }, JsonParse { path: "item_group", detail: "Failed to deserialize item_group 'milk_cream_bottle_2': data did not match any variant of untagged enum ItemGroupEntry" }, JsonParse { path: "item_group", detail: "Failed to deserialize item_group 'sugar_bag_paper_full': data did not match any variant of untagged enum ItemGroupEntry" }, JsonParse { path: "item_group", detail: "Failed to deserialize item_group 'forage_autumn': data did not match any variant of untagged enum ItemGroupEntry" }, JsonParse { path: "item_group", detail: "Failed to deserialize item_group 'pepper_bottle_plastic_full': data did not match any variant of untagged enum ItemGroupEntry" }, JsonParse { path: "item_group", detail: "Failed to deserialize item_group 'grim_reaper_costume_unisex': data did not match any variant of untagged enum ItemGroupEntry" }, JsonParse { path: "item_group", detail: "Failed to deserialize item_group 'frybread_in_bag_full': data did not match any variant of untagged enum ItemGroupEntry" }, JsonParse { path: "item_group", detail: "Failed to deserialize item_group 'beekeeping_costume_unisex': data did not match any variant of untagged enum ItemGroupEntry" }, JsonParse { path: "item_group", detail: "Failed to deserialize item_group 'map_extra_drugdeal_corpse': data did not match any variant of untagged enum ItemGroupEntry" }, JsonParse { path: "item_group", detail: "Failed to deserialize item_group 'charged_penblack': data did not match any variant of untagged enum ItemGroupEntry" }, JsonParse { path: "item_group", detail: "Failed to deserialize item_group 'groom_costume_male': data did not match any variant of untagged enum ItemGroupEntry" }, JsonParse { path: "item_group", detail: "Failed to deserialize item_group 'SUS_fridge_partial_empty': data did not match any variant of untagged enum ItemGroupEntry" }, JsonParse { path: "item_group", detail: "Failed to deserialize item_group 'NC_ISHERWOOD_rifle': data did not match any variant of untagged enum ItemGroupEntry" }, JsonParse { path: "item_group", detail: "Failed to deserialize item_group 'bottle_pur_tablets': data did not match any variant of untagged enum ItemGroupEntry" }, JsonParse { path: "item_group", detail: "Failed to deserialize item_group 'can_tomato_jar_3l_glass_sealed_24': data did not match any variant of untagged enum ItemGroupEntry" }, JsonParse { path: "item_group", detail: "Failed to deserialize item_group 'salt_bottle_glass_small_full': data did not match any variant of untagged enum ItemGroupEntry" }, JsonParse { path: "item_group", detail: "Failed to deserialize item_group 'xanax_bottle_plastic_pill_prescription_10': data did not match any variant of untagged enum ItemGroupEntry" }, JsonParse { path: "item_group", detail: "Failed to deserialize item_group 'NC_Isherwood_swat_worn': data did not match any variant of untagged enum ItemGroupEntry" }, JsonParse { path: "item_group", detail: "Failed to deserialize item_group 'aspirin_bottle_full': data did not match any variant of untagged enum ItemGroupEntry" }, JsonParse { path: "item_group", detail: "Failed to deserialize item_group 'lemonade_powder_bottle_plastic_small_10': data did not match any variant of untagged enum ItemGroupEntry" }, JsonParse { path: "item_group", detail: "Failed to deserialize item_group 'milk_cocoa_powder_bag_paper_full': data did not match any variant of untagged enum ItemGroupEntry" }, JsonParse { path: "item_group", detail: "Failed to deserialize item_group 'police_armory_full_ai_mag_338': data did not match any variant of untagged enum ItemGroupEntry" }, JsonParse { path: "item_group", detail: "Failed to deserialize item_group 'cinnamon_bag_paper_full': data did not match any variant of untagged enum ItemGroupEntry" }, JsonParse { path: "item_group", detail: "Failed to deserialize item_group 'cannabis_extraction_equipment': data did not match any variant of untagged enum ItemGroupEntry" }, JsonParse { path: "item_group", detail: "Failed to deserialize item_group 'police_armory_full_p320mag_357sigjhp': data did not match any variant of untagged enum ItemGroupEntry" }, JsonParse { path: "item_group", detail: "Failed to deserialize item_group 'yeast_bag_paper_full': data did not match any variant of untagged enum ItemGroupEntry" }, JsonParse { path: "item_group", detail: "Failed to deserialize item_group 'police_armory_box_full_57mm': data did not match any variant of untagged enum ItemGroupEntry" }, JsonParse { path: "item_group", detail: "Failed to deserialize item_group 'bandolier_ww_gunslinger': data did not match any variant of untagged enum ItemGroupEntry" }, JsonParse { path: "item_group", detail: "Failed to deserialize item_group 'oyster_crackers_plastic_bag_vac_8': data did not match any variant of untagged enum ItemGroupEntry" }, JsonParse { path: "item_group", detail: "Failed to deserialize item_group 'mon_zombie_swimmer_death_drops': data did not match any variant of untagged enum ItemGroupEntry" }, JsonParse { path: "item_group", detail: "Failed to deserialize item_group 'onion_rings_box_6': data did not match any variant of untagged enum ItemGroupEntry" }, JsonParse { path: "item_group", detail: "Failed to deserialize item_group 'feral_security_death_drops_9mm': data did not match any variant of untagged enum ItemGroupEntry" }, JsonParse { path: "item_group", detail: "Failed to deserialize item_group 'cop_holster_field': data did not match any variant of untagged enum ItemGroupEntry" }, JsonParse { path: "item_group", detail: "Failed to deserialize item_group 'ghost_costume_unisex': data did not match any variant of untagged enum ItemGroupEntry" }, JsonParse { path: "item_group", detail: "Failed to deserialize item_group 'army_mags_glock17': data did not match any variant of untagged enum ItemGroupEntry" }, JsonParse { path: "item_group", detail: "Failed to deserialize item_group 'powder_eggs_bottle_plastic_small_16': data did not match any variant of untagged enum ItemGroupEntry" }, JsonParse { path: "item_group", detail: "Failed to deserialize item_group 'bfipowder_bottle_plastic_small_4': data did not match any variant of untagged enum ItemGroupEntry" }, JsonParse { path: "item_group", detail: "Failed to deserialize item_group 'fruits_in_3l_jar': data did not match any variant of untagged enum ItemGroupEntry" }, JsonParse { path: "item_group", detail: "Failed to deserialize item_group 'army_mags_m110': data did not match any variant of untagged enum ItemGroupEntry" }, JsonParse { path: "item_group", detail: "Failed to deserialize item_group 'can_tomato_can_food_big_24': data did not match any variant of untagged enum ItemGroupEntry" }, JsonParse { path: "item_group", detail: "Failed to deserialize item_group 'quiver_crossbow_hunter': data did not match any variant of untagged enum ItemGroupEntry" }, JsonParse { path: "item_group", detail: "Failed to deserialize item_group 'ground_coffee_small_full': data did not match any variant of untagged enum ItemGroupEntry" }, JsonParse { path: "item_group", detail: "Failed to deserialize item_group 'poppy_pain_jar_glass_sealed_2': data did not match any variant of untagged enum ItemGroupEntry" }, JsonParse { path: "item_group", detail: "Failed to deserialize item_group 'quiver_modern_archer': data did not match any variant of untagged enum ItemGroupEntry" }, JsonParse { path: "item_group", detail: "Failed to deserialize item_group 'cracklins_bag_plastic_4': data did not match any variant of untagged enum ItemGroupEntry" }, JsonParse { path: "item_group", detail: "Failed to deserialize item_group 'boxed_762_ar15kit': data did not match any variant of untagged enum ItemGroupEntry" }, JsonParse { path: "item_group", detail: "Failed to deserialize item_group 'NC_ROBOFAC_INTERCOM_MVAS': data did not match any variant of untagged enum ItemGroupEntry" }, JsonParse { path: "item_group", detail: "Failed to deserialize item_group 'seasoning_salt_bottle_glass_full': data did not match any variant of untagged enum ItemGroupEntry" }, JsonParse { path: "item_group", detail: "Failed to deserialize item_group 'clothing_outdoor_pants': data did not match any variant of untagged enum ItemGroupEntry" }, JsonParse { path: "item_group", detail: "Failed to deserialize item_group 'hardtack_ziploc_gallon': data did not match any variant of untagged enum ItemGroupEntry" }, JsonParse { path: "item_group", detail: "Failed to deserialize item_group 'candy4_bag_plastic_3': data did not match any variant of untagged enum ItemGroupEntry" }, JsonParse { path: "item_group", detail: "Failed to deserialize item_group 'pretzels_bag_plastic_3': data did not match any variant of untagged enum ItemGroupEntry" }, JsonParse { path: "item_group", detail: "Failed to deserialize item_group 'feral_security_death_drops_flashlight': data did not match any variant of untagged enum ItemGroupEntry" }, JsonParse { path: "item_group", detail: "Failed to deserialize item_group 'GODCO_maria_carried': data did not match any variant of untagged enum ItemGroupEntry" }, JsonParse { path: "item_group", detail: "Failed to deserialize item_group 'protein_bar_peanut_box_12': data did not match any variant of untagged enum ItemGroupEntry" }, JsonParse { path: "item_group", detail: "Failed to deserialize item_group 'pasta_ingredients': data did not match any variant of untagged enum ItemGroupEntry" }, JsonParse { path: "item_group", detail: "Failed to deserialize item_group 'zed_skin': data did not match any variant of untagged enum ItemGroupEntry" }, JsonParse { path: "item_group", detail: "Failed to deserialize item_group 'protein_bar_milk_box_12': data did not match any variant of untagged enum ItemGroupEntry" }, JsonParse { path: "item_group", detail: "Failed to deserialize item_group 'boxed_300blk_ar15kit_short': data did not match any variant of untagged enum ItemGroupEntry" }, JsonParse { path: "item_group", detail: "Failed to deserialize item_group 'pepper_bottle_plastic_small_full': data did not match any variant of untagged enum ItemGroupEntry" }, JsonParse { path: "item_group", detail: "Failed to deserialize item_group 'mre_accessory_pack': data did not match any variant of untagged enum ItemGroupEntry" }, JsonParse { path: "item_group", detail: "Failed to deserialize item_group 'strong_antibiotic_bottle_plastic_pill_prescription_5': data did not match any variant of untagged enum ItemGroupEntry" }, JsonParse { path: "item_group", detail: "Failed to deserialize item_group 'bandolier_rifle_hunter': data did not match any variant of untagged enum ItemGroupEntry" }, JsonParse { path: "item_group", detail: "Failed to deserialize item_group 'police_armory_box_full_300': data did not match any variant of untagged enum ItemGroupEntry" }, JsonParse { path: "item_group", detail: "Failed to deserialize item_group 'brogyeki_weapon_override': data did not match any variant of untagged enum ItemGroupEntry" }, JsonParse { path: "item_group", detail: "Failed to deserialize item_group 'tramadol_bottle_plastic_pill_prescription_10': data did not match any variant of untagged enum ItemGroupEntry" }, JsonParse { path: "item_group", detail: "Failed to deserialize item_group 'hair_dye': data did not match any variant of untagged enum ItemGroupEntry" }, JsonParse { path: "item_group", detail: "Failed to deserialize item_group 'oatmeal_box_1lb': data did not match any variant of untagged enum ItemGroupEntry" }, JsonParse { path: "item_group", detail: "Failed to deserialize item_group 'butter_wrapper_32': data did not match any variant of untagged enum ItemGroupEntry" }, JsonParse { path: "item_group", detail: "Failed to deserialize item_group 'mon_feral_sailor_lug_wrench_death_drops': data did not match any variant of untagged enum ItemGroupEntry" }, JsonParse { path: "item_group", detail: "Failed to deserialize item_group 'robofac_basic_trade': data did not match any variant of untagged enum ItemGroupEntry" }, JsonParse { path: "item_group", detail: "Failed to deserialize item_group 'SUS_evac_shelter_cabinet': data did not match any variant of untagged enum ItemGroupEntry" }, JsonParse { path: "item_group", detail: "Failed to deserialize item_group 'milk_powder_various_full': data did not match any variant of untagged enum ItemGroupEntry" }, JsonParse { path: "item_group", detail: "Failed to deserialize item_group 'explode_zed': data did not match any variant of untagged enum ItemGroupEntry" }, JsonParse { path: "item_group", detail: "Failed to deserialize item_group 'police_armory_full_ump45_45_acp': data did not match any variant of untagged enum ItemGroupEntry" }, JsonParse { path: "item_group", detail: "Failed to deserialize item_group 'army_mags_usp45': data did not match any variant of untagged enum ItemGroupEntry" }, JsonParse { path: "item_group", detail: "Failed to deserialize item_group 'civilian_face_armor': data did not match any variant of untagged enum ItemGroupEntry" }, JsonParse { path: "item_group", detail: "Failed to deserialize item_group 'seasoning_salt_bottle_plastic_full': data did not match any variant of untagged enum ItemGroupEntry" }, JsonParse { path: "item_group", detail: "Failed to deserialize item_group 'default_chef_clothes': data did not match any variant of untagged enum ItemGroupEntry" }, JsonParse { path: "item_group", detail: "Failed to deserialize item_group 'swat_zombie_gear': data did not match any variant of untagged enum ItemGroupEntry" }, JsonParse { path: "item_group", detail: "Failed to deserialize item_group 'beer_in_six_pack_rings': data did not match any variant of untagged enum ItemGroupEntry" }, JsonParse { path: "item_group", detail: "Failed to deserialize item_group 'sauerkraut_jar_glass_sealed_2': data did not match any variant of untagged enum ItemGroupEntry" }, JsonParse { path: "item_group", detail: "Failed to deserialize item_group 'police_armory_full_uzimag_9mm': data did not match any variant of untagged enum ItemGroupEntry" }, JsonParse { path: "item_group", detail: "Failed to deserialize item_group 'boxed_50beowulf_ar15kit_short': data did not match any variant of untagged enum ItemGroupEntry" }, JsonParse { path: "item_group", detail: "Failed to deserialize item_group 'chicken_in_can': data did not match any variant of untagged enum ItemGroupEntry" }, JsonParse { path: "item_group", detail: "Failed to deserialize item_group 'police_armory_full_p226mag_357sigjhp': data did not match any variant of untagged enum ItemGroupEntry" }, JsonParse { path: "item_group", detail: "Failed to deserialize item_group 'brown_bread_can_medium_14': data did not match any variant of untagged enum ItemGroupEntry" }, JsonParse { path: "item_group", detail: "Failed to deserialize item_group 'morphine_bottle_plastic_pill_prescription_4': data did not match any variant of untagged enum ItemGroupEntry" }, JsonParse { path: "item_group", detail: "Failed to deserialize item_group 'police_armory_full_px4mag_9mmfmj': data did not match any variant of untagged enum ItemGroupEntry" }, JsonParse { path: "item_group", detail: "Failed to deserialize item_group 'crackers_box_small_full': data did not match any variant of untagged enum ItemGroupEntry" }, JsonParse { path: "item_group", detail: "Failed to deserialize item_group 'mags_ruger_arr': data did not match any variant of untagged enum ItemGroupEntry" }, JsonParse { path: "item_group", detail: "Failed to deserialize item_group 'bedroom': data did not match any variant of untagged enum ItemGroupEntry" }, JsonParse { path: "item_group", detail: "Failed to deserialize item_group 'diner_food': data did not match any variant of untagged enum ItemGroupEntry" }, JsonParse { path: "item_group", detail: "Failed to deserialize item_group 'diner_back': data did not match any variant of untagged enum ItemGroupEntry" }, JsonParse { path: "item_group", detail: "Failed to deserialize item_group 'cookies_box_snack_4': data did not match any variant of untagged enum ItemGroupEntry" }, JsonParse { path: "item_group", detail: "Failed to deserialize item_group 'fish_pickled_jar_glass_sealed_1_inf': data did not match any variant of untagged enum ItemGroupEntry" }, JsonParse { path: "item_group", detail: "Failed to deserialize item_group 'police_armory_full_m14mag_762_51': data did not match any variant of untagged enum ItemGroupEntry" }, JsonParse { path: "item_group", detail: "Failed to deserialize item_group 'sandwich_t_wrapper_2': data did not match any variant of untagged enum ItemGroupEntry" }, JsonParse { path: "item_group", detail: "Failed to deserialize item_group 'prozac_bottle_plastic_pill_prescription_15': data did not match any variant of untagged enum ItemGroupEntry" }, JsonParse { path: "item_group", detail: "Failed to deserialize item_group 'gelatin_powder_bag_plastic_full': data did not match any variant of untagged enum ItemGroupEntry" }, JsonParse { path: "item_group", detail: "Failed to deserialize item_group 'pizza_cheese_box_small_1_inf': data did not match any variant of untagged enum ItemGroupEntry" }, JsonParse { path: "item_group", detail: "Failed to deserialize item_group 'gift_shop': data did not match any variant of untagged enum ItemGroupEntry" }, JsonParse { path: "item_group", detail: "Failed to deserialize item_group 'some_steel_front_plates': data did not match any variant of untagged enum ItemGroupEntry" }, JsonParse { path: "item_group", detail: "Failed to deserialize item_group 'mustard_powder_bottle_plastic_small_full': data did not match any variant of untagged enum ItemGroupEntry" }, JsonParse { path: "item_group", detail: "Failed to deserialize item_group 'charged_cigs': data did not match any variant of untagged enum ItemGroupEntry" }, JsonParse { path: "item_group", detail: "Failed to deserialize item_group 'on_hand_223': data did not match any variant of untagged enum ItemGroupEntry" }, JsonParse { path: "item_group", detail: "Failed to deserialize item_group 'veggy_pickled_jar_3l_glass_sealed_12': data did not match any variant of untagged enum ItemGroupEntry" }, JsonParse { path: "item_group", detail: "Failed to deserialize item_group 'charged_antibiotic': data did not match any variant of untagged enum ItemGroupEntry" }, JsonParse { path: "item_group", detail: "Failed to deserialize item_group 'bondage_costume_unisex': data did not match any variant of untagged enum ItemGroupEntry" }, JsonParse { path: "item_group", detail: "Failed to deserialize item_group 'cheeseburger_wrapper_1_inf': data did not match any variant of untagged enum ItemGroupEntry" }, JsonParse { path: "item_group", detail: "Failed to deserialize item_group 'protein_bar_box_small': data did not match any variant of untagged enum ItemGroupEntry" }, JsonParse { path: "item_group", detail: "Failed to deserialize item_group 'army_mags_m17': data did not match any variant of untagged enum ItemGroupEntry" }, JsonParse { path: "item_group", detail: "Failed to deserialize item_group 'blt_wrapper_2': data did not match any variant of untagged enum ItemGroupEntry" }, JsonParse { path: "item_group", detail: "Failed to deserialize item_group 'SUS_junk_drawer': data did not match any variant of untagged enum ItemGroupEntry" }, JsonParse { path: "item_group", detail: "Failed to deserialize item_group 'helicopter': data did not match any variant of untagged enum ItemGroupEntry" }, JsonParse { path: "item_group", detail: "Failed to deserialize item_group 'oyster_crackers_box_20': data did not match any variant of untagged enum ItemGroupEntry" }, JsonParse { path: "item_group", detail: "Failed to deserialize item_group 'crackers_mre_bag_small_2': data did not match any variant of untagged enum ItemGroupEntry" }, JsonParse { path: "item_group", detail: "Failed to deserialize item_group 'field_ump40': data did not match any variant of untagged enum ItemGroupEntry" }, JsonParse { path: "item_group", detail: "Failed to deserialize item_group 'chocolate_wrapper_3': data did not match any variant of untagged enum ItemGroupEntry" }, JsonParse { path: "item_group", detail: "Failed to deserialize item_group 'licorice_bag_plastic_4': data did not match any variant of untagged enum ItemGroupEntry" }, JsonParse { path: "item_group", detail: "Failed to deserialize item_group 'REFUGEE_Pablo_wield': data did not match any variant of untagged enum ItemGroupEntry" }, JsonParse { path: "item_group", detail: "Failed to deserialize item_group 'yeast_bottle_glass_full': data did not match any variant of untagged enum ItemGroupEntry" }, JsonParse { path: "item_group", detail: "Failed to deserialize item_group 'rolling_cigs': data did not match any variant of untagged enum ItemGroupEntry" }, JsonParse { path: "item_group", detail: "Failed to deserialize item_group 'santa_male': data did not match any variant of untagged enum ItemGroupEntry" }, JsonParse { path: "item_group", detail: "Failed to deserialize item_group 'sauerkraut_jar_glass_sealed_1_inf': data did not match any variant of untagged enum ItemGroupEntry" }, JsonParse { path: "item_group", detail: "Failed to deserialize item_group 'fish_pickled_jar_glass_sealed_2': data did not match any variant of untagged enum ItemGroupEntry" }, JsonParse { path: "item_group", detail: "Failed to deserialize item_group 'police_armory_full_ar10mag_762_51': data did not match any variant of untagged enum ItemGroupEntry" }, JsonParse { path: "item_group", detail: "Failed to deserialize item_group 'tortilla_corn_bag_plastic_full': data did not match any variant of untagged enum ItemGroupEntry" }, JsonParse { path: "item_group", detail: "Failed to deserialize item_group 'SUS_junk_drawer_handy': data did not match any variant of untagged enum ItemGroupEntry" }, JsonParse { path: "item_group", detail: "Failed to deserialize item_group 'blt_wrapper_1_inf': data did not match any variant of untagged enum ItemGroupEntry" }, JsonParse { path: "item_group", detail: "Failed to deserialize item_group 'feral_fancy_death_drops_rapier_fake': data did not match any variant of untagged enum ItemGroupEntry" }, JsonParse { path: "item_group", detail: "Failed to deserialize item_group 'zombie_medical_clothes': data did not match any variant of untagged enum ItemGroupEntry" }, JsonParse { path: "item_group", detail: "Failed to deserialize item_group 'fchicken_box_small_4': data did not match any variant of untagged enum ItemGroupEntry" }, JsonParse { path: "item_group", detail: "Failed to deserialize item_group 'police_armory_full_ump40mag_40sw': data did not match any variant of untagged enum ItemGroupEntry" }, JsonParse { path: "item_group", detail: "Failed to deserialize item_group 'boxed_300blk_ar15kit_medium': data did not match any variant of untagged enum ItemGroupEntry" }, JsonParse { path: "item_group", detail: "Failed to deserialize item_group 'police_armory_full_stanag30_556_mk262': data did not match any variant of untagged enum ItemGroupEntry" }, JsonParse { path: "item_group", detail: "Failed to deserialize item_group 'mon_labyrinth_buoy_turret_1_1_drops': data did not match any variant of untagged enum ItemGroupEntry" }, JsonParse { path: "item_group", detail: "Failed to deserialize item_group 'condiments': data did not match any variant of untagged enum ItemGroupEntry" }, JsonParse { path: "item_group", detail: "Failed to deserialize item_group 'poppy_sleep_jar_glass_sealed_2': data did not match any variant of untagged enum ItemGroupEntry" }, JsonParse { path: "item_group", detail: "Failed to deserialize item_group 'SUS_fridge_healthy_vegan': data did not match any variant of untagged enum ItemGroupEntry" }, JsonParse { path: "item_group", detail: "Failed to deserialize item_group 'cashews_bag_plastic_4': data did not match any variant of untagged enum ItemGroupEntry" }, JsonParse { path: "item_group", detail: "Failed to deserialize item_group 'field_glock_17': data did not match any variant of untagged enum ItemGroupEntry" }, JsonParse { path: "item_group", detail: "Failed to deserialize item_group 'feral_humans_death_drops_axe': data did not match any variant of untagged enum ItemGroupEntry" }, JsonParse { path: "item_group", detail: "Failed to deserialize item_group 'pur_tablets_beverage_bag_6': data did not match any variant of untagged enum ItemGroupEntry" }, JsonParse { path: "item_group", detail: "Failed to deserialize item_group 'stuffed_clams_box_small_1_inf': data did not match any variant of untagged enum ItemGroupEntry" }, JsonParse { path: "item_group", detail: "Failed to deserialize item_group 'field_hk417': data did not match any variant of untagged enum ItemGroupEntry" }, JsonParse { path: "item_group", detail: "Failed to deserialize item_group 'nested_mossberg_590m': data did not match any variant of untagged enum ItemGroupEntry" }, JsonParse { path: "item_group", detail: "Failed to deserialize item_group 'mon_zombie_hulk_death_drops': data did not match any variant of untagged enum ItemGroupEntry" }, JsonParse { path: "item_group", detail: "Failed to deserialize item_group 'naproxen_bottle_full': data did not match any variant of untagged enum ItemGroupEntry" }, JsonParse { path: "item_group", detail: "Failed to deserialize item_group 'oats_bag_plastic_full': data did not match any variant of untagged enum ItemGroupEntry" }, JsonParse { path: "item_group", detail: "Failed to deserialize item_group 'police_armory_full_mp5mag_9mm': data did not match any variant of untagged enum ItemGroupEntry" }, JsonParse { path: "item_group", detail: "Failed to deserialize item_group 'charged_ref_lighter': data did not match any variant of untagged enum ItemGroupEntry" }, JsonParse { path: "item_group", detail: "Failed to deserialize item_group 'mon_zombie_prisoner_death_drops': data did not match any variant of untagged enum ItemGroupEntry" }, JsonParse { path: "item_group", detail: "Failed to deserialize item_group 'mon_mutant_alpha_boss_death_drops': data did not match any variant of untagged enum ItemGroupEntry" }, JsonParse { path: "item_group", detail: "Failed to deserialize item_group 'SUS_hair_drawer': data did not match any variant of untagged enum ItemGroupEntry" }, JsonParse { path: "item_group", detail: "Failed to deserialize item_group 'boxed_450bushmaster_ar15kit': data did not match any variant of untagged enum ItemGroupEntry" }, JsonParse { path: "item_group", detail: "Failed to deserialize item_group 'mon_mutant_experimental_death_drops': data did not match any variant of untagged enum ItemGroupEntry" }, JsonParse { path: "item_group", detail: "Failed to deserialize item_group 'NC_SPIRAL_MADMAN_worn': data did not match any variant of untagged enum ItemGroupEntry" }, JsonParse { path: "item_group", detail: "Failed to deserialize item_group 'pur_tablets_bottle_plastic_small_50': data did not match any variant of untagged enum ItemGroupEntry" }, JsonParse { path: "item_group", detail: "Failed to deserialize item_group 'cattlefodder_bag_canvas_50': data did not match any variant of untagged enum ItemGroupEntry" }, JsonParse { path: "item_group", detail: "Failed to deserialize item_group 'mon_zombie_thorny_death_drops': data did not match any variant of untagged enum ItemGroupEntry" }, JsonParse { path: "item_group", detail: "Failed to deserialize item_group 'airdrop_tent': data did not match any variant of untagged enum ItemGroupEntry" }, JsonParse { path: "item_group", detail: "Failed to deserialize item_group 'santa_female': data did not match any variant of untagged enum ItemGroupEntry" }, JsonParse { path: "item_group", detail: "Failed to deserialize item_group 'mon_mutant_evolved_death_drops': data did not match any variant of untagged enum ItemGroupEntry" }, JsonParse { path: "item_group", detail: "Failed to deserialize item_group 'SUS_bathroom_cabinet': data did not match any variant of untagged enum ItemGroupEntry" }, JsonParse { path: "item_group", detail: "Failed to deserialize item_group 'candy_bag_plastic_3': data did not match any variant of untagged enum ItemGroupEntry" }, JsonParse { path: "item_group", detail: "Failed to deserialize item_group 'full_rebreather_mask': data did not match any variant of untagged enum ItemGroupEntry" }, JsonParse { path: "item_group", detail: "Failed to deserialize item_group 'mausketeer_swords': data did not match any variant of untagged enum ItemGroupEntry" }, JsonParse { path: "item_group", detail: "Failed to deserialize item_group 'nachos_bowl_plastic_full': data did not match any variant of untagged enum ItemGroupEntry" }, JsonParse { path: "item_group", detail: "Failed to deserialize item_group 'wheel_spare': data did not match any variant of untagged enum ItemGroupEntry" }, JsonParse { path: "item_group", detail: "Failed to deserialize item_group 'misc_smoking_legal': data did not match any variant of untagged enum ItemGroupEntry" }, JsonParse { path: "item_group", detail: "Failed to deserialize item_group 'tea_bag_dandelion_box_10': data did not match any variant of untagged enum ItemGroupEntry" }, JsonParse { path: "item_group", detail: "Failed to deserialize item_group 'GODCO_gemma_carried': data did not match any variant of untagged enum ItemGroupEntry" }, JsonParse { path: "item_group", detail: "Failed to deserialize item_group 'pemmican_bag_small': data did not match any variant of untagged enum ItemGroupEntry" }, JsonParse { path: "item_group", detail: "Failed to deserialize item_group 'sugar_bottle_glass_full': data did not match any variant of untagged enum ItemGroupEntry" }, JsonParse { path: "item_group", detail: "Failed to deserialize item_group 'flour_wheat_free_bag_plastic_full': data did not match any variant of untagged enum ItemGroupEntry" }, JsonParse { path: "item_group", detail: "Failed to deserialize item_group 'seasoning_italian_bottle_glass_small_full': data did not match any variant of untagged enum ItemGroupEntry" }, JsonParse { path: "item_group", detail: "Failed to deserialize item_group 'police_armory_full_augmag_223': data did not match any variant of untagged enum ItemGroupEntry" }, JsonParse { path: "item_group", detail: "Failed to deserialize item_group 'cottage_cheese_tub_1': data did not match any variant of untagged enum ItemGroupEntry" }, JsonParse { path: "item_group", detail: "Failed to deserialize item_group 'nested_gfy_1': data did not match any variant of untagged enum ItemGroupEntry" }, JsonParse { path: "item_group", detail: "Failed to deserialize item_group 'holster_supp_usp9': data did not match any variant of untagged enum ItemGroupEntry" }, JsonParse { path: "item_group", detail: "Failed to deserialize item_group 'toastem_box_small_8': data did not match any variant of untagged enum ItemGroupEntry" }, JsonParse { path: "item_group", detail: "Failed to deserialize item_group 'small_candles_in_box': data did not match any variant of untagged enum ItemGroupEntry" }, JsonParse { path: "item_group", detail: "Failed to deserialize item_group 'candy_coated_peanuts_box_snack_2': data did not match any variant of untagged enum ItemGroupEntry" }, JsonParse { path: "item_group", detail: "Failed to deserialize item_group 'SUS_evac_shelter_locker_used': data did not match any variant of untagged enum ItemGroupEntry" }, JsonParse { path: "item_group", detail: "Failed to deserialize item_group 'BEM_EXODII_HUNTER_STOCK': data did not match any variant of untagged enum ItemGroupEntry" }, JsonParse { path: "item_group", detail: "Failed to deserialize item_group 'boxed_450bushmaster_ar15kit_medium': data did not match any variant of untagged enum ItemGroupEntry" }, JsonParse { path: "item_group", detail: "Failed to deserialize item_group 'Liam_carry': data did not match any variant of untagged enum ItemGroupEntry" }, JsonParse { path: "item_group", detail: "Failed to deserialize item_group 'feral_prisoner_death_drops': data did not match any variant of untagged enum ItemGroupEntry" }, JsonParse { path: "item_group", detail: "Failed to deserialize item_group 'confit_meat_jar_3l_glass_sealed_12': data did not match any variant of untagged enum ItemGroupEntry" }, JsonParse { path: "item_group", detail: "Failed to deserialize item_group 'bottle_otc_painkiller_10': data did not match any variant of untagged enum ItemGroupEntry" }, JsonParse { path: "item_group", detail: "Failed to deserialize item_group 'homeopathic_pills_bottle_plastic_pill_supplement_20': data did not match any variant of untagged enum ItemGroupEntry" }, JsonParse { path: "item_group", detail: "Failed to deserialize item_group 'police_armory_full_ump40mag_40fmj': data did not match any variant of untagged enum ItemGroupEntry" }, JsonParse { path: "item_group", detail: "Failed to deserialize item_group 'maid_costume_female': data did not match any variant of untagged enum ItemGroupEntry" }, JsonParse { path: "item_group", detail: "Failed to deserialize item_group 'forage_summer': data did not match any variant of untagged enum ItemGroupEntry" }, JsonParse { path: "item_group", detail: "Failed to deserialize item_group 'police_armory_full_glockmag_9mmfmj': data did not match any variant of untagged enum ItemGroupEntry" }, JsonParse { path: "item_group", detail: "Failed to deserialize item_group 'SUS_janitors_closet': data did not match any variant of untagged enum ItemGroupEntry" }, JsonParse { path: "item_group", detail: "Failed to deserialize item_group 'fast_fridge': data did not match any variant of untagged enum ItemGroupEntry" }, JsonParse { path: "item_group", detail: "Failed to deserialize item_group 'box_lasagne_1lb': data did not match any variant of untagged enum ItemGroupEntry" }, JsonParse { path: "item_group", detail: "Failed to deserialize item_group 'seasoning_italian_bottle_plastic_full': data did not match any variant of untagged enum ItemGroupEntry" }, JsonParse { path: "item_group", detail: "Failed to deserialize item_group 'pizza_meat_box_small_4': data did not match any variant of untagged enum ItemGroupEntry" }, JsonParse { path: "item_group", detail: "Failed to deserialize item_group 'NC_LUMBERJACK_worn': data did not match any variant of untagged enum ItemGroupEntry" }, JsonParse { path: "item_group", detail: "Failed to deserialize item_group 'fish_in_can': data did not match any variant of untagged enum ItemGroupEntry" }, JsonParse { path: "item_group", detail: "Failed to deserialize item_group 'seasoning_salt_bag_paper_full': data did not match any variant of untagged enum ItemGroupEntry" }, JsonParse { path: "item_group", detail: "Failed to deserialize item_group 'police_armory_full_px4_40mag_40fmj': data did not match any variant of untagged enum ItemGroupEntry" }, JsonParse { path: "item_group", detail: "Failed to deserialize item_group 'police_armory_full_ump45_45_jhp': data did not match any variant of untagged enum ItemGroupEntry" }, JsonParse { path: "item_group", detail: "Failed to deserialize item_group 'ammo_medium_batteries_full': data did not match any variant of untagged enum ItemGroupEntry" }, JsonParse { path: "item_group", detail: "Failed to deserialize item_group 'chilidogs_wrapper_2': data did not match any variant of untagged enum ItemGroupEntry" }, JsonParse { path: "item_group", detail: "Failed to deserialize item_group 'LS_SUS_crate_tier0_supplies': data did not match any variant of untagged enum ItemGroupEntry" }, JsonParse { path: "item_group", detail: "Failed to deserialize item_group 'bar_fridge': data did not match any variant of untagged enum ItemGroupEntry" }, JsonParse { path: "item_group", detail: "Failed to deserialize item_group 'boxed_50beowulf_ar15kit_medium': data did not match any variant of untagged enum ItemGroupEntry" }, JsonParse { path: "item_group", detail: "Failed to deserialize item_group 'butler_costume_male': data did not match any variant of untagged enum ItemGroupEntry" }, JsonParse { path: "item_group", detail: "Failed to deserialize item_group 'corndogs_frozen_bag_plastic_2': data did not match any variant of untagged enum ItemGroupEntry" }, JsonParse { path: "item_group", detail: "Failed to deserialize item_group 'prisoner_or_cop_clothes_corpse': data did not match any variant of untagged enum ItemGroupEntry" }, JsonParse { path: "item_group", detail: "Failed to deserialize item_group 'candy2_bag_plastic_3': data did not match any variant of untagged enum ItemGroupEntry" }, JsonParse { path: "item_group", detail: "Failed to deserialize item_group 'wheel_busted': data did not match any variant of untagged enum ItemGroupEntry" }, JsonParse { path: "item_group", detail: "Failed to deserialize item_group 'garlic_powder_bottle_plastic_small_full': data did not match any variant of untagged enum ItemGroupEntry" }, JsonParse { path: "item_group", detail: "Failed to deserialize item_group 'raw_dandelion_jar_glass_sealed_1_inf': data did not match any variant of untagged enum ItemGroupEntry" }, JsonParse { path: "item_group", detail: "Failed to deserialize item_group 'police_armory_full_m9mag_9mmfmj': data did not match any variant of untagged enum ItemGroupEntry" }, JsonParse { path: "item_group", detail: "Failed to deserialize item_group 'dry_lentils_bag_plastic_full': data did not match any variant of untagged enum ItemGroupEntry" }, JsonParse { path: "item_group", detail: "Failed to deserialize item_group 'smokelounge_items': data did not match any variant of untagged enum ItemGroupEntry" }, JsonParse { path: "item_group", detail: "Failed to deserialize item_group 'molle_accessories': data did not match any variant of untagged enum ItemGroupEntry" }, JsonParse { path: "item_group", detail: "Failed to deserialize item_group 'zombie_reenactor_drops': data did not match any variant of untagged enum ItemGroupEntry" }, JsonParse { path: "item_group", detail: "Failed to deserialize item_group 'default_zombie_children_clothes': data did not match any variant of untagged enum ItemGroupEntry" }, JsonParse { path: "item_group", detail: "Failed to deserialize item_group 'cannedfood': data did not match any variant of untagged enum ItemGroupEntry" }, JsonParse { path: "item_group", detail: "Failed to deserialize item_group 'popcorn2_bag_plastic_4': data did not match any variant of untagged enum ItemGroupEntry" }, JsonParse { path: "item_group", detail: "Failed to deserialize item_group 'cheese_hard_wrapper_8': data did not match any variant of untagged enum ItemGroupEntry" }, JsonParse { path: "item_group", detail: "Failed to deserialize item_group 'full_gasmask': data did not match any variant of untagged enum ItemGroupEntry" }, JsonParse { path: "item_group", detail: "Failed to deserialize item_group 'bugout_bad_pack': data did not match any variant of untagged enum ItemGroupEntry" }, JsonParse { path: "item_group", detail: "Failed to deserialize item_group 'quiver_bow_hunter': data did not match any variant of untagged enum ItemGroupEntry" }, JsonParse { path: "item_group", detail: "Failed to deserialize item_group 'pantry_liquids': data did not match any variant of untagged enum ItemGroupEntry" }, JsonParse { path: "item_group", detail: "Failed to deserialize item_group 'LS_SUS_crate_tier0_materials': data did not match any variant of untagged enum ItemGroupEntry" }, JsonParse { path: "item_group", detail: "Failed to deserialize item_group 'SUS_coffee_cupboard': data did not match any variant of untagged enum ItemGroupEntry" }, JsonParse { path: "item_group", detail: "Failed to deserialize item_group 'fried_seeds_bag_plastic_4': data did not match any variant of untagged enum ItemGroupEntry" }, JsonParse { path: "item_group", detail: "Failed to deserialize item_group 'yeast_bottle_plastic_small_full': data did not match any variant of untagged enum ItemGroupEntry" }, JsonParse { path: "item_group", detail: "Failed to deserialize item_group 'memorial_mansion': data did not match any variant of untagged enum ItemGroupEntry" }, JsonParse { path: "item_group", detail: "Failed to deserialize item_group 'field_mp5': data did not match any variant of untagged enum ItemGroupEntry" }, JsonParse { path: "item_group", detail: "Failed to deserialize item_group 'candy_chocolate': data did not match any variant of untagged enum ItemGroupEntry" }, JsonParse { path: "item_group", detail: "Failed to deserialize item_group 'NC_ISHERWOOD_EDDIE_misc': data did not match any variant of untagged enum ItemGroupEntry" }, JsonParse { path: "item_group", detail: "Failed to deserialize item_group 'groce_bread': data did not match any variant of untagged enum ItemGroupEntry" }, JsonParse { path: "item_group", detail: "Failed to deserialize item_group 'can_corn_can_food_big_6': data did not match any variant of untagged enum ItemGroupEntry" }, JsonParse { path: "item_group", detail: "Failed to deserialize item_group 'field_usp_45': data did not match any variant of untagged enum ItemGroupEntry" }, JsonParse { path: "item_group", detail: "Failed to deserialize item_group 'NC_ISHERWOOD_JACK_misc': data did not match any variant of untagged enum ItemGroupEntry" }, JsonParse { path: "item_group", detail: "Failed to deserialize item_group 'police_armory_full_stanag30_556_mk318': data did not match any variant of untagged enum ItemGroupEntry" }, JsonParse { path: "item_group", detail: "Failed to deserialize item_group 'zombie_fursuits': data did not match any variant of untagged enum ItemGroupEntry" }, JsonParse { path: "item_group", detail: "Failed to deserialize item_group 'everyday_corpse_female': data did not match any variant of untagged enum ItemGroupEntry" }, JsonParse { path: "item_group", detail: "Failed to deserialize item_group 'raw_coffee_in_container_full': data did not match any variant of untagged enum ItemGroupEntry" }, JsonParse { path: "item_group", detail: "Failed to deserialize item_group 'SUS_breakfast_cupboard': data did not match any variant of untagged enum ItemGroupEntry" }, JsonParse { path: "item_group", detail: "Failed to deserialize item_group 'cinnamon_bottle_plastic_full': data did not match any variant of untagged enum ItemGroupEntry" }, JsonParse { path: "item_group", detail: "Failed to deserialize item_group 'NC_HACKER_misc': data did not match any variant of untagged enum ItemGroupEntry" }, JsonParse { path: "item_group", detail: "Failed to deserialize item_group 'SUS_rivtech_misc': data did not match any variant of untagged enum ItemGroupEntry" }, JsonParse { path: "item_group", detail: "Failed to deserialize item_group 'cop_evidence': data did not match any variant of untagged enum ItemGroupEntry" }, JsonParse { path: "item_group", detail: "Failed to deserialize item_group 'salt_bag_paper_full': data did not match any variant of untagged enum ItemGroupEntry" }, JsonParse { path: "item_group", detail: "Failed to deserialize item_group 'charged_smart_watch': data did not match any variant of untagged enum ItemGroupEntry" }, JsonParse { path: "item_group", detail: "Failed to deserialize item_group 'mon_feral_sailor_death_drops': data did not match any variant of untagged enum ItemGroupEntry" }, JsonParse { path: "item_group", detail: "Failed to deserialize item_group 'SUS_exodii_storage_dryfood': data did not match any variant of untagged enum ItemGroupEntry" }, JsonParse { path: "item_group", detail: "Failed to deserialize item_group 'iodine_bottle_plastic_pill_supplement_10': data did not match any variant of untagged enum ItemGroupEntry" }, JsonParse { path: "item_group", detail: "Failed to deserialize item_group 'raw_burdock_jar_3l_glass_sealed_1_inf': data did not match any variant of untagged enum ItemGroupEntry" }, JsonParse { path: "item_group", detail: "Failed to deserialize item_group 'barbecue': data did not match any variant of untagged enum ItemGroupEntry" }, JsonParse { path: "item_group", detail: "Failed to deserialize item_group 'sixpack_bottles_random': data did not match any variant of untagged enum ItemGroupEntry" }, JsonParse { path: "item_group", detail: "Failed to deserialize item_group 'meat_pickled_jar_glass_sealed_2': data did not match any variant of untagged enum ItemGroupEntry" }, JsonParse { path: "item_group", detail: "Failed to deserialize item_group 'flatbread_in_bag_full': data did not match any variant of untagged enum ItemGroupEntry" }, JsonParse { path: "item_group", detail: "Failed to deserialize item_group 'charged_heavy_flashlight': data did not match any variant of untagged enum ItemGroupEntry" }, JsonParse { path: "item_group", detail: "Failed to deserialize item_group 'boxed_22_ar15kit': data did not match any variant of untagged enum ItemGroupEntry" }, JsonParse { path: "item_group", detail: "Failed to deserialize item_group 'box_macncheese': data did not match any variant of untagged enum ItemGroupEntry" }, JsonParse { path: "item_group", detail: "Failed to deserialize item_group 'police_armory_box_full_shot_beanbag': data did not match any variant of untagged enum ItemGroupEntry" }, JsonParse { path: "item_group", detail: "Failed to deserialize item_group 'police_armory_box_full_9mm': data did not match any variant of untagged enum ItemGroupEntry" }, JsonParse { path: "item_group", detail: "Failed to deserialize item_group 'Zomborg_CBM_harvest_structural': data did not match any variant of untagged enum ItemGroupEntry" }, JsonParse { path: "item_group", detail: "Failed to deserialize item_group 'charged_tazer': data did not match any variant of untagged enum ItemGroupEntry" }, JsonParse { path: "item_group", detail: "Failed to deserialize item_group 'clothing_outdoor_torso': data did not match any variant of untagged enum ItemGroupEntry" }, JsonParse { path: "item_group", detail: "Failed to deserialize item_group 'mascarpone_container_1': data did not match any variant of untagged enum ItemGroupEntry" }, JsonParse { path: "item_group", detail: "Failed to deserialize item_group 'police_armory_full_hk417mag_762_51': data did not match any variant of untagged enum ItemGroupEntry" }, JsonParse { path: "item_group", detail: "Failed to deserialize item_group 'breakfast_cereal_in_box_full': data did not match any variant of untagged enum ItemGroupEntry" }, JsonParse { path: "item_group", detail: "Failed to deserialize item_group 'field_as50': data did not match any variant of untagged enum ItemGroupEntry" }, JsonParse { path: "item_group", detail: "Failed to deserialize item_group 'explode_innards': data did not match any variant of untagged enum ItemGroupEntry" }, JsonParse { path: "item_group", detail: "Failed to deserialize item_group 'chocpretzels_bag_plastic_3': data did not match any variant of untagged enum ItemGroupEntry" }, JsonParse { path: "item_group", detail: "Failed to deserialize item_group 'some_heavy_steel_front_plates': data did not match any variant of untagged enum ItemGroupEntry" }, JsonParse { path: "item_group", detail: "Failed to deserialize item_group 'quikclot_bag_plastic_6': data did not match any variant of untagged enum ItemGroupEntry" }, JsonParse { path: "item_group", detail: "Failed to deserialize item_group 'mon_zombie_survivor_death_drops': data did not match any variant of untagged enum ItemGroupEntry" }, JsonParse { path: "item_group", detail: "Failed to deserialize item_group 'disinfectant_bottle': data did not match any variant of untagged enum ItemGroupEntry" }, JsonParse { path: "item_group", detail: "Failed to deserialize item_group 'cow_candy_bag_plastic_3': data did not match any variant of untagged enum ItemGroupEntry" }, JsonParse { path: "item_group", detail: "Failed to deserialize item_group 'police_armory_full_glock_21mag_45_acp': data did not match any variant of untagged enum ItemGroupEntry" }, JsonParse { path: "item_group", detail: "Failed to deserialize item_group 'sandwich_pbj_wrapper_1_inf': data did not match any variant of untagged enum ItemGroupEntry" }, JsonParse { path: "item_group", detail: "Failed to deserialize item_group 'jerky_ziploc': data did not match any variant of untagged enum ItemGroupEntry" }, JsonParse { path: "item_group", detail: "Failed to deserialize item_group 'john_bailey_pistol': data did not match any variant of untagged enum ItemGroupEntry" }, JsonParse { path: "item_group", detail: "Failed to deserialize item_group 'EXODII_basic_trade': data did not match any variant of untagged enum ItemGroupEntry" }, JsonParse { path: "item_group", detail: "Failed to deserialize item_group 'police_armory_box_full_9mmP2': data did not match any variant of untagged enum ItemGroupEntry" }, JsonParse { path: "item_group", detail: "Failed to deserialize item_group 'boxed_223rem_mdrxkit_medium': data did not match any variant of untagged enum ItemGroupEntry" }, JsonParse { path: "item_group", detail: "Failed to deserialize item_group 'NC_ISHERWOOD_CLAIRE_misc': data did not match any variant of untagged enum ItemGroupEntry" }, JsonParse { path: "item_group", detail: "Failed to deserialize item_group 'mon_zombie_soldier_death_drops': data did not match any variant of untagged enum ItemGroupEntry" }, JsonParse { path: "item_group", detail: "Failed to deserialize item_group 'sandwich_veggy_wrapper_1_inf': data did not match any variant of untagged enum ItemGroupEntry" }, JsonParse { path: "item_group", detail: "Failed to deserialize item_group 'boxed_44_deaglekit': data did not match any variant of untagged enum ItemGroupEntry" }, JsonParse { path: "item_group", detail: "Failed to deserialize item_group 'speedloaders_s&w619_special': data did not match any variant of untagged enum ItemGroupEntry" }, JsonParse { path: "item_group", detail: "Failed to deserialize item_group 'coffee_prep': data did not match any variant of untagged enum ItemGroupEntry" }, JsonParse { path: "item_group", detail: "Failed to deserialize item_group 'chicken_fried_box_6': data did not match any variant of untagged enum ItemGroupEntry" }, JsonParse { path: "item_group", detail: "Failed to deserialize item_group 'mon_feral_sailor_axe_death_drops': data did not match any variant of untagged enum ItemGroupEntry" }, JsonParse { path: "item_group", detail: "Failed to deserialize item_group 'medieval': data did not match any variant of untagged enum ItemGroupEntry" }, JsonParse { path: "item_group", detail: "Failed to deserialize item_group 'flour_bag_50': data did not match any variant of untagged enum ItemGroupEntry" }, JsonParse { path: "item_group", detail: "Failed to deserialize item_group 'can_pineapple_can_food_big_12': data did not match any variant of untagged enum ItemGroupEntry" }, JsonParse { path: "item_group", detail: "Failed to deserialize item_group 'feral_jackboot_shotgun': data did not match any variant of untagged enum ItemGroupEntry" }, JsonParse { path: "item_group", detail: "Failed to deserialize item_group 'beer_in_six_pack_cardboard': data did not match any variant of untagged enum ItemGroupEntry" }, JsonParse { path: "item_group", detail: "Failed to deserialize item_group 'exodii_unwanted_bathroom_medicine': data did not match any variant of untagged enum ItemGroupEntry" }, JsonParse { path: "item_group", detail: "Failed to deserialize item_group 'SUS_kitchen_sink': data did not match any variant of untagged enum ItemGroupEntry" }, JsonParse { path: "item_group", detail: "Failed to deserialize item_group 'mon_zombie_milbase_personnel_death_drops': data did not match any variant of untagged enum ItemGroupEntry" }, JsonParse { path: "item_group", detail: "Failed to deserialize item_group 'boxed_223rem_ar15kit': data did not match any variant of untagged enum ItemGroupEntry" }, JsonParse { path: "item_group", detail: "Failed to deserialize item_group 'field_steyraug': data did not match any variant of untagged enum ItemGroupEntry" }, JsonParse { path: "item_group", detail: "Failed to deserialize item_group 'soap_packed': data did not match any variant of untagged enum ItemGroupEntry" }, JsonParse { path: "item_group", detail: "Failed to deserialize item_group 'police_armory_box_full_308': data did not match any variant of untagged enum ItemGroupEntry" }, JsonParse { path: "item_group", detail: "Failed to deserialize item_group 'speedloaders_s&w619_magnum': data did not match any variant of untagged enum ItemGroupEntry" }, JsonParse { path: "item_group", detail: "Failed to deserialize item_group 'police_armory_box_full_45_super': data did not match any variant of untagged enum ItemGroupEntry" }, JsonParse { path: "item_group", detail: "Failed to deserialize item_group 'default_zombie_items_pockets': data did not match any variant of untagged enum ItemGroupEntry" }, JsonParse { path: "item_group", detail: "Failed to deserialize item_group 'fruits_in_can': data did not match any variant of untagged enum ItemGroupEntry" }, JsonParse { path: "item_group", detail: "Failed to deserialize item_group 'cat_food_in_container_full': data did not match any variant of untagged enum ItemGroupEntry" }, JsonParse { path: "item_group", detail: "Failed to deserialize item_group 'chem_school': data did not match any variant of untagged enum ItemGroupEntry" }, JsonParse { path: "item_group", detail: "Failed to deserialize item_group 'lobster_in_can': data did not match any variant of untagged enum ItemGroupEntry" }, JsonParse { path: "item_group", detail: "Failed to deserialize item_group 'charged_two_way_radio': data did not match any variant of untagged enum ItemGroupEntry" }, JsonParse { path: "item_group", detail: "Failed to deserialize item_group 'police_armory_full_stanag30_223': data did not match any variant of untagged enum ItemGroupEntry" }, JsonParse { path: "item_group", detail: "Failed to deserialize item_group 'JAY_RUCKERS_worn': data did not match any variant of untagged enum ItemGroupEntry" }, JsonParse { path: "item_group", detail: "Failed to deserialize item_group 'fried_mozzarella_sticks_bag_plastic_4': data did not match any variant of untagged enum ItemGroupEntry" }, JsonParse { path: "item_group", detail: "Failed to deserialize item_group 'police_armory_full_rugermag_223': data did not match any variant of untagged enum ItemGroupEntry" }, JsonParse { path: "item_group", detail: "Failed to deserialize item_group 'explode_gasbag': data did not match any variant of untagged enum ItemGroupEntry" }, JsonParse { path: "item_group", detail: "Failed to deserialize item_group 'vitc_tablet_bottle_full': data did not match any variant of untagged enum ItemGroupEntry" }, JsonParse { path: "item_group", detail: "Failed to deserialize item_group 'NC_ANCILLA_DOCTOR_EXPENSIVE_ITEMS': data did not match any variant of untagged enum ItemGroupEntry" }, JsonParse { path: "item_group", detail: "Failed to deserialize item_group 'fruit_leather_bag_plastic_full': data did not match any variant of untagged enum ItemGroupEntry" }, JsonParse { path: "item_group", detail: "Failed to deserialize item_group 'yeast_bottle_glass_small_full': data did not match any variant of untagged enum ItemGroupEntry" }, JsonParse { path: "item_group", detail: "Failed to deserialize item_group 'butcher_raw_meat': data did not match any variant of untagged enum ItemGroupEntry" }, JsonParse { path: "item_group", detail: "Failed to deserialize item_group 'boxed_308win_mdrxkit': data did not match any variant of untagged enum ItemGroupEntry" }, JsonParse { path: "item_group", detail: "Failed to deserialize item_group 'field_glock_21': data did not match any variant of untagged enum ItemGroupEntry" }, JsonParse { path: "item_group", detail: "Failed to deserialize item_group 'thorazine_bottle_plastic_pill_prescription_10': data did not match any variant of untagged enum ItemGroupEntry" }, JsonParse { path: "item_group", detail: "Failed to deserialize item_group 'choco_coffee_beans_bag_plastic_5': data did not match any variant of untagged enum ItemGroupEntry" }, JsonParse { path: "item_group", detail: "Failed to deserialize item_group 'void_spider_spiderling_skewered_drops': data did not match any variant of untagged enum ItemGroupEntry" }, JsonParse { path: "item_group", detail: "Failed to deserialize item_group 'mon_feral_marine_death_drops': data did not match any variant of untagged enum ItemGroupEntry" }, JsonParse { path: "item_group", detail: "Failed to deserialize item_group 'police_armory_full_uzimag_9mmfmj': data did not match any variant of untagged enum ItemGroupEntry" }, JsonParse { path: "item_group", detail: "Failed to deserialize item_group 'artificial_sweetener_box_small_71': data did not match any variant of untagged enum ItemGroupEntry" }, JsonParse { path: "item_group", detail: "Failed to deserialize item_group 'eod_armor': data did not match any variant of untagged enum ItemGroupEntry" }, JsonParse { path: "item_group", detail: "Failed to deserialize item_group 'mine_materials': data did not match any variant of untagged enum ItemGroupEntry" }, JsonParse { path: "item_group", detail: "Failed to deserialize item_group 'police_armory_box_full_40sw': data did not match any variant of untagged enum ItemGroupEntry" }, JsonParse { path: "item_group", detail: "Failed to deserialize item_group 'NC_ROBOFAC_INTERCOM_trade_hm12': data did not match any variant of untagged enum ItemGroupEntry" }, JsonParse { path: "item_group", detail: "Failed to deserialize item_group 'preserved_food': data did not match any variant of untagged enum ItemGroupEntry" }, JsonParse { path: "item_group", detail: "Failed to deserialize item_group 'peanuts_ziploc': data did not match any variant of untagged enum ItemGroupEntry" }, JsonParse { path: "item_group", detail: "Failed to deserialize item_group 'toilet_paper_packed': data did not match any variant of untagged enum ItemGroupEntry" }, JsonParse { path: "item_group", detail: "Failed to deserialize item_group 'pirate_costume_unisex': data did not match any variant of untagged enum ItemGroupEntry" }, JsonParse { path: "item_group", detail: "Failed to deserialize item_group 'NC_SOLDIER_masks': data did not match any variant of untagged enum ItemGroupEntry" }, JsonParse { path: "item_group", detail: "Failed to deserialize item_group 'robofac_merc_mags': data did not match any variant of untagged enum ItemGroupEntry" }, JsonParse { path: "item_group", detail: "Failed to deserialize item_group 'eggs_in_carton_full': data did not match any variant of untagged enum ItemGroupEntry" }, JsonParse { path: "item_group", detail: "Failed to deserialize item_group 'SUS_junk_drawer_tidy': data did not match any variant of untagged enum ItemGroupEntry" }, JsonParse { path: "item_group", detail: "Failed to deserialize item_group 'NC_LUMBERJACK_tools': data did not match any variant of untagged enum ItemGroupEntry" }, JsonParse { path: "item_group", detail: "Failed to deserialize item_group 'john_bailey_quiver': data did not match any variant of untagged enum ItemGroupEntry" }, JsonParse { path: "item_group", detail: "Failed to deserialize item_group 'veggy_salad_bowl_2': data did not match any variant of untagged enum ItemGroupEntry" }, JsonParse { path: "item_group", detail: "Failed to deserialize item_group 'police_armory_full_ai_mag_300': data did not match any variant of untagged enum ItemGroupEntry" }, JsonParse { path: "item_group", detail: "Failed to deserialize item_group 'boxed_308win_mdrxkit_medium': data did not match any variant of untagged enum ItemGroupEntry" }, JsonParse { path: "item_group", detail: "Failed to deserialize item_group 'police_armory_full_mradmag_338': data did not match any variant of untagged enum ItemGroupEntry" }, JsonParse { path: "item_group", detail: "Failed to deserialize item_group 'GODCO_helena_worn': data did not match any variant of untagged enum ItemGroupEntry" }, JsonParse { path: "item_group", detail: "Failed to deserialize item_group 'canned_staples_1l': data did not match any variant of untagged enum ItemGroupEntry" }, JsonParse { path: "item_group", detail: "Failed to deserialize item_group 'SUS_fridge_stocked': data did not match any variant of untagged enum ItemGroupEntry" }, JsonParse { path: "item_group", detail: "Failed to deserialize item_group 'field_xedra_shotgun': data did not match any variant of untagged enum ItemGroupEntry" }, JsonParse { path: "item_group", detail: "Failed to deserialize item_group 'fort_historic_wardrobe': data did not match any variant of untagged enum ItemGroupEntry" }, JsonParse { path: "item_group", detail: "Failed to deserialize item_group 'field_px4_40': data did not match any variant of untagged enum ItemGroupEntry" }, JsonParse { path: "item_group", detail: "Failed to deserialize item_group 'marloss_zealot_death_drops': data did not match any variant of untagged enum ItemGroupEntry" }, JsonParse { path: "item_group", detail: "Failed to deserialize item_group 'starer_death_drops_pipe': data did not match any variant of untagged enum ItemGroupEntry" }, JsonParse { path: "item_group", detail: "Failed to deserialize item_group 'police_armory_full_px4_40mag_40sw': data did not match any variant of untagged enum ItemGroupEntry" }, JsonParse { path: "item_group", detail: "Failed to deserialize item_group 'police_armory_full_glock17mag_9mmfmj': data did not match any variant of untagged enum ItemGroupEntry" }, JsonParse { path: "item_group", detail: "Failed to deserialize item_group 'veggy_canned_jar_3l_glass_sealed_12': data did not match any variant of untagged enum ItemGroupEntry" }, JsonParse { path: "item_group", detail: "Failed to deserialize item_group 'chris_body': data did not match any variant of untagged enum ItemGroupEntry" }, JsonParse { path: "item_group", detail: "Failed to deserialize item_group 'cop_locker': data did not match any variant of untagged enum ItemGroupEntry" }, JsonParse { path: "item_group", detail: "Failed to deserialize item_group 'protein_bar_zero_box_12': data did not match any variant of untagged enum ItemGroupEntry" }, JsonParse { path: "item_group", detail: "Failed to deserialize item_group 'police_armory_full_px4mag_9mm': data did not match any variant of untagged enum ItemGroupEntry" }, JsonParse { path: "item_group", detail: "Failed to deserialize item_group 'charged_smart_watch_adv': data did not match any variant of untagged enum ItemGroupEntry" }, JsonParse { path: "item_group", detail: "Failed to deserialize item_group 'instant_gravy_tub': data did not match any variant of untagged enum ItemGroupEntry" }, JsonParse { path: "item_group", detail: "Failed to deserialize item_group 'tea_fruit_bag_box_10': data did not match any variant of untagged enum ItemGroupEntry" }, JsonParse { path: "item_group", detail: "Failed to deserialize item_group 'pepper_bottle_glass_small_full': data did not match any variant of untagged enum ItemGroupEntry" }, JsonParse { path: "item_group", detail: "Failed to deserialize item_group 'charged_aspirin': data did not match any variant of untagged enum ItemGroupEntry" }, JsonParse { path: "item_group", detail: "Failed to deserialize item_group 'explode_zed_fungal_bone': data did not match any variant of untagged enum ItemGroupEntry" }, JsonParse { path: "item_group", detail: "Failed to deserialize item_group 'pet_food_in_container': data did not match any variant of untagged enum ItemGroupEntry" }, JsonParse { path: "item_group", detail: "Failed to deserialize item_group 'peanut_shelled_bag_plastic_4': data did not match any variant of untagged enum ItemGroupEntry" }, JsonParse { path: "item_group", detail: "Failed to deserialize item_group 'NC_Isherwood_male_worn': data did not match any variant of untagged enum ItemGroupEntry" }, JsonParse { path: "item_group", detail: "Failed to deserialize item_group 'fries_box_small_1_inf': data did not match any variant of untagged enum ItemGroupEntry" }, JsonParse { path: "item_group", detail: "Failed to deserialize item_group 'construction_worker': data did not match any variant of untagged enum ItemGroupEntry" }, JsonParse { path: "item_group", detail: "Failed to deserialize item_group 'chili_can_medium_1_inf': data did not match any variant of untagged enum ItemGroupEntry" }, JsonParse { path: "item_group", detail: "Failed to deserialize item_group 'protein_powder_bottle_plastic_small_9': data did not match any variant of untagged enum ItemGroupEntry" }, JsonParse { path: "item_group", detail: "Failed to deserialize item_group 'veggy_pickled_jar_glass_sealed_2': data did not match any variant of untagged enum ItemGroupEntry" }, JsonParse { path: "item_group", detail: "Failed to deserialize item_group 'diazepam_bottle_plastic_pill_prescription_10': data did not match any variant of untagged enum ItemGroupEntry" }, JsonParse { path: "item_group", detail: "Failed to deserialize item_group 'NC_BARTENDER_misc': data did not match any variant of untagged enum ItemGroupEntry" }, JsonParse { path: "item_group", detail: "Failed to deserialize item_group 'pills_sleep_bottle_plastic_pill_prescription_10': data did not match any variant of untagged enum ItemGroupEntry" }, JsonParse { path: "item_group", detail: "Failed to deserialize item_group 'ammo_heavy_batteries_full': data did not match any variant of untagged enum ItemGroupEntry" }, JsonParse { path: "item_group", detail: "Failed to deserialize item_group 'adderall_bottle_plastic_pill_prescription_10': data did not match any variant of untagged enum ItemGroupEntry" }, JsonParse { path: "item_group", detail: "Failed to deserialize item_group 'brown_bread_in_bag_full': data did not match any variant of untagged enum ItemGroupEntry" }, JsonParse { path: "item_group", detail: "Failed to deserialize item_group 'irradiated_lettuce_bag_plastic_5': data did not match any variant of untagged enum ItemGroupEntry" }, JsonParse { path: "item_group", detail: "Failed to deserialize item_group 'pickle_jar_glass_sealed_2': data did not match any variant of untagged enum ItemGroupEntry" }, JsonParse { path: "item_group", detail: "Failed to deserialize item_group 'police_armory_box_full_338': data did not match any variant of untagged enum ItemGroupEntry" }, JsonParse { path: "item_group", detail: "Failed to deserialize item_group 'mon_zombie_scientist_death_drops': data did not match any variant of untagged enum ItemGroupEntry" }, JsonParse { path: "item_group", detail: "Failed to deserialize item_group 'sugar_bottle_plastic_full': data did not match any variant of untagged enum ItemGroupEntry" }, JsonParse { path: "item_group", detail: "Failed to deserialize item_group 'corn_in_can': data did not match any variant of untagged enum ItemGroupEntry" }, JsonParse { path: "item_group", detail: "Failed to deserialize item_group 'charged_laptop': data did not match any variant of untagged enum ItemGroupEntry" }, JsonParse { path: "item_group", detail: "Failed to deserialize item_group 'pistachio_roasted_bag_plastic_4': data did not match any variant of untagged enum ItemGroupEntry" }, JsonParse { path: "item_group", detail: "Failed to deserialize item_group 'boxed_223rem_ar15kit_medium': data did not match any variant of untagged enum ItemGroupEntry" }, JsonParse { path: "item_group", detail: "Failed to deserialize item_group 'quikclot_bag_plastic_5': data did not match any variant of untagged enum ItemGroupEntry" }, JsonParse { path: "item_group", detail: "Failed to deserialize item_group 'spread_peanutbutter_2': data did not match any variant of untagged enum ItemGroupEntry" }, JsonParse { path: "item_group", detail: "Failed to deserialize item_group 'ninja_costume_unisex': data did not match any variant of untagged enum ItemGroupEntry" }, JsonParse { path: "item_group", detail: "Failed to deserialize item_group 'meat_pickled_jar_3l_glass_sealed_12': data did not match any variant of untagged enum ItemGroupEntry" }, JsonParse { path: "item_group", detail: "Failed to deserialize item_group 'field_ump45': data did not match any variant of untagged enum ItemGroupEntry" }, JsonParse { path: "item_group", detail: "Failed to deserialize item_group 'tuna_in_can': data did not match any variant of untagged enum ItemGroupEntry" }, JsonParse { path: "item_group", detail: "Failed to deserialize item_group 'carrot_bowl_plastic_2': data did not match any variant of untagged enum ItemGroupEntry" }, JsonParse { path: "item_group", detail: "Failed to deserialize item_group 'feral_maids_death_drops_candlestick': data did not match any variant of untagged enum ItemGroupEntry" }, JsonParse { path: "item_group", detail: "Failed to deserialize item_group 'SUS_efiles_office': data did not match any variant of untagged enum ItemGroupEntry" }, JsonParse { path: "item_group", detail: "Failed to deserialize item_group 'NC_ROBOFAC_INTERCOM_trade_envirosuit': data did not match any variant of untagged enum ItemGroupEntry" }, JsonParse { path: "item_group", detail: "Failed to deserialize item_group 'chowder_in_can': data did not match any variant of untagged enum ItemGroupEntry" }, JsonParse { path: "item_group", detail: "Failed to deserialize item_group 'honey_mustard_sealed_rng': data did not match any variant of untagged enum ItemGroupEntry" }, JsonParse { path: "item_group", detail: "Failed to deserialize item_group 'army_mags_tac338': data did not match any variant of untagged enum ItemGroupEntry" }, JsonParse { path: "item_group", detail: "Failed to deserialize item_group 'livingroom': data did not match any variant of untagged enum ItemGroupEntry" }, JsonParse { path: "item_group", detail: "Failed to deserialize item_group 'pizza_cheese_box_small_4': data did not match any variant of untagged enum ItemGroupEntry" }, JsonParse { path: "item_group", detail: "Failed to deserialize item_group 'wizard_costume_unisex': data did not match any variant of untagged enum ItemGroupEntry" }, JsonParse { path: "item_group", detail: "Failed to deserialize item_group 'cowboy_costume_unisex': data did not match any variant of untagged enum ItemGroupEntry" }, JsonParse { path: "item_group", detail: "Failed to deserialize item_group 'beans_in_can': data did not match any variant of untagged enum ItemGroupEntry" }, JsonParse { path: "item_group", detail: "Failed to deserialize item_group 'twoliter_water_batch': data did not match any variant of untagged enum ItemGroupEntry" }, JsonParse { path: "item_group", detail: "Failed to deserialize item_group 'worker_kitted_hard_hat': data did not match any variant of untagged enum ItemGroupEntry" }, JsonParse { path: "item_group", detail: "Failed to deserialize item_group 'butter_wrapper_8': data did not match any variant of untagged enum ItemGroupEntry" }, JsonParse { path: "item_group", detail: "Failed to deserialize item_group 'priest_costume_male': data did not match any variant of untagged enum ItemGroupEntry" }, JsonParse { path: "item_group", detail: "Failed to deserialize item_group 'NC_CARAVAN_GUARD_masks': data did not match any variant of untagged enum ItemGroupEntry" }, JsonParse { path: "item_group", detail: "Failed to deserialize item_group 'field_mini14': data did not match any variant of untagged enum ItemGroupEntry" }, JsonParse { path: "item_group", detail: "Failed to deserialize item_group 'police_armory_full_m14mag_308': data did not match any variant of untagged enum ItemGroupEntry" }, JsonParse { path: "item_group", detail: "Failed to deserialize item_group 'operator_armaments': data did not match any variant of untagged enum ItemGroupEntry" }, JsonParse { path: "item_group", detail: "Failed to deserialize item_group 'popcorn3_bag_plastic_4': data did not match any variant of untagged enum ItemGroupEntry" }, JsonParse { path: "item_group", detail: "Failed to deserialize item_group 'starer_death_drops_axe': data did not match any variant of untagged enum ItemGroupEntry" }, JsonParse { path: "item_group", detail: "Failed to deserialize item_group 'mags_50beowulf_ar15': data did not match any variant of untagged enum ItemGroupEntry" }, JsonParse { path: "item_group", detail: "Failed to deserialize item_group 'fast_locker': data did not match any variant of untagged enum ItemGroupEntry" }, JsonParse { path: "item_group", detail: "Failed to deserialize item_group 'acetaminophen_bottle_full': data did not match any variant of untagged enum ItemGroupEntry" }, JsonParse { path: "item_group", detail: "Failed to deserialize item_group 'SUS_exodii_storage_highvalue': data did not match any variant of untagged enum ItemGroupEntry" }, JsonParse { path: "item_group", detail: "Failed to deserialize item_group 'mil_food': data did not match any variant of untagged enum ItemGroupEntry" }, JsonParse { path: "item_group", detail: "Failed to deserialize item_group 'explode_zed_fungal': data did not match any variant of untagged enum ItemGroupEntry" }, JsonParse { path: "item_group", detail: "Failed to deserialize item_group 'police_armory_box_full_9mmP': data did not match any variant of untagged enum ItemGroupEntry" }, JsonParse { path: "item_group", detail: "Failed to deserialize item_group 'GODCO_jane_carried': data did not match any variant of untagged enum ItemGroupEntry" }, JsonParse { path: "item_group", detail: "Failed to deserialize item_group 'police_armory_full_glockmag_9mm': data did not match any variant of untagged enum ItemGroupEntry" }, JsonParse { path: "item_group", detail: "Failed to deserialize item_group 'tea_bag_chamomile_box_10': data did not match any variant of untagged enum ItemGroupEntry" }, JsonParse { path: "item_group", detail: "Failed to deserialize item_group 'civilian_body_armor': data did not match any variant of untagged enum ItemGroupEntry" }, JsonParse { path: "item_group", detail: "Failed to deserialize item_group 'caffeine_bottle_plastic_pill_supplement_10': data did not match any variant of untagged enum ItemGroupEntry" }, JsonParse { path: "item_group", detail: "Failed to deserialize item_group 'milk_cocoa_powder_bag_plastic_full': data did not match any variant of untagged enum ItemGroupEntry" }, JsonParse { path: "item_group", detail: "Failed to deserialize item_group 'police_armory_box_full_223': data did not match any variant of untagged enum ItemGroupEntry" }, JsonParse { path: "item_group", detail: "Failed to deserialize item_group 'mon_feral_cop_death_drops': data did not match any variant of untagged enum ItemGroupEntry" }, JsonParse { path: "item_group", detail: "Failed to deserialize item_group 'sandwich_t_wrapper_1_inf': data did not match any variant of untagged enum ItemGroupEntry" }, JsonParse { path: "item_group", detail: "Failed to deserialize item_group 'police_armory_box_full_556_mk262': data did not match any variant of untagged enum ItemGroupEntry" }, JsonParse { path: "item_group", detail: "Failed to deserialize item_group 'bugout_meds_prepper': data did not match any variant of untagged enum ItemGroupEntry" }, JsonParse { path: "item_group", detail: "Failed to deserialize item_group 'veggy_salad_bowl_plastic_1_inf': data did not match any variant of untagged enum ItemGroupEntry" }, JsonParse { path: "item_group", detail: "Failed to deserialize item_group 'REFUGEE_Vanessa_carried': data did not match any variant of untagged enum ItemGroupEntry" }, JsonParse { path: "item_group", detail: "Failed to deserialize item_group 'field_sp2022_9mm': data did not match any variant of untagged enum ItemGroupEntry" }, JsonParse { path: "item_group", detail: "Failed to deserialize item_group 'void_spider_corpse_mayor_loot': data did not match any variant of untagged enum ItemGroupEntry" }, JsonParse { path: "item_group", detail: "Failed to deserialize item_group 'cinnamon_jar_glass_sealed_1_inf': data did not match any variant of untagged enum ItemGroupEntry" }, JsonParse { path: "item_group", detail: "Failed to deserialize item_group 'mre_contents': data did not match any variant of untagged enum ItemGroupEntry" }, JsonParse { path: "item_group", detail: "Failed to deserialize item_group 'vampire_costume_female': data did not match any variant of untagged enum ItemGroupEntry" }, JsonParse { path: "item_group", detail: "Failed to deserialize item_group 'ravioli_in_can': data did not match any variant of untagged enum ItemGroupEntry" }, JsonParse { path: "item_group", detail: "Failed to deserialize item_group 'birth_control': data did not match any variant of untagged enum ItemGroupEntry" }, JsonParse { path: "item_group", detail: "Failed to deserialize item_group 'field_px4_9mm': data did not match any variant of untagged enum ItemGroupEntry" }, JsonParse { path: "item_group", detail: "Failed to deserialize item_group 'yeast_bag_10': data did not match any variant of untagged enum ItemGroupEntry" }, JsonParse { path: "item_group", detail: "Failed to deserialize item_group 'salmon_in_can': data did not match any variant of untagged enum ItemGroupEntry" }, JsonParse { path: "item_group", detail: "Failed to deserialize item_group 'map_extra_science_corpse': data did not match any variant of untagged enum ItemGroupEntry" }, JsonParse { path: "item_group", detail: "Failed to deserialize item_group 'bug_parts': data did not match any variant of untagged enum ItemGroupEntry" }, JsonParse { path: "item_group", detail: "Failed to deserialize item_group 'spam_in_can': data did not match any variant of untagged enum ItemGroupEntry" }, JsonParse { path: "item_group", detail: "Failed to deserialize item_group 'NC_ROBOFAC_SCIENTIST_worn': data did not match any variant of untagged enum ItemGroupEntry" }, JsonParse { path: "item_group", detail: "Failed to deserialize item_group 'ninja_costume_female': data did not match any variant of untagged enum ItemGroupEntry" }, JsonParse { path: "item_group", detail: "Failed to deserialize item_group 'corpses_no_items': data did not match any variant of untagged enum ItemGroupEntry" }, JsonParse { path: "item_group", detail: "Failed to deserialize item_group 'SUS_oven': data did not match any variant of untagged enum ItemGroupEntry" }, JsonParse { path: "item_group", detail: "Failed to deserialize item_group 'field_apc9': data did not match any variant of untagged enum ItemGroupEntry" }, JsonParse { path: "item_group", detail: "Failed to deserialize item_group 'antibiotics_bottle_plastic_pill_prescription_15': data did not match any variant of untagged enum ItemGroupEntry" }, JsonParse { path: "item_group", detail: "Failed to deserialize item_group 'holster_supp_57': data did not match any variant of untagged enum ItemGroupEntry" }, JsonParse { path: "item_group", detail: "Failed to deserialize item_group 'mon_zombie_miner_death_drops': data did not match any variant of untagged enum ItemGroupEntry" }, JsonParse { path: "item_group", detail: "Failed to deserialize item_group 'weed_pack': data did not match any variant of untagged enum ItemGroupEntry" }, JsonParse { path: "item_group", detail: "Failed to deserialize item_group 'seasoning_italian_bottle_plastic_small_full': data did not match any variant of untagged enum ItemGroupEntry" }, JsonParse { path: "item_group", detail: "Failed to deserialize item_group 'butcher_meat': data did not match any variant of untagged enum ItemGroupEntry" }, JsonParse { path: "item_group", detail: "Failed to deserialize item_group 'fertility_supplements': data did not match any variant of untagged enum ItemGroupEntry" }, JsonParse { path: "item_group", detail: "Failed to deserialize item_group 'military_ballistic_vest': data did not match any variant of untagged enum ItemGroupEntry" }, JsonParse { path: "item_group", detail: "Failed to deserialize item_group 'boxed_50beowulf_ar15kit': data did not match any variant of untagged enum ItemGroupEntry" }, JsonParse { path: "item_group", detail: "Failed to deserialize item_group 'sandwich_deluxe_wrapper_2': data did not match any variant of untagged enum ItemGroupEntry" }, JsonParse { path: "item_group", detail: "Failed to deserialize item_group 'mon_zombie_officer_death_drops': data did not match any variant of untagged enum ItemGroupEntry" }, JsonParse { path: "item_group", detail: "Failed to deserialize item_group 'prussian_blue_bottle_plastic_pill_supplement_10': data did not match any variant of untagged enum ItemGroupEntry" }, JsonParse { path: "item_group", detail: "Failed to deserialize item_group 'TACOMA_Dana_worn': data did not match any variant of untagged enum ItemGroupEntry" }, JsonParse { path: "item_group", detail: "Failed to deserialize item_group 'bandolier_shotgun_hunter': data did not match any variant of untagged enum ItemGroupEntry" }, JsonParse { path: "item_group", detail: "Failed to deserialize item_group 'pecan_roasted_bag_plastic_4': data did not match any variant of untagged enum ItemGroupEntry" }, JsonParse { path: "item_group", detail: "Failed to deserialize item_group 'garlic_bread_in_bag_full': data did not match any variant of untagged enum ItemGroupEntry" }, JsonParse { path: "item_group", detail: "Failed to deserialize item_group 'nondrowsy_cough_syrup_in_bottle': data did not match any variant of untagged enum ItemGroupEntry" }, JsonParse { path: "item_group", detail: "Failed to deserialize item_group 'dog_lover_bag': data did not match any variant of untagged enum ItemGroupEntry" }, JsonParse { path: "item_group", detail: "Failed to deserialize item_group 'candycigarette_box_cigarette_3': data did not match any variant of untagged enum ItemGroupEntry" }, JsonParse { path: "item_group", detail: "Failed to deserialize item_group 'ambulance_drugs': data did not match any variant of untagged enum ItemGroupEntry" }, JsonParse { path: "item_group", detail: "Failed to deserialize item_group 'police_armory_full_usp9mag_9mmfmj': data did not match any variant of untagged enum ItemGroupEntry" }, JsonParse { path: "item_group", detail: "Failed to deserialize item_group 'groce_ingredient': data did not match any variant of untagged enum ItemGroupEntry" }, JsonParse { path: "item_group", detail: "Failed to deserialize item_group 'seasoning_salt_bag_plastic_full': data did not match any variant of untagged enum ItemGroupEntry" }, JsonParse { path: "item_group", detail: "Failed to deserialize item_group 'coffee_locker': data did not match any variant of untagged enum ItemGroupEntry" }, JsonParse { path: "item_group", detail: "Failed to deserialize item_group 'mon_feral_survivalist_death_drops': data did not match any variant of untagged enum ItemGroupEntry" }, JsonParse { path: "item_group", detail: "Failed to deserialize item_group 'clothing_work_torso': data did not match any variant of untagged enum ItemGroupEntry" }, JsonParse { path: "item_group", detail: "Failed to deserialize item_group 'insecticide_bag_plastic': data did not match any variant of untagged enum ItemGroupEntry" }, JsonParse { path: "item_group", detail: "Failed to deserialize item_group 'seasoning_italian_bag_paper_full': data did not match any variant of untagged enum ItemGroupEntry" }, JsonParse { path: "item_group", detail: "Failed to deserialize item_group 'koji_bag_plastic_25': data did not match any variant of untagged enum ItemGroupEntry" }, JsonParse { path: "item_group", detail: "Failed to deserialize item_group 'fungicide_bag_plastic_400': data did not match any variant of untagged enum ItemGroupEntry" }, JsonParse { path: "item_group", detail: "Failed to deserialize item_group 'charged_matches': data did not match any variant of untagged enum ItemGroupEntry" }, JsonParse { path: "item_group", detail: "Failed to deserialize item_group 'NC_CITY_COP_misc': data did not match any variant of untagged enum ItemGroupEntry" }, JsonParse { path: "item_group", detail: "Failed to deserialize item_group 'feral_sapien_death_drops_spear': data did not match any variant of untagged enum ItemGroupEntry" }, JsonParse { path: "item_group", detail: "Failed to deserialize item_group 'police_armory_box_full_3006': data did not match any variant of untagged enum ItemGroupEntry" }, JsonParse { path: "item_group", detail: "Failed to deserialize item_group 'police_armory_full_sp2022mag_9mm': data did not match any variant of untagged enum ItemGroupEntry" }, JsonParse { path: "item_group", detail: "Failed to deserialize item_group 'cleaning': data did not match any variant of untagged enum ItemGroupEntry" }, JsonParse { path: "item_group", detail: "Failed to deserialize item_group 'army_mags_m2010': data did not match any variant of untagged enum ItemGroupEntry" }, JsonParse { path: "item_group", detail: "Failed to deserialize item_group 'army_costume_unisex': data did not match any variant of untagged enum ItemGroupEntry" }, JsonParse { path: "item_group", detail: "Failed to deserialize item_group 'police_armory_full_ar10mag_308': data did not match any variant of untagged enum ItemGroupEntry" }, JsonParse { path: "item_group", detail: "Failed to deserialize item_group 'field_ar15_223': data did not match any variant of untagged enum ItemGroupEntry" }, JsonParse { path: "item_group", detail: "Failed to deserialize item_group 'caffeine_bottle_full': data did not match any variant of untagged enum ItemGroupEntry" }, JsonParse { path: "item_group", detail: "Failed to deserialize item_group 'cathedral_archives': data did not match any variant of untagged enum ItemGroupEntry" }, JsonParse { path: "item_group", detail: "Failed to deserialize item_group 'decontamination_room_portal_lab': data did not match any variant of untagged enum ItemGroupEntry" }, JsonParse { path: "item_group", detail: "Failed to deserialize item_group 'sandwich_reuben_wrapper_1_inf': data did not match any variant of untagged enum ItemGroupEntry" }, JsonParse { path: "item_group", detail: "Failed to deserialize item_group 'mon_zombie_labsecurity_death_drops': data did not match any variant of untagged enum ItemGroupEntry" }, JsonParse { path: "item_group", detail: "Failed to deserialize item_group 'instant_gravy_packets': data did not match any variant of untagged enum ItemGroupEntry" }, JsonParse { path: "item_group", detail: "Failed to deserialize item_group 'cinnamon_bottle_glass_full': data did not match any variant of untagged enum ItemGroupEntry" }, JsonParse { path: "item_group", detail: "Failed to deserialize item_group 'police_armory_box_full_40fmj': data did not match any variant of untagged enum ItemGroupEntry" }, JsonParse { path: "item_group", detail: "Failed to deserialize item_group 'lasagne_raw_bag_30': data did not match any variant of untagged enum ItemGroupEntry" }, JsonParse { path: "item_group", detail: "Failed to deserialize item_group 'sourdough_bread_in_bag_full': data did not match any variant of untagged enum ItemGroupEntry" }, JsonParse { path: "item_group", detail: "Failed to deserialize item_group 'spaghetti_raw_bag_30': data did not match any variant of untagged enum ItemGroupEntry" }, JsonParse { path: "item_group", detail: "Failed to deserialize item_group 'police_armory_full_usp45mag_45_jhp': data did not match any variant of untagged enum ItemGroupEntry" }, JsonParse { path: "item_group", detail: "Failed to deserialize item_group 'SUS_fridge_bachelor': data did not match any variant of untagged enum ItemGroupEntry" }, JsonParse { path: "item_group", detail: "Failed to deserialize item_group 'chem_agar_bottle_plastic_small_1_inf': data did not match any variant of untagged enum ItemGroupEntry" }, JsonParse { path: "item_group", detail: "Failed to deserialize item_group 'PBJ_Toast_bag_plastic_2': data did not match any variant of untagged enum ItemGroupEntry" }, JsonParse { path: "item_group", detail: "Failed to deserialize item_group 'vampire_costume_unisex': data did not match any variant of untagged enum ItemGroupEntry" }, JsonParse { path: "item_group", detail: "Failed to deserialize item_group 'ammo_heavy_batteries': data did not match any variant of untagged enum ItemGroupEntry" }, JsonParse { path: "item_group", detail: "Failed to deserialize item_group 'airdrop_water_canteen': data did not match any variant of untagged enum ItemGroupEntry" }, JsonParse { path: "item_group", detail: "Failed to deserialize item_group 'default_zombie_items': data did not match any variant of untagged enum ItemGroupEntry" }, JsonParse { path: "item_group", detail: "Failed to deserialize item_group 'mre_bread_pack': data did not match any variant of untagged enum ItemGroupEntry" }, JsonParse { path: "item_group", detail: "Failed to deserialize item_group 'freeze_dried_meal_box_any': data did not match any variant of untagged enum ItemGroupEntry" }, JsonParse { path: "item_group", detail: "Failed to deserialize item_group 'chaw_wrapper_20': data did not match any variant of untagged enum ItemGroupEntry" }, JsonParse { path: "item_group", detail: "Failed to deserialize item_group 'peanutbutter_jar_sealed': data did not match any variant of untagged enum ItemGroupEntry" }, JsonParse { path: "item_group", detail: "Failed to deserialize item_group 'police_armory_full_p226mag_357sigfmj': data did not match any variant of untagged enum ItemGroupEntry" }, JsonParse { path: "item_group", detail: "Failed to deserialize item_group 'baked_goods': data did not match any variant of untagged enum ItemGroupEntry" }, JsonParse { path: "item_group", detail: "Failed to deserialize item_group 'police_armory_full_glock_21mag_45_jhp': data did not match any variant of untagged enum ItemGroupEntry" }, JsonParse { path: "item_group", detail: "Failed to deserialize item_group 'currywurst_wrapper_2': data did not match any variant of untagged enum ItemGroupEntry" }, JsonParse { path: "item_group", detail: "Failed to deserialize item_group 'army_mags_57': data did not match any variant of untagged enum ItemGroupEntry" }, JsonParse { path: "item_group", detail: "Failed to deserialize item_group 'feral_swimmer_death_drops_kickboard': data did not match any variant of untagged enum ItemGroupEntry" }, JsonParse { path: "item_group", detail: "Failed to deserialize item_group 'produce': data did not match any variant of untagged enum ItemGroupEntry" }, JsonParse { path: "item_group", detail: "Failed to deserialize item_group 'feral_humans_death_drops_tool': data did not match any variant of untagged enum ItemGroupEntry" }, JsonParse { path: "item_group", detail: "Failed to deserialize item_group 'bugout_food_easy': data did not match any variant of untagged enum ItemGroupEntry" }, JsonParse { path: "item_group", detail: "Failed to deserialize item_group 'catfood_dry_bag_plastic_18': data did not match any variant of untagged enum ItemGroupEntry" }, JsonParse { path: "item_group", detail: "Failed to deserialize item_group 'groce_dairyfake': data did not match any variant of untagged enum ItemGroupEntry" }, JsonParse { path: "item_group", detail: "Failed to deserialize item_group 'pepper_bottle_glass_full': data did not match any variant of untagged enum ItemGroupEntry" }, JsonParse { path: "item_group", detail: "Failed to deserialize item_group 'NC_DOCTOR_misc': data did not match any variant of untagged enum ItemGroupEntry" }, JsonParse { path: "item_group", detail: "Failed to deserialize item_group 'box_spaghetti_1lb': data did not match any variant of untagged enum ItemGroupEntry" }, JsonParse { path: "item_group", detail: "Failed to deserialize item_group 'feral_maids_death_drops_knife': data did not match any variant of untagged enum ItemGroupEntry" }, JsonParse { path: "item_group", detail: "Failed to deserialize item_group 'mon_zombie_marine_death_drops': data did not match any variant of untagged enum ItemGroupEntry" }, JsonParse { path: "item_group", detail: "Failed to deserialize item_group 'police_armory_full_sig40mag_40fmj': data did not match any variant of untagged enum ItemGroupEntry" }, JsonParse { path: "item_group", detail: "Failed to deserialize item_group 'cheese_bag_8': data did not match any variant of untagged enum ItemGroupEntry" }, JsonParse { path: "item_group", detail: "Failed to deserialize item_group 'mre_used_contents': data did not match any variant of untagged enum ItemGroupEntry" }, JsonParse { path: "item_group", detail: "Failed to deserialize item_group 'hotdogs_newyork_wrapper_1_inf': data did not match any variant of untagged enum ItemGroupEntry" }, JsonParse { path: "item_group", detail: "Failed to deserialize item_group 'bee_costume_female': data did not match any variant of untagged enum ItemGroupEntry" }, JsonParse { path: "item_group", detail: "Failed to deserialize item_group 'mon_zombie_survivor_elite_death_drops': data did not match any variant of untagged enum ItemGroupEntry" }, JsonParse { path: "item_group", detail: "Failed to deserialize item_group 'calcium_tablet_bottle_plastic_pill_supplement_20': data did not match any variant of untagged enum ItemGroupEntry" }, JsonParse { path: "item_group", detail: "Failed to deserialize item_group 'holster_supp_MEU': data did not match any variant of untagged enum ItemGroupEntry" }, JsonParse { path: "item_group", detail: "Failed to deserialize item_group 'cm_fancy': data did not match any variant of untagged enum ItemGroupEntry" }, JsonParse { path: "item_group", detail: "Failed to deserialize item_group 'stuffed_clams_box_small_5': data did not match any variant of untagged enum ItemGroupEntry" }, JsonParse { path: "item_group", detail: "Failed to deserialize item_group 'emer_blanket_box': data did not match any variant of untagged enum ItemGroupEntry" }, JsonParse { path: "item_group", detail: "Failed to deserialize item_group 'irradiated_cabbage_bag_plastic_8': data did not match any variant of untagged enum ItemGroupEntry" }, JsonParse { path: "item_group", detail: "Failed to deserialize item_group 'bugout_water': data did not match any variant of untagged enum ItemGroupEntry" }, JsonParse { path: "item_group", detail: "Failed to deserialize item_group 'GODCO_felicity_carried': data did not match any variant of untagged enum ItemGroupEntry" }, JsonParse { path: "item_group", detail: "Failed to deserialize item_group 'lab_mutagen_ingredients': data did not match any variant of untagged enum ItemGroupEntry" }, JsonParse { path: "item_group", detail: "Failed to deserialize item_group 'irradiated_cranberries_bag_plastic_3': data did not match any variant of untagged enum ItemGroupEntry" }, JsonParse { path: "item_group", detail: "Failed to deserialize item_group 'toast_bag_plastic_2': data did not match any variant of untagged enum ItemGroupEntry" }, JsonParse { path: "item_group", detail: "Failed to deserialize item_group 'GODCO_guard_wield': data did not match any variant of untagged enum ItemGroupEntry" }, JsonParse { path: "item_group", detail: "Failed to deserialize item_group 'crab_cakes_box_small_1_inf': data did not match any variant of untagged enum ItemGroupEntry" }, JsonParse { path: "item_group", detail: "Failed to deserialize item_group 'kitchen_sealed_3L_jar': data did not match any variant of untagged enum ItemGroupEntry" }, JsonParse { path: "item_group", detail: "Failed to deserialize item_group 'jam_fruit_jar_sealed': data did not match any variant of untagged enum ItemGroupEntry" }, JsonParse { path: "item_group", detail: "Failed to deserialize item_group 'bread_flour_bag_paper_full': data did not match any variant of untagged enum ItemGroupEntry" }, JsonParse { path: "item_group", detail: "Failed to deserialize item_group 'swat_ballistic_vest': data did not match any variant of untagged enum ItemGroupEntry" }, JsonParse { path: "item_group", detail: "Failed to deserialize item_group 'field_p320_357sig': data did not match any variant of untagged enum ItemGroupEntry" }, JsonParse { path: "item_group", detail: "Failed to deserialize item_group 'twoliter_bottle_random': data did not match any variant of untagged enum ItemGroupEntry" }, JsonParse { path: "item_group", detail: "Failed to deserialize item_group 'dogfood_dry_bag_plastic_18': data did not match any variant of untagged enum ItemGroupEntry" }, JsonParse { path: "item_group", detail: "Failed to deserialize item_group 'pickle_jar_glass_sealed_1_inf': data did not match any variant of untagged enum ItemGroupEntry" }, JsonParse { path: "item_group", detail: "Failed to deserialize item_group 'kitchen': data did not match any variant of untagged enum ItemGroupEntry" }, JsonParse { path: "item_group", detail: "Failed to deserialize item_group 'kraken_food': data did not match any variant of untagged enum ItemGroupEntry" }, JsonParse { path: "item_group", detail: "Failed to deserialize item_group 'neccowafers_bag_plastic_3': data did not match any variant of untagged enum ItemGroupEntry" }, JsonParse { path: "item_group", detail: "Failed to deserialize item_group 'everyday_corpse_male': data did not match any variant of untagged enum ItemGroupEntry" }, JsonParse { path: "item_group", detail: "Failed to deserialize item_group 'private_resort_dancer_drop': data did not match any variant of untagged enum ItemGroupEntry" }, JsonParse { path: "item_group", detail: "Failed to deserialize item_group 'John_Bailey_carried': data did not match any variant of untagged enum ItemGroupEntry" }, JsonParse { path: "item_group", detail: "Failed to deserialize item_group 'ketchup_sealed_rng': data did not match any variant of untagged enum ItemGroupEntry" }, JsonParse { path: "item_group", detail: "Failed to deserialize item_group 'nachos_bag_plastic_full': data did not match any variant of untagged enum ItemGroupEntry" }, JsonParse { path: "item_group", detail: "Failed to deserialize item_group 'police_armory_full_mp9mag_9mmfmj': data did not match any variant of untagged enum ItemGroupEntry" }, JsonParse { path: "item_group", detail: "Failed to deserialize item_group 'chem_acrylamide_bottle_glass_1_inf': data did not match any variant of untagged enum ItemGroupEntry" }, JsonParse { path: "item_group", detail: "Failed to deserialize item_group 'field_m9': data did not match any variant of untagged enum ItemGroupEntry" }, JsonParse { path: "item_group", detail: "Failed to deserialize item_group 'sugar_bottle_plastic_small_full': data did not match any variant of untagged enum ItemGroupEntry" }, JsonParse { path: "item_group", detail: "Failed to deserialize item_group 'zed_dust': data did not match any variant of untagged enum ItemGroupEntry" }, JsonParse { path: "item_group", detail: "Failed to deserialize item_group 'meat_pickled_jar_glass_sealed_1_inf': data did not match any variant of untagged enum ItemGroupEntry" }, JsonParse { path: "item_group", detail: "Failed to deserialize item_group 'tortilla_flour_bag_plastic_full': data did not match any variant of untagged enum ItemGroupEntry" }, JsonParse { path: "item_group", detail: "Failed to deserialize item_group 'NC_Isherwood_Barry_equip': data did not match any variant of untagged enum ItemGroupEntry" }, JsonParse { path: "item_group", detail: "Failed to deserialize item_group 'starer_death_drops_crowbar': data did not match any variant of untagged enum ItemGroupEntry" }, JsonParse { path: "item_group", detail: "Failed to deserialize item_group 'calcium_tablet_bottle_full': data did not match any variant of untagged enum ItemGroupEntry" }, JsonParse { path: "item_group", detail: "Failed to deserialize item_group 'chem_citric_acid_bottle_glass_100_inf': data did not match any variant of untagged enum ItemGroupEntry" }, JsonParse { path: "item_group", detail: "Failed to deserialize item_group 'feral_maids_death_drops_broom': data did not match any variant of untagged enum ItemGroupEntry" }, JsonParse { path: "item_group", detail: "Failed to deserialize item_group 'boxed_223rem_ar15kit_short': data did not match any variant of untagged enum ItemGroupEntry" }, JsonParse { path: "item_group", detail: "Failed to deserialize item_group 'heroin_bag_zipper_4': data did not match any variant of untagged enum ItemGroupEntry" }, JsonParse { path: "item_group", detail: "Failed to deserialize item_group 'veggy_pickled_jar_glass_sealed_1_inf': data did not match any variant of untagged enum ItemGroupEntry" }, JsonParse { path: "item_group", detail: "Failed to deserialize item_group 'police_armory_full_glock40mag_40fmj': data did not match any variant of untagged enum ItemGroupEntry" }, JsonParse { path: "item_group", detail: "Failed to deserialize item_group 'sardine_in_can': data did not match any variant of untagged enum ItemGroupEntry" }, JsonParse { path: "item_group", detail: "Failed to deserialize item_group 'charged_soldering_iron': data did not match any variant of untagged enum ItemGroupEntry" }, JsonParse { path: "item_group", detail: "Failed to deserialize item_group 'protein_bottle_full': data did not match any variant of untagged enum ItemGroupEntry" }, JsonParse { path: "item_group", detail: "Failed to deserialize item_group 'sandwich_deluxe_wrapper_1_inf': data did not match any variant of untagged enum ItemGroupEntry" }, JsonParse { path: "item_group", detail: "Failed to deserialize item_group 'boxed_50ae_deaglekit': data did not match any variant of untagged enum ItemGroupEntry" }, JsonParse { path: "item_group", detail: "Failed to deserialize item_group 'fish_pickled_jar_3l_glass_sealed_12': data did not match any variant of untagged enum ItemGroupEntry" }, JsonParse { path: "item_group", detail: "Failed to deserialize item_group 'default_zombie_clothes': data did not match any variant of untagged enum ItemGroupEntry" }, JsonParse { path: "item_group", detail: "Failed to deserialize item_group 'cop_armaments': data did not match any variant of untagged enum ItemGroupEntry" }, JsonParse { path: "item_group", detail: "Failed to deserialize item_group 'feral_humans_death_drops_pipe': data did not match any variant of untagged enum ItemGroupEntry" }, JsonParse { path: "item_group", detail: "Failed to deserialize item_group 'police_armory_full_ai_mag_762_51': data did not match any variant of untagged enum ItemGroupEntry" }, JsonParse { path: "item_group", detail: "Failed to deserialize item_group 'mummy_costume_female': data did not match any variant of untagged enum ItemGroupEntry" }, JsonParse { path: "item_group", detail: "Failed to deserialize item_group 'yeast_bag_plastic_full': data did not match any variant of untagged enum ItemGroupEntry" }, JsonParse { path: "item_group", detail: "Failed to deserialize item_group 'codeine_bottle_plastic_pill_painkiller_10': data did not match any variant of untagged enum ItemGroupEntry" }, JsonParse { path: "item_group", detail: "Failed to deserialize item_group 'chem_agar_bottle_plastic_small_50': data did not match any variant of untagged enum ItemGroupEntry" }, JsonParse { path: "item_group", detail: "Failed to deserialize item_group 'irradiated_carrot_bag_plastic_6': data did not match any variant of untagged enum ItemGroupEntry" }, JsonParse { path: "item_group", detail: "Failed to deserialize item_group 'hotdogs_cooked_wrapper_1_inf': data did not match any variant of untagged enum ItemGroupEntry" }, JsonParse { path: "item_group", detail: "Failed to deserialize item_group 'army_mags_m14': data did not match any variant of untagged enum ItemGroupEntry" }, JsonParse { path: "item_group", detail: "Failed to deserialize item_group 'default_fancy_clothes': data did not match any variant of untagged enum ItemGroupEntry" }, JsonParse { path: "item_group", detail: "Failed to deserialize item_group 'sex_accessories_domestic': data did not match any variant of untagged enum ItemGroupEntry" }, JsonParse { path: "item_group", detail: "Failed to deserialize item_group 'bread_in_bag_full': data did not match any variant of untagged enum ItemGroupEntry" }, JsonParse { path: "item_group", detail: "Failed to deserialize item_group 'field_usp_9mm': data did not match any variant of untagged enum ItemGroupEntry" }, JsonParse { path: "item_group", detail: "Failed to deserialize item_group 'NC_SURVIVOR_CHEF_misc': data did not match any variant of untagged enum ItemGroupEntry" }, JsonParse { path: "item_group", detail: "Failed to deserialize item_group 'salsa_jar_glass_sealed_1_inf': data did not match any variant of untagged enum ItemGroupEntry" }, JsonParse { path: "item_group", detail: "Failed to deserialize item_group 'sixpack_bottles_random_unhealthy': data did not match any variant of untagged enum ItemGroupEntry" }, JsonParse { path: "item_group", detail: "Failed to deserialize item_group 'toothbrush_packed': data did not match any variant of untagged enum ItemGroupEntry" }, JsonParse { path: "item_group", detail: "Failed to deserialize item_group 'cm_butler': data did not match any variant of untagged enum ItemGroupEntry" }, JsonParse { path: "item_group", detail: "Failed to deserialize item_group 'john_bailey_bandolier': data did not match any variant of untagged enum ItemGroupEntry" }, JsonParse { path: "item_group", detail: "Failed to deserialize item_group 'police_armory_full_ump9mag_9mmfmj': data did not match any variant of untagged enum ItemGroupEntry" }, JsonParse { path: "item_group", detail: "Failed to deserialize item_group 'SUS_junk_drawer_artsy': data did not match any variant of untagged enum ItemGroupEntry" }, JsonParse { path: "item_group", detail: "Failed to deserialize item_group 'coffee_raw_bag_plastic_20': data did not match any variant of untagged enum ItemGroupEntry" }, JsonParse { path: "item_group", detail: "Failed to deserialize item_group 'field_fn57': data did not match any variant of untagged enum ItemGroupEntry" }, JsonParse { path: "item_group", detail: "Failed to deserialize item_group 'SUS_scuba_gear': data did not match any variant of untagged enum ItemGroupEntry" }, JsonParse { path: "item_group", detail: "Failed to deserialize item_group 'bag_chips': data did not match any variant of untagged enum ItemGroupEntry" }, JsonParse { path: "item_group", detail: "Failed to deserialize item_group 'bread_bag_plastic_2': data did not match any variant of untagged enum ItemGroupEntry" }, JsonParse { path: "item_group", detail: "Failed to deserialize item_group 'alcohol': data did not match any variant of untagged enum ItemGroupEntry" }, JsonParse { path: "item_group", detail: "Failed to deserialize item_group 'mon_feral_prepper_knife_death_drops': data did not match any variant of untagged enum ItemGroupEntry" }, JsonParse { path: "item_group", detail: "Failed to deserialize item_group 'sandwich_jam_butter_wrapper_1_inf': data did not match any variant of untagged enum ItemGroupEntry" }, JsonParse { path: "item_group", detail: "Failed to deserialize item_group 'tomatoes_in_can': data did not match any variant of untagged enum ItemGroupEntry" }, JsonParse { path: "item_group", detail: "Failed to deserialize item_group 'salt_bottle_glass_full': data did not match any variant of untagged enum ItemGroupEntry" }, JsonParse { path: "item_group", detail: "Failed to deserialize item_group 'fast_kitchen': data did not match any variant of untagged enum ItemGroupEntry" }, JsonParse { path: "item_group", detail: "Failed to deserialize item_group 'behindcounter': data did not match any variant of untagged enum ItemGroupEntry" }, JsonParse { path: "item_group", detail: "Failed to deserialize item_group 'makeshift_memorial': data did not match any variant of untagged enum ItemGroupEntry" }, JsonParse { path: "item_group", detail: "Failed to deserialize item_group 'restaurant_mexican_pantry': data did not match any variant of untagged enum ItemGroupEntry" }, JsonParse { path: "item_group", detail: "Failed to deserialize item_group 'mon_feral_jackboot_death_drops': data did not match any variant of untagged enum ItemGroupEntry" }, JsonParse { path: "item_group", detail: "Failed to deserialize item_group 'dry_goods': data did not match any variant of untagged enum ItemGroupEntry" }, JsonParse { path: "item_group", detail: "Failed to deserialize item_group 'army_mags_mp5': data did not match any variant of untagged enum ItemGroupEntry" }, JsonParse { path: "item_group", detail: "Failed to deserialize item_group 'can_o_beans': data did not match any variant of untagged enum ItemGroupEntry" }, JsonParse { path: "item_group", detail: "Failed to deserialize item_group 'peanut_bag_plastic_4': data did not match any variant of untagged enum ItemGroupEntry" }, JsonParse { path: "item_group", detail: "Failed to deserialize item_group 'ammo_casings_gunsmith': data did not match any variant of untagged enum ItemGroupEntry" }, JsonParse { path: "item_group", detail: "Failed to deserialize item_group 'fbi_costume_unisex': data did not match any variant of untagged enum ItemGroupEntry" }, JsonParse { path: "item_group", detail: "Failed to deserialize item_group 'NC_REFUGEE_DOCTOR_masks': data did not match any variant of untagged enum ItemGroupEntry" }, JsonParse { path: "item_group", detail: "Failed to deserialize item_group 'curry_powder_bag_paper_full': data did not match any variant of untagged enum ItemGroupEntry" }, JsonParse { path: "item_group", detail: "Failed to deserialize item_group 'pie_meat_box_small_8': data did not match any variant of untagged enum ItemGroupEntry" }, JsonParse { path: "item_group", detail: "Failed to deserialize item_group 'meat_canned_jar_3l_glass_sealed_12': data did not match any variant of untagged enum ItemGroupEntry" }, JsonParse { path: "item_group", detail: "Failed to deserialize item_group 'phase_zombie_death_drops': data did not match any variant of untagged enum ItemGroupEntry" }, JsonParse { path: "item_group", detail: "Failed to deserialize item_group 'GODCO_helena_wield': data did not match any variant of untagged enum ItemGroupEntry" }, JsonParse { path: "item_group", detail: "Failed to deserialize item_group 'skeleton_costume_unisex': data did not match any variant of untagged enum ItemGroupEntry" }, JsonParse { path: "item_group", detail: "Failed to deserialize item_group 'bread_wheat_free_bag_plastic_14': data did not match any variant of untagged enum ItemGroupEntry" }, JsonParse { path: "item_group", detail: "Failed to deserialize item_group 'chilly_p_bottle_plastic_small_full': data did not match any variant of untagged enum ItemGroupEntry" }, JsonParse { path: "item_group", detail: "Failed to deserialize item_group 'sushi_veggyroll_bowl_2': data did not match any variant of untagged enum ItemGroupEntry" }, JsonParse { path: "item_group", detail: "Failed to deserialize item_group 'groce_softdrink': data did not match any variant of untagged enum ItemGroupEntry" }, JsonParse { path: "item_group", detail: "Failed to deserialize item_group 'salt_bottle_plastic_small_full': data did not match any variant of untagged enum ItemGroupEntry" }, JsonParse { path: "item_group", detail: "Failed to deserialize item_group 'big_canned_food': data did not match any variant of untagged enum ItemGroupEntry" }, JsonParse { path: "item_group", detail: "Failed to deserialize item_group 'JAY_RUCKERS_trade': data did not match any variant of untagged enum ItemGroupEntry" }, JsonParse { path: "item_group", detail: "Failed to deserialize item_group 'boxed_223rem_mdrxkit_short': data did not match any variant of untagged enum ItemGroupEntry" }, JsonParse { path: "item_group", detail: "Failed to deserialize item_group 'army_mags_m4': data did not match any variant of untagged enum ItemGroupEntry" }, JsonParse { path: "item_group", detail: "Failed to deserialize item_group 'SUS_evac_shelter_supply_closet': data did not match any variant of untagged enum ItemGroupEntry" }, JsonParse { path: "item_group", detail: "Failed to deserialize item_group 'bread_flour_bag_50': data did not match any variant of untagged enum ItemGroupEntry" }, JsonParse { path: "item_group", detail: "Failed to deserialize item_group 'egg_bird_unfert_carton_egg_10': data did not match any variant of untagged enum ItemGroupEntry" }, JsonParse { path: "item_group", detail: "Failed to deserialize item_group 'SUS_silverware': data did not match any variant of untagged enum ItemGroupEntry" }, JsonParse { path: "item_group", detail: "Failed to deserialize item_group 'sexy_santa_costume_female': data did not match any variant of untagged enum ItemGroupEntry" }, JsonParse { path: "item_group", detail: "Failed to deserialize item_group 'police_armory_full_m9mag_9mm': data did not match any variant of untagged enum ItemGroupEntry" }, JsonParse { path: "item_group", detail: "Failed to deserialize item_group 'yeast_bottle_plastic_full': data did not match any variant of untagged enum ItemGroupEntry" }, JsonParse { path: "item_group", detail: "Failed to deserialize item_group 'mon_zombie_sailor_death_drops': data did not match any variant of untagged enum ItemGroupEntry" }, JsonParse { path: "item_group", detail: "Failed to deserialize item_group 'granola_bag_plastic_4': data did not match any variant of untagged enum ItemGroupEntry" }, JsonParse { path: "item_group", detail: "Failed to deserialize item_group 'barbecue_sauce_sealed_rng': data did not match any variant of untagged enum ItemGroupEntry" }, JsonParse { path: "item_group", detail: "Failed to deserialize item_group 'cheese_fries_box_small_1_inf': data did not match any variant of untagged enum ItemGroupEntry" }, JsonParse { path: "item_group", detail: "Failed to deserialize item_group 'explode_innards_small': data did not match any variant of untagged enum ItemGroupEntry" }, JsonParse { path: "item_group", detail: "Failed to deserialize item_group 'sandwich_reuben_wrapper_2': data did not match any variant of untagged enum ItemGroupEntry" }, JsonParse { path: "item_group", detail: "Failed to deserialize item_group 'police_armory_box_full_shot_00': data did not match any variant of untagged enum ItemGroupEntry" }, JsonParse { path: "item_group", detail: "Failed to deserialize item_group 'cornbread_in_bag_full': data did not match any variant of untagged enum ItemGroupEntry" }, JsonParse { path: "item_group", detail: "Failed to deserialize item_group 'tea_green_bag_box_10': data did not match any variant of untagged enum ItemGroupEntry" }, JsonParse { path: "item_group", detail: "Failed to deserialize item_group 'SUS_mannequin_general': data did not match any variant of untagged enum ItemGroupEntry" }, JsonParse { path: "item_group", detail: "Failed to deserialize item_group 'frozen_dinner_box_small_2': data did not match any variant of untagged enum ItemGroupEntry" }, JsonParse { path: "item_group", detail: "Failed to deserialize item_group 'box_macaroni_1lb': data did not match any variant of untagged enum ItemGroupEntry" }, JsonParse { path: "item_group", detail: "Failed to deserialize item_group 'nachosmc_bag_plastic_1_inf': data did not match any variant of untagged enum ItemGroupEntry" }, JsonParse { path: "item_group", detail: "Failed to deserialize item_group 'mon_zombie_hazmat_death_drops': data did not match any variant of untagged enum ItemGroupEntry" }, JsonParse { path: "item_group", detail: "Failed to deserialize item_group 'police_armory_box_full_50': data did not match any variant of untagged enum ItemGroupEntry" }, JsonParse { path: "item_group", detail: "Failed to deserialize item_group 'map_extra_dermatik_victim_itemgroup': data did not match any variant of untagged enum ItemGroupEntry" }, JsonParse { path: "item_group", detail: "Failed to deserialize item_group 'can_beans_can_food_big_12': data did not match any variant of untagged enum ItemGroupEntry" }, JsonParse { path: "item_group", detail: "Failed to deserialize item_group 'cinnamon_bottle_glass_small_full': data did not match any variant of untagged enum ItemGroupEntry" }, JsonParse { path: "item_group", detail: "Failed to deserialize item_group 'pelmeni_can_medium_2': data did not match any variant of untagged enum ItemGroupEntry" }, JsonParse { path: "item_group", detail: "Failed to deserialize item_group 'field_glock_22': data did not match any variant of untagged enum ItemGroupEntry" }, JsonParse { path: "item_group", detail: "Failed to deserialize item_group 'salt_bottle_plastic_full': data did not match any variant of untagged enum ItemGroupEntry" }, JsonParse { path: "item_group", detail: "Failed to deserialize item_group 'SUS_knife_drawer': data did not match any variant of untagged enum ItemGroupEntry" }, JsonParse { path: "item_group", detail: "Failed to deserialize item_group 'SUS_evac_shelter_locker': data did not match any variant of untagged enum ItemGroupEntry" }, JsonParse { path: "item_group", detail: "Failed to deserialize item_group 'some_stab_front_plates': data did not match any variant of untagged enum ItemGroupEntry" }, JsonParse { path: "item_group", detail: "Failed to deserialize item_group 'stand_flyer_bad': data did not match any variant of untagged enum ItemGroupEntry" }, JsonParse { path: "item_group", detail: "Failed to deserialize item_group 'sometimes_manure': data did not match any variant of untagged enum ItemGroupEntry" }, JsonParse { path: "item_group", detail: "Failed to deserialize item_group 'boxed_450bushmaster_ar15kit_short': data did not match any variant of untagged enum ItemGroupEntry" }, JsonParse { path: "item_group", detail: "Failed to deserialize item_group 'pineapple_in_can': data did not match any variant of untagged enum ItemGroupEntry" }, JsonParse { path: "item_group", detail: "Failed to deserialize item_group 'pecorino_cheese_wrapper_4': data did not match any variant of untagged enum ItemGroupEntry" }, JsonParse { path: "item_group", detail: "Failed to deserialize item_group 'stand_flyer_good': data did not match any variant of untagged enum ItemGroupEntry" }, JsonParse { path: "item_group", detail: "Failed to deserialize item_group 'NC_BOUNTY_HUNTER_masks': data did not match any variant of untagged enum ItemGroupEntry" }, JsonParse { path: "item_group", detail: "Failed to deserialize item_group 'arcade_prizes': data did not match any variant of untagged enum ItemGroupEntry" }, JsonParse { path: "item_group", detail: "Failed to deserialize item_group 'hamburger_wrapper_1_inf': data did not match any variant of untagged enum ItemGroupEntry" }, JsonParse { path: "item_group", detail: "Failed to deserialize item_group 'small_crate_of_fruits': data did not match any variant of untagged enum ItemGroupEntry" }, JsonParse { path: "item_group", detail: "Failed to deserialize item_group 'pipe_smoke': data did not match any variant of untagged enum ItemGroupEntry" }, JsonParse { path: "item_group", detail: "Failed to deserialize item_group 'SUS_cookware': data did not match any variant of untagged enum ItemGroupEntry" }, JsonParse { path: "item_group", detail: "Failed to deserialize item_group 'charged_smart_phone': data did not match any variant of untagged enum ItemGroupEntry" }, JsonParse { path: "item_group", detail: "Failed to deserialize item_group 'NC_Isherwood_female_worn': data did not match any variant of untagged enum ItemGroupEntry" }, JsonParse { path: "item_group", detail: "Failed to deserialize item_group 'SUS_evac_shelter_supply_closet_used': data did not match any variant of untagged enum ItemGroupEntry" }, JsonParse { path: "item_group", detail: "Failed to deserialize item_group 'cinnamon_bottle_plastic_small_full': data did not match any variant of untagged enum ItemGroupEntry" }, JsonParse { path: "item_group", detail: "Failed to deserialize item_group 'SUS_deep_fryer': data did not match any variant of untagged enum ItemGroupEntry" }, JsonParse { path: "item_group", detail: "Failed to deserialize item_group 'biscuit_box_small_10': data did not match any variant of untagged enum ItemGroupEntry" }, JsonParse { path: "item_group", detail: "Failed to deserialize item_group 'GODCO_russell_wield': data did not match any variant of untagged enum ItemGroupEntry" }, JsonParse { path: "item_group", detail: "Failed to deserialize item_group 'any_cough_syrup_in_bottle': data did not match any variant of untagged enum ItemGroupEntry" }, JsonParse { path: "item_group", detail: "Failed to deserialize item_group 'chef_costume_unisex': data did not match any variant of untagged enum ItemGroupEntry" }, JsonParse { path: "item_group", detail: "Failed to deserialize item_group 'SUS_bathroom_medicine': data did not match any variant of untagged enum ItemGroupEntry" }, JsonParse { path: "item_group", detail: "Failed to deserialize item_group 'police_armory_full_usp45mag_45_acp': data did not match any variant of untagged enum ItemGroupEntry" }, JsonParse { path: "item_group", detail: "Failed to deserialize item_group 'bacon_bag_plastic_2': data did not match any variant of untagged enum ItemGroupEntry" }, JsonParse { path: "item_group", detail: "Failed to deserialize item_group 'bikini_matching': data did not match any variant of untagged enum ItemGroupEntry" }, JsonParse { path: "item_group", detail: "Failed to deserialize item_group 'crack_bag_zipper_4': data did not match any variant of untagged enum ItemGroupEntry" }, JsonParse { path: "item_group", detail: "Failed to deserialize item_group 'SUS_appliances_cupboard': data did not match any variant of untagged enum ItemGroupEntry" }, JsonParse { path: "item_group", detail: "Failed to deserialize item_group 'pistachio_shelled_bag_plastic_4': data did not match any variant of untagged enum ItemGroupEntry" }, JsonParse { path: "item_group", detail: "Failed to deserialize item_group 'ranger_mags': data did not match any variant of untagged enum ItemGroupEntry" }, JsonParse { path: "item_group", detail: "Failed to deserialize item_group 'NC_DOCTOR_masks': data did not match any variant of untagged enum ItemGroupEntry" }, JsonParse { path: "item_group", detail: "Failed to deserialize item_group 'feral_scientists_death_drops_scalpel': data did not match any variant of untagged enum ItemGroupEntry" }, JsonParse { path: "item_group", detail: "Failed to deserialize item_group 'police_armory_full_sp2022mag_9mmfmj': data did not match any variant of untagged enum ItemGroupEntry" }, JsonParse { path: "item_group", detail: "Failed to deserialize item_group 'SUS_dishes': data did not match any variant of untagged enum ItemGroupEntry" }, JsonParse { path: "item_group", detail: "Failed to deserialize item_group 'SUS_electronics_bookcase': data did not match any variant of untagged enum ItemGroupEntry" }, JsonParse { path: "item_group", detail: "Failed to deserialize item_group 'police_armory_full_glock40mag_40sw': data did not match any variant of untagged enum ItemGroupEntry" }, JsonParse { path: "item_group", detail: "Failed to deserialize item_group 'formal_set_mens': data did not match any variant of untagged enum ItemGroupEntry" }, JsonParse { path: "item_group", detail: "Failed to deserialize item_group 'bread_flour_bag_plastic_full': data did not match any variant of untagged enum ItemGroupEntry" }, JsonParse { path: "item_group", detail: "Failed to deserialize item_group 'boxed_223rem_mdrxkit': data did not match any variant of untagged enum ItemGroupEntry" }, JsonParse { path: "item_group", detail: "Failed to deserialize item_group 'boxing_misc': data did not match any variant of untagged enum ItemGroupEntry" }, JsonParse { path: "item_group", detail: "Failed to deserialize item_group 'groce_dairyegg': data did not match any variant of untagged enum ItemGroupEntry" }, JsonParse { path: "item_group", detail: "Failed to deserialize item_group 'bugout_food_9l': data did not match any variant of untagged enum ItemGroupEntry" }, JsonParse { path: "item_group", detail: "Failed to deserialize item_group 'sexy_santa_costume_male': data did not match any variant of untagged enum ItemGroupEntry" }, JsonParse { path: "item_group", detail: "Failed to deserialize item_group 'seasoning_salt_bottle_plastic_small_full': data did not match any variant of untagged enum ItemGroupEntry" }, JsonParse { path: "item_group", detail: "Failed to deserialize item_group 'SUS_shelf_commercial_fruits': data did not match any variant of untagged enum ItemGroupEntry" }, JsonParse { path: "item_group", detail: "Failed to deserialize item_group 'charged_powered_earmuffs': data did not match any variant of untagged enum ItemGroupEntry" }, JsonParse { path: "item_group", detail: "Failed to deserialize item_group 'field_ar15': data did not match any variant of untagged enum ItemGroupEntry" }, JsonParse { path: "item_group", detail: "Failed to deserialize item_group 'SUS_junk_drawer_messy': data did not match any variant of untagged enum ItemGroupEntry" }, JsonParse { path: "item_group", detail: "Failed to deserialize item_group 'NC_HUNTER_misc': data did not match any variant of untagged enum ItemGroupEntry" }, JsonParse { path: "item_group", detail: "Failed to deserialize item_group 'SUS_tailoring_tool_drawer': data did not match any variant of untagged enum ItemGroupEntry" }, JsonParse { path: "item_group", detail: "Failed to deserialize item_group 'charged_cell_phone': data did not match any variant of untagged enum ItemGroupEntry" }, JsonParse { path: "item_group", detail: "Failed to deserialize item_group 'army_mags_usp9': data did not match any variant of untagged enum ItemGroupEntry" }, JsonParse { path: "item_group", detail: "Failed to deserialize item_group 'mon_zombie_brute_string_dimension_drops': data did not match any variant of untagged enum ItemGroupEntry" }, JsonParse { path: "item_group", detail: "Failed to deserialize item_group 'dog_food_in_container_full': data did not match any variant of untagged enum ItemGroupEntry" }, JsonParse { path: "item_group", detail: "Failed to deserialize item_group 'police_armory_full_tac50mag': data did not match any variant of untagged enum ItemGroupEntry" }, JsonParse { path: "item_group", detail: "Failed to deserialize item_group 'antifungal_bottle_plastic_pill_prescription_5': data did not match any variant of untagged enum ItemGroupEntry" }, JsonParse { path: "item_group", detail: "Failed to deserialize item_group 'field_ump9': data did not match any variant of untagged enum ItemGroupEntry" }, JsonParse { path: "item_group", detail: "Failed to deserialize item_group 'wizard_costume_female': data did not match any variant of untagged enum ItemGroupEntry" }, JsonParse { path: "item_group", detail: "Failed to deserialize item_group 'canned_liver_can_food_4': data did not match any variant of untagged enum ItemGroupEntry" }, JsonParse { path: "item_group", detail: "Failed to deserialize item_group 'police_armory_full_fn57mag_57mm': data did not match any variant of untagged enum ItemGroupEntry" }, JsonParse { path: "item_group", detail: "Failed to deserialize item_group 'BEM_DRUGRUNNER_stock': data did not match any variant of untagged enum ItemGroupEntry" }, JsonParse { path: "item_group", detail: "Failed to deserialize item_group 'sugar_pound': data did not match any variant of untagged enum ItemGroupEntry" }, JsonParse { path: "item_group", detail: "Failed to deserialize item_group 'groce_condiment': data did not match any variant of untagged enum ItemGroupEntry" }, JsonParse { path: "item_group", detail: "Failed to deserialize item_group 'charged_flashlight': data did not match any variant of untagged enum ItemGroupEntry" }, JsonParse { path: "item_group", detail: "Failed to deserialize item_group 'dry_beans_bag_plastic_full': data did not match any variant of untagged enum ItemGroupEntry" }, JsonParse { path: "item_group", detail: "Failed to deserialize item_group 'boxed_223rem_ar15kit_long': data did not match any variant of untagged enum ItemGroupEntry" }, JsonParse { path: "item_group", detail: "Failed to deserialize item_group 'REFUGEE_Jenny_carried': data did not match any variant of untagged enum ItemGroupEntry" }, JsonParse { path: "item_group", detail: "Failed to deserialize item_group 'sugar_bottle_glass_small_full': data did not match any variant of untagged enum ItemGroupEntry" }, JsonParse { path: "item_group", detail: "Failed to deserialize item_group 'police_armory_box_full_357sigfmj': data did not match any variant of untagged enum ItemGroupEntry" }, JsonParse { path: "item_group", detail: "Failed to deserialize item_group 'sandwich_pb_wrapper_1_inf': data did not match any variant of untagged enum ItemGroupEntry" }, JsonParse { path: "item_group", detail: "Failed to deserialize item_group 'flour_bag_plastic_full': data did not match any variant of untagged enum ItemGroupEntry" }, JsonParse { path: "item_group", detail: "Failed to deserialize item_group 'pie_veggy_box_small_8': data did not match any variant of untagged enum ItemGroupEntry" }, JsonParse { path: "item_group", detail: "Failed to deserialize item_group 'police_armory_box_full_45_acp': data did not match any variant of untagged enum ItemGroupEntry" }, JsonParse { path: "item_group", detail: "Failed to deserialize item_group 'tobacco_bag_plastic_20': data did not match any variant of untagged enum ItemGroupEntry" }, JsonParse { path: "item_group", detail: "Failed to deserialize item_group 'mon_zombie_cop_death_drops': data did not match any variant of untagged enum ItemGroupEntry" }, JsonParse { path: "item_group", detail: "Failed to deserialize item_group 'mon_zombie_heavy_soldier_death_drops': data did not match any variant of untagged enum ItemGroupEntry" }, JsonParse { path: "item_group", detail: "Failed to deserialize item_group 'airdrop_MRE': data did not match any variant of untagged enum ItemGroupEntry" }, JsonParse { path: "item_group", detail: "Failed to deserialize item_group 'lobster_roll_wrapper_1_inf': data did not match any variant of untagged enum ItemGroupEntry" }, JsonParse { path: "item_group", detail: "Failed to deserialize item_group 'police_armory_full_mp5mag_9mmfmj': data did not match any variant of untagged enum ItemGroupEntry" }, JsonParse { path: "item_group", detail: "Failed to deserialize item_group 'GODCO_theresa_carried': data did not match any variant of untagged enum ItemGroupEntry" }, JsonParse { path: "item_group", detail: "Failed to deserialize item_group 'cigar_box_opened': data did not match any variant of untagged enum ItemGroupEntry" }, JsonParse { path: "item_group", detail: "Failed to deserialize item_group 'honey_market_stall': data did not match any variant of untagged enum ItemGroupEntry" }, JsonParse { path: "item_group", detail: "Failed to deserialize item_group 'default_zombie_death_drops': data did not match any variant of untagged enum ItemGroupEntry" }, JsonParse { path: "item_group", detail: "Failed to deserialize item_group 'pills_sleep_bottle_full': data did not match any variant of untagged enum ItemGroupEntry" }, JsonParse { path: "item_group", detail: "Failed to deserialize item_group 'field_p90': data did not match any variant of untagged enum ItemGroupEntry" }, JsonParse { path: "item_group", detail: "Failed to deserialize item_group 'operator_holster_field': data did not match any variant of untagged enum ItemGroupEntry" }, JsonParse { path: "item_group", detail: "Failed to deserialize item_group 'melatonin_tablet_bottle_plastic_pill_supplement_10': data did not match any variant of untagged enum ItemGroupEntry" }, JsonParse { path: "item_group", detail: "Failed to deserialize item_group 'feral_humans_death_drops_crowbar': data did not match any variant of untagged enum ItemGroupEntry" }, JsonParse { path: "item_group", detail: "Failed to deserialize item_group 'sprinkles_bottle_plastic_small_62': data did not match any variant of untagged enum ItemGroupEntry" }, JsonParse { path: "item_group", detail: "Failed to deserialize item_group 'bikini': data did not match any variant of untagged enum ItemGroupEntry" }, JsonParse { path: "item_group", detail: "Failed to deserialize item_group 'police_armory_full_mp9mag_9mm': data did not match any variant of untagged enum ItemGroupEntry" }, JsonParse { path: "item_group", detail: "Failed to deserialize item_group 'porkstick_bag_plastic_4': data did not match any variant of untagged enum ItemGroupEntry" }, JsonParse { path: "item_group", detail: "Failed to deserialize item_group 'birdfood_bag_canvas_60': data did not match any variant of untagged enum ItemGroupEntry" }, JsonParse { path: "item_group", detail: "Failed to deserialize item_group 'curry_powder_bottle_glass_small_full': data did not match any variant of untagged enum ItemGroupEntry" }, JsonParse { path: "item_group", detail: "Failed to deserialize item_group 'curry_powder_bottle_glass_full': data did not match any variant of untagged enum ItemGroupEntry" }, JsonParse { path: "item_group", detail: "Failed to deserialize item_group 'pine_nuts_bag_plastic_4': data did not match any variant of untagged enum ItemGroupEntry" }, JsonParse { path: "item_group", detail: "Failed to deserialize item_group 'police_armory_full_ump9mag_9mm': data did not match any variant of untagged enum ItemGroupEntry" }, JsonParse { path: "item_group", detail: "Failed to deserialize item_group 'default_armored_clothes': data did not match any variant of untagged enum ItemGroupEntry" }, JsonParse { path: "item_group", detail: "Failed to deserialize item_group 'cubical_office': data did not match any variant of untagged enum ItemGroupEntry" }, JsonParse { path: "item_group", detail: "Failed to deserialize item_group 'SUS_welding_gear': data did not match any variant of untagged enum ItemGroupEntry" }, JsonParse { path: "item_group", detail: "Failed to deserialize item_group 'mustard_sealed_rng': data did not match any variant of untagged enum ItemGroupEntry" }, JsonParse { path: "item_group", detail: "Failed to deserialize item_group 'radio': data did not match any variant of untagged enum ItemGroupEntry" }, JsonParse { path: "item_group", detail: "Failed to deserialize item_group 'coke_bag_zipper_8': data did not match any variant of untagged enum ItemGroupEntry" }, JsonParse { path: "item_group", detail: "Failed to deserialize item_group 'maltballs_box_snack_4': data did not match any variant of untagged enum ItemGroupEntry" }, JsonParse { path: "item_group", detail: "Failed to deserialize item_group 'charged_electrical_measuring': data did not match any variant of untagged enum ItemGroupEntry" }, JsonParse { path: "item_group", detail: "Failed to deserialize item_group 'SUS_bathroom_sink': data did not match any variant of untagged enum ItemGroupEntry" }, JsonParse { path: "item_group", detail: "Failed to deserialize item_group 'field_glock_34': data did not match any variant of untagged enum ItemGroupEntry" }, JsonParse { path: "item_group", detail: "Failed to deserialize item_group 'pecan_shelled_bag_plastic_4': data did not match any variant of untagged enum ItemGroupEntry" }, JsonParse { path: "item_group", detail: "Failed to deserialize item_group 'home_hw': data did not match any variant of untagged enum ItemGroupEntry" }, JsonParse { path: "item_group", detail: "Failed to deserialize item_group 'antiparasitic_bottle_plastic_pill_prescription_5': data did not match any variant of untagged enum ItemGroupEntry" }, JsonParse { path: "item_group", detail: "Failed to deserialize item_group 'pork_beans_in_can': data did not match any variant of untagged enum ItemGroupEntry" }, JsonParse { path: "palette", detail: "Failed to deserialize palette 'convention_palette': data did not match any variant of untagged enum PaletteRef" }, JsonParse { path: "overmap_terrain", detail: "Failed to deserialize overmap_terrain 'generic_city_building_no_sidewalk': invalid type: string \"high\", expected i32" }, JsonParse { path: "overmap_terrain", detail: "Failed to deserialize overmap_terrain 'generic_city_building_roof': invalid type: string \"high\", expected i32" }, JsonParse { path: "overmap_terrain", detail: "Failed to deserialize overmap_terrain 's_gardening_roof': invalid type: string \"high\", expected i32" }, JsonParse { path: "overmap_terrain", detail: "Failed to deserialize overmap_terrain 'generic_mining': invalid type: string \"high\", expected i32" }, JsonParse { path: "overmap_terrain", detail: "Failed to deserialize overmap_terrain 'generic_city_building': invalid type: string \"high\", expected i32" }, JsonParse { path: "overmap_terrain", detail: "Failed to deserialize overmap_terrain 'generic_city_house': invalid type: string \"high\", expected i32" }, JsonParse { path: "overmap_terrain", detail: "Failed to deserialize overmap_terrain 'generic_open_land': invalid type: string \"none\", expected i32" }, JsonParse { path: "overmap_terrain", detail: "Failed to deserialize overmap_terrain 'generic_highway': invalid type: string \"none\", expected i32" }, JsonParse { path: "overmap_terrain", detail: "Failed to deserialize overmap_terrain 'open_air': invalid type: string \"all_clear\", expected i32" }, JsonParse { path: "overmap_terrain", detail: "Failed to deserialize overmap_terrain 's_dive_shop': invalid type: string \"high\", expected i32" }, JsonParse { path: "overmap_terrain", detail: "Failed to deserialize overmap_terrain 'cemetery_small': invalid type: string \"high\", expected i32" }, JsonParse { path: "overmap_terrain", detail: "Failed to deserialize overmap_terrain 'generic_private_resort': invalid type: string \"full_high\", expected i32" }, MissingCopyFromTarget { target: "Definition 'mi-go_camp1' not found", source_path: "mi-go_camp2" }, JsonParse { path: "overmap_terrain", detail: "Failed to deserialize overmap_terrain 'generic_city_house_basement': invalid type: string \"high\", expected i32" }, JsonParse { path: "overmap_terrain", detail: "Failed to deserialize overmap_terrain 'lab_subway': invalid type: string \"full_high\", expected i32" }, JsonParse { path: "overmap_terrain", detail: "Failed to deserialize overmap_terrain 'lmoe': invalid type: string \"spaced_high\", expected i32" }, JsonParse { path: "overmap_terrain", detail: "Failed to deserialize overmap_terrain 'landscapingsupplyco_1b_roof': invalid type: string \"high\", expected i32" }, JsonParse { path: "overmap_terrain", detail: "Failed to deserialize overmap_terrain 'faction_base_camp_0': invalid type: string \"none\", expected i32" }, JsonParse { path: "overmap_terrain", detail: "Failed to deserialize overmap_terrain 'faction_hide_site_0': invalid type: string \"none\", expected i32" }, JsonParse { path: "overmap_terrain", detail: "Failed to deserialize overmap_terrain 'cs_car_showroom_2ndfloor': invalid type: string \"high\", expected i32" }, JsonParse { path: "overmap_terrain", detail: "Failed to deserialize overmap_terrain 'generic_rural_building': invalid type: string \"high\", expected i32" }, JsonParse { path: "overmap_terrain", detail: "Failed to deserialize overmap_terrain 'farm_dairy_twd_7': invalid type: string \"high\", expected i32" }, JsonParse { path: "overmap_terrain", detail: "Failed to deserialize overmap_terrain 'cs_private_park_roof': invalid type: string \"high\", expected i32" }, JsonParse { path: "overmap_terrain", detail: "Failed to deserialize overmap_terrain 'farm_horse_stable_1_hayloft': invalid type: string \"high\", expected i32" }, JsonParse { path: "overmap_terrain", detail: "Failed to deserialize overmap_terrain 'horse_farm_isherwood_7_hayloft': invalid type: string \"high\", expected i32" }, JsonParse { path: "overmap_terrain", detail: "Failed to deserialize overmap_terrain 'ants_food': invalid type: string \"full_high\", expected i32" }, JsonParse { path: "overmap_terrain", detail: "Failed to deserialize overmap_terrain 'acid_ants_larvae': invalid type: string \"full_high\", expected i32" }, MissingCopyFromTarget { target: "Definition 's_lot' not found", source_path: "sugar_house_parking" }, JsonParse { path: "overmap_terrain", detail: "Failed to deserialize overmap_terrain 'faction_base_workshop_0': invalid type: string \"none\", expected i32" }, JsonParse { path: "overmap_terrain", detail: "Failed to deserialize overmap_terrain 'generic_string_dimension_field': invalid type: string \"none\", expected i32" }, JsonParse { path: "overmap_terrain", detail: "Failed to deserialize overmap_terrain 'generic_water': invalid type: string \"none\", expected i32" }, JsonParse { path: "overmap_terrain", detail: "Failed to deserialize overmap_terrain 'generic_ocean': invalid type: string \"none\", expected i32" }, JsonParse { path: "overmap_terrain", detail: "Failed to deserialize overmap_terrain 'ocean_surface': invalid type: string \"none\", expected i32" }, JsonParse { path: "overmap_terrain", detail: "Failed to deserialize overmap_terrain 'farm_horse_carriage_house_1_roof': invalid type: string \"high\", expected i32" }, JsonParse { path: "overmap_terrain", detail: "Failed to deserialize overmap_terrain 'golfcourse_31_2ndfloor': invalid type: string \"high\", expected i32" }, JsonParse { path: "overmap_terrain", detail: "Failed to deserialize overmap_terrain 'crater': invalid type: string \"all_clear\", expected i32" }, JsonParse { path: "overmap_terrain", detail: "Failed to deserialize overmap_terrain 'generic_transportation': invalid type: string \"none\", expected i32" }, JsonParse { path: "overmap_terrain", detail: "Failed to deserialize overmap_terrain 'road_abstract': invalid type: string \"none\", expected i32" }, JsonParse { path: "overmap_terrain", detail: "Failed to deserialize overmap_terrain 'evac_center_5': invalid type: string \"none\", expected i32" }, JsonParse { path: "overmap_terrain", detail: "Failed to deserialize overmap_terrain 'sewage_treatment_0_1_0': invalid type: string \"none\", expected i32" }, JsonParse { path: "overmap_terrain", detail: "Failed to deserialize overmap_terrain 'faction_base_storehouse_0': invalid type: string \"none\", expected i32" }, JsonParse { path: "overmap_terrain", detail: "Failed to deserialize overmap_terrain 'generic_kelp_forest': invalid type: string \"none\", expected i32" }, JsonParse { path: "overmap_terrain", detail: "Failed to deserialize overmap_terrain 'kelp_forest_end': invalid type: string \"none\", expected i32" }, JsonParse { path: "overmap_terrain", detail: "Failed to deserialize overmap_terrain 'acid_ants_queen': invalid type: string \"full_high\", expected i32" }, JsonParse { path: "overmap_terrain", detail: "Failed to deserialize overmap_terrain 'faction_base_mansion_t7': invalid type: string \"full_high\", expected i32" }, JsonParse { path: "overmap_terrain", detail: "Failed to deserialize overmap_terrain 'microlab_sub_station_ratkin': invalid type: string \"full_high\", expected i32" }, JsonParse { path: "overmap_terrain", detail: "Failed to deserialize overmap_terrain 'farm_horse_stable_1_roof': invalid type: string \"high\", expected i32" }, JsonParse { path: "overmap_terrain", detail: "Failed to deserialize overmap_terrain 'generic_string_dimension_plane': invalid type: string \"none\", expected i32" }, JsonParse { path: "overmap_terrain", detail: "Failed to deserialize overmap_terrain 'string_dimension_plane_core': invalid type: string \"none\", expected i32" }, JsonParse { path: "overmap_terrain", detail: "Failed to deserialize overmap_terrain 'looted_house_basement': invalid type: string \"none\", expected i32" }, JsonParse { path: "overmap_terrain", detail: "Failed to deserialize overmap_terrain 'cs_market_small_roof': invalid type: string \"high\", expected i32" }, JsonParse { path: "overmap_terrain", detail: "Failed to deserialize overmap_terrain 'farm_1_coop': invalid type: string \"high\", expected i32" }, JsonParse { path: "overmap_terrain", detail: "Failed to deserialize overmap_terrain 'horse_farm_isherwood_10': invalid type: string \"high\", expected i32" }, JsonParse { path: "overmap_terrain", detail: "Failed to deserialize overmap_terrain 'solar_farm': invalid type: string \"medium\", expected i32" }, JsonParse { path: "overmap_terrain", detail: "Failed to deserialize overmap_terrain 'generic_motel': invalid type: string \"high\", expected i32" }, JsonParse { path: "overmap_terrain", detail: "Failed to deserialize overmap_terrain 'shelter_abstract': invalid type: string \"high\", expected i32" }, JsonParse { path: "overmap_terrain", detail: "Failed to deserialize overmap_terrain 'drug_lab_roof': invalid type: string \"none\", expected i32" }, JsonParse { path: "overmap_terrain", detail: "Failed to deserialize overmap_terrain 'generic_wetland_forest': invalid type: string \"spaced_high\", expected i32" }, JsonParse { path: "overmap_terrain", detail: "Failed to deserialize overmap_terrain 'faction_base_mansion_c2': invalid type: string \"full_high\", expected i32" }, JsonParse { path: "overmap_terrain", detail: "Failed to deserialize overmap_terrain 'speedway_track_abstract': invalid type: string \"none\", expected i32" }, JsonParse { path: "overmap_terrain", detail: "Failed to deserialize overmap_terrain 'lighthouse_abstract': invalid type: string \"high\", expected i32" }, JsonParse { path: "overmap_terrain", detail: "Failed to deserialize overmap_terrain 'generic_river': invalid type: string \"none\", expected i32" }, JsonParse { path: "overmap_terrain", detail: "Failed to deserialize overmap_terrain 'river_center': invalid type: string \"none\", expected i32" }, JsonParse { path: "overmap_terrain", detail: "Failed to deserialize overmap_terrain 'evac_center_25': invalid type: string \"none\", expected i32" }, JsonParse { path: "overmap_terrain", detail: "Failed to deserialize overmap_terrain 'faction_base_livestock_0': invalid type: string \"none\", expected i32" }, JsonParse { path: "overmap_terrain", detail: "Failed to deserialize overmap_terrain 'generic_forest': invalid type: string \"spaced_high\", expected i32" }, JsonParse { path: "overmap_terrain", detail: "Failed to deserialize overmap_terrain 'triffid_grove': invalid type: string \"high\", expected i32" }, JsonParse { path: "overmap_terrain", detail: "Failed to deserialize overmap_terrain 's_games': invalid type: string \"high\", expected i32" }, JsonParse { path: "overmap_terrain", detail: "Failed to deserialize overmap_terrain 's_games_roof': invalid type: string \"high\", expected i32" }, JsonParse { path: "overmap_terrain", detail: "Failed to deserialize overmap_terrain 'strip_mall_5': invalid type: string \"high\", expected i32" }, JsonParse { path: "overmap_terrain", detail: "Failed to deserialize overmap_terrain 'lumbermill_dforest': invalid type: string \"high\", expected i32" }, JsonParse { path: "overmap_terrain", detail: "Failed to deserialize overmap_terrain 'pump_station_2': invalid type: string \"high\", expected i32" }, JsonParse { path: "overmap_terrain", detail: "Failed to deserialize overmap_terrain 'robofachq_surface_parking': invalid type: string \"none\", expected i32" }, JsonParse { path: "overmap_terrain", detail: "Failed to deserialize overmap_terrain 'smokehouse': invalid type: string \"high\", expected i32" }, JsonParse { path: "overmap_terrain", detail: "Failed to deserialize overmap_terrain 'alien_meadow': invalid type: string \"none\", expected i32" }, JsonParse { path: "overmap_terrain", detail: "Failed to deserialize overmap_terrain 'alien_meadow_join': invalid type: string \"none\", expected i32" }, JsonParse { path: "overmap_terrain", detail: "Failed to deserialize overmap_terrain 'faction_base_mansion_c1': invalid type: string \"full_high\", expected i32" }, JsonParse { path: "overmap_terrain", detail: "Failed to deserialize overmap_terrain 'mi-go_portal_roof': invalid type: string \"none\", expected i32" }, JsonParse { path: "overmap_terrain", detail: "Failed to deserialize overmap_terrain 'generic_mil_base_minefield': invalid type: string \"none\", expected i32" }, JsonParse { path: "overmap_terrain", detail: "Failed to deserialize overmap_terrain 's_vfw_roof': invalid type: string \"high\", expected i32" }, JsonParse { path: "overmap_terrain", detail: "Failed to deserialize overmap_terrain 'trailer_public_10': invalid type: string \"high\", expected i32" }, JsonParse { path: "overmap_terrain", detail: "Failed to deserialize overmap_terrain 'generic_air': invalid type: string \"all_clear\", expected i32" }, JsonParse { path: "overmap_terrain", detail: "Failed to deserialize overmap_terrain 'hw_railings': invalid type: string \"all_clear\", expected i32" }, JsonParse { path: "overmap_terrain", detail: "Failed to deserialize overmap_terrain 'farm_horse_carriage_house_1': invalid type: string \"high\", expected i32" }, JsonParse { path: "overmap_terrain", detail: "Failed to deserialize overmap_terrain 'faction_base_garage_0': invalid type: string \"none\", expected i32" }, JsonParse { path: "overmap_terrain", detail: "Failed to deserialize overmap_terrain 'campsite_cabin_incomplete': invalid type: string \"spaced_high\", expected i32" }, JsonParse { path: "overmap_terrain", detail: "Failed to deserialize overmap_terrain 'house_fungus_01': invalid type: string \"high\", expected i32" }, MissingCopyFromTarget { target: "Definition 's_grocery' not found", source_path: "trailer_commercial_10" }, JsonParse { path: "overmap_terrain", detail: "Failed to deserialize overmap_terrain 's_antique': invalid type: string \"high\", expected i32" }, JsonParse { path: "overmap_terrain", detail: "Failed to deserialize overmap_terrain 'lighthouse_small_ground': invalid type: string \"high\", expected i32" }, MissingCopyFromTarget { target: "Definition 'special_field' not found", source_path: "special_field_highway" }, JsonParse { path: "overmap_terrain", detail: "Failed to deserialize overmap_terrain 'fuel_station': invalid type: string \"spaced_high\", expected i32" }, JsonParse { path: "overmap_terrain", detail: "Failed to deserialize overmap_terrain 'orchard_processing_roof': invalid type: string \"high\", expected i32" }, JsonParse { path: "overmap_terrain", detail: "Failed to deserialize overmap_terrain 'art_gallery': invalid type: string \"high\", expected i32" }, JsonParse { path: "overmap_terrain", detail: "Failed to deserialize overmap_terrain 'headshop': invalid type: string \"high\", expected i32" }, JsonParse { path: "overmap_terrain", detail: "Failed to deserialize overmap_terrain 'generic_bastion_fort': invalid type: string \"full_high\", expected i32" }, JsonParse { path: "overmap_terrain", detail: "Failed to deserialize overmap_terrain 'void_spider_lair': invalid type: string \"opaque\", expected i32" }, JsonParse { path: "overmap_terrain", detail: "Failed to deserialize overmap_terrain 'generic_stadium_park': invalid type: string \"none\", expected i32" }, JsonParse { path: "overmap_terrain", detail: "Failed to deserialize overmap_terrain 'movietheater_1_0': invalid type: string \"high\", expected i32" }, JsonParse { path: "overmap_terrain", detail: "Failed to deserialize overmap_terrain 'farm_horse_stable_1': invalid type: string \"high\", expected i32" }, JsonParse { path: "overmap_terrain", detail: "Failed to deserialize overmap_terrain 'horse_farm_isherwood_7': invalid type: string \"high\", expected i32" }, JsonParse { path: "overmap_terrain", detail: "Failed to deserialize overmap_terrain 'labyrinth_flooded_hall': invalid type: string \"high\", expected i32" }, JsonParse { path: "overmap_terrain", detail: "Failed to deserialize overmap_terrain 'lab_subway_vent_shaft_surface': invalid type: string \"spaced_high\", expected i32" }, JsonParse { path: "overmap_terrain", detail: "Failed to deserialize overmap_terrain 'lancenter': invalid type: string \"high\", expected i32" }, JsonParse { path: "overmap_terrain", detail: "Failed to deserialize overmap_terrain 'golfcourse_30': invalid type: string \"high\", expected i32" }, JsonParse { path: "overmap_terrain", detail: "Failed to deserialize overmap_terrain 'faction_base_mansion_c3': invalid type: string \"full_high\", expected i32" }, MissingCopyFromTarget { target: "Definition 'mi-go_camp1' not found", source_path: "mi-go_camp2-3" }, JsonParse { path: "overmap_terrain", detail: "Failed to deserialize overmap_terrain 'generic_transitional': invalid type: string \"high\", expected i32" }, JsonParse { path: "overmap_terrain", detail: "Failed to deserialize overmap_terrain 'island_forest_water': invalid type: string \"spaced_high\", expected i32" }, JsonParse { path: "overmap_terrain", detail: "Failed to deserialize overmap_terrain 'special_earth': invalid type: string \"opaque\", expected i32" }, JsonParse { path: "overmap_terrain", detail: "Failed to deserialize overmap_terrain 'ocean_water_cube': invalid type: string \"none\", expected i32" }, JsonParse { path: "overmap_terrain", detail: "Failed to deserialize overmap_terrain 'acid_ants': invalid type: string \"full_high\", expected i32" }, JsonParse { path: "overmap_terrain", detail: "Failed to deserialize overmap_terrain 'island_field': invalid type: string \"none\", expected i32" }, JsonParse { path: "overmap_terrain", detail: "Failed to deserialize overmap_terrain 'generic_waste_disposal': invalid type: string \"medium\", expected i32" }, JsonParse { path: "overmap_terrain", detail: "Failed to deserialize overmap_terrain 'labyrinth_safehouse': invalid type: string \"high\", expected i32" }, JsonParse { path: "overmap_terrain", detail: "Failed to deserialize overmap_terrain 'string_dimension_plane_end': invalid type: string \"none\", expected i32" }, JsonParse { path: "overmap_terrain", detail: "Failed to deserialize overmap_terrain 'icecream_shop_roof': invalid type: string \"high\", expected i32" }, JsonParse { path: "overmap_terrain", detail: "Failed to deserialize overmap_terrain 'faction_base_workshop_2_0': invalid type: string \"none\", expected i32" }, JsonParse { path: "overmap_terrain", detail: "Failed to deserialize overmap_terrain 'generic_marina': invalid type: string \"high\", expected i32" }, JsonParse { path: "overmap_terrain", detail: "Failed to deserialize overmap_terrain 'generic_hospital': invalid type: string \"high\", expected i32" }, JsonParse { path: "overmap_terrain", detail: "Failed to deserialize overmap_terrain 'generic_lake': invalid type: string \"none\", expected i32" }, JsonParse { path: "overmap_terrain", detail: "Failed to deserialize overmap_terrain 'lake_shore': invalid type: map, expected a string" }, JsonParse { path: "overmap_terrain", detail: "Failed to deserialize overmap_terrain 'control_tower_roof': invalid type: string \"none\", expected i32" }, JsonParse { path: "overmap_terrain", detail: "Failed to deserialize overmap_terrain 'fema_road': invalid type: string \"none\", expected i32" }, JsonParse { path: "overmap_terrain", detail: "Failed to deserialize overmap_terrain 'mine_finale': invalid type: string \"full_high\", expected i32" }, JsonParse { path: "overmap_terrain", detail: "Failed to deserialize overmap_terrain 'ocean_shore': invalid type: map, expected a string" }, JsonParse { path: "overmap_terrain", detail: "Failed to deserialize overmap_terrain 'omt_obsolete': invalid type: string \"none\", expected i32" }, JsonParse { path: "overmap_terrain", detail: "Failed to deserialize overmap_terrain 'microlab_ratkin': invalid type: string \"full_high\", expected i32" }, JsonParse { path: "overmap_terrain", detail: "Failed to deserialize overmap_terrain 'exo_warehouse_1': invalid type: string \"high\", expected i32" }, JsonParse { path: "overmap_terrain", detail: "Failed to deserialize overmap_terrain 'cs_gardening_allotment': invalid type: string \"high\", expected i32" }, JsonParse { path: "overmap_terrain", detail: "Failed to deserialize overmap_terrain 'animalshelter': invalid type: string \"high\", expected i32" }, JsonParse { path: "overmap_terrain", detail: "Failed to deserialize overmap_terrain 'generic_meadow': invalid type: string \"none\", expected i32" }, MissingCopyFromTarget { target: "Definition 'trailer_road' not found", source_path: "trailer_road_3way" }, JsonParse { path: "overmap_terrain", detail: "Failed to deserialize overmap_terrain 'lancenter_roof': invalid type: string \"high\", expected i32" }, JsonParse { path: "overmap_terrain", detail: "Failed to deserialize overmap_terrain 'exo_safehouse_stone_0': invalid type: string \"high\", expected i32" }, JsonParse { path: "overmap_terrain", detail: "Failed to deserialize overmap_terrain 'exo_safehouse_stone_2': invalid type: string \"high\", expected i32" }, JsonParse { path: "overmap_terrain", detail: "Failed to deserialize overmap_terrain 'campground_roof': invalid type: string \"none\", expected i32" }, JsonParse { path: "overmap_terrain", detail: "Failed to deserialize overmap_terrain 'generic_orchard': invalid type: string \"spaced_high\", expected i32" }, JsonParse { path: "overmap_terrain", detail: "Failed to deserialize overmap_terrain 'debug_itemgroup_test': invalid type: string \"none\", expected i32" }, MissingCopyFromTarget { target: "Definition 'public_works_NE_roof' not found", source_path: "public_works_SW_roof" }, JsonParse { path: "overmap_terrain", detail: "Failed to deserialize overmap_terrain 'generic_fence': invalid type: string \"low\", expected i32" }, JsonParse { path: "overmap_terrain", detail: "Failed to deserialize overmap_terrain 'refctr_fence_SE': invalid type: string \"low\", expected i32" }, JsonParse { path: "overmap_terrain", detail: "Failed to deserialize overmap_terrain 'dirtroad1_aban1': invalid type: string \"spaced_high\", expected i32" }, JsonParse { path: "overmap_terrain", detail: "Failed to deserialize overmap_terrain 'car_corner_aban1': invalid type: string \"spaced_high\", expected i32" }, JsonParse { path: "overmap_terrain", detail: "Failed to deserialize overmap_terrain 'car_corner_aban1_roof': invalid type: string \"spaced_high\", expected i32" }, JsonParse { path: "overmap_terrain", detail: "Failed to deserialize overmap_terrain 'irradiator_1_8': invalid type: string \"full_high\", expected i32" }, JsonParse { path: "overmap_terrain", detail: "Failed to deserialize overmap_terrain 'farm_dairy_twd_12': invalid type: string \"high\", expected i32" }, JsonParse { path: "overmap_terrain", detail: "Failed to deserialize overmap_terrain 'road_nesw_manhole': invalid type: string \"none\", expected i32" }, JsonParse { path: "overmap_terrain", detail: "Failed to deserialize overmap_terrain 'horse_farm_isherwood_4': invalid type: string \"high\", expected i32" }, JsonParse { path: "overmap_terrain", detail: "Failed to deserialize overmap_terrain 'triffid_grove_roof': invalid type: string \"none\", expected i32" }, JsonParse { path: "overmap_terrain", detail: "Failed to deserialize overmap_terrain 'apartment_complex_courtyard': invalid type: string \"high\", expected i32" }, MissingCopyFromTarget { target: "Definition 'public_works_NE' not found", source_path: "public_works_SW" }, JsonParse { path: "overmap_terrain", detail: "Failed to deserialize overmap_terrain 'TreeFarm_1a_roof': invalid type: string \"spaced_high\", expected i32" }, JsonParse { path: "overmap_terrain", detail: "Failed to deserialize overmap_terrain 'ranch_camp_57': invalid type: string \"high\", expected i32" }, JsonParse { path: "overmap_terrain", detail: "Failed to deserialize overmap_terrain 'fema_military_building': invalid type: string \"medium\", expected i32" }, JsonParse { path: "overmap_terrain", detail: "Failed to deserialize overmap_terrain 'generic_cranberry_bog': invalid type: string \"none\", expected i32" }, JsonParse { path: "overmap_terrain", detail: "Failed to deserialize overmap_terrain 'lab_surface_brick_blockC3': invalid type: string \"full_high\", expected i32" }, JsonParse { path: "overmap_terrain", detail: "Failed to deserialize overmap_terrain 's_air_term': invalid type: string \"high\", expected i32" }, JsonParse { path: "overmap_terrain", detail: "Failed to deserialize overmap_terrain 'waiting_area': invalid type: string \"high\", expected i32" }, JsonParse { path: "overmap_terrain", detail: "Failed to deserialize overmap_terrain 's_dive_shop_roof': invalid type: string \"high\", expected i32" }, JsonParse { path: "overmap_terrain", detail: "Failed to deserialize overmap_terrain 'home_improvement': invalid type: string \"high\", expected i32" }, MissingCopyFromTarget { target: "Definition 'corpse_bowels_empty_edge' not found", source_path: "corpse_tentacle_entry" }, JsonParse { path: "overmap_terrain", detail: "Failed to deserialize overmap_terrain 'generic_ravine': invalid type: string \"all_clear\", expected i32" }, JsonParse { path: "overmap_terrain", detail: "Failed to deserialize overmap_terrain 'cs_internet_cafe': invalid type: string \"high\", expected i32" }, JsonParse { path: "overmap_terrain", detail: "Failed to deserialize overmap_terrain 'microlab_generic': invalid type: string \"full_high\", expected i32" }, JsonParse { path: "overmap_terrain", detail: "Failed to deserialize overmap_terrain 'microlab_generic_vent_shaft_connector': invalid type: string \"full_high\", expected i32" }, JsonParse { path: "overmap_terrain", detail: "Failed to deserialize overmap_terrain 'lancenter_1': invalid type: string \"high\", expected i32" }, JsonParse { path: "overmap_terrain", detail: "Failed to deserialize overmap_terrain 's_electronicstore_2ndfloor': invalid type: string \"high\", expected i32" }, JsonParse { path: "overmap_terrain", detail: "Failed to deserialize overmap_terrain 'ants_queen': invalid type: string \"full_high\", expected i32" }, JsonParse { path: "overmap_terrain", detail: "Failed to deserialize overmap_terrain 'museum': invalid type: string \"high\", expected i32" }, JsonParse { path: "overmap_terrain", detail: "Failed to deserialize overmap_terrain 'mil_base_minefield_gate_right': invalid type: string \"none\", expected i32" }, JsonParse { path: "overmap_terrain", detail: "Failed to deserialize overmap_terrain 'ranch_camp_66': invalid type: string \"high\", expected i32" }, JsonParse { path: "overmap_terrain", detail: "Failed to deserialize overmap_terrain 's_liquor': invalid type: string \"high\", expected i32" }, JsonParse { path: "overmap_terrain", detail: "Failed to deserialize overmap_terrain 's_music': invalid type: string \"high\", expected i32" }, JsonParse { path: "overmap_terrain", detail: "Failed to deserialize overmap_terrain 'generic_giant_sinkhole': invalid type: string \"all_clear\", expected i32" }, JsonParse { path: "overmap_terrain", detail: "Failed to deserialize overmap_terrain 'car_theater_3_0': invalid type: string \"none\", expected i32" }, JsonParse { path: "overmap_terrain", detail: "Failed to deserialize overmap_terrain 's_air_term_roof': invalid type: string \"none\", expected i32" }, JsonParse { path: "overmap_terrain", detail: "Failed to deserialize overmap_terrain 'waiting_area_roof': invalid type: string \"none\", expected i32" }, JsonParse { path: "overmap_terrain", detail: "Failed to deserialize overmap_terrain 'cave_rat': invalid type: string \"full_high\", expected i32" }, JsonParse { path: "overmap_terrain", detail: "Failed to deserialize overmap_terrain 'generic_large_office_tower': invalid type: string \"full_high\", expected i32" }, JsonParse { path: "overmap_terrain", detail: "Failed to deserialize overmap_terrain 'standing_stones': invalid type: string \"medium\", expected i32" }, JsonParse { path: "overmap_terrain", detail: "Failed to deserialize overmap_terrain 'highland_road': invalid type: string \"none\", expected i32" }, JsonParse { path: "overmap_terrain", detail: "Failed to deserialize overmap_terrain 'generic_mall': invalid type: string \"full_high\", expected i32" }, JsonParse { path: "overmap_terrain", detail: "Failed to deserialize overmap_terrain 'generic_mall_road': invalid type: string \"full_high\", expected i32" }, JsonParse { path: "overmap_terrain", detail: "Failed to deserialize overmap_terrain 'mall_a_81': invalid type: string \"full_high\", expected i32" }, JsonParse { path: "overmap_terrain", detail: "Failed to deserialize overmap_terrain 'generic_city_house_no_sidewalk': invalid type: string \"high\", expected i32" }, JsonParse { path: "overmap_terrain", detail: "Failed to deserialize overmap_terrain 'generic_city_house_roof': invalid type: string \"high\", expected i32" }, JsonParse { path: "overmap_terrain", detail: "Failed to deserialize overmap_terrain 'prefab_roof': invalid type: string \"high\", expected i32" }, JsonParse { path: "overmap_terrain", detail: "Failed to deserialize overmap_terrain 'looted_hospital': invalid type: string \"none\", expected i32" }, JsonParse { path: "overmap_terrain", detail: "Failed to deserialize overmap_terrain 'microlab_ratkin_surface_connector': invalid type: string \"full_high\", expected i32" }, JsonParse { path: "overmap_terrain", detail: "Failed to deserialize overmap_terrain 'ranch_camp_76': invalid type: string \"none\", expected i32" }, JsonParse { path: "overmap_terrain", detail: "Failed to deserialize overmap_terrain 'generic_powerline_utility': invalid type: string \"low\", expected i32" }, JsonParse { path: "overmap_terrain", detail: "Failed to deserialize overmap_terrain 'faction_base_lightindustry_workshop_0': invalid type: string \"none\", expected i32" }, JsonParse { path: "overmap_terrain", detail: "Failed to deserialize overmap_terrain 'desolatebarn': invalid type: string \"high\", expected i32" }, JsonParse { path: "overmap_terrain", detail: "Failed to deserialize overmap_terrain 'microlab_generic_edge': invalid type: string \"full_high\", expected i32" }, JsonParse { path: "overmap_terrain", detail: "Failed to deserialize overmap_terrain 'generic_river_bank': invalid type: string \"none\", expected i32" }, JsonParse { path: "overmap_terrain", detail: "Failed to deserialize overmap_terrain 'temple_finale': invalid type: string \"full_high\", expected i32" }, JsonParse { path: "overmap_terrain", detail: "Failed to deserialize overmap_terrain 'landscapingsupplyco_1a': invalid type: string \"high\", expected i32" }, JsonParse { path: "overmap_terrain", detail: "Failed to deserialize overmap_terrain 'generic_residential_low': invalid type: string \"high\", expected i32" }, JsonParse { path: "overmap_terrain", detail: "Failed to deserialize overmap_terrain 'ruined_tower_highlands_ground': invalid type: string \"high\", expected i32" }, JsonParse { path: "overmap_terrain", detail: "Failed to deserialize overmap_terrain 'ants_fungus_colony': invalid type: string \"full_high\", expected i32" }, JsonParse { path: "overmap_terrain", detail: "Failed to deserialize overmap_terrain 'pond_field': invalid type: string \"none\", expected i32" }, JsonParse { path: "overmap_terrain", detail: "Failed to deserialize overmap_terrain 'natural_spring': invalid type: string \"none\", expected i32" }, JsonParse { path: "overmap_terrain", detail: "Failed to deserialize overmap_terrain 'acid_ants_food': invalid type: string \"full_high\", expected i32" }, JsonParse { path: "overmap_terrain", detail: "Failed to deserialize overmap_terrain 'acid_ants_fungus_colony': invalid type: string \"full_high\", expected i32" }, JsonParse { path: "overmap_terrain", detail: "Failed to deserialize overmap_terrain 'office_tower_collapse_a2': invalid type: string \"high\", expected i32" }, JsonParse { path: "overmap_terrain", detail: "Failed to deserialize overmap_terrain 'ranch_camp_67': invalid type: string \"high\", expected i32" }, JsonParse { path: "overmap_terrain", detail: "Failed to deserialize overmap_terrain 'ranch_camp_65_roof': invalid type: string \"none\", expected i32" }, MissingCopyFromTarget { target: "Definition 'trailer_road' not found", source_path: "trailer_road_turn" }, JsonParse { path: "overmap_terrain", detail: "Failed to deserialize overmap_terrain 'bakery': invalid type: string \"high\", expected i32" }, JsonParse { path: "overmap_terrain", detail: "Failed to deserialize overmap_terrain 'sewer_sub_station': invalid type: string \"full_high\", expected i32" }, JsonParse { path: "overmap_terrain", detail: "Failed to deserialize overmap_terrain 'mil_base_minefield_se': invalid type: string \"none\", expected i32" }, MissingCopyFromTarget { target: "Definition 'farm_horse_house_1_2ndfloor' not found", source_path: "horse_farm_isherwood_13_2ndfloor" }, JsonParse { path: "overmap_terrain", detail: "Failed to deserialize overmap_terrain 'refctr_fence_v': invalid type: string \"low\", expected i32" }, JsonParse { path: "overmap_terrain", detail: "Failed to deserialize overmap_terrain 'sai': invalid type: string \"spaced_high\", expected i32" }, JsonParse { path: "overmap_terrain", detail: "Failed to deserialize overmap_terrain 'cs_private_park': invalid type: string \"high\", expected i32" }, JsonParse { path: "overmap_terrain", detail: "Failed to deserialize overmap_terrain 'island_sand': invalid type: string \"none\", expected i32" }, JsonParse { path: "overmap_terrain", detail: "Failed to deserialize overmap_terrain 's_arcade': invalid type: string \"high\", expected i32" }, MissingCopyFromTarget { target: "Definition 'corpse_bowels_empty_edge' not found", source_path: "corpse_tentacle_surface_entry" }, JsonParse { path: "overmap_terrain", detail: "Failed to deserialize overmap_terrain 'golfcourse_31_roof': invalid type: string \"high\", expected i32" }, JsonParse { path: "overmap_terrain", detail: "Failed to deserialize overmap_terrain 'faction_base_garage_2_0': invalid type: string \"none\", expected i32" }, JsonParse { path: "overmap_terrain", detail: "Failed to deserialize overmap_terrain 's_gas_b11': invalid type: string \"high\", expected i32" }, JsonParse { path: "overmap_terrain", detail: "Failed to deserialize overmap_terrain 'faction_base_storehouse_2_0': invalid type: string \"none\", expected i32" }, JsonParse { path: "overmap_terrain", detail: "Failed to deserialize overmap_terrain 'generic_recreation_water': invalid type: string \"none\", expected i32" }, JsonParse { path: "overmap_terrain", detail: "Failed to deserialize overmap_terrain 'lake_dock_small': invalid type: string \"none\", expected i32" }, JsonParse { path: "overmap_terrain", detail: "Failed to deserialize overmap_terrain 'microlab_generic_surface': invalid type: string \"full_high\", expected i32" }, JsonParse { path: "overmap_terrain", detail: "Failed to deserialize overmap_terrain 'faction_base_saltworks_0': invalid type: string \"none\", expected i32" }, JsonParse { path: "overmap_terrain", detail: "Failed to deserialize overmap_terrain 'orchard_tree_apple': invalid type: string \"high\", expected i32" }, JsonParse { path: "overmap_terrain", detail: "Failed to deserialize overmap_terrain 'outcrop_bottom': invalid type: string \"full_high\", expected i32" }, JsonParse { path: "overmap_terrain", detail: "Failed to deserialize overmap_terrain 'exo_warehouse_2': invalid type: string \"high\", expected i32" }, JsonParse { path: "overmap_terrain", detail: "Failed to deserialize overmap_terrain 'orchard_stall_roof': invalid type: string \"high\", expected i32" }, JsonParse { path: "overmap_terrain", detail: "Failed to deserialize overmap_terrain 'alien_meadow_core': invalid type: string \"none\", expected i32" }, JsonParse { path: "overmap_terrain", detail: "Failed to deserialize overmap_terrain 'garage_gas_1': invalid type: string \"high\", expected i32" }, JsonParse { path: "overmap_terrain", detail: "Failed to deserialize overmap_terrain 'farm_stills_11': invalid type: string \"high\", expected i32" }, JsonParse { path: "overmap_terrain", detail: "Failed to deserialize overmap_terrain 'generic_rural_road': invalid type: string \"none\", expected i32" }, JsonParse { path: "overmap_terrain", detail: "Failed to deserialize overmap_terrain 'dirt_road_farm_parking': invalid type: string \"none\", expected i32" }, JsonParse { path: "overmap_terrain", detail: "Failed to deserialize overmap_terrain 'faction_base_helipad_garage_0': invalid type: string \"none\", expected i32" }, JsonParse { path: "overmap_terrain", detail: "Failed to deserialize overmap_terrain 'faction_base_mansion_t3': invalid type: string \"full_high\", expected i32" }, JsonParse { path: "overmap_terrain", detail: "Failed to deserialize overmap_terrain 'landfill': invalid type: string \"high\", expected i32" }, JsonParse { path: "overmap_terrain", detail: "Failed to deserialize overmap_terrain 'microlab_generic_surface_connector': invalid type: string \"full_high\", expected i32" }, JsonParse { path: "overmap_terrain", detail: "Failed to deserialize overmap_terrain 'campsite_cabin_incomplete_roof': invalid type: string \"none\", expected i32" }, JsonParse { path: "overmap_terrain", detail: "Failed to deserialize overmap_terrain 'veterinarian_roof': invalid type: string \"high\", expected i32" }, JsonParse { path: "overmap_terrain", detail: "Failed to deserialize overmap_terrain 'lighthouse_z3': invalid type: string \"high\", expected i32" }, JsonParse { path: "overmap_terrain", detail: "Failed to deserialize overmap_terrain 'cabin_strange_roof': invalid type: string \"none\", expected i32" }, JsonParse { path: "overmap_terrain", detail: "Failed to deserialize overmap_terrain 'microlab_sub_station': invalid type: string \"full_high\", expected i32" }, JsonParse { path: "overmap_terrain", detail: "Failed to deserialize overmap_terrain 'microlab_sub_connector_ratkin': invalid type: string \"full_high\", expected i32" }, JsonParse { path: "overmap_terrain", detail: "Failed to deserialize overmap_terrain 'road': invalid type: string \"none\", expected i32" }, JsonParse { path: "overmap_terrain", detail: "Failed to deserialize overmap_terrain 'lmoe_under_empty': invalid type: string \"full_high\", expected i32" }, JsonParse { path: "overmap_terrain", detail: "Failed to deserialize overmap_terrain 'sewage_treatment_0_1_roof': invalid type: string \"none\", expected i32" }, JsonParse { path: "overmap_terrain", detail: "Failed to deserialize overmap_terrain 'river_cave_food': invalid type: string \"full_high\", expected i32" }, JsonParse { path: "overmap_terrain", detail: "Failed to deserialize overmap_terrain 'river_cave_nest': invalid type: string \"full_high\", expected i32" }, JsonParse { path: "overmap_terrain", detail: "Failed to deserialize overmap_terrain 'ranch_camp_1': invalid type: string \"none\", expected i32" }, JsonParse { path: "overmap_terrain", detail: "Failed to deserialize overmap_terrain 'hunting_blind': invalid type: string \"medium\", expected i32" }, JsonParse { path: "overmap_terrain", detail: "Failed to deserialize overmap_terrain 'sugar_house': invalid type: string \"high\", expected i32" }, JsonParse { path: "overmap_terrain", detail: "Failed to deserialize overmap_terrain 'sugar_house_roof': invalid type: string \"high\", expected i32" }, JsonParse { path: "overmap_terrain", detail: "Failed to deserialize overmap_terrain 'field_graboid': invalid type: string \"none\", expected i32" }, JsonParse { path: "overmap_terrain", detail: "Failed to deserialize overmap_terrain 'generic_sewer': invalid type: string \"full_high\", expected i32" }, JsonParse { path: "overmap_terrain", detail: "Failed to deserialize overmap_terrain 'sewer_connector': invalid type: string \"full_high\", expected i32" }, JsonParse { path: "overmap_terrain", detail: "Failed to deserialize overmap_terrain 'generic_residential_high': invalid type: string \"high\", expected i32" }, JsonParse { path: "overmap_terrain", detail: "Failed to deserialize overmap_terrain 'labyrinth_nl_exit_boiler': invalid type: string \"high\", expected i32" }, JsonParse { path: "overmap_terrain", detail: "Failed to deserialize overmap_terrain 'generic_urban_public_institutional': invalid type: string \"high\", expected i32" }, JsonParse { path: "overmap_terrain", detail: "Failed to deserialize overmap_terrain 'derelict_property': invalid type: string \"high\", expected i32" }, JsonParse { path: "overmap_terrain", detail: "Failed to deserialize overmap_terrain 's_hunting_roof': invalid type: string \"high\", expected i32" }, JsonParse { path: "overmap_terrain", detail: "Failed to deserialize overmap_terrain 'cs_sex_shop_roof': invalid type: string \"high\", expected i32" }, JsonParse { path: "overmap_terrain", detail: "Failed to deserialize overmap_terrain 'ranch_camp_66_roof': invalid type: string \"none\", expected i32" }, JsonParse { path: "overmap_terrain", detail: "Failed to deserialize overmap_terrain 'bowling_alley_roof': invalid type: string \"high\", expected i32" }, JsonParse { path: "overmap_terrain", detail: "Failed to deserialize overmap_terrain 'horse_farm_isherwood_7_roof': invalid type: string \"high\", expected i32" }, JsonParse { path: "overmap_terrain", detail: "Failed to deserialize overmap_terrain 'farm_dairy_twd_11': invalid type: string \"high\", expected i32" }, JsonParse { path: "overmap_terrain", detail: "Failed to deserialize overmap_terrain 'barn_aban1': invalid type: string \"high\", expected i32" }, JsonParse { path: "overmap_terrain", detail: "Failed to deserialize overmap_terrain 's_sports_roof': invalid type: string \"high\", expected i32" }, JsonParse { path: "overmap_terrain", detail: "Failed to deserialize overmap_terrain 'mall_upper_roof_4': invalid type: string \"full_high\", expected i32" }, JsonParse { path: "overmap_terrain", detail: "Failed to deserialize overmap_terrain 'generic_junkyard': invalid type: string \"high\", expected i32" }, MissingCopyFromTarget { target: "Definition 's_laundromat_roof' not found", source_path: "trailer_commercial_00_roof" }, JsonParse { path: "overmap_terrain", detail: "Failed to deserialize overmap_terrain 'craft_shop_upper_roof': invalid type: string \"high\", expected i32" }, JsonParse { path: "overmap_terrain", detail: "Failed to deserialize overmap_terrain 'faction_base_kitchen_0': invalid type: string \"none\", expected i32" }, JsonParse { path: "overmap_terrain", detail: "Failed to deserialize overmap_terrain 'cs_sex_shop': invalid type: string \"high\", expected i32" }, JsonParse { path: "overmap_terrain", detail: "Failed to deserialize overmap_terrain 'generic_industrial': invalid type: string \"high\", expected i32" }, JsonParse { path: "overmap_terrain", detail: "Failed to deserialize overmap_terrain 'coop_chicken': invalid type: string \"high\", expected i32" }, JsonParse { path: "overmap_terrain", detail: "Failed to deserialize overmap_terrain 's_jewelry': invalid type: string \"high\", expected i32" }, JsonParse { path: "overmap_terrain", detail: "Failed to deserialize overmap_terrain 'apartments_tower_roof_any': invalid type: string \"none\", expected i32" }, JsonParse { path: "overmap_terrain", detail: "Failed to deserialize overmap_terrain 'microlab_sub_connector': invalid type: string \"full_high\", expected i32" }, JsonParse { path: "overmap_terrain", detail: "Failed to deserialize overmap_terrain 'microlab_generic_sub_entry': invalid type: string \"full_high\", expected i32" }, MissingCopyFromTarget { target: "Definition 'corpse_bowels_empty_edge' not found", source_path: "corpse_tentacle" }, JsonParse { path: "overmap_terrain", detail: "Failed to deserialize overmap_terrain 'pump_station_1': invalid type: string \"high\", expected i32" }, JsonParse { path: "overmap_terrain", detail: "Failed to deserialize overmap_terrain 'lake_water_cube': invalid type: string \"none\", expected i32" }, JsonParse { path: "overmap_terrain", detail: "Failed to deserialize overmap_terrain 'animalpound_roof': invalid type: string \"high\", expected i32" }, JsonParse { path: "overmap_terrain", detail: "Failed to deserialize overmap_terrain '': invalid type: string \"none\", expected i32" }, JsonParse { path: "overmap_terrain", detail: "Failed to deserialize overmap_terrain 's_antique_roof': invalid type: string \"high\", expected i32" }, JsonParse { path: "overmap_terrain", detail: "Failed to deserialize overmap_terrain 'office_tower_2_a3': invalid type: string \"low\", expected i32" }, JsonParse { path: "overmap_terrain", detail: "Failed to deserialize overmap_terrain 'horse_farm_isherwood_4_roof': invalid type: string \"high\", expected i32" }, JsonParse { path: "overmap_terrain", detail: "Failed to deserialize overmap_terrain 'art_gallery_roof': invalid type: string \"high\", expected i32" }, JsonParse { path: "overmap_terrain", detail: "Failed to deserialize overmap_terrain 'ravine_edge': invalid type: map, expected a string" }, JsonParse { path: "overmap_terrain", detail: "Failed to deserialize overmap_terrain 'generic_residential_medium': invalid type: string \"high\", expected i32" }, JsonParse { path: "overmap_terrain", detail: "Failed to deserialize overmap_terrain 'generic_evac_center': invalid type: string \"full_high\", expected i32" }, JsonParse { path: "overmap_terrain", detail: "Failed to deserialize overmap_terrain 'smallscrapyard': invalid type: string \"high\", expected i32" }, JsonParse { path: "overmap_terrain", detail: "Failed to deserialize overmap_terrain 's_air_helicopter_pad': invalid type: string \"none\", expected i32" }, MissingCopyFromTarget { target: "Definition 's_grocery_roof' not found", source_path: "trailer_commercial_10_roof" }, JsonParse { path: "overmap_terrain", detail: "Failed to deserialize overmap_terrain 'cs_public_art_piece': invalid type: string \"high\", expected i32" }, JsonParse { path: "overmap_terrain", detail: "Failed to deserialize overmap_terrain 'emptycommerciallot': invalid type: string \"high\", expected i32" }, JsonParse { path: "overmap_terrain", detail: "Failed to deserialize overmap_terrain 'refctr_fence_SW': invalid type: string \"low\", expected i32" }, JsonParse { path: "overmap_terrain", detail: "Failed to deserialize overmap_terrain 'lmoe_roof': invalid type: string \"none\", expected i32" }, JsonParse { path: "overmap_terrain", detail: "Failed to deserialize overmap_terrain 'mil_base_minefield_sw': invalid type: string \"none\", expected i32" }, JsonParse { path: "overmap_terrain", detail: "Failed to deserialize overmap_terrain 'generic_pasture': invalid type: string \"none\", expected i32" }, JsonParse { path: "overmap_terrain", detail: "Failed to deserialize overmap_terrain 'triffid_field': invalid type: string \"spaced_high\", expected i32" }, JsonParse { path: "overmap_terrain", detail: "Failed to deserialize overmap_terrain 'mall_a_1': invalid type: string \"full_high\", expected i32" }, JsonParse { path: "overmap_terrain", detail: "Failed to deserialize overmap_terrain 'refctr_fence_NW': invalid type: string \"low\", expected i32" }, JsonParse { path: "overmap_terrain", detail: "Failed to deserialize overmap_terrain 'highlands': invalid type: string \"none\", expected i32" }, JsonParse { path: "overmap_terrain", detail: "Failed to deserialize overmap_terrain 'godco_enter': invalid type: string \"none\", expected i32" }, JsonParse { path: "overmap_terrain", detail: "Failed to deserialize overmap_terrain 'standing_stones_highlands': invalid type: string \"medium\", expected i32" }, MissingCopyFromTarget { target: "Definition 'trailer_road' not found", source_path: "trailer_hub_11" }, JsonParse { path: "overmap_terrain", detail: "Failed to deserialize overmap_terrain 'trailer_hub_10': invalid type: string \"high\", expected i32" }, JsonParse { path: "overmap_terrain", detail: "Failed to deserialize overmap_terrain 'bakery_upper_roof': invalid type: string \"high\", expected i32" }, JsonParse { path: "overmap_terrain", detail: "Failed to deserialize overmap_terrain 'generic_brushland': invalid type: string \"low\", expected i32" }, JsonParse { path: "overmap_terrain", detail: "Failed to deserialize overmap_terrain 'faction_base_canteen_0': invalid type: string \"none\", expected i32" }, JsonParse { path: "overmap_terrain", detail: "Failed to deserialize overmap_terrain 'gym': invalid type: string \"high\", expected i32" }, JsonParse { path: "overmap_terrain", detail: "Failed to deserialize overmap_terrain 'forest_trail': invalid type: string \"spaced_high\", expected i32" }, JsonParse { path: "overmap_terrain", detail: "Failed to deserialize overmap_terrain 'generic_nursery': invalid type: string \"spaced_high\", expected i32" }, JsonParse { path: "overmap_terrain", detail: "Failed to deserialize overmap_terrain 'lmoe_zombie': invalid type: string \"spaced_high\", expected i32" }, JsonParse { path: "overmap_terrain", detail: "Failed to deserialize overmap_terrain 'ranch_camp_17': invalid type: string \"none\", expected i32" }, JsonParse { path: "overmap_terrain", detail: "Failed to deserialize overmap_terrain 'mall_a_73': invalid type: string \"full_high\", expected i32" }, JsonParse { path: "overmap_terrain", detail: "Failed to deserialize overmap_terrain 'meadow_end': invalid type: string \"none\", expected i32" }, JsonParse { path: "overmap_terrain", detail: "Failed to deserialize overmap_terrain 'generic_bridge': invalid type: string \"none\", expected i32" }, JsonParse { path: "overmap_terrain", detail: "Failed to deserialize overmap_terrain 'bridgehead_ground': invalid type: string \"none\", expected i32" }, MissingCopyFromTarget { target: "Definition 'trailer_road' not found", source_path: "trailer_hub_01" }, JsonParse { path: "overmap_terrain", detail: "Failed to deserialize overmap_terrain 'lmoe_prepperquest': invalid type: string \"spaced_high\", expected i32" }, JsonParse { path: "overmap_terrain", detail: "Failed to deserialize overmap_terrain 'cabin_isherwood': invalid type: string \"high\", expected i32" }, JsonParse { path: "overmap_terrain", detail: "Failed to deserialize overmap_terrain 'generic_rural_field': invalid type: string \"none\", expected i32" }, JsonParse { path: "overmap_terrain", detail: "Failed to deserialize overmap_terrain 'slimepit_z0': invalid type: string \"all_clear\", expected i32" }, JsonParse { path: "overmap_terrain", detail: "Failed to deserialize overmap_terrain 'landscapingsupplyco_1b': invalid type: string \"high\", expected i32" }, JsonParse { path: "overmap_terrain", detail: "Failed to deserialize overmap_terrain 'cs_gardening_allotment_roof': invalid type: string \"high\", expected i32" }, JsonParse { path: "overmap_terrain", detail: "Failed to deserialize overmap_terrain 'animalpound': invalid type: string \"high\", expected i32" }, JsonParse { path: "overmap_terrain", detail: "Failed to deserialize overmap_terrain 'forest_water': invalid type: map, expected a string" }, JsonParse { path: "overmap_terrain", detail: "Failed to deserialize overmap_terrain 'netherum_labyrinth_sparkling_chasm': invalid type: string \"high\", expected i32" }, JsonParse { path: "overmap_terrain", detail: "Failed to deserialize overmap_terrain 'inner_cabins_depths': invalid type: string \"high\", expected i32" }, JsonParse { path: "overmap_terrain", detail: "Failed to deserialize overmap_terrain 's_music_roof': invalid type: string \"high\", expected i32" }, JsonParse { path: "overmap_terrain", detail: "Failed to deserialize overmap_terrain 's_gardening': invalid type: string \"high\", expected i32" }, JsonParse { path: "overmap_terrain", detail: "Failed to deserialize overmap_terrain 'faction_base_blacksmith_0': invalid type: string \"none\", expected i32" }, JsonParse { path: "overmap_terrain", detail: "Failed to deserialize overmap_terrain 'generic_mansion_entrance': invalid type: string \"full_high\", expected i32" }, JsonParse { path: "overmap_terrain", detail: "Failed to deserialize overmap_terrain 'generic_mansion': invalid type: string \"full_high\", expected i32" }, JsonParse { path: "overmap_terrain", detail: "Failed to deserialize overmap_terrain 'sports_court': invalid type: string \"high\", expected i32" }, JsonParse { path: "overmap_terrain", detail: "Failed to deserialize overmap_terrain 'speedway_road_abstract': invalid type: string \"none\", expected i32" }, JsonParse { path: "overmap_terrain", detail: "Failed to deserialize overmap_terrain 'generic_highway_road': invalid type: string \"none\", expected i32" }, JsonParse { path: "overmap_terrain", detail: "Failed to deserialize overmap_terrain 'generic_highway_road_empty': invalid type: string \"none\", expected i32" }, JsonParse { path: "overmap_terrain", detail: "Failed to deserialize overmap_terrain 'cs_city_dump_small': invalid type: string \"high\", expected i32" }, JsonParse { path: "overmap_terrain", detail: "Failed to deserialize overmap_terrain 'lake_surface': invalid type: string \"none\", expected i32" }, JsonParse { path: "overmap_terrain", detail: "Failed to deserialize overmap_terrain 'smokehouse_roof': invalid type: string \"high\", expected i32" }, JsonParse { path: "overmap_terrain", detail: "Failed to deserialize overmap_terrain 'generic_recreation_spectator': invalid type: string \"low\", expected i32" }, JsonParse { path: "overmap_terrain", detail: "Failed to deserialize overmap_terrain 'robofac_strip_mall_roof_5': invalid type: string \"none\", expected i32" }, JsonParse { path: "overmap_terrain", detail: "Failed to deserialize overmap_terrain 'generic_saltwater_sandy_beach': invalid type: string \"none\", expected i32" }, JsonParse { path: "overmap_terrain", detail: "Failed to deserialize overmap_terrain 'golfcourse_31': invalid type: string \"high\", expected i32" }, JsonParse { path: "overmap_terrain", detail: "Failed to deserialize overmap_terrain 'mall_a_18': invalid type: string \"full_high\", expected i32" }, JsonParse { path: "overmap_terrain", detail: "Failed to deserialize overmap_terrain 'ws_giant_sinkhole_1': invalid type: string \"all_clear\", expected i32" }, JsonParse { path: "overmap_terrain", detail: "Failed to deserialize overmap_terrain 'cabin_aban1': invalid type: string \"high\", expected i32" }, JsonParse { path: "overmap_terrain", detail: "Failed to deserialize overmap_terrain 'cabin_aban1_roof': invalid type: string \"high\", expected i32" }, JsonParse { path: "overmap_terrain", detail: "Failed to deserialize overmap_terrain 'looted_house_roof': invalid type: string \"none\", expected i32" }, JsonParse { path: "overmap_terrain", detail: "Failed to deserialize overmap_terrain 'outcrop': invalid type: string \"spaced_high\", expected i32" }, JsonParse { path: "overmap_terrain", detail: "Failed to deserialize overmap_terrain 'ranch_camp_68_roof': invalid type: string \"none\", expected i32" }, JsonParse { path: "overmap_terrain", detail: "Failed to deserialize overmap_terrain 'bakery_roof': invalid type: string \"high\", expected i32" }, JsonParse { path: "overmap_terrain", detail: "Failed to deserialize overmap_terrain 'triffid_finale': invalid type: string \"full_high\", expected i32" }, JsonParse { path: "overmap_terrain", detail: "Failed to deserialize overmap_terrain 'lancenter_roof_1': invalid type: string \"high\", expected i32" }, JsonParse { path: "overmap_terrain", detail: "Failed to deserialize overmap_terrain 's_arcade_roof': invalid type: string \"high\", expected i32" }, JsonParse { path: "overmap_terrain", detail: "Failed to deserialize overmap_terrain 'mil_base_minefield_nw': invalid type: string \"none\", expected i32" }, JsonParse { path: "overmap_terrain", detail: "Failed to deserialize overmap_terrain 'ws_survivor_camp': invalid type: string \"high\", expected i32" }, JsonParse { path: "overmap_terrain", detail: "Failed to deserialize overmap_terrain 'mortuary_roof': invalid type: string \"high\", expected i32" }, JsonParse { path: "overmap_terrain", detail: "Failed to deserialize overmap_terrain 'ranch_camp_77': invalid type: string \"none\", expected i32" }, MissingCopyFromTarget { target: "Definition 'mi-go_camp1' not found", source_path: "mi-go_camp2-2" }, MissingCopyFromTarget { target: "Definition 's_laundromat' not found", source_path: "trailer_commercial_00" }, JsonParse { path: "overmap_terrain", detail: "Failed to deserialize overmap_terrain 'faction_base_mansion_e1': invalid type: string \"full_high\", expected i32" }, JsonParse { path: "overmap_terrain", detail: "Failed to deserialize overmap_terrain 'faction_base_mansion_e2': invalid type: string \"full_high\", expected i32" }, JsonParse { path: "overmap_terrain", detail: "Failed to deserialize overmap_terrain 'kelp_forest_core': invalid type: string \"none\", expected i32" }, JsonParse { path: "overmap_terrain", detail: "Failed to deserialize overmap_terrain 'bowling_alley': invalid type: string \"high\", expected i32" }, JsonParse { path: "overmap_terrain", detail: "Failed to deserialize overmap_terrain 'river': invalid type: map, expected a string" }, JsonParse { path: "overmap_terrain", detail: "Failed to deserialize overmap_terrain 'dump': invalid type: string \"high\", expected i32" }, JsonParse { path: "overmap_terrain", detail: "Failed to deserialize overmap_terrain 'microlab_portal_elevator_nether_glass': invalid type: string \"full_high\", expected i32" }, JsonParse { path: "overmap_terrain", detail: "Failed to deserialize overmap_terrain 'farm_isherwood_3_hayloft': invalid type: string \"high\", expected i32" }, JsonParse { path: "overmap_terrain", detail: "Failed to deserialize overmap_terrain 'animalshelter_roof': invalid type: string \"high\", expected i32" }, JsonParse { path: "overmap_terrain", detail: "Failed to deserialize overmap_terrain 'lmoe_under': invalid type: string \"full_high\", expected i32" }, JsonParse { path: "overmap_terrain", detail: "Failed to deserialize overmap_terrain 'generic_golf_course': invalid type: string \"none\", expected i32" }, JsonParse { path: "overmap_terrain", detail: "Failed to deserialize overmap_terrain 'speedway_track_white': invalid type: string \"none\", expected i32" }, JsonParse { path: "overmap_terrain", detail: "Failed to deserialize overmap_terrain 'cs_public_space': invalid type: string \"high\", expected i32" }, JsonParse { path: "overmap_terrain", detail: "Failed to deserialize overmap_terrain 'lake_bed': invalid type: string \"none\", expected i32" }, JsonParse { path: "overmap_terrain", detail: "Failed to deserialize overmap_terrain 'lighthouse_ground': invalid type: string \"high\", expected i32" }, JsonParse { path: "overmap_terrain", detail: "Failed to deserialize overmap_terrain 'river_cave_kraken': invalid type: string \"full_high\", expected i32" }, JsonParse { path: "overmap_terrain", detail: "Failed to deserialize overmap_terrain 'home_improvement_roof': invalid type: string \"high\", expected i32" }, JsonParse { path: "overmap_terrain", detail: "Failed to deserialize overmap_terrain 'ocean_bed': invalid type: string \"none\", expected i32" }, JsonParse { path: "overmap_terrain", detail: "Failed to deserialize overmap_terrain 'bridge': invalid type: string \"none\", expected i32" }, JsonParse { path: "overmap_terrain", detail: "Failed to deserialize overmap_terrain 'sewage_treatment_0_0_roof': invalid type: string \"all_clear\", expected i32" }, JsonParse { path: "overmap_terrain", detail: "Failed to deserialize overmap_terrain 'bridge_road': invalid type: string \"none\", expected i32" }, JsonParse { path: "overmap_terrain", detail: "Failed to deserialize overmap_terrain 'ws_giant_sinkhole_2': invalid type: string \"all_clear\", expected i32" }, JsonParse { path: "overmap_terrain", detail: "Failed to deserialize overmap_terrain 's_sports': invalid type: string \"high\", expected i32" }, JsonParse { path: "overmap_terrain", detail: "Failed to deserialize overmap_terrain 'cave_underground': invalid type: string \"full_high\", expected i32" }, JsonParse { path: "overmap_terrain", detail: "Failed to deserialize overmap_terrain 'fema_bus': invalid type: string \"medium\", expected i32" }, JsonParse { path: "overmap_terrain", detail: "Failed to deserialize overmap_terrain 's_jewelry_roof': invalid type: string \"high\", expected i32" }, JsonParse { path: "overmap_terrain", detail: "Failed to deserialize overmap_terrain 'salon_roof': invalid type: string \"high\", expected i32" }, JsonParse { path: "overmap_terrain", detail: "Failed to deserialize overmap_terrain 'ants_larvae': invalid type: string \"full_high\", expected i32" }, JsonParse { path: "overmap_terrain", detail: "Failed to deserialize overmap_terrain 'hot_springs': invalid type: string \"none\", expected i32" }, JsonParse { path: "overmap_terrain", detail: "Failed to deserialize overmap_terrain 'microlab_ratkin_edge': invalid type: string \"full_high\", expected i32" }, JsonParse { path: "overmap_terrain", detail: "Failed to deserialize overmap_terrain 'fungal_flowers': invalid type: string \"spaced_high\", expected i32" }, JsonParse { path: "overmap_terrain", detail: "Failed to deserialize overmap_terrain 'cabin_prepper_shelter': invalid type: string \"full_high\", expected i32" }, JsonParse { path: "overmap_terrain", detail: "Failed to deserialize overmap_terrain 'exodii_base_x0y0z1': invalid type: string \"full_high\", expected i32" }, JsonParse { path: "overmap_terrain", detail: "Failed to deserialize overmap_terrain 'mil_base_minefield_gate_left': invalid type: string \"none\", expected i32" }, JsonParse { path: "overmap_terrain", detail: "Failed to deserialize overmap_terrain 'exodii_base_x0y3z0': invalid type: string \"full_high\", expected i32" }, JsonParse { path: "overmap_terrain", detail: "Failed to deserialize overmap_terrain 'megastore_1_2_0': invalid type: string \"high\", expected i32" }, JsonParse { path: "overmap_terrain", detail: "Failed to deserialize overmap_terrain 'slimepit_z-1': invalid type: string \"all_clear\", expected i32" }, JsonParse { path: "overmap_terrain", detail: "Failed to deserialize overmap_terrain 'slimepit_z-2': invalid type: string \"all_clear\", expected i32" }, JsonParse { path: "overmap_terrain", detail: "Failed to deserialize overmap_terrain 's_daycare_roof': invalid type: string \"high\", expected i32" }, JsonParse { path: "overmap_terrain", detail: "Failed to deserialize overmap_terrain 's_camping': invalid type: string \"high\", expected i32" }, JsonParse { path: "overmap_terrain", detail: "Failed to deserialize overmap_terrain 'emptyresidentiallot': invalid type: string \"high\", expected i32" }, JsonParse { path: "overmap_terrain", detail: "Failed to deserialize overmap_terrain 'house_fungus_roof_01': invalid type: string \"high\", expected i32" }, MissingCopyFromTarget { target: "Definition 'farm_horse_greenhouse_roof' not found", source_path: "horse_farm_isherwood_9_roof" }, JsonParse { path: "overmap_terrain", detail: "Failed to deserialize overmap_terrain 'subway': invalid type: string \"full_high\", expected i32" }, JsonParse { path: "overmap_terrain", detail: "Failed to deserialize overmap_terrain 'forest_thick': invalid type: map, expected a string" }, JsonParse { path: "overmap_terrain", detail: "Failed to deserialize overmap_terrain 's_daycare': invalid type: string \"high\", expected i32" }, JsonParse { path: "overmap_terrain", detail: "Failed to deserialize overmap_terrain 'stadium_football_8_0': invalid type: string \"none\", expected i32" }, JsonParse { path: "overmap_terrain", detail: "Failed to deserialize overmap_terrain 'ravine_floor': invalid type: string \"all_clear\", expected i32" }, JsonParse { path: "overmap_terrain", detail: "Failed to deserialize overmap_terrain 'pwr_sub_s_roof': invalid type: string \"none\", expected i32" }, JsonParse { path: "overmap_terrain", detail: "Failed to deserialize overmap_terrain 'mine_tunnel': invalid type: string \"full_high\", expected i32" }, JsonParse { path: "overmap_terrain", detail: "Failed to deserialize overmap_terrain 'office_tower_collapse_b_a2': invalid type: string \"high\", expected i32" }, JsonParse { path: "overmap_terrain", detail: "Failed to deserialize overmap_terrain 'microlab_ratkin_vent_shaft_connector': invalid type: string \"full_high\", expected i32" }, JsonParse { path: "overmap_terrain", detail: "Failed to deserialize overmap_terrain 'fema_entrance': invalid type: string \"medium\", expected i32" }, JsonParse { path: "overmap_terrain", detail: "Failed to deserialize overmap_terrain 'lmoe_under_empty_prepperquest': invalid type: string \"full_high\", expected i32" }, MissingCopyFromTarget { target: "Definition 'megastore_0_0_roof' not found", source_path: "megastore_1_1_roof" }, JsonParse { path: "overmap_terrain", detail: "Failed to deserialize overmap_terrain 'bridgehead_ramp': invalid type: string \"none\", expected i32" }, JsonParse { path: "overmap_terrain", detail: "Failed to deserialize overmap_terrain 'generic_wetland_saltwater': invalid type: string \"spaced_high\", expected i32" }, JsonParse { path: "overmap_terrain", detail: "Failed to deserialize overmap_terrain 'bunker': invalid type: string \"full_high\", expected i32" }, JsonParse { path: "overmap_terrain", detail: "Failed to deserialize overmap_terrain 'bunker_roof': invalid type: string \"none\", expected i32" }, JsonParse { path: "overmap_terrain", detail: "Failed to deserialize overmap_terrain 'cs_tire_shop_roof': invalid type: string \"high\", expected i32" }, JsonParse { path: "overmap_terrain", detail: "Failed to deserialize overmap_terrain 'generic_wetland': invalid type: string \"spaced_high\", expected i32" }, JsonParse { path: "overmap_terrain", detail: "Failed to deserialize overmap_terrain 'icecream_shop': invalid type: string \"high\", expected i32" }, JsonParse { path: "overmap_terrain", detail: "Failed to deserialize overmap_terrain 'cave': invalid type: string \"high\", expected i32" }, JsonParse { path: "overmap_terrain", detail: "Failed to deserialize overmap_terrain 'fuel_station_roof': invalid type: string \"none\", expected i32" }, JsonParse { path: "overmap_terrain", detail: "Failed to deserialize overmap_terrain 'generic_residential_multi': invalid type: string \"high\", expected i32" }, JsonParse { path: "overmap_terrain", detail: "Failed to deserialize overmap_terrain 'farm_dairy_twd_8': invalid type: string \"high\", expected i32" }, JsonParse { path: "overmap_terrain", detail: "Failed to deserialize overmap_terrain 's_vfw': invalid type: string \"high\", expected i32" }, JsonParse { path: "overmap_terrain", detail: "Failed to deserialize overmap_terrain 'generic_park': invalid type: string \"high\", expected i32" }, JsonParse { path: "overmap_terrain", detail: "Failed to deserialize overmap_terrain 'refctr_fence_NE': invalid type: string \"low\", expected i32" }, MissingCopyFromTarget { target: "Definition 'farm_horse_greenhouse' not found", source_path: "horse_farm_isherwood_9" }, JsonParse { path: "overmap_terrain", detail: "Failed to deserialize overmap_terrain 'yard': invalid type: string \"none\", expected i32" }, JsonParse { path: "overmap_terrain", detail: "Failed to deserialize overmap_terrain 'hw_reserved': invalid type: string \"all_clear\", expected i32" }, JsonParse { path: "overmap_terrain", detail: "Failed to deserialize overmap_terrain 'sub_station_roof': invalid type: string \"none\", expected i32" }, JsonParse { path: "overmap_terrain", detail: "Failed to deserialize overmap_terrain 'house_farm': invalid type: string \"high\", expected i32" }, JsonParse { path: "overmap_terrain", detail: "Failed to deserialize overmap_terrain 'house_farm_roof': invalid type: string \"high\", expected i32" }, JsonParse { path: "overmap_terrain", detail: "Failed to deserialize overmap_terrain 'full_mutagen_lab_roof': invalid type: string \"all_clear\", expected i32" }, JsonParse { path: "overmap_terrain", detail: "Failed to deserialize overmap_terrain 'urban_25_sewer_connector': invalid type: string \"full_high\", expected i32" }, JsonParse { path: "overmap_terrain", detail: "Failed to deserialize overmap_terrain 'spider_pit': invalid type: string \"medium\", expected i32" }, JsonParse { path: "overmap_terrain", detail: "Failed to deserialize overmap_terrain 'alien_meadow_end': invalid type: string \"none\", expected i32" }, JsonParse { path: "overmap_terrain", detail: "Failed to deserialize overmap_terrain 'generic_cropland': invalid type: string \"low\", expected i32" }, JsonParse { path: "overmap_terrain", detail: "Failed to deserialize overmap_terrain 'faction_base_mansion_t1': invalid type: string \"none\", expected i32" }, JsonParse { path: "overmap_terrain", detail: "Failed to deserialize overmap_terrain 'mall_a_15': invalid type: string \"full_high\", expected i32" }, JsonParse { path: "overmap_terrain", detail: "Failed to deserialize overmap_terrain 'TreeFarm_1a': invalid type: string \"spaced_high\", expected i32" }, JsonParse { path: "overmap_terrain", detail: "Failed to deserialize overmap_terrain 'generic_residential_very_low': invalid type: string \"high\", expected i32" }, JsonParse { path: "overmap_terrain", detail: "Failed to deserialize overmap_terrain 'museum_roof': invalid type: string \"high\", expected i32" }, JsonParse { path: "overmap_terrain", detail: "Failed to deserialize overmap_terrain 'ranch_camp_57_silo': invalid type: string \"high\", expected i32" }, JsonParse { path: "overmap_terrain", detail: "Failed to deserialize overmap_terrain 'generic_road': invalid type: string \"none\", expected i32" }, JsonParse { path: "overmap_terrain", detail: "Failed to deserialize overmap_terrain 'c_cave_entrance': invalid type: string \"spaced_high\", expected i32" }, JsonParse { path: "overmap_terrain", detail: "Failed to deserialize overmap_terrain 'fema_storage': invalid type: string \"medium\", expected i32" }, MissingCopyFromTarget { target: "Definition 'corpse_bowels_empty_edge' not found", source_path: "corpse_bowels_tentacle_edge" }, JsonParse { path: "overmap_terrain", detail: "Failed to deserialize overmap_terrain 'irradiator_1_8_roof': invalid type: string \"none\", expected i32" }, JsonParse { path: "overmap_terrain", detail: "Failed to deserialize overmap_terrain 'office_warehouse_anduril_roof': invalid type: string \"high\", expected i32" }, JsonParse { path: "overmap_terrain", detail: "Failed to deserialize overmap_terrain 's_thrift': invalid type: string \"high\", expected i32" }, JsonParse { path: "overmap_terrain", detail: "Failed to deserialize overmap_terrain 'furniture': invalid type: string \"high\", expected i32" }, JsonParse { path: "overmap_terrain", detail: "Failed to deserialize overmap_terrain 'string_dimension_field_core': invalid type: string \"none\", expected i32" }, JsonParse { path: "overmap_terrain", detail: "Failed to deserialize overmap_terrain 's_diner': invalid type: string \"high\", expected i32" }, JsonParse { path: "overmap_terrain", detail: "Failed to deserialize overmap_terrain 'police_2ndfloor_1': invalid type: string \"high\", expected i32" }, JsonParse { path: "overmap_terrain", detail: "Failed to deserialize overmap_terrain 'mi-go_portal': invalid type: string \"high\", expected i32" }, JsonParse { path: "overmap_terrain", detail: "Failed to deserialize overmap_terrain 'faction_base_mansion_t6': invalid type: string \"full_high\", expected i32" }, JsonParse { path: "overmap_terrain", detail: "Failed to deserialize overmap_terrain 'prefab': invalid type: string \"high\", expected i32" }, JsonParse { path: "overmap_terrain", detail: "Failed to deserialize overmap_terrain 'faction_base_livestock_2_0': invalid type: string \"none\", expected i32" }, JsonParse { path: "overmap_terrain", detail: "Failed to deserialize overmap_terrain 'exodii_base_x0y0z0': invalid type: string \"full_high\", expected i32" }, JsonParse { path: "overmap_terrain", detail: "Failed to deserialize overmap_terrain 'looted_house': invalid type: string \"none\", expected i32" }, JsonParse { path: "overmap_terrain", detail: "Failed to deserialize overmap_terrain 'farm_1_coop_roof': invalid type: string \"high\", expected i32" }, JsonParse { path: "overmap_terrain", detail: "Failed to deserialize overmap_terrain 's_hunting': invalid type: string \"high\", expected i32" }, JsonParse { path: "overmap_terrain", detail: "Failed to deserialize overmap_terrain 'ruined_tower_highlands_basement': invalid type: string \"high\", expected i32" }, MissingCopyFromTarget { target: "Definition 'mi-go_camp1' not found", source_path: "mi-go_camp2-1" }, JsonParse { path: "overmap_terrain", detail: "Failed to deserialize overmap_terrain 'looted_hospital_roof': invalid type: string \"none\", expected i32" }, JsonParse { path: "overmap_terrain", detail: "Failed to deserialize overmap_terrain 'ranch_camp_68': invalid type: string \"high\", expected i32" }, JsonParse { path: "overmap_terrain", detail: "Failed to deserialize overmap_terrain 'ravine_floor_edge': invalid type: map, expected a string" }, JsonParse { path: "overmap_terrain", detail: "Failed to deserialize overmap_terrain 'fungal_bloom': invalid type: string \"spaced_high\", expected i32" }, JsonParse { path: "overmap_terrain", detail: "Failed to deserialize overmap_terrain 'special_deep_rock': invalid type: string \"opaque\", expected i32" }, JsonParse { path: "overmap_terrain", detail: "Failed to deserialize overmap_terrain 'hw_road': invalid type: string \"none\", expected i32" }, JsonParse { path: "overmap_terrain", detail: "Failed to deserialize overmap_terrain 'sub_station': invalid type: string \"high\", expected i32" }, JsonParse { path: "overmap_terrain", detail: "Failed to deserialize overmap_terrain 'trailer_hub_10_roof': invalid type: string \"high\", expected i32" }, JsonParse { path: "overmap_terrain", detail: "Failed to deserialize overmap_terrain 'rural_outbuilding_roof': invalid type: string \"high\", expected i32" }, JsonParse { path: "overmap_terrain", detail: "Failed to deserialize overmap_terrain 'veterinarian': invalid type: string \"high\", expected i32" }, JsonParse { path: "overmap_terrain", detail: "Failed to deserialize overmap_terrain 'ranch_camp_57_silocap': invalid type: string \"high\", expected i32" }, JsonParse { path: "overmap_terrain", detail: "Failed to deserialize overmap_terrain 'labyrinth_hall': invalid type: string \"high\", expected i32" }, JsonParse { path: "overmap_terrain", detail: "Failed to deserialize overmap_terrain 'generic_regional_dump': invalid type: string \"high\", expected i32" }, JsonParse { path: "overmap_terrain", detail: "Failed to deserialize overmap_terrain 'solid_earth': invalid type: string \"opaque\", expected i32" }, JsonParse { path: "overmap_terrain", detail: "Failed to deserialize overmap_terrain 'fungal_tower': invalid type: string \"spaced_high\", expected i32" }, JsonParse { path: "overmap_terrain", detail: "Failed to deserialize overmap_terrain 'shelter_roof': invalid type: string \"high\", expected i32" }, JsonParse { path: "overmap_terrain", detail: "Failed to deserialize overmap_terrain 'pwr_sub_s': invalid type: string \"spaced_high\", expected i32" }, JsonParse { path: "overmap_terrain", detail: "Failed to deserialize overmap_terrain 'unexplored': invalid type: string \"opaque\", expected i32" }, JsonParse { path: "overmap_terrain", detail: "Failed to deserialize overmap_terrain 'exo_safehouse_stone_1': invalid type: string \"high\", expected i32" }, JsonParse { path: "overmap_terrain", detail: "Failed to deserialize overmap_terrain 'microlab_distorted_hallway': invalid type: string \"full_high\", expected i32" }, JsonParse { path: "overmap_terrain", detail: "Failed to deserialize overmap_terrain 'microlab_generic_surface_roof': invalid type: string \"full_high\", expected i32" }, JsonParse { path: "overmap_terrain", detail: "Failed to deserialize overmap_terrain 'warehouse_roof': invalid type: string \"high\", expected i32" }, JsonParse { path: "overmap_terrain", detail: "Failed to deserialize overmap_terrain 'faction_base_mansion_t4': invalid type: string \"full_high\", expected i32" }, JsonParse { path: "overmap_terrain", detail: "Failed to deserialize overmap_terrain 's_camping_roof': invalid type: string \"high\", expected i32" }, JsonParse { path: "overmap_terrain", detail: "Failed to deserialize overmap_terrain 'shootingrange_1a_roof': invalid type: string \"none\", expected i32" }, JsonParse { path: "overmap_terrain", detail: "Failed to deserialize overmap_terrain 'hw_road_bridge': invalid type: string \"none\", expected i32" }, JsonParse { path: "overmap_terrain", detail: "Failed to deserialize overmap_terrain 'faction_base_farm_0': invalid type: string \"none\", expected i32" }, JsonParse { path: "overmap_terrain", detail: "Failed to deserialize overmap_terrain 'strip_mall_roof_5': invalid type: string \"high\", expected i32" }, JsonParse { path: "overmap_terrain", detail: "Failed to deserialize overmap_terrain 'ranch_camp_67_roof': invalid type: string \"none\", expected i32" }, JsonParse { path: "overmap_terrain", detail: "Failed to deserialize overmap_terrain 'school_1_2': invalid type: string \"full_high\", expected i32" }, JsonParse { path: "overmap_terrain", detail: "Failed to deserialize overmap_terrain 'TreeFarm_1b': invalid type: string \"high\", expected i32" }, JsonParse { path: "overmap_terrain", detail: "Failed to deserialize overmap_terrain 'evac_center_1': invalid type: string \"none\", expected i32" }, JsonParse { path: "overmap_terrain", detail: "Failed to deserialize overmap_terrain 'refctr_field': invalid type: string \"none\", expected i32" }, JsonParse { path: "overmap_terrain", detail: "Failed to deserialize overmap_terrain 'bunker_basement_1': invalid type: string \"high\", expected i32" }, MissingCopyFromTarget { target: "Definition 'corpse_bowels_empty_edge' not found", source_path: "corpse_surface" }, JsonParse { path: "overmap_terrain", detail: "Failed to deserialize overmap_terrain 'orchard_processing': invalid type: string \"high\", expected i32" }, JsonParse { path: "overmap_terrain", detail: "Failed to deserialize overmap_terrain 'farm_isherwood_2_cellar': invalid type: string \"high\", expected i32" }, JsonParse { path: "overmap_terrain", detail: "Failed to deserialize overmap_terrain 'faction_base_farm_2_0': invalid type: string \"none\", expected i32" }, JsonParse { path: "overmap_terrain", detail: "Failed to deserialize overmap_terrain 'microlab_ratkin_sub_entry': invalid type: string \"full_high\", expected i32" }, JsonParse { path: "overmap_terrain", detail: "Failed to deserialize overmap_terrain 'forest': invalid type: string \"spaced_high\", expected i32" }, JsonParse { path: "overmap_terrain", detail: "Failed to deserialize overmap_terrain 'fema_housing': invalid type: string \"medium\", expected i32" }, JsonParse { path: "overmap_terrain", detail: "Failed to deserialize overmap_terrain 'spider_pit_under': invalid type: string \"full_high\", expected i32" }, JsonParse { path: "overmap_terrain", detail: "Failed to deserialize overmap_terrain 'barn_aban1_roof': invalid type: string \"high\", expected i32" }, JsonParse { path: "overmap_terrain", detail: "Failed to deserialize overmap_terrain 'cs_car_showroom_roof': invalid type: string \"high\", expected i32" }, JsonParse { path: "overmap_terrain", detail: "Failed to deserialize overmap_terrain 'generic_cemetery': invalid type: string \"medium\", expected i32" }, JsonParse { path: "overmap_terrain", detail: "Failed to deserialize overmap_terrain 'faction_base_canteen_2_0': invalid type: string \"none\", expected i32" }, JsonParse { path: "overmap_terrain", detail: "Failed to deserialize overmap_terrain 'office_warehouse_anduril': invalid type: string \"high\", expected i32" }, JsonParse { path: "overmap_terrain", detail: "Failed to deserialize overmap_terrain 'generic_office_skyscraper': invalid type: string \"high\", expected i32" }, JsonParse { path: "overmap_terrain", detail: "Failed to deserialize overmap_terrain 'anthill': invalid type: string \"none\", expected i32" }, JsonParse { path: "overmap_terrain", detail: "Failed to deserialize overmap_terrain 'cave_rat_underground': invalid type: string \"full_high\", expected i32" }, JsonParse { path: "overmap_terrain", detail: "Failed to deserialize overmap_terrain 'mall_a_77': invalid type: string \"full_high\", expected i32" }, JsonParse { path: "overmap_terrain", detail: "Failed to deserialize overmap_terrain 'faction_base_mansion_t5': invalid type: string \"full_high\", expected i32" }, JsonParse { path: "overmap_terrain", detail: "Failed to deserialize overmap_terrain 'underground_sub_station': invalid type: string \"full_high\", expected i32" }, JsonParse { path: "overmap_terrain", detail: "Failed to deserialize overmap_terrain 'debug_ramps': invalid type: string \"none\", expected i32" }, JsonParse { path: "overmap_terrain", detail: "Failed to deserialize overmap_terrain 'ants': invalid type: string \"full_high\", expected i32" }, JsonParse { path: "overmap_terrain", detail: "Failed to deserialize overmap_terrain 'labyrinth_flooded_entrance': invalid type: string \"high\", expected i32" }, JsonParse { path: "overmap_terrain", detail: "Failed to deserialize overmap_terrain 'generic_highway_road_r': invalid type: string \"none\", expected i32" }, JsonParse { path: "overmap_terrain", detail: "Failed to deserialize overmap_terrain 'rural_outbuilding': invalid type: string \"high\", expected i32" }, JsonParse { path: "overmap_terrain", detail: "Failed to deserialize overmap_terrain 'cs_car_showroom': invalid type: string \"high\", expected i32" }, JsonParse { path: "overmap_terrain", detail: "Failed to deserialize overmap_terrain 'derelict_property_roof': invalid type: string \"none\", expected i32" }, JsonParse { path: "overmap_terrain", detail: "Failed to deserialize overmap_terrain 'faction_base_mansion_c4': invalid type: string \"full_high\", expected i32" }, JsonParse { path: "overmap_terrain", detail: "Failed to deserialize overmap_terrain 'mortuary': invalid type: string \"high\", expected i32" }, JsonParse { path: "overmap_terrain", detail: "Failed to deserialize overmap_terrain 'speedway_track_red': invalid type: string \"none\", expected i32" }, JsonParse { path: "overmap_terrain", detail: "Failed to deserialize overmap_terrain 'hw_reserved_water': invalid type: string \"all_clear\", expected i32" }, JsonParse { path: "overmap_terrain", detail: "Failed to deserialize overmap_terrain 'cs_market_small': invalid type: string \"high\", expected i32" }, JsonParse { path: "overmap_terrain", detail: "Failed to deserialize overmap_terrain 'cabin_strange_b': invalid type: string \"full_high\", expected i32" }, JsonParse { path: "overmap_terrain", detail: "Failed to deserialize overmap_terrain 'stadium_football_0_0': invalid type: string \"none\", expected i32" }, JsonParse { path: "overmap_terrain", detail: "Failed to deserialize overmap_terrain 'apartments_tower_any': invalid type: string \"full_high\", expected i32" }, JsonParse { path: "overmap_terrain", detail: "Failed to deserialize overmap_terrain 'rock_border': invalid type: string \"opaque\", expected i32" }, JsonParse { path: "overmap_terrain", detail: "Failed to deserialize overmap_terrain 'lake_shore_dock_small': invalid type: string \"none\", expected i32" }, JsonParse { path: "overmap_terrain", detail: "Failed to deserialize overmap_terrain 'string_dimension_field_end': invalid type: string \"none\", expected i32" }, JsonParse { path: "overmap_terrain", detail: "Failed to deserialize overmap_terrain 'orchard_stall': invalid type: string \"high\", expected i32" }, JsonParse { path: "overmap_terrain", detail: "Failed to deserialize overmap_terrain 'special_rock': invalid type: string \"opaque\", expected i32" }, JsonParse { path: "overmap_terrain", detail: "Failed to deserialize overmap_terrain 'ravine': invalid type: string \"all_clear\", expected i32" }, JsonParse { path: "overmap_terrain", detail: "Failed to deserialize overmap_terrain 'cs_tire_shop': invalid type: string \"high\", expected i32" }, JsonParse { path: "overmap_terrain", detail: "Failed to deserialize overmap_terrain 'salon': invalid type: string \"high\", expected i32" }, JsonParse { path: "overmap_terrain", detail: "Failed to deserialize overmap_terrain 'horse_farm_isherwood_10_roof': invalid type: string \"high\", expected i32" }, JsonParse { path: "overmap_terrain", detail: "Failed to deserialize overmap_terrain 's_liquor_roof': invalid type: string \"high\", expected i32" }, JsonParse { path: "overmap_terrain", detail: "Failed to deserialize overmap_terrain 'lmoe_zombie_under_empty': invalid type: string \"full_high\", expected i32" }, JsonParse { path: "overmap_terrain", detail: "Failed to deserialize overmap_terrain 'warehouse': invalid type: string \"high\", expected i32" }, JsonParse { path: "overmap_terrain", detail: "Failed to deserialize overmap_terrain 'sewer': invalid type: string \"full_high\", expected i32" }, JsonParse { path: "overmap_terrain", detail: "Failed to deserialize overmap_terrain 'lab_subway_vent_shaft-1': invalid type: string \"full_high\", expected i32" }, JsonParse { path: "overmap_terrain", detail: "Failed to deserialize overmap_terrain 'meadow_core': invalid type: string \"none\", expected i32" }, JsonParse { path: "overmap_terrain", detail: "Failed to deserialize overmap_terrain 'generic_commercial': invalid type: string \"high\", expected i32" }, JsonParse { path: "overmap_terrain", detail: "Failed to deserialize overmap_terrain 'river_cave': invalid type: string \"full_high\", expected i32" }, JsonParse { path: "overmap_terrain", detail: "Failed to deserialize overmap_terrain 'labyrinth_entrance': invalid type: string \"high\", expected i32" }, JsonParse { path: "overmap_terrain", detail: "Failed to deserialize overmap_terrain 'mil_base_minefield_ne': invalid type: string \"none\", expected i32" }, JsonParse { path: "overmap_terrain", detail: "Failed to deserialize overmap_terrain 'generic_recreation_participation': invalid type: string \"low\", expected i32" }, JsonParse { path: "overmap_terrain", detail: "Failed to deserialize overmap_terrain 's_thrift_roof': invalid type: string \"high\", expected i32" }, JsonParse { path: "overmap_terrain", detail: "Failed to deserialize overmap_terrain 'faction_base_mansion_t2': invalid type: string \"full_high\", expected i32" }, JsonParse { path: "overmap_terrain", detail: "Failed to deserialize overmap_terrain 'faction_base_mansion_c5': invalid type: string \"full_high\", expected i32" }, JsonParse { path: "overmap_special", detail: "Failed to deserialize overmap_special 'cemetery': invalid value: integer `-1`, expected u32" }, JsonParse { path: "overmap_special", detail: "Failed to deserialize overmap_special 'Lab_CARGO_Surface': invalid value: integer `-1`, expected u32" }, JsonParse { path: "overmap_special", detail: "Failed to deserialize overmap_special 'Occupied Homeless Camp': invalid value: integer `-1`, expected u32" }, JsonParse { path: "overmap_special", detail: "Failed to deserialize overmap_special 'acid_anthill': invalid value: integer `-1`, expected u32" }, JsonParse { path: "overmap_special", detail: "Failed to deserialize overmap_special 'Boat Rental': missing field `overmap`" }, JsonParse { path: "overmap_special", detail: "Failed to deserialize overmap_special 'inner_cabins_depths_office_skyscraper': invalid value: integer `-1`, expected u32" }, JsonParse { path: "overmap_special", detail: "Failed to deserialize overmap_special 'Strangle Temple': invalid value: integer `-1`, expected u32" }, JsonParse { path: "overmap_special", detail: "Failed to deserialize overmap_special 'Lighthouse Island': invalid value: integer `-1`, expected u32" }, JsonParse { path: "overmap_special", detail: "Failed to deserialize overmap_special 'cabin_liam': missing field `overmap`" }, JsonParse { path: "overmap_special", detail: "Failed to deserialize overmap_special 'Riverside Dwelling 2': invalid value: integer `-1`, expected u32" }, JsonParse { path: "overmap_special", detail: "Failed to deserialize overmap_special 'fema_camp_mutable': invalid value: integer `-1`, expected u32" }, JsonParse { path: "overmap_special", detail: "Failed to deserialize overmap_special 'Highway Trumpet Interchange': missing field `overmap`" }, JsonParse { path: "overmap_special", detail: "Failed to deserialize overmap_special 'Standing stones': invalid value: integer `-1`, expected u32" }, JsonParse { path: "overmap_special", detail: "Failed to deserialize overmap_special 'Riverside Dwelling 1': invalid value: integer `-1`, expected u32" }, JsonParse { path: "overmap_special", detail: "Failed to deserialize overmap_special 'campsite_cabin_incomplete': invalid value: integer `-1`, expected u32" }, JsonParse { path: "overmap_special", detail: "Failed to deserialize overmap_special 'cemetery_religious': invalid value: integer `-1`, expected u32" }, JsonParse { path: "overmap_special", detail: "Failed to deserialize overmap_special 'trailhead_shack': invalid value: integer `-1`, expected u32" }, JsonParse { path: "overmap_special", detail: "Failed to deserialize overmap_special 'quiet_farm': missing field `overmap`" }, JsonParse { path: "overmap_special", detail: "Failed to deserialize overmap_special 'Fungal Bloom': invalid value: integer `-1`, expected u32" }, JsonParse { path: "overmap_special", detail: "Failed to deserialize overmap_special 'Triffid Grove': invalid value: integer `-1`, expected u32" }, JsonParse { path: "overmap_special", detail: "Failed to deserialize overmap_special 'campsite': invalid value: integer `-1`, expected u32" }, JsonParse { path: "overmap_special", detail: "Failed to deserialize overmap_special 'homeless_camp_mutable': invalid value: integer `-1`, expected u32" }, JsonParse { path: "overmap_special", detail: "Failed to deserialize overmap_special 'New England Church Retreat': invalid value: integer `-1`, expected u32" }, JsonParse { path: "overmap_special", detail: "Failed to deserialize overmap_special 'junkyard': invalid value: integer `-1`, expected u32" }, JsonParse { path: "overmap_special", detail: "Failed to deserialize overmap_special 'Lakeside Cabin 4': invalid value: integer `-1`, expected u32" }, JsonParse { path: "overmap_special", detail: "Failed to deserialize overmap_special 'mil_base': invalid value: integer `-1`, expected u32" }, JsonParse { path: "overmap_special", detail: "Failed to deserialize overmap_special 'o_container_yard_inland': invalid value: integer `-1`, expected u32" }, JsonParse { path: "overmap_special", detail: "Failed to deserialize overmap_special 'bandit_garage': invalid value: integer `-1`, expected u32" }, JsonParse { path: "overmap_special", detail: "Failed to deserialize overmap_special 'Horse Farm Mutable': invalid value: integer `-1`, expected u32" }, JsonParse { path: "overmap_special", detail: "Failed to deserialize overmap_special 'rural_house_turn': missing field `overmap`" }, JsonParse { path: "overmap_special", detail: "Failed to deserialize overmap_special 'inner_cabins_depths_mall': invalid value: integer `-1`, expected u32" }, JsonParse { path: "overmap_special", detail: "Failed to deserialize overmap_special 'string_dimension_utility_tunnels': invalid value: integer `-1`, expected u32" }, JsonParse { path: "overmap_special", detail: "Failed to deserialize overmap_special 'Island_5_swamp': invalid value: integer `-1`, expected u32" }, JsonParse { path: "overmap_special", detail: "Failed to deserialize overmap_special 'irradiator': invalid value: integer `-1`, expected u32" }, JsonParse { path: "overmap_special", detail: "Failed to deserialize overmap_special 'Occupied Scrap Yard': invalid value: integer `-1`, expected u32" }, JsonParse { path: "overmap_special", detail: "Failed to deserialize overmap_special 'retirement_community': invalid value: integer `-1`, expected u32" }, JsonParse { path: "overmap_special", detail: "Failed to deserialize overmap_special 'labyrinthine_structure_boiler': invalid type: map, expected a sequence" }, JsonParse { path: "overmap_special", detail: "Failed to deserialize overmap_special 'inner_cabins_depths_cathedral': invalid value: integer `-1`, expected u32" }, JsonParse { path: "overmap_special", detail: "Failed to deserialize overmap_special 'Alcatraz Prison': invalid value: integer `-1`, expected u32" }, JsonParse { path: "overmap_special", detail: "Failed to deserialize overmap_special 'Strangle Temple Highlands': invalid value: integer `-1`, expected u32" }, JsonParse { path: "overmap_special", detail: "Failed to deserialize overmap_special 'Crater': invalid type: map, expected a sequence" }, JsonParse { path: "overmap_special", detail: "Failed to deserialize overmap_special 'Fungal Flowers': invalid value: integer `-1`, expected u32" }, JsonParse { path: "overmap_special", detail: "Failed to deserialize overmap_special 'Farm Supply Store': missing field `overmap`" }, JsonParse { path: "overmap_special", detail: "Failed to deserialize overmap_special 'nether_monster_corpse': invalid type: map, expected a sequence" }, JsonParse { path: "overmap_special", detail: "Failed to deserialize overmap_special 'Lakeside Cabin': invalid value: integer `-1`, expected u32" }, JsonParse { path: "overmap_special", detail: "Failed to deserialize overmap_special 'Locked LMOE Shelter': invalid value: integer `-1`, expected u32" }, JsonParse { path: "overmap_special", detail: "Failed to deserialize overmap_special 'Lakeside Cabin 3': invalid value: integer `-1`, expected u32" }, JsonParse { path: "overmap_special", detail: "Failed to deserialize overmap_special 'Standing stones Highlands': invalid value: integer `-1`, expected u32" }, JsonParse { path: "overmap_special", detail: "Failed to deserialize overmap_special 'Mi-Go Encampment': invalid value: integer `-1`, expected u32" }, JsonParse { path: "overmap_special", detail: "Failed to deserialize overmap_special 'pump_station': missing field `overmap`" }, JsonParse { path: "overmap_special", detail: "Failed to deserialize overmap_special 'Pond': invalid value: integer `-1`, expected u32" }, JsonParse { path: "overmap_special", detail: "Failed to deserialize overmap_special 'kelp_forest_mutable': invalid type: map, expected a sequence" }, JsonParse { path: "overmap_special", detail: "Failed to deserialize overmap_special 'tree farm': missing field `overmap`" }, JsonParse { path: "overmap_special", detail: "Failed to deserialize overmap_special '4x4_microlab_surface': invalid value: integer `-1`, expected u32" }, JsonParse { path: "overmap_special", detail: "Failed to deserialize overmap_special 'Hunting Lodge Glooscap': invalid value: integer `-1`, expected u32" }, JsonParse { path: "overmap_special", detail: "Failed to deserialize overmap_special 'Farm Mutable': invalid value: integer `-1`, expected u32" }, JsonParse { path: "overmap_special", detail: "Failed to deserialize overmap_special 'Mansion_Road': invalid value: integer `-1`, expected u32" }, JsonParse { path: "overmap_special", detail: "Failed to deserialize overmap_special 'Rural Gas Station': invalid value: integer `-1`, expected u32" }, JsonParse { path: "overmap_special", detail: "Failed to deserialize overmap_special 'Mansion_Road_1': missing field `overmap`" }, JsonParse { path: "overmap_special", detail: "Failed to deserialize overmap_special 'o_airport': invalid value: integer `-1`, expected u32" }, JsonParse { path: "overmap_special", detail: "Failed to deserialize overmap_special 'Boat Rental 1': missing field `overmap`" }, JsonParse { path: "overmap_special", detail: "Failed to deserialize overmap_special 'Occupied Chem Lab': invalid value: integer `-1`, expected u32" }, JsonParse { path: "overmap_special", detail: "Failed to deserialize overmap_special 'Mansion_Boarded': missing field `overmap`" }, JsonParse { path: "overmap_special", detail: "Failed to deserialize overmap_special 'dumpsite': invalid value: integer `-1`, expected u32" }, JsonParse { path: "overmap_special", detail: "Failed to deserialize overmap_special 'Evac Shelter': invalid value: integer `-1`, expected u32" }, JsonParse { path: "overmap_special", detail: "Failed to deserialize overmap_special 'Cave': invalid value: integer `-1`, expected u32" }, JsonParse { path: "overmap_special", detail: "Failed to deserialize overmap_special 'dumpsite_mutable': invalid value: integer `-1`, expected u32" }, JsonParse { path: "overmap_special", detail: "Failed to deserialize overmap_special 'Mi-Go Scout Tower': invalid value: integer `-1`, expected u32" }, JsonParse { path: "overmap_special", detail: "Failed to deserialize overmap_special 'Radio_Tower_Reverberation_mp3': missing field `overmap`" }, JsonParse { path: "overmap_special", detail: "Failed to deserialize overmap_special 'bandit_work_camp': invalid value: integer `-1`, expected u32" }, JsonParse { path: "overmap_special", detail: "Failed to deserialize overmap_special 'Riverside Dwelling 3': invalid value: integer `-1`, expected u32" }, JsonParse { path: "overmap_special", detail: "Failed to deserialize overmap_special 'Island prison': invalid value: integer `-1`, expected u32" }, JsonParse { path: "overmap_special", detail: "Failed to deserialize overmap_special 'Mansion_Road_Alt_1': missing field `overmap`" }, JsonParse { path: "overmap_special", detail: "Failed to deserialize overmap_special 'Cabin_3': invalid value: integer `-1`, expected u32" }, JsonParse { path: "overmap_special", detail: "Failed to deserialize overmap_special 'nursing_home_sh': missing field `overmap`" }, JsonParse { path: "overmap_special", detail: "Failed to deserialize overmap_special 'Lab_MEDICAL_2x1x2': invalid value: integer `-1`, expected u32" }, JsonParse { path: "overmap_special", detail: "Failed to deserialize overmap_special 'Boat Rental 2': missing field `overmap`" }, JsonParse { path: "overmap_special", detail: "Failed to deserialize overmap_special 'power_station_small': invalid value: integer `-1`, expected u32" }, JsonParse { path: "overmap_special", detail: "Failed to deserialize overmap_special 'Highway Fallback Tee': missing field `overmap`" }, JsonParse { path: "overmap_special", detail: "Failed to deserialize overmap_special 'power_station_large': invalid value: integer `-1`, expected u32" }, JsonParse { path: "overmap_special", detail: "Failed to deserialize overmap_special 'hub_01': invalid value: integer `-1`, expected u32" }, JsonParse { path: "overmap_special", detail: "Failed to deserialize overmap_special 'Wasp Tower': missing field `overmap`" }, JsonParse { path: "overmap_special", detail: "Failed to deserialize overmap_special 'Lab_CORE_2x1x2': invalid value: integer `-1`, expected u32" }, JsonParse { path: "overmap_special", detail: "Failed to deserialize overmap_special 'Cabin_6': invalid value: integer `-1`, expected u32" }, JsonParse { path: "overmap_special", detail: "Failed to deserialize overmap_special 'Missile Silo': invalid value: integer `-1`, expected u32" }, JsonParse { path: "overmap_special", detail: "Failed to deserialize overmap_special 'alien_meadow_mutable': invalid type: map, expected a sequence" }, JsonParse { path: "overmap_special", detail: "Failed to deserialize overmap_special 'Amigara mine': invalid value: integer `-1`, expected u32" }, JsonParse { path: "overmap_special", detail: "Failed to deserialize overmap_special 'labyrinth_string_dimension_tunnel': invalid value: integer `-1`, expected u32" }, JsonParse { path: "overmap_special", detail: "Failed to deserialize overmap_special 'Swamp Shack 1': invalid value: integer `-1`, expected u32" }, JsonParse { path: "overmap_special", detail: "Failed to deserialize overmap_special 'Highway Fallback Crossroad': missing field `overmap`" }, JsonParse { path: "overmap_special", detail: "Failed to deserialize overmap_special 'gun_show': invalid value: integer `-1`, expected u32" }, JsonParse { path: "overmap_special", detail: "Failed to deserialize overmap_special '4x4_microlab': invalid value: integer `-1`, expected u32" }, JsonParse { path: "overmap_special", detail: "Failed to deserialize overmap_special 'lab_surface_big': invalid value: integer `-1`, expected u32" }, JsonParse { path: "overmap_special", detail: "Failed to deserialize overmap_special 'Occupied Lumbermill': invalid value: integer `-1`, expected u32" }, JsonParse { path: "overmap_special", detail: "Failed to deserialize overmap_special 'campsite_field_biker': invalid value: integer `-1`, expected u32" }, JsonParse { path: "overmap_special", detail: "Failed to deserialize overmap_special 'Lab_MAINTENANCE_areas': invalid value: integer `-1`, expected u32" }, JsonParse { path: "overmap_special", detail: "Failed to deserialize overmap_special 'Wind Turbine': missing field `overmap`" }, JsonParse { path: "overmap_special", detail: "Failed to deserialize overmap_special 'drug_lab': invalid value: integer `-1`, expected u32" }, JsonParse { path: "overmap_special", detail: "Failed to deserialize overmap_special 'State Park': invalid value: integer `-1`, expected u32" }, JsonParse { path: "overmap_special", detail: "Failed to deserialize overmap_special 'balthazar_bunker': invalid value: integer `-1`, expected u32" }, JsonParse { path: "overmap_special", detail: "Failed to deserialize overmap_special 'bandit_drug_lab': invalid value: integer `-1`, expected u32" }, JsonParse { path: "overmap_special", detail: "Failed to deserialize overmap_special 'microlab_mutable': invalid value: integer `-1`, expected u32" }, JsonParse { path: "overmap_special", detail: "Failed to deserialize overmap_special 'lab_subway_vent_shaft': invalid value: integer `-1`, expected u32" }, JsonParse { path: "overmap_special", detail: "Failed to deserialize overmap_special 'Swamp Shack': invalid value: integer `-1`, expected u32" }, JsonParse { path: "overmap_special", detail: "Failed to deserialize overmap_special 'ws_regional_dump': invalid value: integer `-1`, expected u32" }, JsonParse { path: "overmap_special", detail: "Failed to deserialize overmap_special 'Island_5_forest': invalid value: integer `-1`, expected u32" }, JsonParse { path: "overmap_special", detail: "Failed to deserialize overmap_special 'Lake Cabin': invalid value: integer `-1`, expected u32" }, JsonParse { path: "overmap_special", detail: "Failed to deserialize overmap_special 'Highway Clover Leaf': missing field `overmap`" }, JsonParse { path: "overmap_special", detail: "Failed to deserialize overmap_special 'regional_airport': invalid value: integer `-1`, expected u32" }, JsonParse { path: "overmap_special", detail: "Failed to deserialize overmap_special 'Lab_MUTAGEN_2x2x2': invalid value: integer `-1`, expected u32" }, JsonParse { path: "overmap_special", detail: "Failed to deserialize overmap_special 'Island Forest': invalid value: integer `-1`, expected u32" }, JsonParse { path: "overmap_special", detail: "Failed to deserialize overmap_special 'Farm Supply Store Looted': missing field `overmap`" }, JsonParse { path: "overmap_special", detail: "Failed to deserialize overmap_special 'string_dimension_cistern_vent_a': invalid value: integer `-1`, expected u32" }, JsonParse { path: "overmap_special", detail: "Failed to deserialize overmap_special 'Gas Station': invalid value: integer `-1`, expected u32" }, JsonParse { path: "overmap_special", detail: "Failed to deserialize overmap_special 'Wyrms mine': invalid value: integer `-1`, expected u32" }, JsonParse { path: "overmap_special", detail: "Failed to deserialize overmap_special 'inner_cabins_empty_cabin': invalid value: integer `-1`, expected u32" }, JsonParse { path: "overmap_special", detail: "Failed to deserialize overmap_special 'Fungal Tower': invalid value: integer `-1`, expected u32" }, JsonParse { path: "overmap_special", detail: "Failed to deserialize overmap_special 'Dairy Farm': invalid value: integer `-1`, expected u32" }, JsonParse { path: "overmap_special", detail: "Failed to deserialize overmap_special 'Wasp Tower 1': missing field `overmap`" }, JsonParse { path: "overmap_special", detail: "Failed to deserialize overmap_special 'aircraft_carrier': invalid value: integer `-1`, expected u32" }, JsonParse { path: "overmap_special", detail: "Failed to deserialize overmap_special 'ws_fire_lookout_tower': invalid value: integer `-1`, expected u32" }, JsonParse { path: "overmap_special", detail: "Failed to deserialize overmap_special 'Rat Cave': invalid value: integer `-1`, expected u32" }, JsonParse { path: "overmap_special", detail: "Failed to deserialize overmap_special 'Mobile Home Park Mutable': invalid value: integer `-1`, expected u32" }, JsonParse { path: "overmap_special", detail: "Failed to deserialize overmap_special 'LMOE Shelter': invalid value: integer `-1`, expected u32" }, JsonParse { path: "overmap_special", detail: "Failed to deserialize overmap_special 'bandit_camp': invalid value: integer `-1`, expected u32" }, JsonParse { path: "overmap_special", detail: "Failed to deserialize overmap_special 'Island_2': invalid value: integer `-1`, expected u32" }, JsonParse { path: "overmap_special", detail: "Failed to deserialize overmap_special 'office_tower_collapsed': missing field `overmap`" }, JsonParse { path: "overmap_special", detail: "Failed to deserialize overmap_special 'ws_survivor_bunker_place': invalid value: integer `-1`, expected u32" }, JsonParse { path: "overmap_special", detail: "Failed to deserialize overmap_special 'labyrinth_safehouse': invalid value: integer `-1`, expected u32" }, JsonParse { path: "overmap_special", detail: "Failed to deserialize overmap_special 'Mi-Go Portal': invalid value: integer `-1`, expected u32" }, JsonParse { path: "overmap_special", detail: "Failed to deserialize overmap_special 'campus_media': invalid value: integer `-1`, expected u32" }, JsonParse { path: "overmap_special", detail: "Failed to deserialize overmap_special 'airliner_crashed': invalid value: integer `-1`, expected u32" }, JsonParse { path: "overmap_special", detail: "Failed to deserialize overmap_special 'Apple Orchard': invalid value: integer `-1`, expected u32" }, JsonParse { path: "overmap_special", detail: "Failed to deserialize overmap_special 'Hot Springs': invalid value: integer `-1`, expected u32" }, JsonParse { path: "overmap_special", detail: "Failed to deserialize overmap_special 'Cabin_7': invalid value: integer `-1`, expected u32" }, JsonParse { path: "overmap_special", detail: "Failed to deserialize overmap_special 'Cave w/ trail': invalid value: integer `-1`, expected u32" }, JsonParse { path: "overmap_special", detail: "Failed to deserialize overmap_special 'nuclear power plant': invalid value: integer `-1`, expected u32" }, JsonParse { path: "overmap_special", detail: "Failed to deserialize overmap_special 'Large Dermatik Nest': invalid value: integer `-1`, expected u32" }, JsonParse { path: "overmap_special", detail: "Failed to deserialize overmap_special 'campus_lecture': invalid value: integer `-1`, expected u32" }, JsonParse { path: "overmap_special", detail: "Failed to deserialize overmap_special 'lab_mutagen_6_level': invalid value: integer `-1`, expected u32" }, JsonParse { path: "overmap_special", detail: "Failed to deserialize overmap_special 'ws_survivor_camp_place': invalid value: integer `-1`, expected u32" }, JsonParse { path: "overmap_special", detail: "Failed to deserialize overmap_special 'inner_cabins_depths_zoo': invalid value: integer `-1`, expected u32" }, JsonParse { path: "overmap_special", detail: "Failed to deserialize overmap_special 'garage_gas': invalid value: integer `-1`, expected u32" }, JsonParse { path: "overmap_special", detail: "Failed to deserialize overmap_special 'Drive-in Theater': invalid value: integer `-1`, expected u32" }, JsonParse { path: "overmap_special", detail: "Failed to deserialize overmap_special 'trailhead_basic': invalid value: integer `-1`, expected u32" }, JsonParse { path: "overmap_special", detail: "Failed to deserialize overmap_special 'private_resort': invalid value: integer `-1`, expected u32" }, JsonParse { path: "overmap_special", detail: "Failed to deserialize overmap_special 'o_lightindustry': invalid value: integer `-1`, expected u32" }, JsonParse { path: "overmap_special", detail: "Failed to deserialize overmap_special 'Cabin_3_reverberation_hint': invalid value: integer `-1`, expected u32" }, JsonParse { path: "overmap_special", detail: "Failed to deserialize overmap_special 'string_dimension_plane_mutable': invalid type: map, expected a sequence" }, JsonParse { path: "overmap_special", detail: "Failed to deserialize overmap_special 'inner_cabins_depths_entrance': invalid value: integer `-1`, expected u32" }, JsonParse { path: "overmap_special", detail: "Failed to deserialize overmap_special 'Cabin': invalid value: integer `-1`, expected u32" }, JsonParse { path: "overmap_special", detail: "Failed to deserialize overmap_special 'isolated_road': invalid value: integer `-1`, expected u32" }, JsonParse { path: "overmap_special", detail: "Failed to deserialize overmap_special 'Lab_RES_1x1x2_security': invalid value: integer `-1`, expected u32" }, JsonParse { path: "overmap_special", detail: "Failed to deserialize overmap_special 'gas station bunkerless': missing field `overmap`" }, JsonParse { path: "overmap_special", detail: "Failed to deserialize overmap_special 'Lab_CORE_2x1x3': invalid value: integer `-1`, expected u32" }, JsonParse { path: "overmap_special", detail: "Failed to deserialize overmap_special 'Hunting Lodge': invalid value: integer `-1`, expected u32" }, JsonParse { path: "overmap_special", detail: "Failed to deserialize overmap_special 'Sewage Treatment Plant': invalid value: integer `-1`, expected u32" }, JsonParse { path: "overmap_special", detail: "Failed to deserialize overmap_special 'Island': invalid value: integer `-1`, expected u32" }, JsonParse { path: "overmap_special", detail: "Failed to deserialize overmap_special 'Evac Shelter Unfinished': invalid value: integer `-1`, expected u32" }, JsonParse { path: "overmap_special", detail: "Failed to deserialize overmap_special 'string_dimension_field_mutable': invalid type: map, expected a sequence" }, JsonParse { path: "overmap_special", detail: "Failed to deserialize overmap_special 'river_cave': invalid type: map, expected a sequence" }, JsonParse { path: "overmap_special", detail: "Failed to deserialize overmap_special 'military_bunker_1': invalid value: integer `-1`, expected u32" }, JsonParse { path: "overmap_special", detail: "Failed to deserialize overmap_special 'nursing_home': missing field `overmap`" }, JsonParse { path: "overmap_special", detail: "Failed to deserialize overmap_special 'string_dimension_z_stack': invalid value: integer `-1`, expected u32" }, JsonParse { path: "overmap_special", detail: "Failed to deserialize overmap_special 'Strange Cabin': invalid value: integer `-1`, expected u32" }, JsonParse { path: "overmap_special", detail: "Failed to deserialize overmap_special 'inner_cabins_warped_cabin': invalid value: integer `-1`, expected u32" }, JsonParse { path: "overmap_special", detail: "Failed to deserialize overmap_special 'shooting range': invalid value: integer `-1`, expected u32" }, JsonParse { path: "overmap_special", detail: "Failed to deserialize overmap_special 'inner_cabins_cabin': invalid value: integer `-1`, expected u32" }, JsonParse { path: "overmap_special", detail: "Failed to deserialize overmap_special 'physics_lab_LIXA': invalid value: integer `-1`, expected u32" }, JsonParse { path: "overmap_special", detail: "Failed to deserialize overmap_special 'Lab_Parking_Lot': invalid value: integer `-1`, expected u32" }, JsonParse { path: "overmap_special", detail: "Failed to deserialize overmap_special 'Toxic Waste Dump': invalid value: integer `-1`, expected u32" }, JsonParse { path: "overmap_special", detail: "Failed to deserialize overmap_special 'Lab_RES_2x2x2': invalid value: integer `-1`, expected u32" }, JsonParse { path: "overmap_special", detail: "Failed to deserialize overmap_special 'mutable_imperial_road_ruins': invalid value: integer `-1`, expected u32" }, JsonParse { path: "overmap_special", detail: "Failed to deserialize overmap_special 'o_karting_l': invalid value: integer `-1`, expected u32" }, JsonParse { path: "overmap_special", detail: "Failed to deserialize overmap_special 'string_dimension_ka_facility': invalid value: integer `-1`, expected u32" }, JsonParse { path: "overmap_special", detail: "Failed to deserialize overmap_special 'rural_house': missing field `overmap`" }, JsonParse { path: "overmap_special", detail: "Failed to deserialize overmap_special 'Lakeside Cabin 5': invalid value: integer `-1`, expected u32" }, JsonParse { path: "overmap_special", detail: "Failed to deserialize overmap_special 'Radio Tower': missing field `overmap`" }, JsonParse { path: "overmap_special", detail: "Failed to deserialize overmap_special '4x4_microlab_rodent': invalid value: integer `-1`, expected u32" }, JsonParse { path: "overmap_special", detail: "Failed to deserialize overmap_special 'Cabin_prepper': invalid value: integer `-1`, expected u32" }, JsonParse { path: "overmap_special", detail: "Failed to deserialize overmap_special 'inner_cabins_depths_hotel_tower_b': invalid value: integer `-1`, expected u32" }, JsonParse { path: "overmap_special", detail: "Failed to deserialize overmap_special 'imperial_road': invalid value: integer `-1`, expected u32" }, JsonParse { path: "overmap_special", detail: "Failed to deserialize overmap_special 'robofac_strip_mall': invalid value: integer `-1`, expected u32" }, JsonParse { path: "overmap_special", detail: "Failed to deserialize overmap_special 'anthill': invalid value: integer `-1`, expected u32" }, JsonParse { path: "overmap_special", detail: "Failed to deserialize overmap_special 'string_dimension_dome_distress_beacon': invalid value: integer `-1`, expected u32" }, JsonParse { path: "overmap_special", detail: "Failed to deserialize overmap_special 'Cabin_4': invalid value: integer `-1`, expected u32" }, JsonParse { path: "overmap_special", detail: "Failed to deserialize overmap_special 'golf course': invalid value: integer `-1`, expected u32" }, JsonParse { path: "overmap_special", detail: "Failed to deserialize overmap_special 'campus_commons': invalid value: integer `-1`, expected u32" }, JsonParse { path: "overmap_special", detail: "Failed to deserialize overmap_special 'Hunting Blind': invalid value: integer `-1`, expected u32" }, JsonParse { path: "overmap_special", detail: "Failed to deserialize overmap_special 'evac_center': invalid value: integer `-1`, expected u32" }, JsonParse { path: "overmap_special", detail: "Failed to deserialize overmap_special 'ws_biker_dump': invalid value: integer `-1`, expected u32" }, JsonParse { path: "overmap_special", detail: "Failed to deserialize overmap_special 'Island_5_forest_thick': invalid value: integer `-1`, expected u32" }, JsonParse { path: "overmap_special", detail: "Failed to deserialize overmap_special 'speedway': invalid value: integer `-1`, expected u32" }, JsonParse { path: "overmap_special", detail: "Failed to deserialize overmap_special 'Lakeside Cabin 1': invalid value: integer `-1`, expected u32" }, JsonParse { path: "overmap_special", detail: "Failed to deserialize overmap_special 'Island_1': invalid value: integer `-1`, expected u32" }, JsonParse { path: "overmap_special", detail: "Failed to deserialize overmap_special 'rural_house_yard': missing field `overmap`" }, JsonParse { path: "overmap_special", detail: "Failed to deserialize overmap_special 'inner_cabins_depths_sewer_sub_station': invalid value: integer `-1`, expected u32" }, JsonParse { path: "overmap_special", detail: "Failed to deserialize overmap_special 'gas station bunker': missing field `overmap`" }, JsonParse { path: "overmap_special", detail: "Failed to deserialize overmap_special 'Cabin_5': invalid value: integer `-1`, expected u32" }, JsonParse { path: "overmap_special", detail: "Failed to deserialize overmap_special 'double_microlab': invalid value: integer `-1`, expected u32" }, JsonParse { path: "overmap_special", detail: "Failed to deserialize overmap_special 'roman_road': invalid value: integer `-1`, expected u32" }, JsonParse { path: "overmap_special", detail: "Failed to deserialize overmap_special 'Isherwood Farm Mutable': invalid value: integer `-1`, expected u32" }, JsonParse { path: "overmap_special", detail: "Failed to deserialize overmap_special 'xedra_fishing_shack': invalid value: integer `-1`, expected u32" }, JsonParse { path: "overmap_special", detail: "Failed to deserialize overmap_special 'Lumbermill': invalid value: integer `-1`, expected u32" }, JsonParse { path: "overmap_special", detail: "Failed to deserialize overmap_special 'subway_interchange_ramp': invalid value: integer `-1`, expected u32" }, JsonParse { path: "overmap_special", detail: "Failed to deserialize overmap_special 'Ruined Tower Highlands': invalid value: integer `-1`, expected u32" }, JsonParse { path: "overmap_special", detail: "Failed to deserialize overmap_special 'Cabin_Lapin': invalid value: integer `-1`, expected u32" }, JsonParse { path: "overmap_special", detail: "Failed to deserialize overmap_special 'mutable_highland_ruins': invalid value: integer `-1`, expected u32" }, JsonParse { path: "overmap_special", detail: "Failed to deserialize overmap_special 'solar_farm': invalid value: integer `-1`, expected u32" }, JsonParse { path: "overmap_special", detail: "Failed to deserialize overmap_special 'lighthouse_island_small': invalid value: integer `-1`, expected u32" }, JsonParse { path: "overmap_special", detail: "Failed to deserialize overmap_special 'Riverside Dwelling': invalid value: integer `-1`, expected u32" }, JsonParse { path: "overmap_special", detail: "Failed to deserialize overmap_special 'Lab_CARGO_2x2x1': invalid value: integer `-1`, expected u32" }, JsonParse { path: "overmap_special", detail: "Failed to deserialize overmap_special 'Lab_APARTMENTS_1x1x2': invalid value: integer `-1`, expected u32" }, JsonParse { path: "overmap_special", detail: "Failed to deserialize overmap_special 'cemetery_lacroix': invalid value: integer `-1`, expected u32" }, JsonParse { path: "overmap_special", detail: "Failed to deserialize overmap_special 'supermarket': invalid value: integer `-1`, expected u32" }, JsonParse { path: "overmap_special", detail: "Failed to deserialize overmap_special 'Cabin_1': invalid value: integer `-1`, expected u32" }, JsonParse { path: "overmap_special", detail: "Failed to deserialize overmap_special '4x4_microlab_vent_shaft': invalid value: integer `-1`, expected u32" }, JsonParse { path: "overmap_special", detail: "Failed to deserialize overmap_special 'Bee Hive': invalid value: integer `-1`, expected u32" }, JsonParse { path: "overmap_special", detail: "Failed to deserialize overmap_special 'stream_mutable': invalid type: map, expected a sequence" }, JsonParse { path: "overmap_special", detail: "Failed to deserialize overmap_special 'Hazardous Waste Sarcophagus': invalid value: integer `-1`, expected u32" }, JsonParse { path: "overmap_special", detail: "Failed to deserialize overmap_special 'campground': invalid value: integer `-1`, expected u32" }, JsonParse { path: "overmap_special", detail: "Failed to deserialize overmap_special 'highway_support_mutable': invalid type: map, expected a sequence" }, JsonParse { path: "overmap_special", detail: "Failed to deserialize overmap_special 'Spiral mine': invalid value: integer `-1`, expected u32" }, JsonParse { path: "overmap_special", detail: "Failed to deserialize overmap_special 'labyrinthine_structure': invalid type: map, expected a sequence" }, JsonParse { path: "overmap_special", detail: "Failed to deserialize overmap_special 'Occupied LMOE Shelter': invalid value: integer `-1`, expected u32" }, JsonParse { path: "overmap_special", detail: "Failed to deserialize overmap_special 'Hunting Lodge - Normal': invalid value: integer `-1`, expected u32" }, JsonParse { path: "overmap_special", detail: "Failed to deserialize overmap_special 'Radio Tower 1': missing field `overmap`" }, JsonParse { path: "overmap_special", detail: "Failed to deserialize overmap_special 'ranch_camp': invalid value: integer `-1`, expected u32" }, JsonParse { path: "overmap_special", detail: "Failed to deserialize overmap_special 'campsite_a': invalid value: integer `-1`, expected u32" }, JsonParse { path: "overmap_special", detail: "Failed to deserialize overmap_special 'Barry's Mi-Go Scout Tower': invalid value: integer `-1`, expected u32" }, JsonParse { path: "overmap_special", detail: "Failed to deserialize overmap_special 'military helipad': invalid value: integer `-1`, expected u32" }, JsonParse { path: "overmap_special", detail: "Failed to deserialize overmap_special 'o_container_yard_inland_bandit': invalid value: integer `-1`, expected u32" }, JsonParse { path: "overmap_special", detail: "Failed to deserialize overmap_special 'Lakeside Cabin 2': invalid value: integer `-1`, expected u32" }, JsonParse { path: "overmap_special", detail: "Failed to deserialize overmap_special 'natural_spring': invalid value: integer `-1`, expected u32" }, JsonParse { path: "overmap_special", detail: "Failed to deserialize overmap_special 'Cabin_2': invalid value: integer `-1`, expected u32" }, JsonParse { path: "overmap_special", detail: "Failed to deserialize overmap_special 'Island_4': invalid value: integer `-1`, expected u32" }, JsonParse { path: "overmap_special", detail: "Failed to deserialize overmap_special 'Lab_RES_1x1x2_maintenance': invalid value: integer `-1`, expected u32" }, JsonParse { path: "overmap_special", detail: "Failed to deserialize overmap_special 'sunken_helicopter': missing field `overmap`" }, JsonParse { path: "overmap_special", detail: "Failed to deserialize overmap_special 'Prison': invalid value: integer `-1`, expected u32" }, JsonParse { path: "overmap_special", detail: "Failed to deserialize overmap_special 'string_dimension_small_ziggurat': invalid value: integer `-1`, expected u32" }, JsonParse { path: "overmap_special", detail: "Failed to deserialize overmap_special 'campus': invalid value: integer `-1`, expected u32" }, JsonParse { path: "overmap_special", detail: "Failed to deserialize overmap_special 'sai': invalid value: integer `-1`, expected u32" }, JsonParse { path: "overmap_special", detail: "Failed to deserialize overmap_special 'trailhead_outhouse': invalid value: integer `-1`, expected u32" }, JsonParse { path: "overmap_special", detail: "Failed to deserialize overmap_special 'miniature railway park': invalid value: integer `-1`, expected u32" }, JsonParse { path: "overmap_special", detail: "Failed to deserialize overmap_special 'outcrop': invalid value: integer `-1`, expected u32" }, JsonParse { path: "overmap_special", detail: "Failed to deserialize overmap_special 'string_dimension_dome': invalid value: integer `-1`, expected u32" }, JsonParse { path: "overmap_special", detail: "Failed to deserialize overmap_special 'Island_5_field': invalid value: integer `-1`, expected u32" }, JsonParse { path: "overmap_special", detail: "Failed to deserialize overmap_special 'Pottery Cottage': invalid value: integer `-1`, expected u32" }, JsonParse { path: "overmap_special", detail: "Failed to deserialize overmap_special 'xedra_morgantown': invalid value: integer `-1`, expected u32" }, JsonParse { path: "overmap_special", detail: "Failed to deserialize overmap_special 'campsite_field_biker_destroyed': invalid value: integer `-1`, expected u32" }, JsonParse { path: "overmap_special", detail: "Failed to deserialize overmap_special 'Sugar House': missing field `overmap`" }, JsonParse { path: "overmap_special", detail: "Failed to deserialize overmap_special 'farm_abandoned': invalid value: integer `-1`, expected u32" }, JsonParse { path: "overmap_special", detail: "Failed to deserialize overmap_special 'meadow_mutable': invalid type: map, expected a sequence" }, JsonParse { path: "overmap_special", detail: "Failed to deserialize overmap_special 'bandit_cabin': invalid value: integer `-1`, expected u32" }, JsonParse { path: "overmap_special", detail: "Failed to deserialize overmap_special 'marina': invalid value: integer `-1`, expected u32" }, JsonParse { path: "overmap_special", detail: "Failed to deserialize overmap_special 'miniature railway': invalid value: integer `-1`, expected u32" }, JsonParse { path: "overmap_special", detail: "Failed to deserialize overmap_special 'Generic mine': invalid type: map, expected a sequence" }, JsonParse { path: "overmap_special", detail: "Failed to deserialize overmap_special 'Island_3': invalid value: integer `-1`, expected u32" }, JsonParse { path: "overmap_special", detail: "Failed to deserialize overmap_special 'steel mill': invalid value: integer `-1`, expected u32" }, JsonParse { path: "overmap_special", detail: "Failed to deserialize overmap_special 'labyrinthine_structure_flooded': invalid type: map, expected a sequence" }, JsonParse { path: "overmap_special", detail: "Failed to deserialize overmap_special 'Lab_SECURITY_1x1x6': invalid value: integer `-1`, expected u32" }, JsonParse { path: "overmap_special", detail: "Failed to deserialize overmap_special 'ws_giant_sinkhole': invalid value: integer `-1`, expected u32" }, JsonParse { path: "overmap_special", detail: "Failed to deserialize overmap_special 'string_dimension_cistern_vent_b': invalid value: integer `-1`, expected u32" }, JsonParse { path: "overmap_special", detail: "Failed to deserialize overmap_special 'campus_health': invalid value: integer `-1`, expected u32" }, JsonParse { path: "overmap_special", detail: "Failed to deserialize overmap_special 'Sandy Island': invalid value: integer `-1`, expected u32" }, JsonParse { path: "overmap_special", detail: "Failed to deserialize overmap_special 'Mansion_Road_Alt': invalid value: integer `-1`, expected u32" }, JsonParse { path: "overmap_connection", detail: "Failed to deserialize overmap_connection 'forest_trail': missing field `terrains`" }, JsonParse { path: "overmap_connection", detail: "Failed to deserialize overmap_connection 'highway_road_connection': missing field `terrains`" }, JsonParse { path: "overmap_connection", detail: "Failed to deserialize overmap_connection 'sewer_tunnel': missing field `terrains`" }, JsonParse { path: "overmap_connection", detail: "Failed to deserialize overmap_connection 'subway_tunnel': missing field `terrains`" }, JsonParse { path: "overmap_connection", detail: "Failed to deserialize overmap_connection 'local_road': missing field `terrains`" }, JsonParse { path: "overmap_location", detail: "Failed to deserialize overmap_location 'risk_high': missing field `terrains`" }, JsonParse { path: "overmap_location", detail: "Failed to deserialize overmap_location 'source_of_clothing': missing field `terrains`" }, JsonParse { path: "overmap_location", detail: "Failed to deserialize overmap_location 'source_of_drink': missing field `terrains`" }, JsonParse { path: "overmap_location", detail: "Failed to deserialize overmap_location 'source_of_tailoring': missing field `terrains`" }, JsonParse { path: "overmap_location", detail: "Failed to deserialize overmap_location 'source_of_food': missing field `terrains`" }, JsonParse { path: "overmap_location", detail: "Failed to deserialize overmap_location 'source_of_luxuries': missing field `terrains`" }, JsonParse { path: "overmap_location", detail: "Failed to deserialize overmap_location 'source_of_electronics': missing field `terrains`" }, JsonParse { path: "overmap_location", detail: "Failed to deserialize overmap_location 'source_of_guns': missing field `terrains`" }, JsonParse { path: "overmap_location", detail: "Failed to deserialize overmap_location 'source_of_fabrication': missing field `terrains`" }, JsonParse { path: "overmap_location", detail: "Failed to deserialize overmap_location 'source_of_animals': missing field `terrains`" }, JsonParse { path: "overmap_location", detail: "Failed to deserialize overmap_location 'source_of_people': missing field `terrains`" }, JsonParse { path: "overmap_location", detail: "Failed to deserialize overmap_location 'risk_extreme': missing field `terrains`" }, JsonParse { path: "overmap_location", detail: "Failed to deserialize overmap_location 'source_of_construction': missing field `terrains`" }, JsonParse { path: "overmap_location", detail: "Failed to deserialize overmap_location 'source_of_ammo': missing field `terrains`" }, JsonParse { path: "overmap_location", detail: "Failed to deserialize overmap_location 'source_of_fuel': missing field `terrains`" }, JsonParse { path: "overmap_location", detail: "Failed to deserialize overmap_location 'source_of_anything': missing field `terrains`" }, JsonParse { path: "overmap_location", detail: "Failed to deserialize overmap_location 'source_of_farming': missing field `terrains`" }, JsonParse { path: "overmap_location", detail: "Failed to deserialize overmap_location 'source_of_forage': missing field `terrains`" }, JsonParse { path: "overmap_location", detail: "Failed to deserialize overmap_location 'source_of_weapons': missing field `terrains`" }, JsonParse { path: "overmap_location", detail: "Failed to deserialize overmap_location 'source_of_safety': missing field `terrains`" }, JsonParse { path: "overmap_location", detail: "Failed to deserialize overmap_location 'source_of_medicine': missing field `terrains`" }, JsonParse { path: "overmap_location", detail: "Failed to deserialize overmap_location 'risk_low': missing field `terrains`" }, JsonParse { path: "overmap_location", detail: "Failed to deserialize overmap_location 'source_of_chemistry': missing field `terrains`" }, JsonParse { path: "overmap_location", detail: "Failed to deserialize overmap_location 'source_of_cooking': missing field `terrains`" }, JsonParse { path: "overmap_location", detail: "Failed to deserialize overmap_location 'source_of_books': missing field `terrains`" }, JsonParse { path: "overmap_location", detail: "Failed to deserialize overmap_location 'source_of_vehicles': missing field `terrains`" }, JsonParse { path: "overmap_land_use_code", detail: "Failed to deserialize overmap_land_use_code '': missing field `name`" }, JsonParse { path: "field_type", detail: "Failed to deserialize field_type 'fd_yellow_incense': invalid type: boolean `true`, expected a string" }, JsonParse { path: "field_type", detail: "Failed to deserialize field_type 'fd_containers_loot_zone': invalid type: boolean `true`, expected a string" }, JsonParse { path: "field_type", detail: "Failed to deserialize field_type 'fd_gibs_insect': invalid type: boolean `true`, expected a string" }, JsonParse { path: "field_type", detail: "Failed to deserialize field_type 'fd_manuals_loot_zone': invalid type: boolean `true`, expected a string" }, JsonParse { path: "field_type", detail: "Failed to deserialize field_type 'fd_ignore_favorites_loot_zone': invalid type: boolean `true`, expected a string" }, JsonParse { path: "field_type", detail: "Failed to deserialize field_type 'fd_no_auto_pickup_zone': invalid type: boolean `true`, expected a string" }, JsonParse { path: "field_type", detail: "Failed to deserialize field_type 'fd_guns_loot_zone': invalid type: boolean `true`, expected a string" }, JsonParse { path: "field_type", detail: "Failed to deserialize field_type 'fd_electricity_unlit': invalid type: boolean `false`, expected a string" }, JsonParse { path: "field_type", detail: "Failed to deserialize field_type 'fd_tindalos_gas': invalid type: boolean `true`, expected a string" }, JsonParse { path: "field_type", detail: "Failed to deserialize field_type 'fd_mutagens_loot_zone': invalid type: boolean `true`, expected a string" }, JsonParse { path: "field_type", detail: "Failed to deserialize field_type 'fd_perishable_food_loot_zone': invalid type: boolean `true`, expected a string" }, JsonParse { path: "field_type", detail: "Failed to deserialize field_type 'fd_acid': invalid type: boolean `true`, expected a string" }, JsonParse { path: "field_type", detail: "Failed to deserialize field_type 'fd_laser': invalid type: boolean `true`, expected a string" }, JsonParse { path: "field_type", detail: "Failed to deserialize field_type 'fd_currency_loot_zone': invalid type: boolean `true`, expected a string" }, JsonParse { path: "field_type", detail: "Failed to deserialize field_type 'fd_gas_vent': invalid type: boolean `true`, expected a string" }, JsonParse { path: "field_type", detail: "Failed to deserialize field_type 'fd_weedsmoke': invalid type: boolean `true`, expected a string" }, JsonParse { path: "field_type", detail: "Failed to deserialize field_type 'fd_seeds_loot_zone': invalid type: boolean `true`, expected a string" }, JsonParse { path: "field_type", detail: "Failed to deserialize field_type 'fd_mods_loot_zone': invalid type: boolean `true`, expected a string" }, JsonParse { path: "field_type", detail: "Failed to deserialize field_type 'fd_gibs_veggy': invalid type: boolean `true`, expected a string" }, JsonParse { path: "field_type", detail: "Failed to deserialize field_type 'fd_acid_vent': invalid type: boolean `true`, expected a string" }, JsonParse { path: "field_type", detail: "Failed to deserialize field_type 'fd_dirty_water': invalid type: boolean `true`, expected a string" }, JsonParse { path: "field_type", detail: "Failed to deserialize field_type 'fd_vehicle_patrol_zone': invalid type: boolean `true`, expected a string" }, JsonParse { path: "field_type", detail: "Failed to deserialize field_type 'fd_gibs_flesh': invalid type: boolean `true`, expected a string" }, JsonParse { path: "field_type", detail: "Failed to deserialize field_type 'fd_blood_invertebrate': invalid type: boolean `true`, expected a string" }, JsonParse { path: "field_type", detail: "Failed to deserialize field_type 'fd_fog': invalid type: boolean `true`, expected a string" }, JsonParse { path: "field_type", detail: "Failed to deserialize field_type 'fd_npc_ignore_sounds_zone': invalid type: boolean `true`, expected a string" }, JsonParse { path: "field_type", detail: "Failed to deserialize field_type 'fd_incendiary': invalid type: boolean `true`, expected a string" }, JsonParse { path: "field_type", detail: "Failed to deserialize field_type 'fd_fire': invalid type: boolean `true`, expected a string" }, JsonParse { path: "field_type", detail: "Failed to deserialize field_type 'fd_hot_air_sauna': invalid type: boolean `true`, expected a string" }, JsonParse { path: "field_type", detail: "Failed to deserialize field_type 'fd_maps_loot_zone': invalid type: boolean `true`, expected a string" }, JsonParse { path: "field_type", detail: "Failed to deserialize field_type 'fd_npc_no_go_zone': invalid type: boolean `true`, expected a string" }, JsonParse { path: "field_type", detail: "Failed to deserialize field_type 'fd_gibs_invertebrate': invalid type: boolean `true`, expected a string" }, JsonParse { path: "field_type", detail: "Failed to deserialize field_type 'fd_vehicle_parts_loot_zone': invalid type: boolean `true`, expected a string" }, JsonParse { path: "field_type", detail: "Failed to deserialize field_type 'fd_wood_loot_zone': invalid type: boolean `true`, expected a string" }, JsonParse { path: "field_type", detail: "Failed to deserialize field_type 'fd_no_npc_pickup_zone': invalid type: boolean `true`, expected a string" }, JsonParse { path: "field_type", detail: "Failed to deserialize field_type 'fd_churned_earth': invalid type: boolean `true`, expected a string" }, JsonParse { path: "field_type", detail: "Failed to deserialize field_type 'fd_LIXA_decompression': invalid type: boolean `true`, expected a string" }, JsonParse { path: "field_type", detail: "Failed to deserialize field_type 'fd_methsmoke': invalid type: boolean `true`, expected a string" }, JsonParse { path: "field_type", detail: "Failed to deserialize field_type 'fd_drink_loot_zone': invalid type: boolean `true`, expected a string" }, JsonParse { path: "field_type", detail: "Failed to deserialize field_type 'fd_traps_loot_zone': invalid type: boolean `true`, expected a string" }, JsonParse { path: "field_type", detail: "Failed to deserialize field_type 'fd_ammo_loot_zone': invalid type: boolean `true`, expected a string" }, JsonParse { path: "field_type", detail: "Failed to deserialize field_type 'fd_red_incense': invalid type: boolean `true`, expected a string" }, JsonParse { path: "field_type", detail: "Failed to deserialize field_type 'fd_migo_atmosphere': invalid type: string \"80m\", expected u32" }, JsonParse { path: "field_type", detail: "Failed to deserialize field_type 'fd_auto_drink_zone': invalid type: boolean `true`, expected a string" }, JsonParse { path: "field_type", detail: "Failed to deserialize field_type 'fd_magazines_loot_zone': invalid type: boolean `true`, expected a string" }, JsonParse { path: "field_type", detail: "Failed to deserialize field_type 'fd_artifacts_loot_zone': invalid type: boolean `true`, expected a string" }, JsonParse { path: "field_type", detail: "Failed to deserialize field_type 'fd_plasma': invalid type: boolean `true`, expected a string" }, JsonParse { path: "field_type", detail: "Failed to deserialize field_type 'fd_dazzling': invalid type: boolean `true`, expected a string" }, JsonParse { path: "field_type", detail: "Failed to deserialize field_type 'fd_strip_corpses_loot_zone': invalid type: boolean `true`, expected a string" }, JsonParse { path: "field_type", detail: "Failed to deserialize field_type 'fd_mechanical_fluid': invalid type: boolean `true`, expected a string" }, JsonParse { path: "field_type", detail: "Failed to deserialize field_type 'fd_flame_burst': invalid type: boolean `true`, expected a string" }, JsonParse { path: "field_type", detail: "Failed to deserialize field_type 'fd_fungicidal_gas': invalid type: boolean `true`, expected a string" }, JsonParse { path: "field_type", detail: "Failed to deserialize field_type 'fd_ignore_loot_zone': invalid type: boolean `true`, expected a string" }, JsonParse { path: "field_type", detail: "Failed to deserialize field_type 'fd_slime': invalid type: boolean `true`, expected a string" }, JsonParse { path: "field_type", detail: "Failed to deserialize field_type 'fd_biolum': invalid type: boolean `true`, expected a string" }, JsonParse { path: "field_type", detail: "Failed to deserialize field_type 'fd_rubble': invalid type: boolean `true`, expected a string" }, JsonParse { path: "field_type", detail: "Failed to deserialize field_type 'fd_blood_veggy': invalid type: boolean `true`, expected a string" }, JsonParse { path: "field_type", detail: "Failed to deserialize field_type 'fd_nm_monster_gas_2': invalid type: boolean `true`, expected a string" }, JsonParse { path: "field_type", detail: "Failed to deserialize field_type 'fd_armor_loot_zone': invalid type: boolean `true`, expected a string" }, JsonParse { path: "field_type", detail: "Failed to deserialize field_type 'fd_insecticidal_gas': invalid type: boolean `true`, expected a string" }, JsonParse { path: "field_type", detail: "Failed to deserialize field_type 'fd_web_nostick': invalid type: boolean `true`, expected a string" }, JsonParse { path: "field_type", detail: "Failed to deserialize field_type 'fd_nuke_gas': invalid type: boolean `true`, expected a string" }, JsonParse { path: "field_type", detail: "Failed to deserialize field_type 'fd_bionics_loot_zone': invalid type: boolean `true`, expected a string" }, JsonParse { path: "field_type", detail: "Failed to deserialize field_type 'fd_shock_vent': invalid type: boolean `true`, expected a string" }, JsonParse { path: "field_type", detail: "Failed to deserialize field_type 'fd_tindalos_rift': invalid type: boolean `true`, expected a string" }, JsonParse { path: "field_type", detail: "Failed to deserialize field_type 'fd_purple_incense': invalid type: boolean `true`, expected a string" }, JsonParse { path: "field_type", detail: "Failed to deserialize field_type 'fd_nm_monster_gas_1': invalid type: boolean `true`, expected a string" }, JsonParse { path: "field_type", detail: "Failed to deserialize field_type 'fd_sludge': invalid type: boolean `true`, expected a string" }, JsonParse { path: "field_type", detail: "Failed to deserialize field_type 'fd_web': invalid type: boolean `true`, expected a string" }, JsonParse { path: "field_type", detail: "Failed to deserialize field_type 'fd_smoke': invalid type: boolean `true`, expected a string" }, JsonParse { path: "field_type", detail: "Failed to deserialize field_type 'fd_splinters': invalid type: boolean `true`, expected a string" }, JsonParse { path: "field_type", detail: "Failed to deserialize field_type 'fd_mine_terrain_zone': invalid type: boolean `true`, expected a string" }, JsonParse { path: "field_type", detail: "Failed to deserialize field_type 'fd_chemical_loot_zone': invalid type: boolean `true`, expected a string" }, JsonParse { path: "field_type", detail: "Failed to deserialize field_type 'fd_spare_parts_loot_zone': invalid type: boolean `true`, expected a string" }, JsonParse { path: "field_type", detail: "Failed to deserialize field_type 'fd_drugs_loot_zone': invalid type: boolean `true`, expected a string" }, JsonParse { path: "field_type", detail: "Failed to deserialize field_type 'fd_fatigue': invalid type: boolean `true`, expected a string" }, JsonParse { path: "field_type", detail: "Failed to deserialize field_type 'fd_clothing_loot_zone': invalid type: boolean `true`, expected a string" }, JsonParse { path: "field_type", detail: "Failed to deserialize field_type 'fd_basecamp_storage_zone': invalid type: boolean `true`, expected a string" }, JsonParse { path: "field_type", detail: "Failed to deserialize field_type 'fd_nauseating_smell': invalid type: string \"80m\", expected u32" }, JsonParse { path: "field_type", detail: "Failed to deserialize field_type 'fd_bile': invalid type: boolean `true`, expected a string" }, JsonParse { path: "field_type", detail: "Failed to deserialize field_type 'fd_farm_plot_zone': invalid type: boolean `true`, expected a string" }, JsonParse { path: "field_type", detail: "Failed to deserialize field_type 'fd_martial_arts_manuals_loot_zone': invalid type: boolean `true`, expected a string" }, JsonParse { path: "field_type", detail: "Failed to deserialize field_type 'fd_bile_adv': invalid type: boolean `true`, expected a string" }, JsonParse { path: "field_type", detail: "Failed to deserialize field_type 'fd_fire_vent': invalid type: boolean `true`, expected a string" }, JsonParse { path: "field_type", detail: "Failed to deserialize field_type 'fd_spotlight': invalid type: boolean `true`, expected a string" }, JsonParse { path: "field_type", detail: "Failed to deserialize field_type 'fd_sap': invalid type: boolean `true`, expected a string" }, JsonParse { path: "field_type", detail: "Failed to deserialize field_type 'fd_construction_site': invalid type: boolean `true`, expected a string" }, JsonParse { path: "field_type", detail: "Failed to deserialize field_type 'fd_food_loot_zone': invalid type: boolean `true`, expected a string" }, JsonParse { path: "field_type", detail: "Failed to deserialize field_type 'fd_extinguisher': invalid type: boolean `true`, expected a string" }, JsonParse { path: "field_type", detail: "Failed to deserialize field_type 'fd_npc_investigation_area_zone': invalid type: boolean `true`, expected a string" }, JsonParse { path: "field_type", detail: "Failed to deserialize field_type 'fd_tear_gas': invalid type: boolean `true`, expected a string" }, JsonParse { path: "field_type", detail: "Failed to deserialize field_type 'fd_push_items': invalid type: boolean `true`, expected a string" }, JsonParse { path: "field_type", detail: "Failed to deserialize field_type 'fd_cracksmoke': invalid type: boolean `true`, expected a string" }, JsonParse { path: "field_type", detail: "Failed to deserialize field_type 'fd_fungal_haze': invalid type: boolean `true`, expected a string" }, JsonParse { path: "field_type", detail: "Failed to deserialize field_type 'fd_hallucinogenic_spores': invalid type: boolean `true`, expected a string" }, JsonParse { path: "field_type", detail: "Failed to deserialize field_type 'fd_fishing_spot_zone': invalid type: boolean `true`, expected a string" }, JsonParse { path: "field_type", detail: "Failed to deserialize field_type 'fd_swamp_gas': invalid type: boolean `true`, expected a string" }, JsonParse { path: "field_type", detail: "Failed to deserialize field_type 'fd_mop_tile_zone': invalid type: boolean `true`, expected a string" }, JsonParse { path: "field_type", detail: "Failed to deserialize field_type 'fd_corpses_loot_zone': invalid type: boolean `true`, expected a string" }, JsonParse { path: "field_type", detail: "Failed to deserialize field_type 'fd_spores': invalid type: boolean `true`, expected a string" }, JsonParse { path: "field_type", detail: "Failed to deserialize field_type 'fd_smoke_vent': invalid type: boolean `true`, expected a string" }, JsonParse { path: "field_type", detail: "Failed to deserialize field_type 'fd_bee_swarm': invalid type: boolean `true`, expected a string" }, JsonParse { path: "field_type", detail: "Failed to deserialize field_type 'fd_fuel_loot_zone': invalid type: boolean `true`, expected a string" }, JsonParse { path: "field_type", detail: "Failed to deserialize field_type 'fd_keys_loot_zone': invalid type: boolean `true`, expected a string" }, JsonParse { path: "field_type", detail: "Failed to deserialize field_type 'fd_darkness': invalid type: floating point `0.0`, expected u32" }, JsonParse { path: "field_type", detail: "Failed to deserialize field_type 'fd_auto_eat_zone': invalid type: boolean `true`, expected a string" }, JsonParse { path: "field_type", detail: "Failed to deserialize field_type 'fd_start_point_zone': invalid type: boolean `true`, expected a string" }, JsonParse { path: "field_type", detail: "Failed to deserialize field_type 'fd_other_loot_zone': invalid type: boolean `true`, expected a string" }, JsonParse { path: "field_type", detail: "Failed to deserialize field_type 'fd_books_loot_zone': invalid type: boolean `true`, expected a string" }, JsonParse { path: "field_type", detail: "Failed to deserialize field_type 'fd_construction_blueprint_zone': invalid type: boolean `true`, expected a string" }, JsonParse { path: "field_type", detail: "Failed to deserialize field_type 'fd_tool_magazines_loot_zone': invalid type: boolean `true`, expected a string" }, JsonParse { path: "field_type", detail: "Failed to deserialize field_type 'fd_chop_trees_zone': invalid type: boolean `true`, expected a string" }, JsonParse { path: "field_type", detail: "Failed to deserialize field_type 'fd_vehicle_repair_zone': invalid type: boolean `true`, expected a string" }, JsonParse { path: "field_type", detail: "Failed to deserialize field_type 'fd_weapons_loot_zone': invalid type: boolean `true`, expected a string" }, JsonParse { path: "field_type", detail: "Failed to deserialize field_type 'fd_clairvoyant': invalid type: boolean `false`, expected a string" }, JsonParse { path: "field_type", detail: "Failed to deserialize field_type 'fd_custom_loot_zone': invalid type: boolean `true`, expected a string" }, JsonParse { path: "field_type", detail: "Failed to deserialize field_type 'fd_meadow_portal': invalid type: boolean `true`, expected a string" }, JsonParse { path: "field_type", detail: "Failed to deserialize field_type 'fd_direction': invalid type: boolean `true`, expected a string" }, JsonParse { path: "field_type", detail: "Failed to deserialize field_type 'fd_dust': invalid type: boolean `true`, expected a string" }, JsonParse { path: "field_type", detail: "Failed to deserialize field_type 'fd_cigsmoke': invalid type: boolean `true`, expected a string" }, JsonParse { path: "field_type", detail: "Failed to deserialize field_type 'fd_unload_everything_loot_zone': invalid type: boolean `true`, expected a string" }, JsonParse { path: "field_type", detail: "Failed to deserialize field_type 'fd_unsorted_loot_zone': invalid type: boolean `true`, expected a string" }, JsonParse { path: "field_type", detail: "Failed to deserialize field_type 'fd_default_loot_zone': invalid type: boolean `true`, expected a string" }, JsonParse { path: "field_type", detail: "Failed to deserialize field_type 'fd_filthy_clothing_loot_zone': invalid type: boolean `true`, expected a string" }, JsonParse { path: "field_type", detail: "Failed to deserialize field_type 'fd_twisting_mass_dust': invalid type: boolean `true`, expected a string" }, JsonParse { path: "field_type", detail: "Failed to deserialize field_type 'fd_fire_FAKE': invalid type: boolean `true`, expected a string" }, JsonParse { path: "field_type", detail: "Failed to deserialize field_type 'fd_perishable_drink_loot_zone': invalid type: boolean `true`, expected a string" }, JsonParse { path: "field_type", detail: "Failed to deserialize field_type 'fd_void_web': invalid type: boolean `true`, expected a string" }, JsonParse { path: "field_type", detail: "Failed to deserialize field_type 'fd_tools_loot_zone': invalid type: boolean `true`, expected a string" }, JsonParse { path: "field_type", detail: "Failed to deserialize field_type 'fd_blood': invalid type: boolean `true`, expected a string" }, JsonParse { path: "field_type", detail: "Failed to deserialize field_type 'fd_congealed_light': invalid type: boolean `true`, expected a string" }, JsonParse { path: "field_type", detail: "Failed to deserialize field_type 'fd_vehicle_deconstruct_zone': invalid type: boolean `true`, expected a string" }, JsonParse { path: "field_type", detail: "Failed to deserialize field_type 'fd_blood_insect': invalid type: boolean `true`, expected a string" }, JsonParse { path: "field_type", detail: "Failed to deserialize field_type 'fd_electricity': invalid type: boolean `true`, expected a string" }, JsonParse { path: "field_type", detail: "Failed to deserialize field_type 'fd_disassembly_work_zone': invalid type: boolean `true`, expected a string" }, JsonParse { path: "field_type", detail: "Failed to deserialize field_type 'fd_basecamp_food_zone': invalid type: boolean `true`, expected a string" }, JsonParse { path: "field_type", detail: "Failed to deserialize field_type 'fd_fungal_splinters': invalid type: boolean `true`, expected a string" }, JsonParse { path: "field_type", detail: "Failed to deserialize field_type 'fd_toxic_gas': invalid type: boolean `true`, expected a string" }, JsonParse { path: "field_type", detail: "Failed to deserialize field_type 'fd_relax_gas': invalid type: boolean `true`, expected a string" }, JsonParse { path: "field_type", detail: "Failed to deserialize field_type 'fd_filthy_armor_loot_zone': invalid type: boolean `true`, expected a string" }, JsonParse { path: "field_type", detail: "Failed to deserialize field_type 'fd_item_group_loot_zone': invalid type: boolean `true`, expected a string" }, JsonParse { path: "field_type", detail: "Failed to deserialize field_type 'fd_shadow': invalid type: floating point `3.7`, expected u32" }, JsonParse { path: "field_type", detail: "Failed to deserialize field_type 'fd_pollen_triffid': invalid type: boolean `true`, expected a string" }, JsonParse { path: "field_type", detail: "Failed to deserialize field_type 'fd_firewood_source_zone': invalid type: boolean `true`, expected a string" }, JsonParse { path: "field_type", detail: "Failed to deserialize field_type 'fd_npc_retreat_zone': invalid type: boolean `true`, expected a string" }, JsonParse { path: "vehicle_part", detail: "Failed to deserialize vehicle_part 'storage_battery': invalid type: map, expected u32" }, JsonParse { path: "vehicle_part", detail: "Failed to deserialize vehicle_part 'large_storage_battery': invalid type: map, expected u32" }, JsonParse { path: "vehicle_part", detail: "Failed to deserialize vehicle_part 'ap_battery_large': invalid type: map, expected u32" }, JsonParse { path: "vehicle_part", detail: "Failed to deserialize vehicle_part 'tank_30gal_drum': invalid type: map, expected u32" }, JsonParse { path: "vehicle_part", detail: "Failed to deserialize vehicle_part 'tank_55gal_drum': invalid type: map, expected u32" }, JsonParse { path: "vehicle_part", detail: "Failed to deserialize vehicle_part 'tank_55gal_drum_aluminum': invalid type: map, expected u32" }, JsonParse { path: "vehicle_part", detail: "Failed to deserialize vehicle_part 'cargo_space': invalid type: map, expected u32" }, JsonParse { path: "vehicle_part", detail: "Failed to deserialize vehicle_part 'xl_pressure_tank': invalid type: map, expected u32" }, JsonParse { path: "vehicle_part", detail: "Failed to deserialize vehicle_part 'ap_apartment_fridge': missing field `item`" }, JsonParse { path: "vehicle_part", detail: "Failed to deserialize vehicle_part 'ap_heavy_duty_fridge': missing field `item`" }, JsonParse { path: "vehicle_part", detail: "Failed to deserialize vehicle_part 'chimes': invalid type: string \"-50 W\", expected i32" }, JsonParse { path: "vehicle_part", detail: "Failed to deserialize vehicle_part 'ap_portable_generator': invalid type: map, expected u32" }, JsonParse { path: "vehicle_part", detail: "Failed to deserialize vehicle_part 'plating_spiked': invalid type: map, expected u32" }, JsonParse { path: "vehicle_part", detail: "Failed to deserialize vehicle_part 'floodlight': invalid type: string \"-110 W\", expected i32" }, JsonParse { path: "vehicle_part", detail: "Failed to deserialize vehicle_part 'aisle_lights': invalid type: string \"-10 W\", expected i32" }, JsonParse { path: "vehicle_part", detail: "Failed to deserialize vehicle_part 'veh_table': invalid type: map, expected u32" }, JsonParse { path: "vehicle_part", detail: "Failed to deserialize vehicle_part 'frame_abstract': invalid type: string \"ig_vp_frame\", expected a sequence" }, JsonParse { path: "vehicle_part", detail: "Failed to deserialize vehicle_part 'foldxlframe': invalid type: map, expected u32" }, JsonParse { path: "vehicle_part", detail: "Failed to deserialize vehicle_part 'ap_apartment_freezer': missing field `item`" }, JsonParse { path: "vehicle_part", detail: "Failed to deserialize vehicle_part 'ap_minifreezer': missing field `item`" }, JsonParse { path: "vehicle_part", detail: "Failed to deserialize vehicle_part 'folding_frame': invalid type: map, expected u32" }, JsonParse { path: "vehicle_part", detail: "Failed to deserialize vehicle_part 'base_board_abstract': missing field `id`" }, JsonParse { path: "vehicle_part", detail: "Failed to deserialize vehicle_part 'stowboard': invalid type: map, expected u32" }, JsonParse { path: "vehicle_part", detail: "Failed to deserialize vehicle_part 'engine_motor': missing field `id`" }, JsonParse { path: "vehicle_part", detail: "Failed to deserialize vehicle_part 'engine_electric_super': invalid type: map, expected u32" }, JsonParse { path: "vehicle_part", detail: "Failed to deserialize vehicle_part 'helicopter_rotors': missing field `id`" }, JsonParse { path: "vehicle_part", detail: "Failed to deserialize vehicle_part 'heavy_duty_military_rotor': invalid type: map, expected u32" }, JsonParse { path: "vehicle_part", detail: "Failed to deserialize vehicle_part 'heavy_duty_military_blackhawk_rotors': invalid type: map, expected u32" }, JsonParse { path: "vehicle_part", detail: "Failed to deserialize vehicle_part 'seat': invalid type: string \"ig_vp_seat\", expected a sequence" }, JsonParse { path: "vehicle_part", detail: "Failed to deserialize vehicle_part 'seat_back': invalid type: string \"ig_vp_seat\", expected a sequence" }, JsonParse { path: "vehicle_part", detail: "Failed to deserialize vehicle_part 'metal_bench': invalid type: string \"ig_vp_steel_plate\", expected a sequence" }, JsonParse { path: "vehicle_part", detail: "Failed to deserialize vehicle_part 'ap_oven': invalid type: map, expected u32" }, JsonParse { path: "vehicle_part", detail: "Failed to deserialize vehicle_part 'ap_catalytic_cracking_reactor': invalid type: map, expected u32" }, JsonParse { path: "vehicle_part", detail: "Failed to deserialize vehicle_part 'basketlg_abstract': invalid type: map, expected u32" }, JsonParse { path: "vehicle_part", detail: "Failed to deserialize vehicle_part 'basketlg': invalid type: map, expected u32" }, JsonParse { path: "vehicle_part", detail: "Failed to deserialize vehicle_part 'ap_heavy_duty_freezer': missing field `item`" }, JsonParse { path: "vehicle_part", detail: "Failed to deserialize vehicle_part 'plastic_boat_hull': invalid type: map, expected u32" }, JsonParse { path: "vehicle_part", detail: "Failed to deserialize vehicle_part 'medium_pressure_tank': invalid type: map, expected u32" }, JsonParse { path: "vehicle_part", detail: "Failed to deserialize vehicle_part 'leather_funnel': missing field `name`" }, JsonParse { path: "vehicle_part", detail: "Failed to deserialize vehicle_part 'vehicle_alternator': missing field `id`" }, JsonParse { path: "vehicle_part", detail: "Failed to deserialize vehicle_part 'alternator_car': invalid type: map, expected u32" }, JsonParse { path: "vehicle_part", detail: "Failed to deserialize vehicle_part 'wheel_wood': invalid type: map, expected u32" }, JsonParse { path: "vehicle_part", detail: "Failed to deserialize vehicle_part 'engine_electric_tiny': invalid energy: '300 W'" }, JsonParse { path: "vehicle_part", detail: "Failed to deserialize vehicle_part 'wind_turbine': invalid type: map, expected u32" }, JsonParse { path: "vehicle_part", detail: "Failed to deserialize vehicle_part 'ap_wind_turbine': invalid type: map, expected u32" }, JsonParse { path: "vehicle_part", detail: "Failed to deserialize vehicle_part 'engine_combustion': missing field `id`" }, JsonParse { path: "vehicle_part", detail: "Failed to deserialize vehicle_part 'aero_engine': missing field `id`" }, JsonParse { path: "vehicle_part", detail: "Failed to deserialize vehicle_part 'engine_aero_light': invalid type: map, expected u32" }, JsonParse { path: "vehicle_part", detail: "Failed to deserialize vehicle_part 'gasoline_engine': missing field `id`" }, JsonParse { path: "vehicle_part", detail: "Failed to deserialize vehicle_part 'engine_1cyl_large': invalid type: map, expected u32" }, JsonParse { path: "vehicle_part", detail: "Failed to deserialize vehicle_part 'xedra_genset': invalid type: map, expected u32" }, JsonParse { path: "vehicle_part", detail: "Failed to deserialize vehicle_part 'door': invalid type: string \"ig_vp_frame\", expected a sequence" }, JsonParse { path: "vehicle_part", detail: "Failed to deserialize vehicle_part 'hatch': invalid type: string \"ig_vp_frame\", expected a sequence" }, JsonParse { path: "vehicle_part", detail: "Failed to deserialize vehicle_part 'hatchback_trunk': invalid type: string \"ig_vp_frame\", expected a sequence" }, JsonParse { path: "vehicle_part", detail: "Failed to deserialize vehicle_part 'external_tank_small': invalid type: map, expected u32" }, JsonParse { path: "vehicle_part", detail: "Failed to deserialize vehicle_part 'afs_roof_external_tank': invalid type: map, expected u32" }, JsonParse { path: "vehicle_part", detail: "Failed to deserialize vehicle_part 'afs_roof_external_tank_aluminum': invalid type: map, expected u32" }, JsonParse { path: "vehicle_part", detail: "Failed to deserialize vehicle_part 'black_box': invalid type: map, expected u32" }, JsonParse { path: "vehicle_part", detail: "Failed to deserialize vehicle_part 'mountable_heater': invalid type: map, expected u32" }, JsonParse { path: "vehicle_part", detail: "Failed to deserialize vehicle_part 'mountable_heater_small': invalid type: map, expected u32" }, JsonParse { path: "vehicle_part", detail: "Failed to deserialize vehicle_part 'controls_turret': invalid type: string \"ig_vp_device\", expected a sequence" }, JsonParse { path: "vehicle_part", detail: "Failed to deserialize vehicle_part 'veh_tools_part_abstract': invalid type: map, expected u32" }, JsonParse { path: "vehicle_part", detail: "Failed to deserialize vehicle_part 'veh_tools_workshop': invalid type: map, expected u32" }, JsonParse { path: "vehicle_part", detail: "Failed to deserialize vehicle_part 'ap_veh_tools_workshop': invalid type: map, expected u32" }, JsonParse { path: "vehicle_part", detail: "Failed to deserialize vehicle_part 'wheel_mount_heavy': invalid type: map, expected u32" }, JsonParse { path: "vehicle_part", detail: "Failed to deserialize vehicle_part 'wheel_mount_heavy_steerable': invalid type: map, expected u32" }, JsonParse { path: "vehicle_part", detail: "Failed to deserialize vehicle_part 'ap_standing_lamp': invalid type: string \"-10 W\", expected i32" }, JsonParse { path: "vehicle_part", detail: "Failed to deserialize vehicle_part 'woodboard_abstract': invalid type: string \"ig_vp_wood_plate\", expected a sequence" }, JsonParse { path: "vehicle_part", detail: "Failed to deserialize vehicle_part 'woodhalfboard': invalid type: string \"ig_vp_wood_plate\", expected a sequence" }, JsonParse { path: "vehicle_part", detail: "Failed to deserialize vehicle_part 'ram_blaze': missing field `id`" }, JsonParse { path: "vehicle_part", detail: "Failed to deserialize vehicle_part 'ram_wood': invalid type: string \"ig_vp_wood_plate\", expected a sequence" }, JsonParse { path: "vehicle_part", detail: "Failed to deserialize vehicle_part 'ap_chest_minifreezer': missing field `item`" }, JsonParse { path: "vehicle_part", detail: "Failed to deserialize vehicle_part 'chest_minifreezer': missing field `item`" }, JsonParse { path: "vehicle_part", detail: "Failed to deserialize vehicle_part 'rail_wheel': invalid type: map, expected u32" }, JsonParse { path: "vehicle_part", detail: "Failed to deserialize vehicle_part 'alternator_bicycle': invalid type: map, expected u32" }, JsonParse { path: "vehicle_part", detail: "Failed to deserialize vehicle_part 'xl_wind_turbine': invalid type: map, expected u32" }, JsonParse { path: "vehicle_part", detail: "Failed to deserialize vehicle_part 'cargo_space_external': invalid type: map, expected u32" }, JsonParse { path: "vehicle_part", detail: "Failed to deserialize vehicle_part 'diesel_engine': missing field `id`" }, JsonParse { path: "vehicle_part", detail: "Failed to deserialize vehicle_part 'engine_1cyl_diesel_large': invalid type: map, expected u32" }, JsonParse { path: "vehicle_part", detail: "Failed to deserialize vehicle_part 'steam_engine': invalid type: map, expected u32" }, JsonParse { path: "vehicle_part", detail: "Failed to deserialize vehicle_part 'engine_steam_small': invalid type: map, expected u32" }, JsonParse { path: "vehicle_part", detail: "Failed to deserialize vehicle_part 'box_abstract': invalid type: string \"ig_vp_frame\", expected a sequence" }, JsonParse { path: "vehicle_part", detail: "Failed to deserialize vehicle_part 'box': invalid type: string \"ig_vp_frame\", expected a sequence" }, JsonParse { path: "vehicle_part", detail: "Failed to deserialize vehicle_part 'hdstowboard': invalid type: map, expected u32" }, JsonParse { path: "vehicle_part", detail: "Failed to deserialize vehicle_part 'dishwasher': invalid type: string \"-400 W\", expected i32" }, JsonParse { path: "vehicle_part", detail: "Failed to deserialize vehicle_part 'metal_tray': invalid type: string \"ig_vp_sheet_metal\", expected a sequence" }, JsonParse { path: "vehicle_part", detail: "Failed to deserialize vehicle_part 'omnicam': invalid type: string \"-10 W\", expected i32" }, JsonParse { path: "vehicle_part", detail: "Failed to deserialize vehicle_part 'omnicamera_reinforced': invalid type: string \"-10 W\", expected i32" }, JsonParse { path: "vehicle_part", detail: "Failed to deserialize vehicle_part 'tank_little': invalid type: map, expected u32" }, JsonParse { path: "vehicle_part", detail: "Failed to deserialize vehicle_part 'ap_heater_small': invalid type: map, expected u32" }, JsonParse { path: "vehicle_part", detail: "Failed to deserialize vehicle_part 'hdhatch': invalid type: string \"ig_vp_hdframe\", expected a sequence" }, JsonParse { path: "vehicle_part", detail: "Failed to deserialize vehicle_part 'hdhatch_opaque': invalid type: string \"ig_vp_hdframe\", expected a sequence" }, JsonParse { path: "vehicle_part", detail: "Failed to deserialize vehicle_part 'frame_wood_handle': invalid type: map, expected u32" }, JsonParse { path: "vehicle_part", detail: "Failed to deserialize vehicle_part 'travois': invalid type: map, expected u32" }, JsonParse { path: "vehicle_part", detail: "Failed to deserialize vehicle_part 'rockwheel': invalid type: map, expected u32" }, JsonParse { path: "vehicle_part", detail: "Failed to deserialize vehicle_part 'ap_deep_fryer': invalid type: map, expected u32" }, JsonParse { path: "vehicle_part", detail: "Failed to deserialize vehicle_part 'water_faucet': invalid type: map, expected u32" }, JsonParse { path: "vehicle_part", detail: "Failed to deserialize vehicle_part 'veh_kiln': invalid type: map, expected u32" }, JsonParse { path: "vehicle_part", detail: "Failed to deserialize vehicle_part 'small_civilian_rotors': invalid type: map, expected u32" }, JsonParse { path: "vehicle_part", detail: "Failed to deserialize vehicle_part 'ram_mattress': invalid type: map, expected u32" }, JsonParse { path: "vehicle_part", detail: "Failed to deserialize vehicle_part 'ap_chest_freezer': missing field `item`" }, JsonParse { path: "vehicle_part", detail: "Failed to deserialize vehicle_part 'hdroof': invalid type: string \"ig_vp_steel_plate\", expected a sequence" }, JsonParse { path: "vehicle_part", detail: "Failed to deserialize vehicle_part 'jumper_cable': invalid type: string \"1 kW\", expected i32" }, JsonParse { path: "vehicle_part", detail: "Failed to deserialize vehicle_part 'plating_hard': invalid type: map, expected u32" }, JsonParse { path: "vehicle_part", detail: "Failed to deserialize vehicle_part 'basketsm_abstract': invalid type: map, expected u32" }, JsonParse { path: "vehicle_part", detail: "Failed to deserialize vehicle_part 'basketsm': invalid type: map, expected u32" }, JsonParse { path: "vehicle_part", detail: "Failed to deserialize vehicle_part 'motorcycle_kickstand': invalid type: map, expected u32" }, JsonParse { path: "vehicle_part", detail: "Failed to deserialize vehicle_part 'ap_tablesaw': invalid type: map, expected u32" }, JsonParse { path: "vehicle_part", detail: "Failed to deserialize vehicle_part 'ap_battery_car': missing field `location`" }, JsonParse { path: "vehicle_part", detail: "Failed to deserialize vehicle_part 'rebar_plate': invalid type: map, expected u32" }, JsonParse { path: "vehicle_part", detail: "Failed to deserialize vehicle_part 'jumper_cable_heavy': invalid type: string \"5 kW\", expected i32" }, JsonParse { path: "vehicle_part", detail: "Failed to deserialize vehicle_part 'aisle': invalid type: map, expected u32" }, JsonParse { path: "vehicle_part", detail: "Failed to deserialize vehicle_part 'wheel_mount_concrete_mix': invalid type: map, expected u32" }, JsonParse { path: "vehicle_part", detail: "Failed to deserialize vehicle_part 'ap_lathe': invalid type: map, expected u32" }, JsonParse { path: "vehicle_part", detail: "Failed to deserialize vehicle_part 'ap_glass_fridge': missing field `item`" }, JsonParse { path: "vehicle_part", detail: "Failed to deserialize vehicle_part 'headlight': invalid type: string \"-60 W\", expected i32" }, JsonParse { path: "vehicle_part", detail: "Failed to deserialize vehicle_part 'wide_headlight': invalid type: string \"-150 W\", expected i32" }, JsonParse { path: "vehicle_part", detail: "Failed to deserialize vehicle_part 'wide_headlight_reinforced': invalid type: map, expected u32" }, JsonParse { path: "vehicle_part", detail: "Failed to deserialize vehicle_part 'solar_panel': invalid type: string \"50 W\", expected i32" }, JsonParse { path: "vehicle_part", detail: "Failed to deserialize vehicle_part 'ap_folding_solar_panel': invalid type: floating point `10.0`, expected u32" }, JsonParse { path: "vehicle_part", detail: "Failed to deserialize vehicle_part 'ap_folding_solar_panel_v2': invalid type: floating point `10.0`, expected u32" }, JsonParse { path: "vehicle_part", detail: "Failed to deserialize vehicle_part 'engine_electric_enhanced': invalid type: map, expected u32" }, JsonParse { path: "vehicle_part", detail: "Failed to deserialize vehicle_part 'heavy_duty_military_osprey_rotors': invalid type: map, expected u32" }, JsonParse { path: "vehicle_part", detail: "Failed to deserialize vehicle_part 'engine_electric_train': invalid type: map, expected u32" }, JsonParse { path: "vehicle_part", detail: "Failed to deserialize vehicle_part 'saddle': invalid type: map, expected u32" }, JsonParse { path: "vehicle_part", detail: "Failed to deserialize vehicle_part 'folding_seat': invalid type: map, expected u32" }, JsonParse { path: "vehicle_part", detail: "Failed to deserialize vehicle_part 'plating_steel': invalid type: string \"ig_vp_steel_plate\", expected a sequence" }, JsonParse { path: "vehicle_part", detail: "Failed to deserialize vehicle_part 'ap_minifridge': missing field `item`" }, JsonParse { path: "vehicle_part", detail: "Failed to deserialize vehicle_part 'ap_bandsaw': invalid type: map, expected u32" }, JsonParse { path: "vehicle_part", detail: "Failed to deserialize vehicle_part 'ap_oxygen_concentrator': invalid type: map, expected u32" }, JsonParse { path: "vehicle_part", detail: "Failed to deserialize vehicle_part 'funnel': missing field `name`" }, JsonParse { path: "vehicle_part", detail: "Failed to deserialize vehicle_part 'battery_car': invalid type: map, expected u32" }, JsonParse { path: "vehicle_part", detail: "Failed to deserialize vehicle_part 'battery_motorbike': invalid type: map, expected u32" }, JsonParse { path: "vehicle_part", detail: "Failed to deserialize vehicle_part 'engine_electric_small': invalid type: map, expected u32" }, JsonParse { path: "vehicle_part", detail: "Failed to deserialize vehicle_part 'autoclave': invalid type: string \"-1500 W\", expected i32" }, JsonParse { path: "vehicle_part", detail: "Failed to deserialize vehicle_part 'ap_autoclave': invalid type: string \"-1500 W\", expected i32" }, JsonParse { path: "vehicle_part", detail: "Failed to deserialize vehicle_part 'horn_bicycle': missing field `name`" }, JsonParse { path: "vehicle_part", detail: "Failed to deserialize vehicle_part 'seat_wood_flimsy': invalid type: map, expected u32" }, JsonParse { path: "vehicle_part", detail: "Failed to deserialize vehicle_part 'car_medium_battery_cell': invalid type: map, expected u32" }, JsonParse { path: "vehicle_part", detail: "Failed to deserialize vehicle_part 'xl_water_wheel': invalid type: map, expected u32" }, JsonParse { path: "vehicle_part", detail: "Failed to deserialize vehicle_part 'door_lock': invalid type: map, expected u32" }, JsonParse { path: "vehicle_part", detail: "Failed to deserialize vehicle_part 'seat_back_leather': invalid type: string \"ig_vp_seat_leather\", expected a sequence" }, JsonParse { path: "vehicle_part", detail: "Failed to deserialize vehicle_part 'ap_drill_press': invalid type: map, expected u32" }, JsonParse { path: "vehicle_part", detail: "Failed to deserialize vehicle_part 'diesel_engine_v12': invalid type: map, expected u32" }, JsonParse { path: "vehicle_part", detail: "Failed to deserialize vehicle_part 'wooden_aisle': invalid type: map, expected u32" }, JsonParse { path: "vehicle_part", detail: "Failed to deserialize vehicle_part 'directed_floodlight': invalid type: string \"-55 W\", expected i32" }, JsonParse { path: "vehicle_part", detail: "Failed to deserialize vehicle_part 'ap_standing_directed_floodlight': invalid type: string \"-55 W\", expected i32" }, JsonParse { path: "vehicle_part", detail: "Failed to deserialize vehicle_part 'ap_box_battery_charger': invalid type: map, expected u32" }, JsonParse { path: "vehicle_part", detail: "Failed to deserialize vehicle_part 'livestock_stall': invalid type: map, expected u32" }, JsonParse { path: "vehicle_part", detail: "Failed to deserialize vehicle_part 'solar_panel_v2': invalid type: string \"50 W\", expected i32" }, JsonParse { path: "vehicle_part", detail: "Failed to deserialize vehicle_part 'ap_ground_solar_panel_v2': invalid type: string \"50 W\", expected i32" }, JsonParse { path: "vehicle_part", detail: "Failed to deserialize vehicle_part 'ap_router': invalid type: map, expected u32" }, JsonParse { path: "vehicle_part", detail: "Failed to deserialize vehicle_part 'recharge_station': invalid type: map, expected u32" }, JsonParse { path: "vehicle_part", detail: "Failed to deserialize vehicle_part 'battery_charger': invalid type: string \"ig_vp_device\", expected a sequence" }, JsonParse { path: "vehicle_part", detail: "Failed to deserialize vehicle_part 'ap_heater_large': invalid type: map, expected u32" }, JsonParse { path: "vehicle_part", detail: "Failed to deserialize vehicle_part 'blade': missing field `name`" }, JsonParse { path: "vehicle_part", detail: "Failed to deserialize vehicle_part 'spike': invalid type: map, expected u32" }, JsonParse { path: "vehicle_part", detail: "Failed to deserialize vehicle_part 'spike_wood': invalid type: map, expected u32" }, JsonParse { path: "vehicle_part", detail: "Failed to deserialize vehicle_part 'woodboard': invalid type: string \"ig_vp_wood_plate\", expected a sequence" }, JsonParse { path: "vehicle_part", detail: "Failed to deserialize vehicle_part 'ap_ammonia_machine_pipework': invalid type: map, expected u32" }, JsonParse { path: "vehicle_part", detail: "Failed to deserialize vehicle_part 'programmable_autopilot': invalid type: map, expected u32" }, JsonParse { path: "vehicle_part", detail: "Failed to deserialize vehicle_part 'headlight_reinforced': invalid type: map, expected u32" }, JsonParse { path: "vehicle_part", detail: "Failed to deserialize vehicle_part 'birchbark_funnel': missing field `name`" }, JsonParse { path: "vehicle_part", detail: "Failed to deserialize vehicle_part 'veh_forge': invalid type: map, expected u32" }, JsonParse { path: "vehicle_part", detail: "Failed to deserialize vehicle_part 'external_tank': invalid type: map, expected u32" }, JsonParse { path: "vehicle_part", detail: "Failed to deserialize vehicle_part 'external_tank_aluminum': invalid type: map, expected u32" }, JsonParse { path: "vehicle_part", detail: "Failed to deserialize vehicle_part 'wheel_mount_medium': invalid type: map, expected u32" }, JsonParse { path: "vehicle_part", detail: "Failed to deserialize vehicle_part 'wheel_mount_medium_steerable': invalid type: map, expected u32" }, JsonParse { path: "vehicle_part", detail: "Failed to deserialize vehicle_part 'air_jack': invalid type: map, expected u32" }, JsonParse { path: "vehicle_part", detail: "Failed to deserialize vehicle_part 'frame_wood_light': invalid type: map, expected u32" }, JsonParse { path: "vehicle_part", detail: "Failed to deserialize vehicle_part 'frame_wood_deck': invalid type: map, expected u32" }, JsonParse { path: "vehicle_part", detail: "Failed to deserialize vehicle_part 'folding_wooden_frame': invalid type: map, expected u32" }, JsonParse { path: "vehicle_part", detail: "Failed to deserialize vehicle_part 'ap_big_portable_fridge': missing field `item`" }, JsonParse { path: "vehicle_part", detail: "Failed to deserialize vehicle_part 'big_portable_fridge': missing field `item`" }, JsonParse { path: "vehicle_part", detail: "Failed to deserialize vehicle_part 'integrated_heater_small': invalid type: map, expected u32" }, JsonParse { path: "vehicle_part", detail: "Failed to deserialize vehicle_part 'wheel_barrow': invalid type: map, expected u32" }, JsonParse { path: "vehicle_part", detail: "Failed to deserialize vehicle_part 'engine_v8': invalid type: map, expected u32" }, JsonParse { path: "vehicle_part", detail: "Failed to deserialize vehicle_part 'engine_1cyl_small': invalid type: map, expected u32" }, JsonParse { path: "vehicle_part", detail: "Failed to deserialize vehicle_part 'ap_forge': invalid type: map, expected u32" }, JsonParse { path: "vehicle_part", detail: "Failed to deserialize vehicle_part 'ap_mitresaw': invalid type: map, expected u32" }, JsonParse { path: "vehicle_part", detail: "Failed to deserialize vehicle_part 'ap_big_portable_freezer': missing field `item`" }, JsonParse { path: "vehicle_part", detail: "Failed to deserialize vehicle_part 'plating_military': invalid type: map, expected u32" }, JsonParse { path: "vehicle_part", detail: "Failed to deserialize vehicle_part 'ap_wall_light': invalid type: string \"-10 W\", expected i32" }, JsonParse { path: "vehicle_part", detail: "Failed to deserialize vehicle_part 'engine_electric': invalid type: map, expected u32" }, JsonParse { path: "vehicle_part", detail: "Failed to deserialize vehicle_part 'seat_wood': invalid type: map, expected u32" }, JsonParse { path: "vehicle_part", detail: "Failed to deserialize vehicle_part 'seat_wood_bench': invalid type: map, expected u32" }, JsonParse { path: "vehicle_part", detail: "Failed to deserialize vehicle_part 'seatbelt': invalid type: map, expected u32" }, JsonParse { path: "vehicle_part", detail: "Failed to deserialize vehicle_part 'ap_xl_wind_turbine': invalid type: map, expected u32" }, JsonParse { path: "vehicle_part", detail: "Failed to deserialize vehicle_part 'crane_medium': invalid type: map, expected u32" }, JsonParse { path: "vehicle_part", detail: "Failed to deserialize vehicle_part 'light_emergency': invalid type: map, expected u32" }, JsonParse { path: "vehicle_part", detail: "Failed to deserialize vehicle_part 'light_blue': invalid type: map, expected u32" }, JsonParse { path: "vehicle_part", detail: "Failed to deserialize vehicle_part 'wheel': invalid type: map, expected u32" }, JsonParse { path: "vehicle_part", detail: "Failed to deserialize vehicle_part 'integrated_trashcan': invalid type: string \"ig_vp_frame\", expected a sequence" }, JsonParse { path: "vehicle_part", detail: "Failed to deserialize vehicle_part 'jumper_cable_debug': missing field `name`" }, JsonParse { path: "vehicle_part", detail: "Failed to deserialize vehicle_part 'ap_kiln': invalid type: map, expected u32" }, JsonParse { path: "vehicle_part", detail: "Failed to deserialize vehicle_part 'tank_30gal_drum_aluminum': invalid type: map, expected u32" }, JsonParse { path: "vehicle_part", detail: "Failed to deserialize vehicle_part 'tank': invalid type: map, expected u32" }, JsonParse { path: "vehicle_part", detail: "Failed to deserialize vehicle_part 'cart_handle': invalid type: map, expected u32" }, JsonParse { path: "vehicle_part", detail: "Failed to deserialize vehicle_part 'turret': missing field `id`" }, JsonParse { path: "vehicle_part", detail: "Failed to deserialize vehicle_part 'turret_generic': invalid type: integer `6`, expected an array of length 2" }, JsonParse { path: "vehicle_part", detail: "Failed to deserialize vehicle_part 'door_wood': invalid type: map, expected u32" }, JsonParse { path: "vehicle_part", detail: "Failed to deserialize vehicle_part 'ram_chitin': invalid type: map, expected u32" }, JsonParse { path: "vehicle_part", detail: "Failed to deserialize vehicle_part 'ram_acidchitin': invalid type: map, expected u32" }, JsonParse { path: "vehicle_part", detail: "Failed to deserialize vehicle_part 'crane_small': invalid type: map, expected u32" }, JsonParse { path: "vehicle_part", detail: "Failed to deserialize vehicle_part 'reinforced_solar_panel': invalid type: map, expected u32" }, JsonParse { path: "vehicle_part", detail: "Failed to deserialize vehicle_part 'ap_solar_panel_v2': invalid type: string \"50 W\", expected i32" }, JsonParse { path: "vehicle_part", detail: "Failed to deserialize vehicle_part 'ap_display_freezer': missing field `item`" }, JsonParse { path: "vehicle_part", detail: "Failed to deserialize vehicle_part 'frame_wood': invalid type: map, expected u32" }, JsonParse { path: "vehicle_part", detail: "Failed to deserialize vehicle_part 'door_motor': invalid type: map, expected u32" }, JsonParse { path: "vehicle_part", detail: "Failed to deserialize vehicle_part 'wheel_mount_wood': invalid type: map, expected u32" }, JsonParse { path: "vehicle_part", detail: "Failed to deserialize vehicle_part 'wheel_mount_light': invalid type: map, expected u32" }, JsonParse { path: "vehicle_part", detail: "Failed to deserialize vehicle_part 'wood box': invalid type: map, expected u32" }, JsonParse { path: "vehicle_part", detail: "Failed to deserialize vehicle_part 'ap_mill': invalid type: map, expected u32" }, JsonParse { path: "vehicle_part", detail: "Failed to deserialize vehicle_part 'door_opaque': invalid type: string \"ig_vp_frame\", expected a sequence" }, JsonParse { path: "vehicle_part", detail: "Failed to deserialize vehicle_part 'door_internal': invalid type: string \"ig_vp_frame\", expected a sequence" }, JsonParse { path: "vehicle_part", detail: "Failed to deserialize vehicle_part 'seat_leather': invalid type: string \"ig_vp_seat_leather\", expected a sequence" }, JsonParse { path: "vehicle_part", detail: "Failed to deserialize vehicle_part 'yoke_harness_heavyduty': invalid type: map, expected u32" }, JsonParse { path: "vehicle_part", detail: "Failed to deserialize vehicle_part 'roof_cloth': invalid type: string \"ig_vp_cloth\", expected a sequence" }, JsonParse { path: "vehicle_part", detail: "Failed to deserialize vehicle_part 'reinforced_solar_panel_v2': invalid type: map, expected u32" }, JsonParse { path: "vehicle_part", detail: "Failed to deserialize vehicle_part 'wheel_caster': invalid type: floating point `29.0`, expected u32" }, JsonParse { path: "vehicle_part", detail: "Failed to deserialize vehicle_part 'wheel_skateboard': invalid type: floating point `1.5`, expected u32" }, JsonParse { path: "vehicle_part", detail: "Failed to deserialize vehicle_part 'engine_v12': invalid type: map, expected u32" }, JsonParse { path: "vehicle_part", detail: "Failed to deserialize vehicle_part 'ap_wall_wiring': missing field `location`" }, JsonParse { path: "vehicle_part", detail: "Failed to deserialize vehicle_part 'ram_military': invalid type: map, expected u32" }, JsonParse { path: "vehicle_part", detail: "Failed to deserialize vehicle_part 'medium_storage_battery': invalid type: map, expected u32" }, JsonParse { path: "vehicle_part", detail: "Failed to deserialize vehicle_part 'null': missing field `location`" }, JsonParse { path: "vehicle_part", detail: "Failed to deserialize vehicle_part 'roof': invalid type: string \"ig_vp_sheet_metal\", expected a sequence" }, JsonParse { path: "vehicle_part", detail: "Failed to deserialize vehicle_part 'forklift_fork': invalid type: string \"ig_vp_frame\", expected a sequence" }, JsonParse { path: "vehicle_part", detail: "Failed to deserialize vehicle_part 'mountable_cooler': invalid type: map, expected u32" }, JsonParse { path: "vehicle_part", detail: "Failed to deserialize vehicle_part 'ap_compact_ASRG_containment': invalid type: map, expected u32" }, JsonParse { path: "vehicle_part", detail: "Failed to deserialize vehicle_part 'roof_wood': invalid type: map, expected u32" }, JsonParse { path: "vehicle_part", detail: "Failed to deserialize vehicle_part 'plating_chitin': invalid type: map, expected u32" }, JsonParse { path: "vehicle_part", detail: "Failed to deserialize vehicle_part 'wheel_armor': invalid type: map, expected u32" }, JsonParse { path: "vehicle_part", detail: "Failed to deserialize vehicle_part 'ap_ground_solar_panel': invalid type: string \"50 W\", expected i32" }, JsonParse { path: "vehicle_part", detail: "Failed to deserialize vehicle_part 'gas_turbine_engine': missing field `id`" }, JsonParse { path: "vehicle_part", detail: "Failed to deserialize vehicle_part 'engine_turbine_large': invalid type: map, expected u32" }, JsonParse { path: "vehicle_part", detail: "Failed to deserialize vehicle_part 'hdboard_abstract': invalid type: string \"ig_vp_steel_plate\", expected a sequence" }, JsonParse { path: "vehicle_part", detail: "Failed to deserialize vehicle_part 'hdboard': invalid type: string \"ig_vp_steel_plate\", expected a sequence" }, JsonParse { path: "vehicle_part", detail: "Failed to deserialize vehicle_part 'sail': invalid energy: '800 W'" }, JsonParse { path: "vehicle_part", detail: "Failed to deserialize vehicle_part 'hd_tow_cable': missing field `name`" }, JsonParse { path: "vehicle_part", detail: "Failed to deserialize vehicle_part 'engine_1cyl_med': invalid type: map, expected u32" }, JsonParse { path: "vehicle_part", detail: "Failed to deserialize vehicle_part 'ram_hardsteel': invalid type: map, expected u32" }, JsonParse { path: "vehicle_part", detail: "Failed to deserialize vehicle_part 'tank_medium': invalid type: map, expected u32" }, JsonParse { path: "vehicle_part", detail: "Failed to deserialize vehicle_part 'basketsm_external': invalid type: map, expected u32" }, JsonParse { path: "vehicle_part", detail: "Failed to deserialize vehicle_part 'carbonfiber_boat_hull': invalid type: map, expected u32" }, JsonParse { path: "vehicle_part", detail: "Failed to deserialize vehicle_part 'washing_machine': invalid type: map, expected u32" }, JsonParse { path: "vehicle_part", detail: "Failed to deserialize vehicle_part 'alternator_motorbike': invalid type: map, expected u32" }, JsonParse { path: "vehicle_part", detail: "Failed to deserialize vehicle_part 'water_purifier': invalid type: map, expected u32" }, JsonParse { path: "vehicle_part", detail: "Failed to deserialize vehicle_part 'wheel_small': invalid type: floating point `1.5`, expected u32" }, JsonParse { path: "vehicle_part", detail: "Failed to deserialize vehicle_part 'metal_boat_hull': invalid type: string \"ig_vp_sheet_metal\", expected a sequence" }, JsonParse { path: "vehicle_part", detail: "Failed to deserialize vehicle_part 'plating_superalloy': invalid type: map, expected u32" }, JsonParse { path: "vehicle_part", detail: "Failed to deserialize vehicle_part 'frame_handle': invalid type: map, expected u32" }, JsonParse { path: "vehicle_part", detail: "Failed to deserialize vehicle_part 'reinforced_windshield': invalid type: map, expected u32" }, JsonParse { path: "vehicle_part", detail: "Failed to deserialize vehicle_part 'diesel_engine_inline1': invalid energy: '58200 W'" }, JsonParse { path: "vehicle_part", detail: "Failed to deserialize vehicle_part 'rail_wheel_steerable': invalid type: map, expected u32" }, JsonParse { path: "vehicle_part", detail: "Failed to deserialize vehicle_part 'water_wheel': invalid type: map, expected u32" }, JsonParse { path: "vehicle_part", detail: "Failed to deserialize vehicle_part 'ap_water_wheel': invalid type: map, expected u32" }, JsonParse { path: "vehicle_part", detail: "Failed to deserialize vehicle_part 'tank_small': invalid type: map, expected u32" }, JsonParse { path: "vehicle_part", detail: "Failed to deserialize vehicle_part 'afs_small_roof_external_tank': invalid type: map, expected u32" }, JsonParse { path: "vehicle_part", detail: "Failed to deserialize vehicle_part 'afs_small_roof_external_tank_aluminum': invalid type: map, expected u32" }, JsonParse { path: "vehicle_part", detail: "Failed to deserialize vehicle_part 'ram_steel': invalid type: string \"ig_vp_steel_plate\", expected a sequence" }, JsonParse { path: "vehicle_part", detail: "Failed to deserialize vehicle_part 'ap_dishwasher': invalid type: string \"-400 W\", expected i32" }, JsonParse { path: "vehicle_part", detail: "Failed to deserialize vehicle_part 'diesel_engine_v8': invalid type: map, expected u32" }, JsonParse { path: "vehicle_part", detail: "Failed to deserialize vehicle_part 'beeper': invalid type: string \"ig_vp_device\", expected a sequence" }, JsonParse { path: "vehicle_part", detail: "Failed to deserialize vehicle_part 'ap_glass_fridge_double': missing field `item`" }, JsonParse { path: "vehicle_part", detail: "Failed to deserialize vehicle_part 'ap_reinforced_solar_panel': invalid type: map, expected u32" }, JsonParse { path: "vehicle_part", detail: "Failed to deserialize vehicle_part 'engine_manual': missing field `id`" }, JsonParse { path: "vehicle_part", detail: "Failed to deserialize vehicle_part 'roller_drum': invalid type: map, expected u32" }, JsonParse { path: "vehicle_part", detail: "Failed to deserialize vehicle_part 'plow': invalid type: map, expected u32" }, JsonParse { path: "vehicle_part", detail: "Failed to deserialize vehicle_part 'reaper_advanced': invalid type: map, expected u32" }, JsonParse { path: "vehicle_part", detail: "Failed to deserialize vehicle_part 'long_extension_cable': invalid type: string \"1 kW\", expected i32" }, JsonParse { path: "vehicle_part", detail: "Failed to deserialize vehicle_part 'metal_funnel': invalid type: map, expected u32" }, JsonParse { path: "vehicle_part", detail: "Failed to deserialize vehicle_part 'hand_controls': missing field `name`" }, JsonParse { path: "vehicle_part", detail: "Failed to deserialize vehicle_part 'vehicle_clock': invalid type: map, expected u32" }, JsonParse { path: "vehicle_part", detail: "Failed to deserialize vehicle_part 'bike_rack': invalid type: map, expected u32" }, JsonParse { path: "vehicle_part", detail: "Failed to deserialize vehicle_part 'drum_concrete_mix': invalid type: map, expected a string" }, JsonParse { path: "vehicle_part", detail: "Failed to deserialize vehicle_part 'drive_by_wire_controls': missing field `name`" }, JsonParse { path: "vehicle_part", detail: "Failed to deserialize vehicle_part 'veh_robofac_mobile_weather_station': invalid type: map, expected u32" }, JsonParse { path: "vehicle_part", detail: "Failed to deserialize vehicle_part 'car_light_minus_battery_cell': invalid type: map, expected u32" }, JsonParse { path: "vehicle_part", detail: "Failed to deserialize vehicle_part 'pedal_extenders': missing field `name`" }, JsonParse { path: "vehicle_part", detail: "Failed to deserialize vehicle_part 'fridgetank_large': invalid type: map, expected u32" }, JsonParse { path: "vehicle_part", detail: "Failed to deserialize vehicle_part 'stereo': invalid type: string \"ig_vp_device\", expected a sequence" }, JsonParse { path: "vehicle_part", detail: "Failed to deserialize vehicle_part 'ap_stereo': invalid type: string \"ig_vp_device\", expected a sequence" }, JsonParse { path: "vehicle_part", detail: "Failed to deserialize vehicle_part 'rail_wheel_small_pair': invalid type: map, expected u32" }, JsonParse { path: "vehicle_part", detail: "Failed to deserialize vehicle_part 'ap_electrolyzer_makeshift': invalid type: map, expected u32" }, JsonParse { path: "vehicle_part", detail: "Failed to deserialize vehicle_part 'clothboard_abstract': invalid type: string \"ig_vp_cloth\", expected a sequence" }, JsonParse { path: "vehicle_part", detail: "Failed to deserialize vehicle_part 'ap_hd_compressor_unit': invalid type: map, expected u32" }, JsonParse { path: "vehicle_part", detail: "Failed to deserialize vehicle_part 'wheel_wheelchair': invalid type: map, expected u32" }, JsonParse { path: "vehicle_part", detail: "Failed to deserialize vehicle_part 'light_red': invalid type: map, expected u32" }, JsonParse { path: "vehicle_part", detail: "Failed to deserialize vehicle_part 'tank_barrel': invalid type: map, expected u32" }, JsonParse { path: "vehicle_part", detail: "Failed to deserialize vehicle_part 'xlhalfboard': invalid type: map, expected u32" }, JsonParse { path: "vehicle_part", detail: "Failed to deserialize vehicle_part 'door_trunk': invalid type: string \"ig_vp_frame\", expected a sequence" }, JsonParse { path: "vehicle_part", detail: "Failed to deserialize vehicle_part 'door_sliding': invalid type: string \"ig_vp_frame\", expected a sequence" }, JsonParse { path: "vehicle_part", detail: "Failed to deserialize vehicle_part 'ap_glass_freezer': missing field `item`" }, JsonParse { path: "vehicle_part", detail: "Failed to deserialize vehicle_part 'large_storage_battery_removable': invalid type: map, expected u32" }, JsonParse { path: "vehicle_part", detail: "Failed to deserialize vehicle_part 'minifreezer': missing field `item`" }, JsonParse { path: "vehicle_part", detail: "Failed to deserialize vehicle_part 'inflatable_section': invalid type: map, expected u32" }, JsonParse { path: "vehicle_part", detail: "Failed to deserialize vehicle_part 'hddoor_trunk': invalid type: string \"ig_vp_hdframe\", expected a sequence" }, JsonParse { path: "vehicle_part", detail: "Failed to deserialize vehicle_part 'fridgetank': invalid type: map, expected u32" }, JsonParse { path: "vehicle_part", detail: "Failed to deserialize vehicle_part 'heattank': invalid type: map, expected u32" }, JsonParse { path: "vehicle_part", detail: "Failed to deserialize vehicle_part 'smart_engine_controller': invalid type: string \"ig_vp_device\", expected a sequence" }, JsonParse { path: "vehicle_part", detail: "Failed to deserialize vehicle_part 'crane_medium_internal': invalid type: map, expected u32" }, JsonParse { path: "vehicle_part", detail: "Failed to deserialize vehicle_part 'ap_foot_locker_recharge_station': invalid type: map, expected u32" }, JsonParse { path: "vehicle_part", detail: "Failed to deserialize vehicle_part 'reaper': invalid type: map, expected u32" }, JsonParse { path: "vehicle_part", detail: "Failed to deserialize vehicle_part 'dashboard': invalid type: string \"-25 W\", expected i32" }, JsonParse { path: "vehicle_part", detail: "Failed to deserialize vehicle_part 'hand_paddles': invalid type: map, expected u32" }, JsonParse { path: "vehicle_part", detail: "Failed to deserialize vehicle_part 'ap_hydraulic_press': invalid type: map, expected u32" }, JsonParse { path: "vehicle_part", detail: "Failed to deserialize vehicle_part 'ap_power_hammer': invalid type: map, expected u32" }, JsonParse { path: "vehicle_part", detail: "Failed to deserialize vehicle_part 'vehicle_scoop': invalid type: map, expected u32" }, JsonParse { path: "vehicle_part", detail: "Failed to deserialize vehicle_part 'reclining_seat': invalid type: string \"ig_vp_seat\", expected a sequence" }, JsonParse { path: "vehicle_part", detail: "Failed to deserialize vehicle_part 'reclining_seat_leather': invalid type: string \"ig_vp_seat_leather\", expected a sequence" }, JsonParse { path: "vehicle_part", detail: "Failed to deserialize vehicle_part 'veh_binoculars': missing field `location`" }, JsonParse { path: "vehicle_part", detail: "Failed to deserialize vehicle_part 'cloth_flap_door': invalid type: string \"ig_vp_cloth\", expected a sequence" }, JsonParse { path: "vehicle_part", detail: "Failed to deserialize vehicle_part 'cloth_curtain_door': invalid type: string \"ig_vp_cloth\", expected a sequence" }, JsonParse { path: "vehicle_part", detail: "Failed to deserialize vehicle_part 'ap_display_fridge': missing field `item`" }, JsonParse { path: "vehicle_part", detail: "Failed to deserialize vehicle_part 'ap_xl_water_wheel': invalid type: map, expected u32" }, JsonParse { path: "vehicle_part", detail: "Failed to deserialize vehicle_part 'wheel_caster_large': invalid type: floating point `14.0`, expected u32" }, JsonParse { path: "vehicle_part", detail: "Failed to deserialize vehicle_part 'ap_nitrogen_generator': invalid type: map, expected u32" }, JsonParse { path: "vehicle_part", detail: "Failed to deserialize vehicle_part 'plating_acidchitin': invalid type: map, expected u32" }, JsonParse { path: "vehicle_part", detail: "Failed to deserialize vehicle_part 'ap_glassblowers_crucible': invalid type: map, expected u32" }, JsonParse { path: "vehicle_part", detail: "Failed to deserialize vehicle_part 'ap_water_purifier': invalid type: map, expected u32" }, JsonParse { path: "vehicle_part", detail: "Failed to deserialize vehicle_part 'veh_table_foldable': invalid type: map, expected u32" }, JsonParse { path: "vehicle_part", detail: "Failed to deserialize vehicle_part 'engine_turbine_small': invalid type: map, expected u32" }, JsonParse { path: "vehicle_part", detail: "Failed to deserialize vehicle_part 'cam_control': invalid type: string \"-20 W\", expected i32" }, JsonParse { path: "vehicle_part", detail: "Failed to deserialize vehicle_part 'veh_table_wood': invalid type: map, expected u32" }, JsonParse { path: "vehicle_part", detail: "Failed to deserialize vehicle_part 'extension_cable': invalid type: string \"1 kW\", expected i32" }, JsonParse { path: "vehicle_part", detail: "Failed to deserialize vehicle_part 'makeshift_funnel': missing field `name`" }, JsonParse { path: "vehicle_part", detail: "Failed to deserialize vehicle_part 'spring_plate': invalid type: map, expected u32" }, JsonParse { path: "vehicle_part", detail: "Failed to deserialize vehicle_part 'ap_arcade_machine': invalid type: map, expected u32" }, JsonParse { path: "vehicle_part", detail: "Failed to deserialize vehicle_part 'hddoor': invalid type: string \"ig_vp_hdframe\", expected a sequence" }, JsonParse { path: "vehicle_part", detail: "Failed to deserialize vehicle_part 'motorcycle_headlight': invalid type: string \"-60 W\", expected i32" }, JsonParse { path: "vehicle_part", detail: "Failed to deserialize vehicle_part 'small_storage_battery': invalid type: map, expected u32" }, JsonParse { path: "vehicle_part", detail: "Failed to deserialize vehicle_part 'ap_battery_small': invalid type: map, expected u32" }, JsonParse { path: "vehicle_part", detail: "Failed to deserialize vehicle_part 'plating_wood': invalid type: map, expected u32" }, JsonParse { path: "vehicle_part", detail: "Failed to deserialize vehicle_part 'cloth_halfboard': invalid type: string \"ig_vp_cloth\", expected a sequence" }, JsonParse { path: "vehicle_part", detail: "Failed to deserialize vehicle_part 'solar_reflector': invalid type: map, expected a string" }, JsonParse { path: "vehicle_part", detail: "Failed to deserialize vehicle_part 'ap_arc_furnace': invalid type: map, expected u32" }, JsonParse { path: "vehicle_part", detail: "Failed to deserialize vehicle_part 'ap_battery_medium': invalid type: map, expected u32" }, JsonParse { path: "vehicle_part", detail: "Failed to deserialize vehicle_part 'veh_xedra_mobile_weather_station': invalid type: map, expected u32" }, JsonParse { path: "vehicle_part", detail: "Failed to deserialize vehicle_part 'crane_tiny': invalid type: map, expected u32" }, JsonParse { path: "vehicle_part", detail: "Failed to deserialize vehicle_part 'integrated_cooler': invalid type: map, expected u32" }, JsonParse { path: "vehicle_part", detail: "Failed to deserialize vehicle_part 'large_pressure_tank': invalid type: map, expected u32" }, JsonParse { path: "vehicle_part", detail: "Failed to deserialize vehicle_part 'yoke_harness': invalid type: string \"ig_vp_wood_plate\", expected a sequence" }, JsonParse { path: "vehicle_part", detail: "Failed to deserialize vehicle_part 'board_abstract': invalid type: string \"ig_vp_sheet_metal\", expected a sequence" }, JsonParse { path: "vehicle_part", detail: "Failed to deserialize vehicle_part 'basketlg_external': invalid type: map, expected u32" }, JsonParse { path: "vehicle_part", detail: "Failed to deserialize vehicle_part 'tearer': invalid type: map, expected u32" }, JsonParse { path: "vehicle_part", detail: "Failed to deserialize vehicle_part 'minifridge': missing field `item`" }, JsonParse { path: "vehicle_part", detail: "Failed to deserialize vehicle_part 'plugged_3in_ordnance_rifle': invalid type: integer `72`, expected an array of length 2" }, JsonParse { path: "vehicle_part", detail: "Failed to deserialize vehicle_part 'wheel_slick': invalid type: map, expected u32" }, JsonParse { path: "vehicle_part", detail: "Failed to deserialize vehicle_part 'ap_battery_motorbike_small': missing field `location`" }, JsonParse { path: "vehicle_part", detail: "Failed to deserialize vehicle_part 'engine_electric_large': invalid type: map, expected u32" }, JsonParse { path: "vehicle_part", detail: "Failed to deserialize vehicle_part 'engine_steam_medium': invalid type: map, expected u32" }, JsonParse { path: "vehicle_part", detail: "Failed to deserialize vehicle_part 'animal_compartment': invalid type: map, expected u32" }, JsonParse { path: "vehicle_part", detail: "Failed to deserialize vehicle_part 'veh_tools_kitchen': invalid type: map, expected u32" }, JsonParse { path: "vehicle_part", detail: "Failed to deserialize vehicle_part 'ap_veh_tools_kitchen': invalid type: map, expected u32" }, JsonParse { path: "vehicle_part", detail: "Failed to deserialize vehicle_part 'xlframe': invalid type: map, expected u32" }, JsonParse { path: "vehicle_part", detail: "Failed to deserialize vehicle_part 'storage_battery_mount': invalid type: map, expected u32" }, JsonParse { path: "vehicle_part", detail: "Failed to deserialize vehicle_part 'clothboard': invalid type: string \"ig_vp_cloth\", expected a sequence" }, JsonParse { path: "vehicle_part", detail: "Failed to deserialize vehicle_part 'towel_hanger': invalid type: map, expected a string" }, JsonParse { path: "vehicle_part", detail: "Failed to deserialize vehicle_part 'wheel_mount_wood_steerable': invalid type: map, expected u32" }, JsonParse { path: "vehicle_part", detail: "Failed to deserialize vehicle_part 'wheel_mount_light_steerable': invalid type: map, expected u32" }, JsonParse { path: "vehicle_part", detail: "Failed to deserialize vehicle_part 'halfboard': invalid type: string \"ig_vp_sheet_metal\", expected a sequence" }, JsonParse { path: "vehicle_part", detail: "Failed to deserialize vehicle_part 'seed_drill_advanced': invalid type: map, expected u32" }, JsonParse { path: "vehicle_part", detail: "Failed to deserialize vehicle_part 'car_heavy_plus_battery_cell': invalid type: map, expected u32" }, JsonParse { path: "vehicle_part", detail: "Failed to deserialize vehicle_part 'engine_turbine_medium': invalid type: map, expected u32" }, JsonParse { path: "vehicle_part", detail: "Failed to deserialize vehicle_part 'big_portable_freezer': missing field `item`" }, JsonParse { path: "vehicle_part", detail: "Failed to deserialize vehicle_part 'workbench': invalid type: map, expected u32" }, JsonParse { path: "vehicle_part", detail: "Failed to deserialize vehicle_part 'ram_spiked': invalid type: map, expected u32" }, JsonParse { path: "vehicle_part", detail: "Failed to deserialize vehicle_part 'controls_electronic': invalid type: map, expected u32" }, JsonParse { path: "vehicle_part", detail: "Failed to deserialize vehicle_part 'engine_vtwin': invalid type: map, expected u32" }, JsonParse { path: "vehicle_part", detail: "Failed to deserialize vehicle_part 'storage_battery_removable': invalid type: map, expected u32" }, JsonParse { path: "vehicle_part", detail: "Failed to deserialize vehicle_part 'wheel_wide': invalid type: map, expected u32" }, JsonParse { path: "vehicle_part", detail: "Failed to deserialize vehicle_part 'workbench_with_recharger': invalid type: map, expected u32" }, JsonParse { path: "vehicle_part", detail: "Failed to deserialize vehicle_part 'ap_workbench_with_recharger': invalid type: map, expected u32" }, JsonParse { path: "vehicle_part", detail: "Failed to deserialize vehicle_part 'ap_planer': invalid type: map, expected u32" }, JsonParse { path: "vehicle_part", detail: "Failed to deserialize vehicle_part 'trunk_sedan': invalid type: string \"ig_vp_frame\", expected a sequence" }, JsonParse { path: "vehicle_part", detail: "Failed to deserialize vehicle_part 'wheel_10': invalid type: floating point `29.0`, expected u32" }, JsonParse { path: "vehicle_part", detail: "Failed to deserialize vehicle_part 'hdhalfboard': invalid type: string \"ig_vp_steel_plate\", expected a sequence" }, JsonParse { path: "vehicle_part", detail: "Failed to deserialize vehicle_part 'fuel_bunker': invalid type: map, expected u32" }, JsonParse { path: "vehicle_part", detail: "Failed to deserialize vehicle_part 'veh_mobile_weather_station': invalid type: map, expected u32" }, JsonParse { path: "vehicle_part", detail: "Failed to deserialize vehicle_part 'wheel_motorbike': invalid type: map, expected u32" }, JsonParse { path: "vehicle_part", detail: "Failed to deserialize vehicle_part 'ap_oil_press_industrial': invalid type: map, expected u32" }, JsonParse { path: "vehicle_part", detail: "Failed to deserialize vehicle_part 'ap_xedra_mobile_weather_station': invalid type: map, expected u32" }, JsonParse { path: "vehicle_part", detail: "Failed to deserialize vehicle_part 'mounted_spare_tire': invalid type: map, expected u32" }, JsonParse { path: "vehicle_part", detail: "Failed to deserialize vehicle_part 'board': invalid type: string \"ig_vp_sheet_metal\", expected a sequence" }, JsonParse { path: "vehicle_part", detail: "Failed to deserialize vehicle_part 'trunk': invalid type: string \"ig_vp_frame\", expected a sequence" }, JsonParse { path: "vehicle_part", detail: "Failed to deserialize vehicle_part 'ap_ammonia_machine_reactor': invalid type: map, expected u32" }, JsonParse { path: "vehicle_part", detail: "Failed to deserialize vehicle_part 'robot_controls': missing field `name`" }, JsonParse { path: "vehicle_part", detail: "Failed to deserialize vehicle_part 'controls': invalid type: map, expected u32" }, JsonParse { path: "vehicle_part", detail: "Failed to deserialize vehicle_part 'horn_car': missing field `name`" }, JsonParse { path: "vehicle_part", detail: "Failed to deserialize vehicle_part 'battery_motorbike_small': invalid type: map, expected u32" }, JsonParse { path: "vehicle_part", detail: "Failed to deserialize vehicle_part 'engine_1cyl': invalid type: map, expected u32" }, JsonParse { path: "vehicle_part", detail: "Failed to deserialize vehicle_part 'alternator_truck': invalid type: map, expected u32" }, JsonParse { path: "vehicle_part", detail: "Failed to deserialize vehicle_part 'hddoor_opaque': invalid type: string \"ig_vp_hdframe\", expected a sequence" }, JsonParse { path: "vehicle_part", detail: "Failed to deserialize vehicle_part 'wheel_set_concrete_mix': invalid type: floating point `1.5`, expected u32" }, JsonParse { path: "vehicle_part", detail: "Failed to deserialize vehicle_part 'small_pressure_tank': invalid type: map, expected u32" }, JsonParse { path: "vehicle_part", detail: "Failed to deserialize vehicle_part 'raft_board': invalid type: map, expected u32" }, JsonParse { path: "vehicle_part", detail: "Failed to deserialize vehicle_part 'ap_diesel_generator': invalid type: map, expected u32" }, JsonParse { path: "vehicle_part", detail: "Failed to deserialize vehicle_part 'ap_reinforced_solar_panel_v2': invalid type: map, expected u32" }, JsonParse { path: "vehicle_part", detail: "Failed to deserialize vehicle_part 'ap_12000_gasoline_generator': invalid type: map, expected u32" }, JsonParse { path: "vehicle_part", detail: "Failed to deserialize vehicle_part 'door_wood_opaque': invalid type: map, expected u32" }, JsonParse { path: "vehicle_part", detail: "Failed to deserialize vehicle_part 'bed': invalid type: map, expected u32" }, JsonParse { path: "vehicle_part", detail: "Failed to deserialize vehicle_part 'ap_battery_motorbike': missing field `location`" }, JsonParse { path: "vehicle_part", detail: "Failed to deserialize vehicle_part 'engine_steam_makeshift': invalid type: map, expected u32" }, JsonParse { path: "vehicle_part", detail: "Failed to deserialize vehicle_part 'counterweight': invalid type: string \"ig_vp_hdframe\", expected a sequence" }, JsonParse { path: "vehicle_part", detail: "Failed to deserialize vehicle_part 'seed_drill': invalid type: map, expected u32" }, JsonParse { path: "vehicle_part", detail: "Failed to deserialize vehicle_part 'ap_military_generator': invalid type: map, expected u32" }, JsonParse { path: "vehicle_part", detail: "Failed to deserialize vehicle_part 'diesel_engine_v6': invalid type: map, expected u32" }, JsonParse { path: "vehicle_part", detail: "Failed to deserialize vehicle_part 'pedal_extenders_makeshift': missing field `name`" }, JsonParse { path: "vehicle_part", detail: "Failed to deserialize vehicle_part 'handheld_battery_mount': invalid type: map, expected u32" }, JsonParse { path: "vehicle_part", detail: "Failed to deserialize vehicle_part 'frame_concrete_mix': invalid type: map, expected u32" }, JsonParse { path: "vehicle_part", detail: "Failed to deserialize vehicle_part 'door_shutter': invalid type: string \"ig_vp_sheet_metal\", expected a sequence" }, JsonParse { path: "vehicle_part", detail: "Failed to deserialize vehicle_part 'wheel_bicycle': invalid type: map, expected u32" }, JsonParse { path: "vehicle_part", detail: "Failed to deserialize vehicle_part 'ap_solar_panel': invalid type: string \"50 W\", expected i32" }, JsonParse { path: "vehicle_part", detail: "Failed to deserialize vehicle_part 'car_light_battery_cell': invalid type: map, expected u32" }, JsonParse { path: "vehicle_part", detail: "Failed to deserialize vehicle_part 'foldable_aisle': invalid type: map, expected u32" }, JsonParse { path: "vehicle_part", detail: "Failed to deserialize vehicle_part 'ap_air_compressor': invalid type: map, expected u32" }, JsonParse { path: "vehicle_part", detail: "Failed to deserialize vehicle_part 'wheel_unicycle': invalid type: map, expected u32" }, JsonParse { path: "vehicle_part", detail: "Failed to deserialize vehicle_part 'wheel_tricycle': invalid type: map, expected u32" }, JsonParse { path: "vehicle_part", detail: "Failed to deserialize vehicle_part 'app_microwave': invalid type: map, expected u32" }, JsonParse { path: "vehicle_part", detail: "Failed to deserialize vehicle_part 'diesel_engine_i6': invalid type: map, expected u32" }, JsonParse { path: "vehicle_part", detail: "Failed to deserialize vehicle_part 'trunk_floor': invalid type: map, expected u32" }, JsonParse { path: "vehicle_part", detail: "Failed to deserialize vehicle_part 'ap_robofac_mobile_weather_station': invalid type: map, expected u32" }, JsonParse { path: "vehicle_part", detail: "Failed to deserialize vehicle_part 'vehicle_alarm': invalid type: string \"ig_vp_device\", expected a sequence" }, JsonParse { path: "vehicle_part", detail: "Failed to deserialize vehicle_part 'hand_rims': invalid type: map, expected u32" }, JsonParse { path: "vehicle_part", detail: "Failed to deserialize vehicle_part 'basketlg_folding': invalid type: map, expected u32" }, JsonParse { path: "vehicle_part", detail: "Failed to deserialize vehicle_part 'frame': invalid type: string \"ig_vp_frame\", expected a sequence" }, JsonParse { path: "vehicle_part", detail: "Failed to deserialize vehicle_part 'wheel_mount_skateboard': invalid type: map, expected u32" }, JsonParse { path: "vehicle_part", detail: "Failed to deserialize vehicle_part 'ram_alloy': invalid type: map, expected u32" }, JsonParse { path: "vehicle_part", detail: "Failed to deserialize vehicle_part 'ap_standing_floodlight': invalid type: string \"-110 W\", expected i32" }, JsonParse { path: "vehicle_part", detail: "Failed to deserialize vehicle_part 'reins_tackle': missing field `name`" }, JsonParse { path: "vehicle_part", detail: "Failed to deserialize vehicle_part 'nose_plate': invalid type: map, expected u32" }, JsonParse { path: "vehicle_part", detail: "Failed to deserialize vehicle_part 'ap_mobile_weather_station': invalid type: map, expected u32" }, JsonParse { path: "vehicle_part", detail: "Failed to deserialize vehicle_part 'ap_jointer': invalid type: map, expected u32" }, JsonParse { path: "vehicle_part", detail: "Failed to deserialize vehicle_part 'turret_mount': invalid type: map, expected u32" }, JsonParse { path: "vehicle_part", detail: "Failed to deserialize vehicle_part 'wheel_motorbike_or': invalid type: map, expected u32" }, JsonParse { path: "vehicle_part", detail: "Failed to deserialize vehicle_part 'hdframe': invalid type: string \"ig_vp_hdframe\", expected a sequence" }, JsonParse { path: "vehicle_part", detail: "Failed to deserialize vehicle_part 'wheel_bicycle_or': invalid type: map, expected u32" }, JsonParse { path: "vehicle_part", detail: "Failed to deserialize vehicle_part 'inflatable_airbag': invalid type: map, expected u32" }, JsonParse { path: "vehicle_part", detail: "Failed to deserialize vehicle_part 'aluminum_boat_hull': invalid type: map, expected u32" }, JsonParse { path: "vehicle_part", detail: "Failed to deserialize vehicle_part 'external_tank_small_aluminum': invalid type: map, expected u32" }, JsonParse { path: "vehicle_part", detail: "Failed to deserialize vehicle_part 'engine_inline4': invalid type: map, expected u32" }, JsonParse { path: "vehicle_part", detail: "Failed to deserialize vehicle_part 'hatch_opaque': invalid type: string \"ig_vp_frame\", expected a sequence" }, JsonParse { path: "vehicle_part", detail: "Failed to deserialize vehicle_part 'folding wood box': invalid type: map, expected u32" }, JsonParse { path: "vehicle_part", detail: "Failed to deserialize vehicle_part 'cargo_lock': invalid type: map, expected u32" }, JsonParse { path: "vehicle_part", detail: "Failed to deserialize vehicle_part 'ap_washing_machine': invalid type: map, expected u32" }, JsonParse { path: "vehicle_part", detail: "Failed to deserialize vehicle_part 'ap_battery': invalid type: map, expected u32" }, JsonParse { path: "vehicle_part", detail: "Failed to deserialize vehicle_part 'wheel_wood_b': invalid type: floating point `100.0`, expected u32" }, JsonParse { path: "vehicle_part", detail: "Failed to deserialize vehicle_part 'cargo_bag': invalid type: string \"ig_vp_cloth\", expected a sequence" }, JsonParse { path: "vehicle_part", detail: "Failed to deserialize vehicle_part 'car_heavy_battery_cell': invalid type: map, expected u32" }, JsonParse { path: "vehicle_part", detail: "Failed to deserialize vehicle_part 'muffler': invalid type: map, expected u32" }, JsonParse { path: "vehicle_part", detail: "Failed to deserialize vehicle_part 'power_cord': missing field `location`" }, JsonParse { path: "vehicle_part", detail: "Failed to deserialize vehicle_part 'engine_v6': invalid type: map, expected u32" }, JsonParse { path: "vehicle_part", detail: "Failed to deserialize vehicle_part 'horn_big': missing field `name`" }, JsonParse { path: "vehicle_part", detail: "Failed to deserialize vehicle_part 'diesel_engine_inline4': invalid type: map, expected u32" }, JsonParse { path: "vehicle_part", detail: "Failed to deserialize vehicle_part 'wheel_wide_or': invalid type: map, expected u32" }, JsonParse { path: "vehicle_part", detail: "Failed to deserialize vehicle_part 'boat_board': invalid type: map, expected u32" }, JsonParse { path: "vehicle_part", detail: "Failed to deserialize vehicle_part 'foot_pedals': invalid type: map, expected u32" }, JsonParse { path: "vehicle_part", detail: "Failed to deserialize vehicle_part 'seatbelt_heavyduty': invalid type: map, expected u32" }, JsonParse { path: "vehicle_part", detail: "Failed to deserialize vehicle_part 'compact_ASRG_containment': invalid type: map, expected u32" }, JsonParse { path: "vehicle_part_category", detail: "Failed to deserialize vehicle_part_category 'lighting': invalid type: map, expected a string" }, JsonParse { path: "vehicle_part_category", detail: "Failed to deserialize vehicle_part_category 'utility': invalid type: map, expected a string" }, JsonParse { path: "vehicle_part_category", detail: "Failed to deserialize vehicle_part_category 'passengers': invalid type: map, expected a string" }, JsonParse { path: "vehicle_part_category", detail: "Failed to deserialize vehicle_part_category 'movement': invalid type: map, expected a string" }, JsonParse { path: "vehicle_part_category", detail: "Failed to deserialize vehicle_part_category 'other': invalid type: map, expected a string" }, JsonParse { path: "vehicle_part_category", detail: "Failed to deserialize vehicle_part_category 'operations': invalid type: map, expected a string" }, JsonParse { path: "vehicle_part_category", detail: "Failed to deserialize vehicle_part_category 'energy': invalid type: map, expected a string" }, JsonParse { path: "vehicle_part_category", detail: "Failed to deserialize vehicle_part_category 'warfare': invalid type: map, expected a string" }, JsonParse { path: "vehicle_part_category", detail: "Failed to deserialize vehicle_part_category 'hull': invalid type: map, expected a string" }, JsonParse { path: "vehicle_part_category", detail: "Failed to deserialize vehicle_part_category 'cargo': invalid type: map, expected a string" }, JsonParse { path: "vehicle_part_category", detail: "Failed to deserialize vehicle_part_category '_all': invalid type: map, expected a string" }, JsonParse { path: "vehicle_part_category", detail: "Failed to deserialize vehicle_part_category '_filter': invalid type: map, expected a string" }, JsonParse { path: "mutation", detail: "Failed to deserialize mutation 'PRETTY': invalid value: integer `-2`, expected u32" }, JsonParse { path: "mutation", detail: "Failed to deserialize mutation 'M_PROVENANCE': invalid value: integer `-3`, expected u32" }, JsonParse { path: "mutation", detail: "Failed to deserialize mutation 'NO_LEFT_ARM': invalid type: string \"HAS_LEFT_ARM\", expected a sequence" }, JsonParse { path: "mutation", detail: "Failed to deserialize mutation 'SHELL3': invalid value: integer `-2`, expected u32" }, JsonParse { path: "mutation", detail: "Failed to deserialize mutation 'NO_RIGHT_LEG': invalid type: string \"HAS_RIGHT_LEG\", expected a sequence" }, JsonParse { path: "mutation", detail: "Failed to deserialize mutation 'BEAUTIFUL2': invalid value: integer `-7`, expected u32" }, JsonParse { path: "mutation", detail: "Failed to deserialize mutation 'NO_RIGHT_ARM': invalid type: string \"HAS_RIGHT_ARM\", expected a sequence" }, JsonParse { path: "mutation", detail: "Failed to deserialize mutation 'HERBIVORE': invalid type: string \"HERBIVORE_DIET\", expected a sequence" }, JsonParse { path: "mutation", detail: "Failed to deserialize mutation 'WINGS_BUTTERFLY': invalid value: integer `-2`, expected u32" }, JsonParse { path: "mutation", detail: "Failed to deserialize mutation 'BEAUTIFUL': invalid value: integer `-4`, expected u32" }, JsonParse { path: "mutation", detail: "Failed to deserialize mutation 'BEAUTIFUL3': invalid value: integer `-10`, expected u32" }, JsonParse { path: "mutation", detail: "Failed to deserialize mutation 'NO_LEFT_LEG': invalid type: string \"HAS_LEFT_LEG\", expected a sequence" }, JsonParse { path: "mutation", detail: "Failed to deserialize mutation 'ROSEBUDS': invalid value: integer `-6`, expected u32" }, JsonParse { path: "mutation", detail: "Failed to deserialize mutation 'FLOWERS': invalid value: integer `-4`, expected u32" }, JsonParse { path: "bionic", detail: "Failed to deserialize bionic 'bio_digestion': invalid type: sequence, expected struct BodyPartOccupation" }, JsonParse { path: "bionic", detail: "Failed to deserialize bionic 'bio_itchy': invalid type: sequence, expected struct BodyPartOccupation" }, JsonParse { path: "bionic", detail: "Failed to deserialize bionic 'bio_blood_anal': invalid type: sequence, expected struct BodyPartOccupation" }, JsonParse { path: "bionic", detail: "Failed to deserialize bionic 'bio_cloak': invalid type: sequence, expected struct BodyPartOccupation" }, JsonParse { path: "bionic", detail: "Failed to deserialize bionic 'bio_emp_armgun': invalid type: sequence, expected struct BodyPartOccupation" }, JsonParse { path: "bionic", detail: "Failed to deserialize bionic 'bio_dex_enhancer': invalid type: sequence, expected struct BodyPartOccupation" }, JsonParse { path: "bionic", detail: "Failed to deserialize bionic 'bio_robofac_xmlens': invalid type: sequence, expected struct BodyPartOccupation" }, JsonParse { path: "bionic", detail: "Failed to deserialize bionic 'bio_dis_acid': invalid type: sequence, expected struct BodyPartOccupation" }, JsonParse { path: "bionic", detail: "Failed to deserialize bionic 'bio_night': invalid type: sequence, expected struct BodyPartOccupation" }, JsonParse { path: "bionic", detail: "Failed to deserialize bionic 'bio_power_storage': invalid type: sequence, expected struct BodyPartOccupation" }, JsonParse { path: "bionic", detail: "Failed to deserialize bionic 'bio_stiff': invalid type: sequence, expected u32" }, JsonParse { path: "bionic", detail: "Failed to deserialize bionic 'bio_night_vision': invalid type: sequence, expected struct BodyPartOccupation" }, JsonParse { path: "bionic", detail: "Failed to deserialize bionic 'bio_purifier': invalid type: sequence, expected struct BodyPartOccupation" }, JsonParse { path: "bionic", detail: "Failed to deserialize bionic 'bio_watch': invalid type: sequence, expected struct BodyPartOccupation" }, JsonParse { path: "bionic", detail: "Failed to deserialize bionic 'bio_weight': invalid type: sequence, expected struct BodyPartOccupation" }, JsonParse { path: "bionic", detail: "Failed to deserialize bionic 'bio_batteries': invalid type: sequence, expected struct BodyPartOccupation" }, JsonParse { path: "bionic", detail: "Failed to deserialize bionic 'bio_claws': invalid type: sequence, expected u32" }, JsonParse { path: "bionic", detail: "Failed to deserialize bionic 'bio_gills': invalid type: sequence, expected struct BodyPartOccupation" }, JsonParse { path: "bionic", detail: "Failed to deserialize bionic 'bio_robofac_xmback': invalid type: sequence, expected struct BodyPartOccupation" }, JsonParse { path: "bionic", detail: "Failed to deserialize bionic 'bio_teleport': invalid type: sequence, expected struct BodyPartOccupation" }, JsonParse { path: "bionic", detail: "Failed to deserialize bionic 'bio_tools': invalid type: sequence, expected struct BodyPartOccupation" }, JsonParse { path: "bionic", detail: "Failed to deserialize bionic 'bio_membrane': invalid type: sequence, expected struct BodyPartOccupation" }, JsonParse { path: "bionic", detail: "Failed to deserialize bionic 'bio_climate': invalid type: sequence, expected struct BodyPartOccupation" }, JsonParse { path: "bionic", detail: "Failed to deserialize bionic 'bio_power_storage_mkII': invalid type: sequence, expected struct BodyPartOccupation" }, JsonParse { path: "bionic", detail: "Failed to deserialize bionic 'bio_spasm': invalid type: sequence, expected struct BodyPartOccupation" }, JsonParse { path: "bionic", detail: "Failed to deserialize bionic 'bio_noise': invalid type: sequence, expected struct BodyPartOccupation" }, JsonParse { path: "bionic", detail: "Failed to deserialize bionic 'bio_fuel_cell_gasoline': invalid type: sequence, expected u32" }, JsonParse { path: "bionic", detail: "Failed to deserialize bionic 'bio_recoil': invalid type: sequence, expected struct BodyPartOccupation" }, JsonParse { path: "bionic", detail: "Failed to deserialize bionic 'bio_scent_mask': invalid type: sequence, expected struct BodyPartOccupation" }, JsonParse { path: "bionic", detail: "Failed to deserialize bionic 'bio_magnet': invalid type: sequence, expected struct BodyPartOccupation" }, JsonParse { path: "bionic", detail: "Failed to deserialize bionic 'bio_jointservo': invalid type: sequence, expected struct BodyPartOccupation" }, JsonParse { path: "bionic", detail: "Failed to deserialize bionic 'bio_armor_arms': invalid type: sequence, expected u32" }, JsonParse { path: "bionic", detail: "Failed to deserialize bionic 'bio_targeting': invalid type: sequence, expected struct BodyPartOccupation" }, JsonParse { path: "bionic", detail: "Failed to deserialize bionic 'bio_deformity': invalid type: sequence, expected struct BodyPartOccupation" }, JsonParse { path: "bionic", detail: "Failed to deserialize bionic 'bio_nanobots': invalid type: sequence, expected struct BodyPartOccupation" }, JsonParse { path: "bionic", detail: "Failed to deserialize bionic 'bio_shakes': invalid type: sequence, expected struct BodyPartOccupation" }, JsonParse { path: "bionic", detail: "Failed to deserialize bionic 'bio_int_enhancer': invalid type: sequence, expected struct BodyPartOccupation" }, JsonParse { path: "bionic", detail: "Failed to deserialize bionic 'bio_robofac_xmarm': invalid type: sequence, expected struct BodyPartOccupation" }, JsonParse { path: "bionic", detail: "Failed to deserialize bionic 'bio_shotgun': invalid type: sequence, expected u32" }, JsonParse { path: "bionic", detail: "Failed to deserialize bionic 'bio_speed': invalid type: sequence, expected struct BodyPartOccupation" }, JsonParse { path: "bionic", detail: "Failed to deserialize bionic 'bio_flashbang': invalid type: sequence, expected struct BodyPartOccupation" }, JsonParse { path: "bionic", detail: "Failed to deserialize bionic 'bio_soporific': invalid type: sequence, expected struct BodyPartOccupation" }, JsonParse { path: "bionic", detail: "Failed to deserialize bionic 'bio_emp': invalid type: sequence, expected struct BodyPartOccupation" }, JsonParse { path: "bionic", detail: "Failed to deserialize bionic 'bio_water_extractor': invalid type: sequence, expected struct BodyPartOccupation" }, JsonParse { path: "bionic", detail: "Failed to deserialize bionic 'bio_ankles': invalid type: sequence, expected struct BodyPartOccupation" }, JsonParse { path: "bionic", detail: "Failed to deserialize bionic 'bio_dis_shock': invalid type: sequence, expected struct BodyPartOccupation" }, JsonParse { path: "bionic", detail: "Failed to deserialize bionic 'bio_armor_torso': invalid type: sequence, expected u32" }, JsonParse { path: "bionic", detail: "Failed to deserialize bionic 'bio_memory': invalid type: sequence, expected struct BodyPartOccupation" }, JsonParse { path: "bionic", detail: "Failed to deserialize bionic 'bio_razors': invalid type: sequence, expected struct BodyPartOccupation" }, JsonParse { path: "bionic", detail: "Failed to deserialize bionic 'bio_blade': invalid type: sequence, expected u32" }, JsonParse { path: "bionic", detail: "Failed to deserialize bionic 'bio_pokedeye': invalid type: sequence, expected u32" }, JsonParse { path: "bionic", detail: "Failed to deserialize bionic 'bio_voice': invalid type: sequence, expected struct BodyPartOccupation" }, JsonParse { path: "bionic", detail: "Failed to deserialize bionic 'bio_faraday': invalid type: sequence, expected struct BodyPartOccupation" }, JsonParse { path: "bionic", detail: "Failed to deserialize bionic 'bio_lampoil': invalid type: sequence, expected struct BodyPartOccupation" }, JsonParse { path: "bionic", detail: "Failed to deserialize bionic 'bio_evap': invalid type: sequence, expected struct BodyPartOccupation" }, JsonParse { path: "bionic", detail: "Failed to deserialize bionic 'bio_eye_enhancer': invalid type: sequence, expected struct BodyPartOccupation" }, JsonParse { path: "bionic", detail: "Failed to deserialize bionic 'bio_ods': invalid type: sequence, expected struct BodyPartOccupation" }, JsonParse { path: "bionic", detail: "Failed to deserialize bionic 'bio_synaptic_regen': invalid type: sequence, expected struct BodyPartOccupation" }, JsonParse { path: "bionic", detail: "Failed to deserialize bionic 'bio_flashlight': invalid type: sequence, expected struct BodyPartOccupation" }, JsonParse { path: "bionic", detail: "Failed to deserialize bionic 'bio_radleak': invalid type: sequence, expected struct BodyPartOccupation" }, JsonParse { path: "bionic", detail: "Failed to deserialize bionic 'bio_trip': invalid type: sequence, expected struct BodyPartOccupation" }, JsonParse { path: "bionic", detail: "Failed to deserialize bionic 'bio_cqb': invalid type: sequence, expected struct BodyPartOccupation" }, JsonParse { path: "bionic", detail: "Failed to deserialize bionic 'bio_armor_legs': invalid type: sequence, expected u32" }, JsonParse { path: "bionic", detail: "Failed to deserialize bionic 'bio_surgical_razor': invalid type: sequence, expected struct BodyPartOccupation" }, JsonParse { path: "bionic", detail: "Failed to deserialize bionic 'bio_str_enhancer': invalid type: sequence, expected struct BodyPartOccupation" }, JsonParse { path: "bionic", detail: "Failed to deserialize bionic 'bio_ups': invalid type: sequence, expected struct BodyPartOccupation" }, JsonParse { path: "bionic", detail: "Failed to deserialize bionic 'bio_faulty_grossfood': invalid type: sequence, expected struct BodyPartOccupation" }, JsonParse { path: "bionic", detail: "Failed to deserialize bionic 'bio_shock': invalid type: sequence, expected struct BodyPartOccupation" }, JsonParse { path: "bionic", detail: "Failed to deserialize bionic 'bio_heatsink': invalid type: sequence, expected struct BodyPartOccupation" }, JsonParse { path: "bionic", detail: "Failed to deserialize bionic 'bio_power_weakness': invalid type: sequence, expected struct BodyPartOccupation" }, JsonParse { path: "bionic", detail: "Failed to deserialize bionic 'bio_recycler': invalid type: sequence, expected struct BodyPartOccupation" }, JsonParse { path: "bionic", detail: "Failed to deserialize bionic 'bio_alarm': invalid type: sequence, expected struct BodyPartOccupation" }, JsonParse { path: "bionic", detail: "Failed to deserialize bionic 'bio_remote': invalid type: sequence, expected struct BodyPartOccupation" }, JsonParse { path: "bionic", detail: "Failed to deserialize bionic 'bio_ethanol': invalid type: sequence, expected struct BodyPartOccupation" }, JsonParse { path: "bionic", detail: "Failed to deserialize bionic 'bio_sleep_shutdown': invalid type: sequence, expected struct BodyPartOccupation" }, JsonParse { path: "bionic", detail: "Failed to deserialize bionic 'bio_meteorologist': invalid type: sequence, expected struct BodyPartOccupation" }, JsonParse { path: "bionic", detail: "Failed to deserialize bionic 'bio_sunglasses': invalid type: sequence, expected struct BodyPartOccupation" }, JsonParse { path: "bionic", detail: "Failed to deserialize bionic 'bio_uncanny_dodge': invalid type: sequence, expected struct BodyPartOccupation" }, JsonParse { path: "bionic", detail: "Failed to deserialize bionic 'bio_face_mask': invalid type: sequence, expected struct BodyPartOccupation" }, JsonParse { path: "bionic", detail: "Failed to deserialize bionic 'bio_lighter': invalid type: sequence, expected struct BodyPartOccupation" }, JsonParse { path: "bionic", detail: "Failed to deserialize bionic 'bio_mp3': invalid type: sequence, expected struct BodyPartOccupation" }, JsonParse { path: "bionic", detail: "Failed to deserialize bionic 'bio_ads': invalid type: sequence, expected struct BodyPartOccupation" }, JsonParse { path: "bionic", detail: "Failed to deserialize bionic 'bio_painkiller': invalid type: sequence, expected struct BodyPartOccupation" }, JsonParse { path: "bionic", detail: "Failed to deserialize bionic 'bio_armor_head': invalid type: sequence, expected u32" }, JsonParse { path: "bionic", detail: "Failed to deserialize bionic 'bio_adrenaline': invalid type: sequence, expected struct BodyPartOccupation" }, JsonParse { path: "bionic", detail: "Failed to deserialize bionic 'bio_chain_lightning': invalid type: sequence, expected struct BodyPartOccupation" }, JsonParse { path: "bionic", detail: "Failed to deserialize bionic 'bio_torsionratchet': invalid type: sequence, expected struct BodyPartOccupation" }, JsonParse { path: "bionic", detail: "Failed to deserialize bionic 'bio_shockwave': invalid type: sequence, expected struct BodyPartOccupation" }, JsonParse { path: "bionic", detail: "Failed to deserialize bionic 'bio_radio': invalid type: sequence, expected struct BodyPartOccupation" }, JsonParse { path: "bionic", detail: "Failed to deserialize bionic 'bio_lockpick': invalid type: sequence, expected struct BodyPartOccupation" }, JsonParse { path: "bionic", detail: "Failed to deserialize bionic 'bio_sonar': invalid type: sequence, expected struct BodyPartOccupation" }, JsonParse { path: "bionic", detail: "Failed to deserialize bionic 'bio_infrared': invalid type: sequence, expected struct BodyPartOccupation" }, JsonParse { path: "bionic", detail: "Failed to deserialize bionic 'bio_laser': invalid type: sequence, expected struct BodyPartOccupation" }, JsonParse { path: "bionic", detail: "Failed to deserialize bionic 'bio_radio_pat': invalid type: sequence, expected struct BodyPartOccupation" }, JsonParse { path: "bionic", detail: "Failed to deserialize bionic 'bio_robofac_xmleg': invalid type: sequence, expected struct BodyPartOccupation" }, JsonParse { path: "bionic", detail: "Failed to deserialize bionic 'bio_metabolics': invalid type: sequence, expected struct BodyPartOccupation" }, JsonParse { path: "bionic", detail: "Failed to deserialize bionic 'bio_time_freeze': invalid type: sequence, expected struct BodyPartOccupation" }, JsonParse { path: "bionic", detail: "Failed to deserialize bionic 'bio_ar': invalid type: sequence, expected struct BodyPartOccupation" }, JsonParse { path: "bionic", detail: "Failed to deserialize bionic 'bio_blood_filter': invalid type: sequence, expected struct BodyPartOccupation" }, JsonParse { path: "bionic", detail: "Failed to deserialize bionic 'bio_radscrubber': invalid type: sequence, expected struct BodyPartOccupation" }, JsonParse { path: "bionic", detail: "Failed to deserialize bionic 'bio_fingerhack': invalid type: sequence, expected struct BodyPartOccupation" }, JsonParse { path: "bionic", detail: "Failed to deserialize bionic 'bio_leaky': invalid type: sequence, expected struct BodyPartOccupation" }, JsonParse { path: "bionic", detail: "Failed to deserialize bionic 'bio_resonator': invalid type: sequence, expected struct BodyPartOccupation" }, JsonParse { path: "bionic", detail: "Failed to deserialize bionic 'bio_taste_blocker': invalid type: sequence, expected struct BodyPartOccupation" }, JsonParse { path: "bionic", detail: "Failed to deserialize bionic 'bio_probability_travel': invalid type: sequence, expected struct BodyPartOccupation" }, JsonParse { path: "bionic", detail: "Failed to deserialize bionic 'bio_voice_b': invalid type: sequence, expected struct BodyPartOccupation" }, JsonParse { path: "bionic", detail: "Failed to deserialize bionic 'bio_taser': invalid type: sequence, expected struct BodyPartOccupation" }, JsonParse { path: "bionic", detail: "Failed to deserialize bionic 'bio_ground_sonar': invalid type: sequence, expected struct BodyPartOccupation" }, JsonParse { path: "bionic", detail: "Failed to deserialize bionic 'bio_ears': invalid type: sequence, expected struct BodyPartOccupation" }, JsonParse { path: "bionic", detail: "Failed to deserialize bionic 'bio_multimeter': invalid type: sequence, expected struct BodyPartOccupation" }, JsonParse { path: "bionic", detail: "Failed to deserialize bionic 'bio_armor_eyes': invalid type: sequence, expected struct BodyPartOccupation" }, JsonParse { path: "bionic", detail: "Failed to deserialize bionic 'bio_nostril': invalid type: sequence, expected u32" }, JsonParse { path: "bionic", detail: "Failed to deserialize bionic 'bio_pitch_perfect': invalid type: sequence, expected struct BodyPartOccupation" }, JsonParse { path: "bionic", detail: "Failed to deserialize bionic 'bio_hydraulics': invalid type: sequence, expected struct BodyPartOccupation" }, JsonParse { path: "bionic", detail: "Failed to deserialize bionic 'bio_eye_optic': invalid type: sequence, expected struct BodyPartOccupation" }, JsonParse { path: "bionic", detail: "Failed to deserialize bionic 'bio_heat_absorb': invalid type: sequence, expected struct BodyPartOccupation" }, JsonParse { path: "bionic", detail: "Failed to deserialize bionic 'bio_carbon': invalid type: sequence, expected struct BodyPartOccupation" }, JsonParse { path: "bionic", detail: "Failed to deserialize bionic 'bio_fitnessband': invalid type: sequence, expected struct BodyPartOccupation" }, JsonParse { path: "bionic", detail: "Failed to deserialize bionic 'bio_leukocyte': invalid type: sequence, expected struct BodyPartOccupation" }, JsonParse { path: "bionic", detail: "Failed to deserialize bionic 'bio_thumbs': invalid type: sequence, expected u32" }, JsonParse { path: "bionic", detail: "Failed to deserialize bionic 'bio_syringe': invalid type: sequence, expected struct BodyPartOccupation" }, JsonParse { path: "bionic", detail: "Failed to deserialize bionic 'bio_drain': invalid type: sequence, expected struct BodyPartOccupation" }, JsonParse { path: "bionic", detail: "Failed to deserialize bionic 'bio_electrokit': invalid type: sequence, expected struct BodyPartOccupation" }, JsonParse { path: "bionic", detail: "Failed to deserialize bionic 'bio_geiger': invalid type: sequence, expected struct BodyPartOccupation" }, JsonParse { path: "bionic", detail: "Failed to deserialize bionic 'bio_sleepy': invalid type: sequence, expected struct BodyPartOccupation" }, JsonParse { path: "bionic", detail: "Failed to deserialize bionic 'bio_cable': invalid type: sequence, expected struct BodyPartOccupation" }, JsonParse { path: "bionic", detail: "Failed to deserialize bionic 'bio_synlungs': invalid type: sequence, expected struct BodyPartOccupation" }, JsonParse { path: "effect_type", detail: "Failed to deserialize effect_type 'mutagen': invalid type: string \"You consumed mutagen.  It was probably a good idea.\", expected struct EffectNamedValue" }, JsonParse { path: "effect_type", detail: "Failed to deserialize effect_type 'skunk_spray_neutralizer': invalid type: string \"A solution that neutralizes skunk odors.\", expected struct EffectNamedValue" }, JsonParse { path: "effect_type", detail: "Failed to deserialize effect_type 'common_cold': invalid type: string \"You have contracted the 'Common Cold'.  Symptoms can be alleviated by medication (cough syrup).\", expected struct EffectNamedValue" }, JsonParse { path: "effect_type", detail: "Failed to deserialize effect_type 'smoke_lungs': invalid type: sequence, expected a string" }, JsonParse { path: "effect_type", detail: "Failed to deserialize effect_type 'mutagen_bird': invalid type: string \"You consumed bird primer.\", expected struct EffectNamedValue" }, JsonParse { path: "effect_type", detail: "Failed to deserialize effect_type 'mutagen_spider': invalid type: string \"You consumed spider primer.\", expected struct EffectNamedValue" }, JsonParse { path: "effect_type", detail: "Failed to deserialize effect_type 'migo_atmosphere': invalid type: string \"The air in here smells like vinegar and mold.\", expected struct EffectNamedValue" }, JsonParse { path: "effect_type", detail: "Failed to deserialize effect_type 'venom_blind': invalid type: string \"You find it hard to concentrate on your surroundings properly.\", expected struct EffectNamedValue" }, JsonParse { path: "effect_type", detail: "Failed to deserialize effect_type 'mutagen_slime': invalid type: string \"You consumed slime primer.\", expected struct EffectNamedValue" }, JsonParse { path: "effect_type", detail: "Failed to deserialize effect_type 'fetid_goop': invalid type: string \"The feeling of the goop slowly sliding on your skin revulses you and the smell makes you gag.\", expected struct EffectNamedValue" }, JsonParse { path: "effect_type", detail: "Failed to deserialize effect_type 'mutagen_raptor': invalid type: string \"You consumed raptor primer.\", expected struct EffectNamedValue" }, JsonParse { path: "effect_type", detail: "Failed to deserialize effect_type 'took_antiasthmatic': invalid type: string \"You have taken an antiasthmatic drug recently.\", expected struct EffectNamedValue" }, JsonParse { path: "effect_type", detail: "Failed to deserialize effect_type 'mutagen_medical': invalid type: string \"You consumed medical primer.\", expected struct EffectNamedValue" }, JsonParse { path: "effect_type", detail: "Failed to deserialize effect_type 'bad_food_ennui': invalid type: string \"The food you eat is disgusting.\", expected struct EffectNamedValue" }, JsonParse { path: "effect_type", detail: "Failed to deserialize effect_type 'took_xanax': invalid type: integer `14400`, expected a string" }, JsonParse { path: "effect_type", detail: "Failed to deserialize effect_type 'al_relaxed': invalid type: integer `1`, expected a boolean" }, JsonParse { path: "effect_type", detail: "Failed to deserialize effect_type 'effect_zombie_summoner_increase_power': invalid type: string \"\", expected struct EffectNamedValue" }, JsonParse { path: "effect_type", detail: "Failed to deserialize effect_type 'weary_6': invalid type: string \"You've been extremely active for a while, and really need to get some rest.\\nThe following move penalties are applied for the following activity levels:\\nExtreme: 10x, Active: 8x, Brisk: 6x, Moderate: 4x, Light: 2x\", expected struct EffectNamedValue" }, JsonParse { path: "effect_type", detail: "Failed to deserialize effect_type 'artifact_teleportitis_aura': invalid type: string \"You feel a strange force pressing you inwards and inside-out\", expected struct EffectNamedValue" }, JsonParse { path: "effect_type", detail: "Failed to deserialize effect_type 'mutagen_chiropteran': invalid type: string \"You consumed chiropteran primer.\", expected struct EffectNamedValue" }, JsonParse { path: "effect_type", detail: "Failed to deserialize effect_type 'took_xanax_visible': invalid type: string \"You took a fast-acting sedative some time ago and you might still be under its influence.\", expected struct EffectNamedValue" }, JsonParse { path: "effect_type", detail: "Failed to deserialize effect_type 'npc_flee_player': invalid type: string \"Running Away\", expected struct EffectNamedValue" }, JsonParse { path: "effect_type", detail: "Failed to deserialize effect_type 'venom_player1': invalid type: integer `120`, expected a string" }, JsonParse { path: "effect_type", detail: "Failed to deserialize effect_type 'maimed_stinger': invalid type: string \"Maimed Stinger\", expected struct EffectNamedValue" }, JsonParse { path: "effect_type", detail: "Failed to deserialize effect_type 'slippery_terrain': invalid type: string \"There's a slippery surface here, running may be a bad idea.\", expected struct EffectNamedValue" }, JsonParse { path: "effect_type", detail: "Failed to deserialize effect_type 'grabbing_3': invalid type: string \"Grabbing another creature and holding them in place with a third appendage.\", expected struct EffectNamedValue" }, JsonParse { path: "effect_type", detail: "Failed to deserialize effect_type 'frenzy': invalid type: string \"Frenzied\", expected struct EffectNamedValue" }, JsonParse { path: "effect_type", detail: "Failed to deserialize effect_type 'pre_flu': invalid type: string \"You are coming down with some kind of sickness.  It's too early to tell how bad it's going to be, but it might be a good idea to find a safe place to rest.\", expected struct EffectNamedValue" }, JsonParse { path: "effect_type", detail: "Failed to deserialize effect_type 'pblue': invalid type: integer `10800`, expected a string" }, JsonParse { path: "effect_type", detail: "Failed to deserialize effect_type 'brainworms': invalid type: string \"You aren't sure what's wrong with you but you don't feel well.\", expected struct EffectNamedValue" }, JsonParse { path: "effect_type", detail: "Failed to deserialize effect_type 'weary_4': invalid type: string \"You've been extremely active for a while, and need to slow down.\\nThe following move penalties are applied for the following activity levels:\\nExtreme: 5x, Active: 4x, Brisk: 3x, Moderate: 2x\", expected struct EffectNamedValue" }, JsonParse { path: "effect_type", detail: "Failed to deserialize effect_type 'a_winner_is_u': invalid type: string \"Winning!\", expected struct EffectNamedValue" }, JsonParse { path: "effect_type", detail: "Failed to deserialize effect_type 'weakened_gravity': invalid type: string \"Something is wrong with local spacetime and everything near you seems to weigh less.\", expected struct EffectNamedValue" }, JsonParse { path: "effect_type", detail: "Failed to deserialize effect_type 'blind_no_msg': invalid type: string \"Blind\", expected struct EffectNamedValue" }, JsonParse { path: "effect_type", detail: "Failed to deserialize effect_type 'antibiotic': invalid type: integer `43200`, expected a string" }, JsonParse { path: "effect_type", detail: "Failed to deserialize effect_type 'pkill': invalid type: string \"You are under the influence of analgesic substances to relieve pain, but they may numb you a bit.\", expected struct EffectNamedValue" }, JsonParse { path: "effect_type", detail: "Failed to deserialize effect_type 'relax_gas': invalid type: string \"You are thoroughly relaxed and don't feel like moving.  Fighting?  Too much effort.\", expected struct EffectNamedValue" }, JsonParse { path: "effect_type", detail: "Failed to deserialize effect_type 'smoke_eyes': invalid type: sequence, expected a string" }, JsonParse { path: "effect_type", detail: "Failed to deserialize effect_type 'hypovolemia': invalid type: string \"You've lost some blood and look somewhat pale.\", expected struct EffectNamedValue" }, JsonParse { path: "effect_type", detail: "Failed to deserialize effect_type 'effect_slit_nostrils_breathing_penalty': invalid type: string \"\", expected struct EffectNamedValue" }, JsonParse { path: "effect_type", detail: "Failed to deserialize effect_type 'mutagen_feline': invalid type: string \"You consumed feline primer.\", expected struct EffectNamedValue" }, JsonParse { path: "effect_type", detail: "Failed to deserialize effect_type 'sensor_stun': invalid type: string \"Your artificial senses are scrambled and report false readings.\", expected struct EffectNamedValue" }, JsonParse { path: "effect_type", detail: "Failed to deserialize effect_type 'quadruped_half': invalid type: string \"\", expected struct EffectNamedValue" }, JsonParse { path: "effect_type", detail: "Failed to deserialize effect_type 'stim_overdose': invalid type: floating point `-0.88`, expected i32" }, JsonParse { path: "effect_type", detail: "Failed to deserialize effect_type 'staggered': invalid type: string \"You've been knocked off-balance by an attack.\", expected struct EffectNamedValue" }, JsonParse { path: "effect_type", detail: "Failed to deserialize effect_type 'adrenaline': invalid type: string \"You feel completely drained.\", expected struct EffectNamedValue" }, JsonParse { path: "effect_type", detail: "Failed to deserialize effect_type 'pd_strengthened_reality': invalid type: string \"The world around you seems calmer with your presence and actions.\", expected struct EffectNamedValue" }, JsonParse { path: "effect_type", detail: "Failed to deserialize effect_type 'took_prozac': invalid type: integer `64800`, expected a string" }, JsonParse { path: "effect_type", detail: "Failed to deserialize effect_type 'prosthetic_leg_r_fake_blocker': invalid type: string \"\", expected struct EffectNamedValue" }, JsonParse { path: "effect_type", detail: "Failed to deserialize effect_type 'infected': invalid type: string \"You have an infected wound.\", expected struct EffectNamedValue" }, JsonParse { path: "effect_type", detail: "Failed to deserialize effect_type 'venom_player2': invalid type: integer `120`, expected a string" }, JsonParse { path: "effect_type", detail: "Failed to deserialize effect_type 'bandaged': invalid type: string \"The wounds on your %s are bandaged.\", expected struct EffectNamedValue" }, JsonParse { path: "effect_type", detail: "Failed to deserialize effect_type 'took_thorazine_visible': invalid type: string \"You took an antipsychotic some time ago and you might still be under its influence.\", expected struct EffectNamedValue" }, JsonParse { path: "effect_type", detail: "Failed to deserialize effect_type 'maimed_arm': invalid type: string \"Broken Arm\", expected struct EffectNamedValue" }, JsonParse { path: "effect_type", detail: "Failed to deserialize effect_type 'paralyzepoison': invalid type: floating point `-0.34`, expected i32" }, JsonParse { path: "effect_type", detail: "Failed to deserialize effect_type 'beartrap': invalid type: string \"You can't move until you get free!\", expected struct EffectNamedValue" }, JsonParse { path: "effect_type", detail: "Failed to deserialize effect_type 'meth': invalid type: string \"200 s\", expected i32" }, JsonParse { path: "effect_type", detail: "Failed to deserialize effect_type 'sad': invalid type: string \"You are not content with your life.\", expected struct EffectNamedValue" }, JsonParse { path: "effect_type", detail: "Failed to deserialize effect_type 'conjunctivitis_viral': invalid type: string \"Commonly known as pinkeye, this minor infection can be treated with antihistamines.  If it's bacterial, antibiotics may help, but you can't tell without a lab analysis.\", expected struct EffectNamedValue" }, JsonParse { path: "effect_type", detail: "Failed to deserialize effect_type 'effect_hunting_horror_poison_light_sensitive': invalid type: string \"The light is making you itchy and painful.\", expected struct EffectNamedValue" }, JsonParse { path: "effect_type", detail: "Failed to deserialize effect_type 'depressants': invalid type: string \"You are under the influence of depressants, and in a bit of a daze.\", expected struct EffectNamedValue" }, JsonParse { path: "effect_type", detail: "Failed to deserialize effect_type 'paincysts': invalid type: string \"You aren't sure what's wrong with you but you don't feel well.\", expected struct EffectNamedValue" }, JsonParse { path: "effect_type", detail: "Failed to deserialize effect_type 'poison': invalid type: string \"You have been poisoned!\", expected struct EffectNamedValue" }, JsonParse { path: "effect_type", detail: "Failed to deserialize effect_type 'maimed_claws': invalid type: string \"Maimed Claws\", expected struct EffectNamedValue" }, JsonParse { path: "effect_type", detail: "Failed to deserialize effect_type 'mutation_internal_damage': invalid type: sequence, expected a string" }, JsonParse { path: "effect_type", detail: "Failed to deserialize effect_type 'monster_locked_on': invalid type: string \"\", expected struct EffectNamedValue" }, JsonParse { path: "effect_type", detail: "Failed to deserialize effect_type 'effect_claw_st_manipulation_penalty': invalid type: string \"\", expected struct EffectNamedValue" }, JsonParse { path: "effect_type", detail: "Failed to deserialize effect_type 'mutagen_elfa': invalid type: string \"You consumed Elf-A primer.\", expected struct EffectNamedValue" }, JsonParse { path: "effect_type", detail: "Failed to deserialize effect_type 'weary_7': invalid type: string \"You've been extremely active for a while; it's time to stop.\\nThe following move penalties are applied for the following activity levels:\\nExtreme: 10x, Active: 8x, Brisk: 6x, Moderate: 4x, Light: 2x\", expected struct EffectNamedValue" }, JsonParse { path: "effect_type", detail: "Failed to deserialize effect_type 'mutagen_mouse': invalid type: string \"You consumed mouse primer.\", expected struct EffectNamedValue" }, JsonParse { path: "effect_type", detail: "Failed to deserialize effect_type 'masked_scent': invalid type: string \"Your scent is masked by another one.\", expected struct EffectNamedValue" }, JsonParse { path: "effect_type", detail: "Failed to deserialize effect_type 'wet': invalid type: string \"Your %s is covered in moisture.\", expected struct EffectNamedValue" }, JsonParse { path: "effect_type", detail: "Failed to deserialize effect_type 'jetinjector': invalid type: string \"You feel completely drained.\", expected struct EffectNamedValue" }, JsonParse { path: "effect_type", detail: "Failed to deserialize effect_type 'datura': invalid type: string \"Buy the ticket, take the ride.  The datura has you now.\", expected struct EffectNamedValue" }, JsonParse { path: "effect_type", detail: "Failed to deserialize effect_type 'scurvy': invalid type: string \"A lack of vitamin C in your diet will result in progressively worse symptoms of scurvy.\", expected struct EffectNamedValue" }, JsonParse { path: "effect_type", detail: "Failed to deserialize effect_type 'motor_seizure': invalid type: string \"Your muscles have seized up, and you can't control them!\", expected struct EffectNamedValue" }, JsonParse { path: "effect_type", detail: "Failed to deserialize effect_type 'bite': invalid type: string \"You have a nasty bite wound.\", expected struct EffectNamedValue" }, JsonParse { path: "effect_type", detail: "Failed to deserialize effect_type 'grabbing_2': invalid type: string \"Grabbing another creature and holding them in place with a second appendage.\", expected struct EffectNamedValue" }, JsonParse { path: "effect_type", detail: "Failed to deserialize effect_type 'mutagen_alpha': invalid type: string \"You consumed alpha primer.\", expected struct EffectNamedValue" }, JsonParse { path: "effect_type", detail: "Failed to deserialize effect_type 'effect_shorter_fingers_manipulation_penalty': invalid type: string \"\", expected struct EffectNamedValue" }, JsonParse { path: "effect_type", detail: "Failed to deserialize effect_type 'prosthetic_arm_l_fake_blocker': invalid type: string \"\", expected struct EffectNamedValue" }, JsonParse { path: "effect_type", detail: "Failed to deserialize effect_type 'strengthened_inertia': invalid type: string \"Your body is strangely difficult to move, as if it weighted more.\", expected struct EffectNamedValue" }, JsonParse { path: "effect_type", detail: "Failed to deserialize effect_type 'mutagen_cattle': invalid type: string \"You consumed cattle primer.\", expected struct EffectNamedValue" }, JsonParse { path: "effect_type", detail: "Failed to deserialize effect_type 'laserlocked': invalid type: string \"A laser sight is targeting you!\", expected struct EffectNamedValue" }, JsonParse { path: "effect_type", detail: "Failed to deserialize effect_type 'hunger_engorged': invalid type: string \"Your stomach is full to bursting.  This was a mistake.\", expected struct EffectNamedValue" }, JsonParse { path: "effect_type", detail: "Failed to deserialize effect_type 'asked_to_train': invalid type: string \"You recently finished a training session and need a mental break before teaching again.\", expected struct EffectNamedValue" }, JsonParse { path: "effect_type", detail: "Failed to deserialize effect_type 'lightsnare': invalid type: string \"For such a tiny creature, you're in a very big pickle.\", expected struct EffectNamedValue" }, JsonParse { path: "effect_type", detail: "Failed to deserialize effect_type 'beggar_has_eaten': invalid type: string \"This beggar in the refugee center has had something to eat recently.\", expected struct EffectNamedValue" }, JsonParse { path: "effect_type", detail: "Failed to deserialize effect_type 'mutagen_cephalopod': invalid type: string \"You consumed cephalopod primer.\", expected struct EffectNamedValue" }, JsonParse { path: "effect_type", detail: "Failed to deserialize effect_type 'pd_rejection': invalid type: string \"Faint sparks surround your every move, your body aches more with every passing second.\", expected struct EffectNamedValue" }, JsonParse { path: "effect_type", detail: "Failed to deserialize effect_type 'mutagen_beast': invalid type: string \"You consumed beast primer.\", expected struct EffectNamedValue" }, JsonParse { path: "effect_type", detail: "Failed to deserialize effect_type 'spores': invalid type: sequence, expected a string" }, JsonParse { path: "effect_type", detail: "Failed to deserialize effect_type 'pd_dex_bad': invalid type: string \"You seem to have problems touching things.\", expected struct EffectNamedValue" }, JsonParse { path: "effect_type", detail: "Failed to deserialize effect_type 'purple_incense_effect': invalid type: string \"You feel strangely detached from the here and now.  It's like the world had been sliced into thin layers above which you move.\", expected struct EffectNamedValue" }, JsonParse { path: "effect_type", detail: "Failed to deserialize effect_type 'bile_stink': invalid type: string \"You're splattered with a greasy layer of liquified putrescence.\", expected struct EffectNamedValue" }, JsonParse { path: "effect_type", detail: "Failed to deserialize effect_type 'mutagen_interstice': invalid type: string \"You consumed some interdimensional contaminant.\", expected struct EffectNamedValue" }, JsonParse { path: "effect_type", detail: "Failed to deserialize effect_type 'frostbite': invalid type: string \"Your %s is frostnipped and has gone numb.\", expected struct EffectNamedValue" }, JsonParse { path: "effect_type", detail: "Failed to deserialize effect_type 'shakes': invalid type: string \"Your hands just won't stop shaking.\", expected struct EffectNamedValue" }, JsonParse { path: "effect_type", detail: "Failed to deserialize effect_type 'glowing_gas_cover': invalid type: string \"You are covered in glowing nether spores!\", expected struct EffectNamedValue" }, JsonParse { path: "effect_type", detail: "Failed to deserialize effect_type 'godco_confessed': invalid type: string \"You decided to take responsibility for your actions.\", expected struct EffectNamedValue" }, JsonParse { path: "effect_type", detail: "Failed to deserialize effect_type 'natural_stance': invalid type: string \"You are positioned to take advantage of your mutated anatomy, and will receive no penalties for crouching in melee combat.  Wielding a weapon will cause you to lose this effect.\", expected struct EffectNamedValue" }, JsonParse { path: "effect_type", detail: "Failed to deserialize effect_type 'took_prozac_visible': invalid type: string \"You took an antidepressant some time ago and you might still be under its influence.\", expected struct EffectNamedValue" }, JsonParse { path: "effect_type", detail: "Failed to deserialize effect_type 'revived_marker': invalid type: string \"\", expected struct EffectNamedValue" }, JsonParse { path: "effect_type", detail: "Failed to deserialize effect_type 'mutagen_rabbit': invalid type: string \"You consumed rabbit primer.\", expected struct EffectNamedValue" }, JsonParse { path: "effect_type", detail: "Failed to deserialize effect_type 'mutagen_human': invalid type: string \"You consumed purifier.\", expected struct EffectNamedValue" }, JsonParse { path: "effect_type", detail: "Failed to deserialize effect_type 'prosthetic_leg_l_fake_blocker': invalid type: string \"\", expected struct EffectNamedValue" }, JsonParse { path: "effect_type", detail: "Failed to deserialize effect_type 'rat_bite_fever': invalid type: string \"Puckered Scratches\", expected struct EffectNamedValue" }, JsonParse { path: "effect_type", detail: "Failed to deserialize effect_type 'star_vampire_blood_drink_feral': invalid type: string \"The monster is drinking your blood, you vile feral!\", expected struct EffectNamedValue" }, JsonParse { path: "effect_type", detail: "Failed to deserialize effect_type 'gliding': invalid type: string \"You are gliding through the air.\", expected struct EffectNamedValue" }, JsonParse { path: "effect_type", detail: "Failed to deserialize effect_type 'conjunctivitis': invalid type: string \"Your eyes are inflamed.\", expected struct EffectNamedValue" }, JsonParse { path: "effect_type", detail: "Failed to deserialize effect_type 'flu': invalid type: string \"You have contracted flu, or more technically speaking, the 'Influenza'.  Symptoms can be alleviated by medication (cough syrup).\", expected struct EffectNamedValue" }, JsonParse { path: "effect_type", detail: "Failed to deserialize effect_type 'bouldering': invalid type: string \"Your footing is unstable.  It's more difficult to fight while standing here.\", expected struct EffectNamedValue" }, JsonParse { path: "effect_type", detail: "Failed to deserialize effect_type 'blisters': invalid type: string \"Your %s is blistering from the intense heat.\", expected struct EffectNamedValue" }, JsonParse { path: "effect_type", detail: "Failed to deserialize effect_type 'boomered': invalid type: string \"Your vision is obscured by a disgusting splatter of bile.\", expected struct EffectNamedValue" }, JsonParse { path: "effect_type", detail: "Failed to deserialize effect_type 'opiate_eff': invalid type: string \"Mild euphoric feelings from the Opiates you've taken.\", expected struct EffectNamedValue" }, JsonParse { path: "effect_type", detail: "Failed to deserialize effect_type 'grabbing_4': invalid type: string \"Grabbing another creature and holding them in place with a fourth appendage.\", expected struct EffectNamedValue" }, JsonParse { path: "effect_type", detail: "Failed to deserialize effect_type 'glowing_gas': invalid type: string \"You've inhaled a lungful of glowing nether parasite spores.  Thankfully, they don't seem adapted to the human physiology.\", expected struct EffectNamedValue" }, JsonParse { path: "effect_type", detail: "Failed to deserialize effect_type 'eff_mind_seeing_bonus_5': invalid type: string \"\", expected struct EffectNamedValue" }, JsonParse { path: "effect_type", detail: "Failed to deserialize effect_type 'mutagen_gastropod': invalid type: string \"You consumed snail primer.\", expected struct EffectNamedValue" }, JsonParse { path: "effect_type", detail: "Failed to deserialize effect_type 'mutagen_chimera': invalid type: string \"You consumed chimera primer.  Why?\", expected struct EffectNamedValue" }, JsonParse { path: "effect_type", detail: "Failed to deserialize effect_type 'cold': invalid type: string \"Your %s is exposed to the cold.\", expected struct EffectNamedValue" }, JsonParse { path: "effect_type", detail: "Failed to deserialize effect_type 'insulted_luo': invalid type: string \"Oh, you went there.\", expected struct EffectNamedValue" }, JsonParse { path: "effect_type", detail: "Failed to deserialize effect_type 'mutagen_batrachian': invalid type: string \"You consumed frog primer.\", expected struct EffectNamedValue" }, JsonParse { path: "effect_type", detail: "Failed to deserialize effect_type 'sneezing': invalid type: string \"It's hard to pay attention to anything when you're in the middle of sneezing!\", expected struct EffectNamedValue" }, JsonParse { path: "effect_type", detail: "Failed to deserialize effect_type 'mutagen_plant': invalid type: string \"You consumed plant primer.\", expected struct EffectNamedValue" }, JsonParse { path: "effect_type", detail: "Failed to deserialize effect_type 'sap': invalid type: string \"You're coated in sap!\", expected struct EffectNamedValue" }, JsonParse { path: "effect_type", detail: "Failed to deserialize effect_type 'glare': invalid type: string \"The sun is in your eyes.\", expected struct EffectNamedValue" }, JsonParse { path: "effect_type", detail: "Failed to deserialize effect_type 'cramped_space': invalid type: string \"Your movements are restricted by the surroundings.\", expected struct EffectNamedValue" }, JsonParse { path: "effect_type", detail: "Failed to deserialize effect_type 'venom_pain': invalid type: string \"The wound throbs with sharp pain.\", expected struct EffectNamedValue" }, JsonParse { path: "effect_type", detail: "Failed to deserialize effect_type 'transition_contacts': invalid type: string \"You are wearing photochromic contact lenses that additionally protect you from the sunlight.\", expected struct EffectNamedValue" }, JsonParse { path: "effect_type", detail: "Failed to deserialize effect_type 'effect_dextrous_paws_no_practice_manipulation_penalty': invalid type: string \"You're still getting used to these new paws.  Maybe you need some practice.\", expected struct EffectNamedValue" }, JsonParse { path: "effect_type", detail: "Failed to deserialize effect_type 'led_by_leash': invalid type: string \"Being Led by Leash\", expected struct EffectNamedValue" }, JsonParse { path: "effect_type", detail: "Failed to deserialize effect_type 'effect_nether_shadow_unnatural_chill': invalid type: string \"You are chilled to the bone.\", expected struct EffectNamedValue" }, JsonParse { path: "effect_type", detail: "Failed to deserialize effect_type 'glowing': invalid type: string \"You are covered in glowing goo!\", expected struct EffectNamedValue" }, JsonParse { path: "effect_type", detail: "Failed to deserialize effect_type 'hay_fever': invalid type: string \"Your eyes are itchy and you've got a runny nose.\", expected struct EffectNamedValue" }, JsonParse { path: "effect_type", detail: "Failed to deserialize effect_type 'hot_speed': invalid type: string \"The heat slows you down.\", expected struct EffectNamedValue" }, JsonParse { path: "effect_type", detail: "Failed to deserialize effect_type 'asthma': invalid type: string \"You suffer from a respiratory disorder that makes breathing difficult.\\nAn asthma attack can occur from time to time, so have your inhaler nearby.\", expected struct EffectNamedValue" }, JsonParse { path: "effect_type", detail: "Failed to deserialize effect_type 'melatonin': invalid type: string \"You took some melatonin supplements.  It makes you fall asleep more easily, and you sleep longer.\", expected struct EffectNamedValue" }, JsonParse { path: "effect_type", detail: "Failed to deserialize effect_type 'webbed': invalid type: string \"You are covered in webs!\", expected struct EffectNamedValue" }, JsonParse { path: "effect_type", detail: "Failed to deserialize effect_type 'asocial_dissatisfied': invalid type: string \"Being around others has left you feeling drained.\", expected struct EffectNamedValue" }, JsonParse { path: "effect_type", detail: "Failed to deserialize effect_type 'mutagen_troglobite': invalid type: string \"You consumed troglobite primer.\", expected struct EffectNamedValue" }, JsonParse { path: "effect_type", detail: "Failed to deserialize effect_type 'irradiated': invalid type: string \"10 s\", expected i32" }, JsonParse { path: "effect_type", detail: "Failed to deserialize effect_type 'red_incense_effect': invalid type: string \"You feel like you have one foot in the grave.\", expected struct EffectNamedValue" }, JsonParse { path: "effect_type", detail: "Failed to deserialize effect_type 'molting_imminent': invalid type: string \"Seek shelter, you will be helpless when it begins.\", expected struct EffectNamedValue" }, JsonParse { path: "effect_type", detail: "Failed to deserialize effect_type 'riding': invalid type: string \"You are riding an animal.\", expected struct EffectNamedValue" }, JsonParse { path: "effect_type", detail: "Failed to deserialize effect_type 'weak_antibiotic_visible': invalid type: string \"You consumed mild antibiotic some time ago to fight off infection.\\nIf you don't recover you may want to take another dose, but beware overdosage.\", expected struct EffectNamedValue" }, JsonParse { path: "effect_type", detail: "Failed to deserialize effect_type 'weak_antibiotic': invalid type: integer `43200`, expected a string" }, JsonParse { path: "effect_type", detail: "Failed to deserialize effect_type 'effect_shocker_zombie_charge_up_removal': invalid type: string \"\", expected struct EffectNamedValue" }, JsonParse { path: "effect_type", detail: "Failed to deserialize effect_type 'chafing': invalid type: string \"Your %s is uncomfortable.  Wearing something soft under your hard armor would help.\", expected struct EffectNamedValue" }, JsonParse { path: "effect_type", detail: "Failed to deserialize effect_type 'hot': invalid type: string \"Your %s feels warm.\", expected struct EffectNamedValue" }, JsonParse { path: "effect_type", detail: "Failed to deserialize effect_type 'sheared': invalid type: string \"Sheared\", expected struct EffectNamedValue" }, JsonParse { path: "effect_type", detail: "Failed to deserialize effect_type 'foodpoison': invalid type: string \"Your stomach is extremely upset, and you are quite nauseated.\", expected struct EffectNamedValue" }, JsonParse { path: "effect_type", detail: "Failed to deserialize effect_type 'regen_serum_crash_fatigue': invalid type: string \"Your body regeneration is not as fast as before, but you still feel some weakness.\", expected struct EffectNamedValue" }, JsonParse { path: "effect_type", detail: "Failed to deserialize effect_type 'bleed': invalid type: string \"'Tis but a scratch.\", expected struct EffectNamedValue" }, JsonParse { path: "effect_type", detail: "Failed to deserialize effect_type 'subaquatic_sonar': invalid type: string \"Every few seconds, an ultrasonic pulse is broadcast from your location.  If you're underwater and your hearing is good enough, you may be able to navigate by the pings that come back.\", expected struct EffectNamedValue" }, JsonParse { path: "effect_type", detail: "Failed to deserialize effect_type 'dripping_mechanical_fluid': invalid type: string \"Mechanical Fluid Dripping\", expected struct EffectNamedValue" }, JsonParse { path: "effect_type", detail: "Failed to deserialize effect_type 'weary_3': invalid type: string \"You've been very active for a while, and need to slow down for a bit.\\nThe following move penalties are applied for the following activity levels:\\nExtreme: 2.5x, Active: 2x, Brisk: 1.5x\", expected struct EffectNamedValue" }, JsonParse { path: "effect_type", detail: "Failed to deserialize effect_type 'pre_common_cold': invalid type: string \"You are coming down with some kind of sickness.  It's too early to tell how bad it's going to be, but it might be a good idea to find a safe place to rest.\", expected struct EffectNamedValue" }, JsonParse { path: "effect_type", detail: "Failed to deserialize effect_type 'grabbing': invalid type: string \"Grabbing another creature and holding them in place.\", expected struct EffectNamedValue" }, JsonParse { path: "effect_type", detail: "Failed to deserialize effect_type 'nvg_green': invalid type: string \"Your night vision goggles give a green tint to the world.\", expected struct EffectNamedValue" }, JsonParse { path: "effect_type", detail: "Failed to deserialize effect_type 'dazed': invalid type: string \"You're visibly shaken up, and are having a hard time focusing on what's going on around you.\", expected struct EffectNamedValue" }, JsonParse { path: "effect_type", detail: "Failed to deserialize effect_type 'antibiotic_visible': invalid type: string \"You consumed antibiotic some time ago to fight off infection.\\nIf you don't recover you may want to take another dose, but beware overdosage.\", expected struct EffectNamedValue" }, JsonParse { path: "effect_type", detail: "Failed to deserialize effect_type 'mutagen_insect': invalid type: string \"You consumed insect primer.\", expected struct EffectNamedValue" }, JsonParse { path: "effect_type", detail: "Failed to deserialize effect_type 'winded_leg': invalid type: string \"You're short of breath.  Your leg has impaired function until you recover.\", expected struct EffectNamedValue" }, JsonParse { path: "effect_type", detail: "Failed to deserialize effect_type 'dragging': invalid type: string \"Dragging\", expected struct EffectNamedValue" }, JsonParse { path: "effect_type", detail: "Failed to deserialize effect_type 'valium': invalid type: integer `64800`, expected a string" }, JsonParse { path: "effect_type", detail: "Failed to deserialize effect_type 'badpoison': invalid type: string \"You have been badly poisoned!\", expected struct EffectNamedValue" }, JsonParse { path: "effect_type", detail: "Failed to deserialize effect_type 'effect_hound_of_tindalos_slobber': invalid type: string \"Your %s is stained with bluish ichor.\", expected struct EffectNamedValue" }, JsonParse { path: "effect_type", detail: "Failed to deserialize effect_type 'maimed_acid_gland': invalid type: string \"Maimed Acid Glands\", expected struct EffectNamedValue" }, JsonParse { path: "effect_type", detail: "Failed to deserialize effect_type 'weary_2': invalid type: string \"You've been quite active for a while; operating at higher levels of activity will be impaired.\\nThe following move penalties are applied for the following activity levels:\\nExtreme: 1.67x, Active: 1.33x\", expected struct EffectNamedValue" }, JsonParse { path: "effect_type", detail: "Failed to deserialize effect_type 'effect_hunting_horror_poison': invalid type: string \"You have been poisoned!\", expected struct EffectNamedValue" }, JsonParse { path: "effect_type", detail: "Failed to deserialize effect_type 'tetanus': invalid type: string \"Your muscles are binding up, you should probably find a sedative.\", expected struct EffectNamedValue" }, JsonParse { path: "effect_type", detail: "Failed to deserialize effect_type 'mute': invalid type: string \"You can't talk.\", expected struct EffectNamedValue" }, JsonParse { path: "effect_type", detail: "Failed to deserialize effect_type 'maimed_tail': invalid type: string \"Maimed Tail\", expected struct EffectNamedValue" }, JsonParse { path: "effect_type", detail: "Failed to deserialize effect_type 'antifungal': invalid type: string \"You are under the effects of an antifungal medicine or chemicals.\", expected struct EffectNamedValue" }, JsonParse { path: "effect_type", detail: "Failed to deserialize effect_type 'haslight': invalid type: string \"You are carrying a light and can't hide well.\", expected struct EffectNamedValue" }, JsonParse { path: "effect_type", detail: "Failed to deserialize effect_type 'earphones': invalid type: string \"You are wearing earphones and can't hear much from outside world.\", expected struct EffectNamedValue" }, JsonParse { path: "effect_type", detail: "Failed to deserialize effect_type 'weakened_inertia': invalid type: string \"Your body moves strangely easily, as if it weighted less.\", expected struct EffectNamedValue" }, JsonParse { path: "effect_type", detail: "Failed to deserialize effect_type 'shattered': invalid type: string \"Your armor has been shattered by a heavy attack.\", expected struct EffectNamedValue" }, JsonParse { path: "effect_type", detail: "Failed to deserialize effect_type 'fearparalyze': invalid type: string \"You have been paralyzed by the fear.\", expected struct EffectNamedValue" }, JsonParse { path: "effect_type", detail: "Failed to deserialize effect_type 'maimed_tongue': invalid type: string \"Injured Tongue\", expected struct EffectNamedValue" }, JsonParse { path: "effect_type", detail: "Failed to deserialize effect_type 'drunk': invalid type: string \"You drank some alcohol.  You feel warm inside.\", expected struct EffectNamedValue" }, JsonParse { path: "effect_type", detail: "Failed to deserialize effect_type 'transition_contacts_plano': invalid type: string \"You are wearing non-prescription photochromic contact lenses that protect you from the sunlight, but don't help with any sight issues.\", expected struct EffectNamedValue" }, JsonParse { path: "effect_type", detail: "Failed to deserialize effect_type 'magic_channeling': invalid type: string \"You are channeling supernatural powers.\", expected struct EffectNamedValue" }, JsonParse { path: "effect_type", detail: "Failed to deserialize effect_type 'contacts': invalid type: string \"You are wearing contact lenses.\", expected struct EffectNamedValue" }, JsonParse { path: "effect_type", detail: "Failed to deserialize effect_type 'got_checked': invalid type: string \"Your received a complete check-up and are now aware of the state of your health.\", expected struct EffectNamedValue" }, JsonParse { path: "effect_type", detail: "Failed to deserialize effect_type 'mech_recon_vision': invalid type: string \".\", expected struct EffectNamedValue" }, JsonParse { path: "effect_type", detail: "Failed to deserialize effect_type 'regen_serum_crash_cardio': invalid type: string \"\", expected struct EffectNamedValue" }, JsonParse { path: "effect_type", detail: "Failed to deserialize effect_type 'conjunctivitis_bacterial': invalid type: string \"Commonly known as pinkeye, this minor infection can be treated with antihistamines.  If it's bacterial, antibiotics may help, but you can't tell without a lab analysis.\", expected struct EffectNamedValue" }, JsonParse { path: "effect_type", detail: "Failed to deserialize effect_type 'took_flumed': invalid type: integer `57600`, expected a string" }, JsonParse { path: "effect_type", detail: "Failed to deserialize effect_type 'warped_viewpoint': invalid type: string \"Space is warped around you such that you can see a wider arc and as if everything was closer.\", expected struct EffectNamedValue" }, JsonParse { path: "effect_type", detail: "Failed to deserialize effect_type 'critter_underfed': invalid type: string \"Underfed\", expected struct EffectNamedValue" }, JsonParse { path: "effect_type", detail: "Failed to deserialize effect_type 'stunned': invalid type: string \"Your movement is randomized.\", expected struct EffectNamedValue" }, JsonParse { path: "effect_type", detail: "Failed to deserialize effect_type 'anemia': invalid type: string \"A lack of iron in your diet has hampered the efficiency and regeneration of your red blood cells.\", expected struct EffectNamedValue" }, JsonParse { path: "effect_type", detail: "Failed to deserialize effect_type 'disabled': invalid type: string \"This limb is damaged beyond use and may require a splint to recover.\", expected struct EffectNamedValue" }, JsonParse { path: "effect_type", detail: "Failed to deserialize effect_type 'cig': invalid type: string \"You had a reasonable amount of nicotine and are experiencing a pleasant buzz.\", expected struct EffectNamedValue" }, JsonParse { path: "effect_type", detail: "Failed to deserialize effect_type 'strong_antibiotic_visible': invalid type: string \"You consumed prescription-grade antibiotic some time ago to fight off infection.\\nIf you don't recover you may want to take another dose, but beware overdosage.\", expected struct EffectNamedValue" }, JsonParse { path: "effect_type", detail: "Failed to deserialize effect_type 'ink_gland_ink': invalid type: string \"Your ink glands are empty.  Given some time and hydration they will recharge.\", expected struct EffectNamedValue" }, JsonParse { path: "effect_type", detail: "Failed to deserialize effect_type 'lack_sleep': invalid type: string \"You haven't slept in a while, and it shows.\", expected struct EffectNamedValue" }, JsonParse { path: "effect_type", detail: "Failed to deserialize effect_type 'frostbite_recovery': invalid type: string \"Your %s is starting to feel the damage cold has wrought.\", expected struct EffectNamedValue" }, JsonParse { path: "effect_type", detail: "Failed to deserialize effect_type 'zapped': invalid type: string \"You've been zapped with electricity and are barely able to move!\", expected struct EffectNamedValue" }, JsonParse { path: "effect_type", detail: "Failed to deserialize effect_type 'no_power_arm': invalid type: string \"You're low on power.  Your leg is operating in emergency mode and has limited function.\", expected struct EffectNamedValue" }, JsonParse { path: "effect_type", detail: "Failed to deserialize effect_type 'pd_str_bad': invalid type: string \"You feel as if your muscles are not quite there.\", expected struct EffectNamedValue" }, JsonParse { path: "effect_type", detail: "Failed to deserialize effect_type 'artifact_slow_aura': invalid type: string \"A slight temporal distortion appears to be centered around you\", expected struct EffectNamedValue" }, JsonParse { path: "effect_type", detail: "Failed to deserialize effect_type 'lung_collapse': invalid type: string \"Your have difficulties breathing!\", expected struct EffectNamedValue" }, JsonParse { path: "effect_type", detail: "Failed to deserialize effect_type 'triffid_fiber_indigestion': invalid type: string \"Your stomach constantly feels like it's full, even when you haven't eaten in awhile.\", expected struct EffectNamedValue" }, JsonParse { path: "effect_type", detail: "Failed to deserialize effect_type 'venom_weaken': invalid type: string \"You feel feeble.\", expected struct EffectNamedValue" }, JsonParse { path: "effect_type", detail: "Failed to deserialize effect_type 'shrieking': invalid type: string \"Shrieking\", expected struct EffectNamedValue" }, JsonParse { path: "effect_type", detail: "Failed to deserialize effect_type 'mutagen_crustacean': invalid type: string \"You consumed crustacean mutagen.\", expected struct EffectNamedValue" }, JsonParse { path: "effect_type", detail: "Failed to deserialize effect_type 'social_satisfied': invalid type: string \"It feels good to spend time around others.\", expected struct EffectNamedValue" }, JsonParse { path: "effect_type", detail: "Failed to deserialize effect_type 'mending': invalid type: string \"This damaged limb is slowly regaining its functions.\", expected struct EffectNamedValue" }, JsonParse { path: "effect_type", detail: "Failed to deserialize effect_type 'star_vampire_blood_drink': invalid type: string \"The monster is sucking up your blood!\", expected struct EffectNamedValue" }, JsonParse { path: "effect_type", detail: "Failed to deserialize effect_type 'flushot': invalid type: string \"You have been vaccinated for the flu recently.\", expected struct EffectNamedValue" }, JsonParse { path: "effect_type", detail: "Failed to deserialize effect_type 'incorporeal': invalid type: string \"You lack substance, as if you aren't quite fully here.\", expected struct EffectNamedValue" }, JsonParse { path: "effect_type", detail: "Failed to deserialize effect_type 'mutagen_chelator': invalid type: string \"You took a dose of chelator.  Any mutagenic drugs in your body are being purged.\", expected struct EffectNamedValue" }, JsonParse { path: "effect_type", detail: "Failed to deserialize effect_type 'alienfoodpoison': invalid type: string \"Your stomach is extremely upset, and you are quite nauseated.\", expected struct EffectNamedValue" }, JsonParse { path: "effect_type", detail: "Failed to deserialize effect_type 'nausea': invalid type: string \"You are nauseous and may lead to vomiting.\", expected struct EffectNamedValue" }, JsonParse { path: "effect_type", detail: "Failed to deserialize effect_type 'invisibility': invalid type: string \"You are invisible.\", expected struct EffectNamedValue" }, JsonParse { path: "effect_type", detail: "Failed to deserialize effect_type 'grown_of_fuse': invalid type: floating point `0.01`, expected i32" }, JsonParse { path: "effect_type", detail: "Failed to deserialize effect_type 'hypervitaminosis': invalid type: string \"An excess of vitamins has badly affected your metabolism.\", expected struct EffectNamedValue" }, JsonParse { path: "effect_type", detail: "Failed to deserialize effect_type 'stimpack': invalid type: string \"You feel sluggish and slow.\", expected struct EffectNamedValue" }, JsonParse { path: "effect_type", detail: "Failed to deserialize effect_type 'narrow_viewpoint': invalid type: string \"Space is warped around you such that you can see less and as if everything was farther away.\", expected struct EffectNamedValue" }, JsonParse { path: "effect_type", detail: "Failed to deserialize effect_type 'deaf': invalid type: string \"Your hearing is impaired.\", expected struct EffectNamedValue" }, JsonParse { path: "effect_type", detail: "Failed to deserialize effect_type 'nauseating_smell': invalid type: string \"Something smells unbelievably foul.\", expected struct EffectNamedValue" }, JsonParse { path: "effect_type", detail: "Failed to deserialize effect_type 'emp': invalid type: string \"You've been recently affected by an electromagnetic pulse.\", expected struct EffectNamedValue" }, JsonParse { path: "effect_type", detail: "Failed to deserialize effect_type 'skunk_spray': invalid type: string \"You were sprayed by a skunk!\", expected struct EffectNamedValue" }, JsonParse { path: "effect_type", detail: "Failed to deserialize effect_type 'eff_mind_seeing_bonus_30': invalid type: string \"\", expected struct EffectNamedValue" }, JsonParse { path: "effect_type", detail: "Failed to deserialize effect_type 'high': invalid type: string \"You are high as a kite.\", expected struct EffectNamedValue" }, JsonParse { path: "effect_type", detail: "Failed to deserialize effect_type 'asocial_satisfied': invalid type: string \"Being on your own makes you feel good.\", expected struct EffectNamedValue" }, JsonParse { path: "effect_type", detail: "Failed to deserialize effect_type 'bile': invalid type: string \"You're splattered with a greasy layer of liquified putrescence.\", expected struct EffectNamedValue" }, JsonParse { path: "effect_type", detail: "Failed to deserialize effect_type 'electrocuted': invalid type: string \"You're being shocked with electricity to the point of serious harm!\", expected struct EffectNamedValue" }, JsonParse { path: "effect_type", detail: "Failed to deserialize effect_type 'took_anticonvulsant_visible': invalid type: string \"You took anticonvulsant drugs some time ago and you might still be under its influence.\\nPrescription note says its effect duration may vary, so your estimate may be inaccurate.\", expected struct EffectNamedValue" }, JsonParse { path: "effect_type", detail: "Failed to deserialize effect_type 'panacea': invalid type: string \"You feel incredible!  You could take on the world!\", expected struct EffectNamedValue" }, JsonParse { path: "effect_type", detail: "Failed to deserialize effect_type 'star_vampire_blood_drank': invalid type: string \"The star vampire has drunk blood and is now visible.\", expected struct EffectNamedValue" }, JsonParse { path: "effect_type", detail: "Failed to deserialize effect_type 'slow_descent': invalid type: string \"You are descending at a safe speed.\", expected struct EffectNamedValue" }, JsonParse { path: "effect_type", detail: "Failed to deserialize effect_type 'eff_mind_seeing_bonus_20': invalid type: string \"\", expected struct EffectNamedValue" }, JsonParse { path: "effect_type", detail: "Failed to deserialize effect_type 'maimed_capacitor': invalid type: string \"Maimed Capacitor\", expected struct EffectNamedValue" }, JsonParse { path: "effect_type", detail: "Failed to deserialize effect_type 'critter_well_fed': invalid type: string \"Well Fed\", expected struct EffectNamedValue" }, JsonParse { path: "effect_type", detail: "Failed to deserialize effect_type 'bloodworms': invalid type: string \"You aren't sure what's wrong with you but you don't feel well.\", expected struct EffectNamedValue" }, JsonParse { path: "effect_type", detail: "Failed to deserialize effect_type 'grabbing_5': invalid type: string \"Grabbing another creature and holding them in place with a fifth appendage.\", expected struct EffectNamedValue" }, JsonParse { path: "effect_type", detail: "Failed to deserialize effect_type 'weary_8': invalid type: string \"You've been extremely active for a while, and can no longer keep pushing.\\nThe following move penalties are applied for the following activity levels:\\nExtreme: 10x, Active: 8x, Brisk: 6x, Moderate: 4x, Light: 2x\", expected struct EffectNamedValue" }, JsonParse { path: "effect_type", detail: "Failed to deserialize effect_type 'prosthetic_arm_r_fake_blocker': invalid type: string \"\", expected struct EffectNamedValue" }, JsonParse { path: "effect_type", detail: "Failed to deserialize effect_type 'tpollen': invalid type: string \"The pollen makes it hard to breathe!\", expected struct EffectNamedValue" }, JsonParse { path: "effect_type", detail: "Failed to deserialize effect_type 'tapeworm': invalid type: string \"You aren't sure what's wrong with you but you don't feel well.\", expected struct EffectNamedValue" }, JsonParse { path: "effect_type", detail: "Failed to deserialize effect_type 'weary_5': invalid type: string \"You've been extremely active for a while, and can't take much more activity.\\nThe following move penalties are applied for the following activity levels:\\nExtreme: 10x, Active: 8x, Brisk: 6x, Moderate: 4x, Light: 2x\", expected struct EffectNamedValue" }, JsonParse { path: "effect_type", detail: "Failed to deserialize effect_type 'heating_bionic': invalid type: string \"At least one of your bionics is producing heat and warming you.\", expected struct EffectNamedValue" }, JsonParse { path: "effect_type", detail: "Failed to deserialize effect_type 'disinfected': invalid type: string \"The wounds on your %s are disinfected.\", expected struct EffectNamedValue" }, JsonParse { path: "effect_type", detail: "Failed to deserialize effect_type 'under_operation': invalid type: string \"You are being operated on.  Try to stay still.\", expected struct EffectNamedValue" }, JsonParse { path: "effect_type", detail: "Failed to deserialize effect_type 'betablock': invalid type: string \"You are under the influence of a beta blocker.  This controls your heart rate, decreasing the influence of stressful events such as pain on it.  However, it also lowers blood pressure and induces sleepiness.\", expected struct EffectNamedValue" }, JsonParse { path: "effect_type", detail: "Failed to deserialize effect_type 'snow_glare': invalid type: string \"The sunlight is reflecting off the snow.\", expected struct EffectNamedValue" }, JsonParse { path: "effect_type", detail: "Failed to deserialize effect_type 'maimed_leg': invalid type: string \"Maimed Legs\", expected struct EffectNamedValue" }, JsonParse { path: "effect_type", detail: "Failed to deserialize effect_type 'effect_claw_manipulation_penalty': invalid type: string \"\", expected struct EffectNamedValue" }, JsonParse { path: "effect_type", detail: "Failed to deserialize effect_type 'onfire': invalid type: string \"Loss of health - Entire Body\\nYour clothing and other equipment may be consumed by the flames.\", expected struct EffectNamedValue" }, JsonParse { path: "effect_type", detail: "Failed to deserialize effect_type 'supercharged': invalid type: string \"You've been struck by lightning, and feel… different.\", expected struct EffectNamedValue" }, JsonParse { path: "effect_type", detail: "Failed to deserialize effect_type 'fungus': invalid type: string \"6 h\", expected i32" }, JsonParse { path: "effect_type", detail: "Failed to deserialize effect_type 'LIXA_illuminated': invalid type: string \"You're covered in congealed light!\", expected struct EffectNamedValue" }, JsonParse { path: "effect_type", detail: "Failed to deserialize effect_type 'regen_serum_main': invalid type: string \"You just took a shot of some weird stuff.  You feel sleepy, nauseous, and generally weak, but your wounds are closing up at an unnatural pace.\", expected struct EffectNamedValue" }, JsonParse { path: "effect_type", detail: "Failed to deserialize effect_type 'no_sight': invalid type: string \"You can't see very far from this spot.\", expected struct EffectNamedValue" }, JsonParse { path: "effect_type", detail: "Failed to deserialize effect_type 'mutagenic_slurry': invalid type: string \"Your stomach feels like it's burning.  Hopefully that was a good idea…\", expected struct EffectNamedValue" }, JsonParse { path: "effect_type", detail: "Failed to deserialize effect_type 'tummy_tablet': invalid type: string \"You are under the effects of a stomach soother.\", expected struct EffectNamedValue" }, JsonParse { path: "effect_type", detail: "Failed to deserialize effect_type 'mutagen_rat': invalid type: string \"You consumed rat primer.\", expected struct EffectNamedValue" }, JsonParse { path: "effect_type", detail: "Failed to deserialize effect_type 'stim': invalid type: string \"You're very jittery and pumped up, probably from some stimulants.\", expected struct EffectNamedValue" }, JsonParse { path: "effect_type", detail: "Failed to deserialize effect_type 'hunger_full': invalid type: string \"You feel quite full, and a bit sluggish.\", expected struct EffectNamedValue" }, JsonParse { path: "effect_type", detail: "Failed to deserialize effect_type 'Shadow_Reveal': invalid type: string \"Revealed\", expected struct EffectNamedValue" }, JsonParse { path: "effect_type", detail: "Failed to deserialize effect_type 'mutagen_ursine': invalid type: string \"You consumed ursine primer.\", expected struct EffectNamedValue" }, JsonParse { path: "effect_type", detail: "Failed to deserialize effect_type 'taint': invalid type: string \"You are disoriented as strange visions flash through your mind.\", expected struct EffectNamedValue" }, JsonParse { path: "effect_type", detail: "Failed to deserialize effect_type 'sludged': invalid type: string \"You're standing in sludge!\", expected struct EffectNamedValue" }, JsonParse { path: "effect_type", detail: "Failed to deserialize effect_type 'adrenaline_mycus': invalid type: string \"Our fibers are stretched near breaking.  Local power diverted to regenerate.\", expected struct EffectNamedValue" }, JsonParse { path: "effect_type", detail: "Failed to deserialize effect_type 'nl_phase_goo': invalid type: string \"Your body is partially out of phase with reality.  You move much more slowly, but you might be able to phase through some obstacles with ease.\", expected struct EffectNamedValue" }, JsonParse { path: "effect_type", detail: "Failed to deserialize effect_type 'recover': invalid type: string \"You are recovering from an infection.\", expected struct EffectNamedValue" }, JsonParse { path: "effect_type", detail: "Failed to deserialize effect_type 'maimed_armor': invalid type: string \"Cracked Shell\", expected struct EffectNamedValue" }, JsonParse { path: "effect_type", detail: "Failed to deserialize effect_type 'LIXA_decompressed': invalid type: string \"For an instant, every inch of this infinite space is itself infinite, slowing you drastically.\", expected struct EffectNamedValue" }, JsonParse { path: "effect_type", detail: "Failed to deserialize effect_type 'venom_dmg': invalid type: string \"The wound swells visibly and burns like hell.\", expected struct EffectNamedValue" }, JsonParse { path: "effect_type", detail: "Failed to deserialize effect_type 'mutagen_fish': invalid type: string \"You consumed fish primer.\", expected struct EffectNamedValue" }, JsonParse { path: "effect_type", detail: "Failed to deserialize effect_type 'immobilization': invalid type: string \"You can't move!\", expected struct EffectNamedValue" }, JsonParse { path: "effect_type", detail: "Failed to deserialize effect_type 'maimed_wings': invalid type: string \"Maimed Wings\", expected struct EffectNamedValue" }, JsonParse { path: "effect_type", detail: "Failed to deserialize effect_type 'steroid_eye': invalid type: string \"You have used steroid eye drops recently.\", expected struct EffectNamedValue" }, JsonParse { path: "effect_type", detail: "Failed to deserialize effect_type 'bile_irritant': invalid type: string \"Acidic boomer bile is irritating your skin.\", expected struct EffectNamedValue" }, JsonParse { path: "effect_type", detail: "Failed to deserialize effect_type 'aimed_60mm': invalid type: string \"\", expected struct EffectNamedValue" }, JsonParse { path: "effect_type", detail: "Failed to deserialize effect_type 'downed': invalid type: string \"You're knocked to the ground.  You have to get up before you can move.\", expected struct EffectNamedValue" }, JsonParse { path: "effect_type", detail: "Failed to deserialize effect_type 'redcells_anemia': invalid type: string \"Loss of red blood cells results in progressively worsening anemia.\", expected struct EffectNamedValue" }, JsonParse { path: "effect_type", detail: "Failed to deserialize effect_type 'effect_polyp_out_of_phase': invalid type: string \"You are not entirely present in baseline reality.\", expected struct EffectNamedValue" }, JsonParse { path: "effect_type", detail: "Failed to deserialize effect_type 'tied': invalid type: string \"Tied Up\", expected struct EffectNamedValue" }, JsonParse { path: "effect_type", detail: "Failed to deserialize effect_type 'social_dissatisfied': invalid type: string \"You feel a little lonely.\", expected struct EffectNamedValue" }, JsonParse { path: "effect_type", detail: "Failed to deserialize effect_type 'winded_crab_leg': invalid type: string \"You're short of breath.  One of your crab legs has impaired function until you recover.\", expected struct EffectNamedValue" }, JsonParse { path: "effect_type", detail: "Failed to deserialize effect_type 'toxin_buildup': invalid type: string \"\", expected struct EffectNamedValue" }, JsonParse { path: "effect_type", detail: "Failed to deserialize effect_type 'molting': invalid type: string \"You feel a strong urge to hide somewhere safe.\", expected struct EffectNamedValue" }, JsonParse { path: "effect_type", detail: "Failed to deserialize effect_type 'staggered_character': invalid type: string \"You've been knocked off-balance by an attack.\", expected struct EffectNamedValue" }, JsonParse { path: "effect_type", detail: "Failed to deserialize effect_type 'weed_high': invalid type: integer `1`, expected a boolean" }, JsonParse { path: "effect_type", detail: "Failed to deserialize effect_type 'strengthened_gravity': invalid type: string \"Something is wrong with local spacetime and everything near you seems to weigh more.\", expected struct EffectNamedValue" }, JsonParse { path: "effect_type", detail: "Failed to deserialize effect_type 'maimed_huntsman_arm': invalid type: string \"Broken Appendage\", expected struct EffectNamedValue" }, JsonParse { path: "effect_type", detail: "Failed to deserialize effect_type 'rat': invalid type: floating point `-0.5`, expected i32" }, JsonParse { path: "effect_type", detail: "Failed to deserialize effect_type 'no_power_leg': invalid type: string \"You're low on power.  Your leg is operating in emergency mode and has limited function.\", expected struct EffectNamedValue" }, JsonParse { path: "effect_type", detail: "Failed to deserialize effect_type 'blind': invalid type: string \"Range of Sight: 0.  You cannot see anything.\", expected struct EffectNamedValue" }, JsonParse { path: "effect_type", detail: "Failed to deserialize effect_type 'corroding': invalid type: string \"You're covered in acid!\", expected struct EffectNamedValue" }, JsonParse { path: "effect_type", detail: "Failed to deserialize effect_type 'pd_per_bad': invalid type: string \"You have problems distinguishing shapes and colors.\", expected struct EffectNamedValue" }, JsonParse { path: "effect_type", detail: "Failed to deserialize effect_type 'npc_run_away': invalid type: string \"Running Away\", expected struct EffectNamedValue" }, JsonParse { path: "effect_type", detail: "Failed to deserialize effect_type 'prophylactic_antivenom': invalid type: string \"You are temporarily resistant to venoms.\", expected struct EffectNamedValue" }, JsonParse { path: "effect_type", detail: "Failed to deserialize effect_type 'was_laserlocked': invalid type: string \"\", expected struct EffectNamedValue" }, JsonParse { path: "effect_type", detail: "Failed to deserialize effect_type 'hallucinogenic_acid_heavy': invalid type: string \"You've been exposed to thick fungal acid fumes!\", expected struct EffectNamedValue" }, JsonParse { path: "effect_type", detail: "Failed to deserialize effect_type 'milked': invalid type: string \"Milked\", expected struct EffectNamedValue" }, JsonParse { path: "effect_type", detail: "Failed to deserialize effect_type 'playing_instrument': invalid type: string \"You're playing an instrument.\\nFocusing on playing music distracts you, slowing you down.\", expected struct EffectNamedValue" }, JsonParse { path: "effect_type", detail: "Failed to deserialize effect_type 'teargas': invalid type: string \"You've been exposed to tear gas!\", expected struct EffectNamedValue" }, JsonParse { path: "effect_type", detail: "Failed to deserialize effect_type 'quadruped_full': invalid type: string \"\", expected struct EffectNamedValue" }, JsonParse { path: "effect_type", detail: "Failed to deserialize effect_type 'HACK_camp_vision_for_npc': invalid type: string \"\", expected struct EffectNamedValue" }, JsonParse { path: "effect_type", detail: "Failed to deserialize effect_type 'dermatik_visible': invalid type: string \"You can feel something wriggling beneath the skin…\", expected struct EffectNamedValue" }, JsonParse { path: "effect_type", detail: "Failed to deserialize effect_type 'pd_int_bad': invalid type: string \"Your thoughts seem to wander around on their own.\", expected struct EffectNamedValue" }, JsonParse { path: "effect_type", detail: "Failed to deserialize effect_type 'sleep_deprived': invalid type: string \"Your sleep debt has been steadily increasing for a while.  You should get some rest.\", expected struct EffectNamedValue" }, JsonParse { path: "effect_type", detail: "Failed to deserialize effect_type 'common_cold_immunity': invalid type: string \"Common cold antibodies in your bloodstream prevent you from catching common cold.\", expected struct EffectNamedValue" }, JsonParse { path: "effect_type", detail: "Failed to deserialize effect_type 'winded_arm': invalid type: string \"You're short of breath.  Your arm has impaired function until you recover.\", expected struct EffectNamedValue" }, JsonParse { path: "effect_type", detail: "Failed to deserialize effect_type 'effect_shocker_zombie_charge_up': invalid type: string \"Sparks occasionally crackle across the monster's skin.\", expected struct EffectNamedValue" }, JsonParse { path: "effect_type", detail: "Failed to deserialize effect_type 'maimed_mandible': invalid type: string \"Maimed Mandibles\", expected struct EffectNamedValue" }, JsonParse { path: "effect_type", detail: "Failed to deserialize effect_type 'photophobia': invalid type: string \"Photophobia\", expected struct EffectNamedValue" }, JsonParse { path: "effect_type", detail: "Failed to deserialize effect_type 'visuals': invalid type: string \"You can't trust everything that you see.\", expected struct EffectNamedValue" }, JsonParse { path: "effect_type", detail: "Failed to deserialize effect_type 'formication': invalid type: floating point `-0.34`, expected i32" }, JsonParse { path: "effect_type", detail: "Failed to deserialize effect_type 'harnessed': invalid type: string \"Harnessed\", expected struct EffectNamedValue" }, JsonParse { path: "effect_type", detail: "Failed to deserialize effect_type 'slowed_time': invalid type: string \"Something is wrong with local spacetime and everything around seems to move faster than you.\", expected struct EffectNamedValue" }, JsonParse { path: "effect_type", detail: "Failed to deserialize effect_type 'assisted': invalid type: string \"You're receiving assistance to practice a surgery.\", expected struct EffectNamedValue" }, JsonParse { path: "effect_type", detail: "Failed to deserialize effect_type 'took_thorazine': invalid type: integer `64800`, expected a string" }, JsonParse { path: "effect_type", detail: "Failed to deserialize effect_type 'in_pit': invalid type: string \"You're stuck in a pit.  Sight distance is limited and you have to climb out.\", expected struct EffectNamedValue" }, JsonParse { path: "effect_type", detail: "Failed to deserialize effect_type 'eff_mind_seeing_bonus_10': invalid type: string \"\", expected struct EffectNamedValue" }, JsonParse { path: "effect_type", detail: "Failed to deserialize effect_type 'happy': invalid type: string \"Life is good.\", expected struct EffectNamedValue" }, JsonParse { path: "effect_type", detail: "Failed to deserialize effect_type 'VITRIFYING': invalid type: string \"It is very peaceful here.\", expected struct EffectNamedValue" }, JsonParse { path: "effect_type", detail: "Failed to deserialize effect_type 'winded': invalid type: string \"You're short of breath.  Running and fighting will be difficult until you recover.\", expected struct EffectNamedValue" }, JsonParse { path: "effect_type", detail: "Failed to deserialize effect_type 'mutagen_lizard': invalid type: string \"You consumed lizard primer.\", expected struct EffectNamedValue" }, JsonParse { path: "effect_type", detail: "Failed to deserialize effect_type 'slimed': invalid type: string \"You're covered in thick goo!\", expected struct EffectNamedValue" }, JsonParse { path: "effect_type", detail: "Failed to deserialize effect_type 'LIXA_unfolded_eff': invalid type: string \"There is no longer an inside or outside of you.  It is all one side; flat, infinite, and everything you have ever been.  You wonder if you're having no trouble understanding it because your brain works better spread out like this.\", expected struct EffectNamedValue" }, JsonParse { path: "effect_type", detail: "Failed to deserialize effect_type 'sunscreen': invalid type: string \"You applied sunscreen and should be protected from the sun rays for about two hours.\", expected struct EffectNamedValue" }, JsonParse { path: "effect_type", detail: "Failed to deserialize effect_type 'strong_antibiotic': invalid type: integer `43200`, expected a string" }, JsonParse { path: "effect_type", detail: "Failed to deserialize effect_type 'took_antihistamine': invalid type: string \"You have taken an antihistamine drug recently.\", expected struct EffectNamedValue" }, JsonParse { path: "effect_type", detail: "Failed to deserialize effect_type 'weary_1': invalid type: string \"You've been pretty active for a while; operating at the highest levels of activity will be impaired.\\nThe following move penalties are applied for the following activity levels:\\nExtreme: 1.25x\", expected struct EffectNamedValue" }, JsonParse { path: "effect_type", detail: "Failed to deserialize effect_type 'genetics_damaged': invalid type: string \"Mutation has left you with a persistent mild discomfort.  It seems harmless for now, but you can't predict if it'll get worse.\", expected struct EffectNamedValue" }, JsonParse { path: "effect_type", detail: "Failed to deserialize effect_type 'hallucinogenic_acid_light': invalid type: string \"You've been exposed to fungal acid fumes!\", expected struct EffectNamedValue" }, JsonParse { path: "effect_type", detail: "Failed to deserialize effect_type 'grabbed': invalid type: string \"You have been grabbed and held in place by an attack.  You're not able to move until breaking the grab, and depending on the strength of your opponent using this limb is difficult to impossible.\\nWait in place or attempt to move without attacking to try and remove this effect.\", expected struct EffectNamedValue" }, JsonParse { path: "effect_type", detail: "Failed to deserialize effect_type 'mutagen_lupine': invalid type: string \"You consumed lupine primer.\", expected struct EffectNamedValue" }, JsonParse { path: "faction", detail: "Failed to deserialize faction 'no_faction': invalid type: map, expected a sequence" }, JsonParse { path: "faction", detail: "Failed to deserialize faction 'balthazar_fac': invalid type: map, expected a sequence" }, JsonParse { path: "faction", detail: "Failed to deserialize faction 'isolated_artisans': missing field `resource`" }, JsonParse { path: "faction", detail: "Failed to deserialize faction 'hells_raiders': invalid type: map, expected a sequence" }, JsonParse { path: "faction", detail: "Failed to deserialize faction 'tacoma_commune': missing field `resource`" }, JsonParse { path: "faction", detail: "Failed to deserialize faction 'apis_hive': invalid type: map, expected a sequence" }, JsonParse { path: "faction", detail: "Failed to deserialize faction 'slaves': invalid type: map, expected a sequence" }, JsonParse { path: "faction", detail: "Failed to deserialize faction 'marloss': invalid type: map, expected a sequence" }, JsonParse { path: "faction", detail: "Failed to deserialize faction 'lapin': invalid type: map, expected a sequence" }, JsonParse { path: "faction", detail: "Failed to deserialize faction 'old_guard': invalid type: map, expected a sequence" }, JsonParse { path: "faction", detail: "Failed to deserialize faction 'gods_community': invalid type: map, expected a sequence" }, JsonParse { path: "faction", detail: "Failed to deserialize faction 'prisoners': invalid type: map, expected a sequence" }, JsonParse { path: "faction", detail: "Failed to deserialize faction 'GM_militia_faction': invalid type: map, expected a sequence" }, JsonParse { path: "faction", detail: "Failed to deserialize faction 'wasteland_scavengers': invalid type: map, expected a sequence" }, JsonParse { path: "faction", detail: "Failed to deserialize faction 'robofac_auxiliaries': invalid type: map, expected a sequence" }, JsonParse { path: "faction", detail: "Failed to deserialize faction 'amf': invalid type: map, expected a sequence" }, JsonParse { path: "faction", detail: "Failed to deserialize faction 'robofac': missing field `resource`" }, JsonParse { path: "faction", detail: "Failed to deserialize faction 'free_merchants': missing field `resource`" }, JsonParse { path: "faction", detail: "Failed to deserialize faction 'the_great_library': missing field `resource`" }, JsonParse { path: "faction", detail: "Failed to deserialize faction 'lobby_beggars': invalid type: map, expected a sequence" }, JsonParse { path: "faction", detail: "Failed to deserialize faction 'your_followers': invalid type: map, expected a sequence" }, JsonParse { path: "faction", detail: "Failed to deserialize faction 'exodii': missing field `resource`" }, JsonParse { path: "faction", detail: "Failed to deserialize faction 'robofac_auxiliaries_chop_shop': invalid type: map, expected a sequence" }, JsonParse { path: "faction", detail: "Failed to deserialize faction 'isherwood_family': invalid type: map, expected a sequence" }, JsonParse { path: "faction", detail: "Failed to deserialize faction 'fisherman_family': invalid type: map, expected a sequence" }, JsonParse { path: "scenario", detail: "Failed to deserialize scenario 'last_delivery': invalid type: string \"MISSION_LAST_DELIVERY\", expected struct ScenarioMission" }, JsonParse { path: "scenario", detail: "Failed to deserialize scenario 'camp_attack_start': invalid type: map, expected a boolean" }, JsonParse { path: "scenario", detail: "Failed to deserialize scenario 'friend_liam': invalid type: string \"MISSION_FIND_LIAM\", expected struct ScenarioMission" }, JsonParse { path: "scenario", detail: "Failed to deserialize scenario 'heli_crash': invalid type: string \"MISSION_HELICOPTER_CRASH\", expected struct ScenarioMission" }, JsonParse { path: "scenario", detail: "Failed to deserialize scenario 'faction_camp_start': invalid type: map, expected a boolean" }, JsonParse { path: "scenario", detail: "Failed to deserialize scenario 'Mansion': invalid type: string \"MISSION_MANSION_START\", expected struct ScenarioMission" }, JsonParse { path: "scenario", detail: "Failed to deserialize scenario 'ambushed': invalid type: map, expected a boolean" }, JsonParse { path: "scenario", detail: "Failed to deserialize scenario 'close_encounter_start': invalid type: string \"MISSION_KILL_NEMESIS\", expected struct ScenarioMission" }, JsonParse { path: "scenario", detail: "Failed to deserialize scenario 'hunted_forever_start': invalid type: string \"MISSION_SURVIVE_NEMESIS\", expected struct ScenarioMission" }, JsonParse { path: "scenario", detail: "Failed to deserialize scenario 'alone': invalid type: map, expected a boolean" }, JsonParse { path: "scenario", detail: "Failed to deserialize scenario 'hunted_start': invalid type: string \"MISSION_KILL_NEMESIS\", expected struct ScenarioMission" }, JsonParse { path: "scenario", detail: "Failed to deserialize scenario 'summer_advanced_start': invalid type: map, expected a boolean" }, JsonParse { path: "scenario", detail: "Failed to deserialize scenario 'last_flight': invalid type: string \"MISSION_HELICOPTER_REFUEL\", expected struct ScenarioMission" }, JsonParse { path: "scenario", detail: "Failed to deserialize scenario 'a_moonlit_night_start': invalid type: map, expected a boolean" }, JsonParse { path: "scenario", detail: "Failed to deserialize scenario 'migo_prisoner': invalid type: map, expected a boolean" }, JsonParse { path: "material", detail: "Failed to deserialize material 'wool': invalid type: floating point `1.4`, expected u32" }, JsonParse { path: "material", detail: "Failed to deserialize material 'feces': invalid type: floating point `1.1`, expected u32" }, JsonParse { path: "material", detail: "Failed to deserialize material 'canvas': invalid type: floating point `1.6`, expected u32" }, JsonParse { path: "material", detail: "Failed to deserialize material 'canvas_quilted': invalid type: floating point `1.6`, expected u32" }, JsonParse { path: "material", detail: "Failed to deserialize material 'canvas_quilted_2': invalid type: floating point `1.6`, expected u32" }, JsonParse { path: "material", detail: "Failed to deserialize material 'hydrocarbons': invalid type: floating point `0.7`, expected u32" }, JsonParse { path: "material", detail: "Failed to deserialize material 'lamp_oil': invalid type: floating point `0.81`, expected u32" }, JsonParse { path: "material", detail: "Failed to deserialize material 'tin': invalid type: floating point `7.27`, expected u32" }, JsonParse { path: "material", detail: "Failed to deserialize material 'bean': invalid type: floating point `1.1`, expected u32" }, JsonParse { path: "material", detail: "Failed to deserialize material 'dried_vegetable': invalid type: floating point `1.1`, expected u32" }, JsonParse { path: "material", detail: "Failed to deserialize material 'diamond': invalid type: floating point `3.53`, expected u32" }, JsonParse { path: "material", detail: "Failed to deserialize material 'rubber': invalid type: floating point `1.6`, expected u32" }, JsonParse { path: "material", detail: "Failed to deserialize material 'chitin_light': invalid type: floating point `1.45`, expected u32" }, JsonParse { path: "material", detail: "Failed to deserialize material 'acid': invalid type: floating point `1.83`, expected u32" }, JsonParse { path: "material", detail: "Failed to deserialize material 'mut_fur': invalid type: floating point `1.1`, expected u32" }, JsonParse { path: "material", detail: "Failed to deserialize material 'carbide': invalid type: floating point `16.0`, expected u32" }, JsonParse { path: "material", detail: "Failed to deserialize material 'turpentine': invalid type: floating point `0.87`, expected u32" }, JsonParse { path: "material", detail: "Failed to deserialize material 'paint': invalid type: floating point `1.3`, expected u32" }, JsonParse { path: "material", detail: "Failed to deserialize material 'mushroom': invalid type: floating point `1.1`, expected u32" }, JsonParse { path: "material", detail: "Failed to deserialize material 'mold': invalid type: floating point `1.1`, expected u32" }, JsonParse { path: "material", detail: "Failed to deserialize material 'hflesh': invalid type: floating point `1.1`, expected u32" }, JsonParse { path: "material", detail: "Failed to deserialize material 'nut': invalid type: floating point `1.1`, expected u32" }, JsonParse { path: "material", detail: "Failed to deserialize material 'alcohol': invalid type: floating point `1.0`, expected u32" }, JsonParse { path: "material", detail: "Failed to deserialize material 'wood': invalid type: floating point `0.85`, expected u32" }, JsonParse { path: "material", detail: "Failed to deserialize material 'coal': invalid type: floating point `0.931`, expected u32" }, JsonParse { path: "material", detail: "Failed to deserialize material 'fancy_bronze': invalid type: floating point `8.8`, expected u32" }, JsonParse { path: "material", detail: "Failed to deserialize material 'platinum': invalid type: floating point `21.45`, expected u32" }, JsonParse { path: "material", detail: "Failed to deserialize material 'stone': invalid type: floating point `2.8`, expected u32" }, JsonParse { path: "material", detail: "Failed to deserialize material 'slaked_lime': invalid type: floating point `2.34`, expected u32" }, JsonParse { path: "material", detail: "Failed to deserialize material 'soil': invalid type: floating point `1.5`, expected u32" }, JsonParse { path: "material", detail: "Failed to deserialize material 'sand': invalid type: floating point `1.6`, expected u32" }, JsonParse { path: "material", detail: "Failed to deserialize material 'cotton': invalid type: floating point `0.5`, expected u32" }, JsonParse { path: "material", detail: "Failed to deserialize material 'cotton_quilted_salted': invalid type: floating point `0.5`, expected u32" }, JsonParse { path: "material", detail: "Failed to deserialize material 'nylon': invalid type: floating point `1.15`, expected u32" }, JsonParse { path: "material", detail: "Failed to deserialize material 'nylon_2': invalid type: floating point `1.15`, expected u32" }, JsonParse { path: "material", detail: "Failed to deserialize material 'generic_polymer_resin': invalid type: floating point `1.0`, expected u32" }, JsonParse { path: "material", detail: "Failed to deserialize material 'fiberglass': invalid type: floating point `1.8`, expected u32" }, JsonParse { path: "material", detail: "Failed to deserialize material 'carbonfiber': invalid type: floating point `1.55`, expected u32" }, JsonParse { path: "material", detail: "Failed to deserialize material 'carpet_pilling': invalid type: floating point `1.15`, expected u32" }, JsonParse { path: "material", detail: "Failed to deserialize material 'garlic': invalid type: floating point `1.1`, expected u32" }, JsonParse { path: "material", detail: "Failed to deserialize material 'mi-go_bone': invalid type: floating point `2.0`, expected u32" }, JsonParse { path: "material", detail: "Failed to deserialize material 'quicklime': invalid type: floating point `3.34`, expected u32" }, JsonParse { path: "material", detail: "Failed to deserialize material 'ch_steel': invalid type: floating point `8.0`, expected u32" }, JsonParse { path: "material", detail: "Failed to deserialize material 'propane': invalid type: floating point `0.7`, expected u32" }, JsonParse { path: "material", detail: "Failed to deserialize material 'diesel': invalid type: floating point `0.85`, expected u32" }, JsonParse { path: "material", detail: "Failed to deserialize material 'rhodonite': invalid type: floating point `3.7`, expected u32" }, JsonParse { path: "material", detail: "Failed to deserialize material 'water': invalid type: floating point `1.0`, expected u32" }, JsonParse { path: "material", detail: "Failed to deserialize material 'mi-go_blood': invalid type: floating point `1.0`, expected u32" }, JsonParse { path: "material", detail: "Failed to deserialize material 'crude_lamp_oil': invalid type: floating point `0.81`, expected u32" }, JsonParse { path: "material", detail: "Failed to deserialize material 'uran_cell': invalid type: floating point `19.0`, expected u32" }, JsonParse { path: "material", detail: "Failed to deserialize material 'plastic': invalid type: floating point `1.0`, expected u32" }, JsonParse { path: "material", detail: "Failed to deserialize material 'composite_transp': invalid type: floating point `1.0`, expected u32" }, JsonParse { path: "material", detail: "Failed to deserialize material 'bone': invalid type: floating point `1.4`, expected u32" }, JsonParse { path: "material", detail: "Failed to deserialize material 'flesh': invalid type: floating point `1.1`, expected u32" }, JsonParse { path: "material", detail: "Failed to deserialize material 'mi-go_flesh': invalid type: floating point `1.1`, expected u32" }, JsonParse { path: "material", detail: "Failed to deserialize material 'faux_fur': invalid type: floating point `1.1`, expected u32" }, JsonParse { path: "material", detail: "Failed to deserialize material 'copper': invalid type: floating point `8.96`, expected u32" }, JsonParse { path: "material", detail: "Failed to deserialize material 'plastic_pad': invalid type: floating point `1.0`, expected u32" }, JsonParse { path: "material", detail: "Failed to deserialize material 'lc_steel': invalid type: floating point `8.0`, expected u32" }, JsonParse { path: "material", detail: "Failed to deserialize material 'leather': invalid type: floating point `1.1`, expected u32" }, JsonParse { path: "material", detail: "Failed to deserialize material 'silver': invalid type: floating point `10.49`, expected u32" }, JsonParse { path: "material", detail: "Failed to deserialize material 'exodii_ceramic': invalid type: floating point `6.5`, expected u32" }, JsonParse { path: "material", detail: "Failed to deserialize material 'rdx': invalid type: floating point `1.806`, expected u32" }, JsonParse { path: "material", detail: "Failed to deserialize material 'mercury': invalid type: floating point `13.53`, expected u32" }, JsonParse { path: "material", detail: "Failed to deserialize material 'freshclay': invalid type: floating point `1.76`, expected u32" }, JsonParse { path: "material", detail: "Failed to deserialize material 'chitin': invalid type: floating point `1.45`, expected u32" }, JsonParse { path: "material", detail: "Failed to deserialize material 'clay': invalid type: floating point `1.6`, expected u32" }, JsonParse { path: "material", detail: "Failed to deserialize material 'yrax_quartz': invalid type: floating point `4.5`, expected u32" }, JsonParse { path: "material", detail: "Failed to deserialize material 'tnt': invalid type: floating point `1.654`, expected u32" }, JsonParse { path: "material", detail: "Failed to deserialize material 'superalloy': invalid type: floating point `1.8`, expected u32" }, JsonParse { path: "material", detail: "Failed to deserialize material 'epoxy': invalid type: floating point `1.0`, expected u32" }, JsonParse { path: "material", detail: "Failed to deserialize material 'wheat': invalid type: floating point `1.1`, expected u32" }, JsonParse { path: "material", detail: "Failed to deserialize material 'wool_quilted': invalid type: floating point `1.4`, expected u32" }, JsonParse { path: "material", detail: "Failed to deserialize material 'cheese': invalid type: floating point `1.1`, expected u32" }, JsonParse { path: "material", detail: "Failed to deserialize material 'beeswax': invalid type: floating point `0.97`, expected u32" }, JsonParse { path: "material", detail: "Failed to deserialize material 'sclerotin_light': invalid type: floating point `1.8`, expected u32" }, JsonParse { path: "material", detail: "Failed to deserialize material 'hair': invalid type: floating point `1.4`, expected u32" }, JsonParse { path: "material", detail: "Failed to deserialize material 'ice_cream': invalid type: floating point `1.1`, expected u32" }, JsonParse { path: "material", detail: "Failed to deserialize material 'asbestos': invalid type: floating point `2.4`, expected u32" }, JsonParse { path: "material", detail: "Failed to deserialize material 'yeast': invalid type: floating point `1.1`, expected u32" }, JsonParse { path: "material", detail: "Failed to deserialize material 'sclerotin': invalid type: floating point `1.9`, expected u32" }, JsonParse { path: "material", detail: "Failed to deserialize material 'denim': invalid type: floating point `1.6`, expected u32" }, JsonParse { path: "material", detail: "Failed to deserialize material 'iflesh': invalid type: floating point `1.1`, expected u32" }, JsonParse { path: "material", detail: "Failed to deserialize material 'salt': invalid type: floating point `2.16`, expected u32" }, JsonParse { path: "material", detail: "Failed to deserialize material 'bronze': invalid type: floating point `8.8`, expected u32" }, JsonParse { path: "material", detail: "Failed to deserialize material 'jp8': invalid type: floating point `0.84`, expected u32" }, JsonParse { path: "material", detail: "Failed to deserialize material 'gold': invalid type: floating point `19.32`, expected u32" }, JsonParse { path: "material", detail: "Failed to deserialize material 'tainted_bone': invalid type: floating point `1.4`, expected u32" }, JsonParse { path: "material", detail: "Failed to deserialize material 'nomex': invalid type: floating point `1.05`, expected u32" }, JsonParse { path: "material", detail: "Failed to deserialize material 'charcoal': invalid type: floating point `0.208`, expected u32" }, JsonParse { path: "material", detail: "Failed to deserialize material 'budget_steel': invalid type: floating point `8.0`, expected u32" }, JsonParse { path: "material", detail: "Failed to deserialize material 'aluminum': invalid type: floating point `2.7`, expected u32" }, JsonParse { path: "material", detail: "Failed to deserialize material 'ceramic': invalid type: floating point `4.5`, expected u32" }, JsonParse { path: "material", detail: "Failed to deserialize material 'damaged_ceramic': invalid type: floating point `4.5`, expected u32" }, JsonParse { path: "material", detail: "Failed to deserialize material 'hard_plastic_transp': invalid type: floating point `1.2`, expected u32" }, JsonParse { path: "material", detail: "Failed to deserialize material 'processed_food': invalid type: floating point `1.1`, expected u32" }, JsonParse { path: "material", detail: "Failed to deserialize material 'mut_bone': invalid type: floating point `1.4`, expected u32" }, JsonParse { path: "material", detail: "Failed to deserialize material 'cured_meat': invalid type: floating point `1.1`, expected u32" }, JsonParse { path: "material", detail: "Failed to deserialize material 'honey': invalid type: floating point `1.45`, expected u32" }, JsonParse { path: "material", detail: "Failed to deserialize material 'crude_oil': invalid type: floating point `0.8`, expected u32" }, JsonParse { path: "material", detail: "Failed to deserialize material 'crystal': invalid type: floating point `3.1`, expected u32" }, JsonParse { path: "material", detail: "Failed to deserialize material 'junk': invalid type: floating point `1.1`, expected u32" }, JsonParse { path: "material", detail: "Failed to deserialize material 'leather_treated': invalid type: floating point `1.1`, expected u32" }, JsonParse { path: "material", detail: "Failed to deserialize material 'dry_plant': invalid type: floating point `1.2`, expected u32" }, JsonParse { path: "material", detail: "Failed to deserialize material 'butyl_rubber': invalid type: floating point `1.2`, expected u32" }, JsonParse { path: "material", detail: "Failed to deserialize material 'lead': invalid type: floating point `11.342`, expected u32" }, JsonParse { path: "material", detail: "Failed to deserialize material 'egg': invalid type: floating point `1.1`, expected u32" }, JsonParse { path: "material", detail: "Failed to deserialize material 'porcelain': invalid type: floating point `1.6`, expected u32" }, JsonParse { path: "material", detail: "Failed to deserialize material 'cotton_quilted': invalid type: floating point `0.5`, expected u32" }, JsonParse { path: "material", detail: "Failed to deserialize material 'gemstone': invalid type: floating point `4.7`, expected u32" }, JsonParse { path: "material", detail: "Failed to deserialize material 'sugar': invalid type: floating point `1.59`, expected u32" }, JsonParse { path: "material", detail: "Failed to deserialize material 'paper': invalid type: floating point `1.2`, expected u32" }, JsonParse { path: "material", detail: "Failed to deserialize material 'kevlar': invalid type: floating point `1.4`, expected u32" }, JsonParse { path: "material", detail: "Failed to deserialize material 'nylon_quilted': invalid type: floating point `1.15`, expected u32" }, JsonParse { path: "material", detail: "Failed to deserialize material 'nylon_quilted_2': invalid type: floating point `1.15`, expected u32" }, JsonParse { path: "material", detail: "Failed to deserialize material 'zinc': invalid type: floating point `7.2`, expected u32" }, JsonParse { path: "material", detail: "Failed to deserialize material 'neoprene': invalid type: floating point `1.25`, expected u32" }, JsonParse { path: "material", detail: "Failed to deserialize material 'oil': invalid type: floating point `1.0`, expected u32" }, JsonParse { path: "material", detail: "Failed to deserialize material 'mc_steel': invalid type: floating point `8.0`, expected u32" }, JsonParse { path: "material", detail: "Failed to deserialize material 'cement': invalid type: floating point `1.44`, expected u32" }, JsonParse { path: "material", detail: "Failed to deserialize material 'nanotubes': invalid type: floating point `3.5`, expected u32" }, JsonParse { path: "material", detail: "Failed to deserialize material 'brass': invalid type: floating point `8.8`, expected u32" }, JsonParse { path: "material", detail: "Failed to deserialize material 'plut_cell': invalid type: floating point `20.0`, expected u32" }, JsonParse { path: "material", detail: "Failed to deserialize material 'acetone': invalid type: floating point `0.784`, expected u32" }, JsonParse { path: "material", detail: "Failed to deserialize material 'vinyl': invalid type: floating point `1.4`, expected u32" }, JsonParse { path: "material", detail: "Failed to deserialize material 'tomato': invalid type: floating point `1.1`, expected u32" }, JsonParse { path: "material", detail: "Failed to deserialize material 'iron': invalid type: floating point `7.3`, expected u32" }, JsonParse { path: "material", detail: "Failed to deserialize material 'fruit': invalid type: floating point `1.1`, expected u32" }, JsonParse { path: "material", detail: "Failed to deserialize material 'mut_scales': invalid type: floating point `1.2`, expected u32" }, JsonParse { path: "material", detail: "Failed to deserialize material 'kevlar_rigid': invalid type: floating point `1.4`, expected u32" }, JsonParse { path: "material", detail: "Failed to deserialize material 'lycra': invalid type: floating point `1.2`, expected u32" }, JsonParse { path: "material", detail: "Failed to deserialize material 'alien_resin': invalid type: floating point `1.5`, expected u32" }, JsonParse { path: "material", detail: "Failed to deserialize material 'down_feathers': invalid type: floating point `0.01`, expected u32" }, JsonParse { path: "material", detail: "Failed to deserialize material 'milk': invalid type: floating point `1.1`, expected u32" }, JsonParse { path: "material", detail: "Failed to deserialize material 'qt_steel': invalid type: floating point `8.0`, expected u32" }, JsonParse { path: "material", detail: "Failed to deserialize material 'biodiesel': invalid type: floating point `0.875`, expected u32" }, JsonParse { path: "material", detail: "Failed to deserialize material 'acidchitin': invalid type: floating point `1.45`, expected u32" }, JsonParse { path: "material", detail: "Failed to deserialize material 'blood': invalid type: floating point `1.06`, expected u32" }, JsonParse { path: "material", detail: "Failed to deserialize material 'bread': invalid type: floating point `0.2`, expected u32" }, JsonParse { path: "material", detail: "Failed to deserialize material 'zincite': invalid type: floating point `5.68`, expected u32" }, JsonParse { path: "material", detail: "Failed to deserialize material 'lvl4ballisticglass': invalid type: floating point `2.0`, expected u32" }, JsonParse { path: "material", detail: "Failed to deserialize material 'foodplace_foodstuff': invalid type: floating point `1.1`, expected u32" }, JsonParse { path: "material", detail: "Failed to deserialize material 'thermo_resin': invalid type: floating point `1.0`, expected u32" }, JsonParse { path: "material", detail: "Failed to deserialize material 'gutskin': invalid type: floating point `1.1`, expected u32" }, JsonParse { path: "material", detail: "Failed to deserialize material 'hc_steel': invalid type: floating point `8.0`, expected u32" }, JsonParse { path: "material", detail: "Failed to deserialize material 'veggy': invalid type: floating point `1.1`, expected u32" }, JsonParse { path: "material", detail: "Failed to deserialize material 'hblood': invalid type: floating point `1.06`, expected u32" }, JsonParse { path: "material", detail: "Failed to deserialize material 'wool_quilted_2': invalid type: floating point `1.4`, expected u32" }, JsonParse { path: "material", detail: "Failed to deserialize material 'fur': invalid type: floating point `1.1`, expected u32" }, JsonParse { path: "material", detail: "Failed to deserialize material 'mut_wood': invalid type: floating point `0.85`, expected u32" }, JsonParse { path: "material", detail: "Failed to deserialize material 'mut_feather': invalid type: floating point `0.8`, expected u32" }, JsonParse { path: "material", detail: "Failed to deserialize material 'glass': invalid type: floating point `2.5`, expected u32" }, JsonParse { path: "material", detail: "Failed to deserialize material 'motor_oil': invalid type: floating point `0.95`, expected u32" }, JsonParse { path: "material", detail: "Failed to deserialize material 'plutonium': invalid type: floating point `19.84`, expected u32" }, JsonParse { path: "material", detail: "Failed to deserialize material 'paraffin_wax': invalid type: floating point `0.86`, expected u32" }, JsonParse { path: "material", detail: "Failed to deserialize material 'avgas': invalid type: floating point `0.69`, expected u32" }, JsonParse { path: "material", detail: "Failed to deserialize material 'kevlar_layered': invalid type: floating point `1.4`, expected u32" }, JsonParse { path: "material", detail: "Failed to deserialize material 'isopropyl': invalid type: floating point `0.786`, expected u32" }, JsonParse { path: "material", detail: "Failed to deserialize material 'gasoline': invalid type: floating point `0.75`, expected u32" }, JsonParse { path: "skill", detail: "Failed to deserialize skill 'stabbing': invalid type: sequence, expected a string" }, JsonParse { path: "skill", detail: "Failed to deserialize skill 'chemistry': invalid type: sequence, expected a string" }, JsonParse { path: "skill", detail: "Failed to deserialize skill 'archery': invalid type: sequence, expected a string" }, JsonParse { path: "skill", detail: "Failed to deserialize skill 'bashing': invalid type: sequence, expected a string" }, JsonParse { path: "skill", detail: "Failed to deserialize skill 'swimming': invalid type: sequence, expected a string" }, JsonParse { path: "skill", detail: "Failed to deserialize skill 'shotgun': invalid type: sequence, expected a string" }, JsonParse { path: "skill", detail: "Failed to deserialize skill 'traps': invalid type: sequence, expected a string" }, JsonParse { path: "skill", detail: "Failed to deserialize skill 'tailor': invalid type: sequence, expected a string" }, JsonParse { path: "skill", detail: "Failed to deserialize skill 'survival': invalid type: sequence, expected a string" }, JsonParse { path: "skill", detail: "Failed to deserialize skill 'pistol': invalid type: sequence, expected a string" }, JsonParse { path: "skill", detail: "Failed to deserialize skill 'smg': invalid type: sequence, expected a string" }, JsonParse { path: "skill", detail: "Failed to deserialize skill 'rifle': invalid type: sequence, expected a string" }, JsonParse { path: "skill", detail: "Failed to deserialize skill 'melee': invalid type: sequence, expected a string" }, JsonParse { path: "skill", detail: "Failed to deserialize skill 'unarmed': invalid type: sequence, expected a string" }, JsonParse { path: "skill", detail: "Failed to deserialize skill 'speech': invalid type: sequence, expected a string" }, JsonParse { path: "skill", detail: "Failed to deserialize skill 'fabrication': invalid type: sequence, expected a string" }, JsonParse { path: "skill", detail: "Failed to deserialize skill 'firstaid': invalid type: sequence, expected a string" }, JsonParse { path: "skill", detail: "Failed to deserialize skill 'dodge': invalid type: sequence, expected a string" }, JsonParse { path: "skill", detail: "Failed to deserialize skill 'mechanics': invalid type: sequence, expected a string" }, JsonParse { path: "skill", detail: "Failed to deserialize skill 'cooking': invalid type: sequence, expected a string" }, JsonParse { path: "skill", detail: "Failed to deserialize skill 'cutting': invalid type: sequence, expected a string" }, JsonParse { path: "skill", detail: "Failed to deserialize skill 'gun': invalid type: sequence, expected a string" }, JsonParse { path: "trap", detail: "Failed to deserialize trap 'tr_bubblewrap': invalid type: map, expected a string" }, JsonParse { path: "trap", detail: "Failed to deserialize trap 'tr_spike_pit': invalid type: map, expected a string" }, JsonParse { path: "trap", detail: "Failed to deserialize trap 'tr_caltrops_teeth': invalid type: map, expected a string" }, JsonParse { path: "trap", detail: "Failed to deserialize trap 'tr_thin_ice': invalid type: map, expected a string" }, JsonParse { path: "trap", detail: "Failed to deserialize trap 'tr_blade': invalid type: map, expected a string" }, JsonParse { path: "trap", detail: "Failed to deserialize trap 'tr_sinkhole': invalid type: map, expected a string" }, JsonParse { path: "trap", detail: "Failed to deserialize trap 'tr_microlab_shifting_hall_2': invalid type: map, expected a string" }, JsonParse { path: "trap", detail: "Failed to deserialize trap 'tr_beartrap': invalid type: map, expected a string" }, JsonParse { path: "trap", detail: "Failed to deserialize trap 'tr_inner_cabins_void': invalid type: map, expected a string" }, JsonParse { path: "trap", detail: "Failed to deserialize trap 'tr_thick_ice': invalid type: map, expected a string" }, JsonParse { path: "trap", detail: "Failed to deserialize trap 'tr_shotgun_2_1': invalid type: map, expected a string" }, JsonParse { path: "trap", detail: "Failed to deserialize trap 'tr_shadow': invalid type: map, expected a string" }, JsonParse { path: "trap", detail: "Failed to deserialize trap 'tr_boobytrap': invalid type: map, expected a string" }, JsonParse { path: "trap", detail: "Failed to deserialize trap 'tr_beartrap_buried': invalid type: map, expected a string" }, JsonParse { path: "trap", detail: "Failed to deserialize trap 'tr_snake': invalid type: map, expected a string" }, JsonParse { path: "trap", detail: "Failed to deserialize trap 'tr_glass': invalid type: map, expected a string" }, JsonParse { path: "trap", detail: "Failed to deserialize trap 'tr_crossbow': invalid type: map, expected a string" }, JsonParse { path: "trap", detail: "Failed to deserialize trap 'tr_glass_pit': invalid type: map, expected a string" }, JsonParse { path: "trap", detail: "Failed to deserialize trap 'tr_goo': invalid type: map, expected a string" }, JsonParse { path: "trap", detail: "Failed to deserialize trap 'tr_shotgun_2': invalid type: map, expected a string" }, JsonParse { path: "trap", detail: "Failed to deserialize trap 'tr_temple_flood': invalid type: map, expected a string" }, JsonParse { path: "trap", detail: "Failed to deserialize trap 'tr_portal': invalid type: map, expected a string" }, JsonParse { path: "trap", detail: "Failed to deserialize trap 'tr_nailboard': invalid type: map, expected a string" }, JsonParse { path: "trap", detail: "Failed to deserialize trap 'tr_caltrops_glass': invalid type: map, expected a string" }, JsonParse { path: "trap", detail: "Failed to deserialize trap 'tr_microlab_portal_elevator_physics_shift': invalid type: map, expected a string" }, JsonParse { path: "trap", detail: "Failed to deserialize trap 'tr_microlab_shifting_hall': invalid type: map, expected a string" }, JsonParse { path: "trap", detail: "Failed to deserialize trap 'tr_tripwire': invalid type: map, expected a string" }, JsonParse { path: "trap", detail: "Failed to deserialize trap 'tr_shotgun_1': invalid type: map, expected a string" }, JsonParse { path: "trap", detail: "Failed to deserialize trap 'tr_lava': invalid type: map, expected a string" }, JsonParse { path: "trap", detail: "Failed to deserialize trap 'tr_pit': invalid type: map, expected a string" }, JsonParse { path: "trap", detail: "Failed to deserialize trap 'tr_dissector': invalid type: map, expected a string" }, JsonParse { path: "trap", detail: "Failed to deserialize trap 'tr_teeth': invalid type: map, expected a string" }, JsonParse { path: "trap", detail: "Failed to deserialize trap 'tr_caltrops': invalid type: map, expected a string" }, JsonParse { path: "trap", detail: "Failed to deserialize trap 'tr_landmine_buried': invalid type: map, expected a string" }, JsonParse { path: "trap", detail: "Failed to deserialize trap 'tr_telepad': invalid type: map, expected a string" }, JsonParse { path: "trap", detail: "Failed to deserialize trap 'tr_landmine': invalid type: map, expected a string" }, JsonParse { path: "trap", detail: "Failed to deserialize trap 'tr_drain': invalid type: map, expected a string" }, JsonParse { path: "start_location", detail: "Failed to deserialize start_location 'sloc_bookstore': missing field `description`" }, JsonParse { path: "start_location", detail: "Failed to deserialize start_location 'sloc_motel': missing field `description`" }, JsonParse { path: "start_location", detail: "Failed to deserialize start_location 'sloc_zoo_cafeteria': missing field `description`" }, JsonParse { path: "start_location", detail: "Failed to deserialize start_location 'sloc_horse_ranch': missing field `description`" }, JsonParse { path: "start_location", detail: "Failed to deserialize start_location 'sloc_lmoe_empty': missing field `description`" }, JsonParse { path: "start_location", detail: "Failed to deserialize start_location 'sloc_stripclub': missing field `description`" }, JsonParse { path: "start_location", detail: "Failed to deserialize start_location 'sloc_refugee_center': missing field `description`" }, JsonParse { path: "start_location", detail: "Failed to deserialize start_location 'sloc_police': missing field `description`" }, JsonParse { path: "start_location", detail: "Failed to deserialize start_location 'sloc_restaraunt_foodplace_break_room': missing field `description`" }, JsonParse { path: "start_location", detail: "Failed to deserialize start_location 'sloc_shelter_safe': missing field `description`" }, JsonParse { path: "start_location", detail: "Failed to deserialize start_location 'sloc_apartments_rooftop': missing field `description`" }, JsonParse { path: "start_location", detail: "Failed to deserialize start_location 'sloc_convention_center_rooftop': missing field `description`" }, JsonParse { path: "start_location", detail: "Failed to deserialize start_location 'sloc_gas_station': missing field `description`" }, JsonParse { path: "start_location", detail: "Failed to deserialize start_location 'sloc_pawn_shop': missing field `description`" }, JsonParse { path: "start_location", detail: "Failed to deserialize start_location 'sloc_dojo': missing field `description`" }, JsonParse { path: "start_location", detail: "Failed to deserialize start_location 'sloc_prison': missing field `description`" }, JsonParse { path: "start_location", detail: "Failed to deserialize start_location 'sloc_school_rooftop': missing field `description`" }, JsonParse { path: "start_location", detail: "Failed to deserialize start_location 'sloc_clothes': missing field `description`" }, JsonParse { path: "start_location", detail: "Failed to deserialize start_location 'sloc_arcade': missing field `description`" }, JsonParse { path: "start_location", detail: "Failed to deserialize start_location 'sloc_office_tower_2_rooftop': missing field `description`" }, JsonParse { path: "start_location", detail: "Failed to deserialize start_location 'sloc_candyshop': missing field `description`" }, JsonParse { path: "start_location", detail: "Failed to deserialize start_location 'sloc_light_industry_scen': missing field `description`" }, JsonParse { path: "start_location", detail: "Failed to deserialize start_location 'sloc_military_base_warehouse': missing field `description`" }, JsonParse { path: "start_location", detail: "Failed to deserialize start_location 'sloc_cathedral_rooftop': missing field `description`" }, JsonParse { path: "start_location", detail: "Failed to deserialize start_location 'sloc_animalshelter': missing field `description`" }, JsonParse { path: "start_location", detail: "Failed to deserialize start_location 'sloc_shelter_under_infested': missing field `description`" }, JsonParse { path: "start_location", detail: "Failed to deserialize start_location 'sloc_bar': missing field `description`" }, JsonParse { path: "start_location", detail: "Failed to deserialize start_location 'sloc_gun_store': missing field `description`" }, JsonParse { path: "start_location", detail: "Failed to deserialize start_location 'sloc_bikeshop': missing field `description`" }, JsonParse { path: "start_location", detail: "Failed to deserialize start_location 'sloc_cabin': missing field `description`" }, JsonParse { path: "start_location", detail: "Failed to deserialize start_location 'sloc_mi-go_camp': missing field `description`" }, JsonParse { path: "start_location", detail: "Failed to deserialize start_location 'sloc_campground': missing field `description`" }, JsonParse { path: "start_location", detail: "Failed to deserialize start_location 'aircraft_carrier_bridge': missing field `description`" }, JsonParse { path: "start_location", detail: "Failed to deserialize start_location 'sloc_road': missing field `description`" }, JsonParse { path: "start_location", detail: "Failed to deserialize start_location 'sloc_fort': missing field `description`" }, JsonParse { path: "start_location", detail: "Failed to deserialize start_location 'sloc_sexshop': missing field `description`" }, JsonParse { path: "start_location", detail: "Failed to deserialize start_location 'sloc_liam_cabin': missing field `description`" }, JsonParse { path: "start_location", detail: "Failed to deserialize start_location 'sloc_furniture_store': missing field `description`" }, JsonParse { path: "start_location", detail: "Failed to deserialize start_location 'sloc_fire_station': missing field `description`" }, JsonParse { path: "start_location", detail: "Failed to deserialize start_location 'sloc_school': missing field `description`" }, JsonParse { path: "start_location", detail: "Failed to deserialize start_location 'sloc_prison_island': missing field `description`" }, JsonParse { path: "start_location", detail: "Failed to deserialize start_location 'sloc_hermit_shack': missing field `description`" }, JsonParse { path: "start_location", detail: "Failed to deserialize start_location 'sloc_apartment_complex_roof': missing field `description`" }, JsonParse { path: "start_location", detail: "Failed to deserialize start_location 'aircraft_carrier_berth': missing field `description`" }, JsonParse { path: "start_location", detail: "Failed to deserialize start_location 'sloc_house': missing field `description`" }, JsonParse { path: "start_location", detail: "Failed to deserialize start_location 'sloc_house_boarded': missing field `description`" }, JsonParse { path: "start_location", detail: "Failed to deserialize start_location 'sloc_mansion_basement': missing field `description`" }, JsonParse { path: "start_location", detail: "Failed to deserialize start_location 'sloc_enclosed_mansion_sex_lair': missing field `description`" }, JsonParse { path: "start_location", detail: "Failed to deserialize start_location 'nuclear_plant': missing field `description`" }, JsonParse { path: "start_location", detail: "Failed to deserialize start_location 'sloc_freshwater_research_station': missing field `description`" }, JsonParse { path: "start_location", detail: "Failed to deserialize start_location 'sloc_town_in_the_open': missing field `description`" }, JsonParse { path: "start_location", detail: "Failed to deserialize start_location 'sloc_garage': missing field `description`" }, JsonParse { path: "start_location", detail: "Failed to deserialize start_location 'sloc_cemetery': missing field `description`" }, JsonParse { path: "start_location", detail: "Failed to deserialize start_location 'sloc_hardware': missing field `description`" }, JsonParse { path: "start_location", detail: "Failed to deserialize start_location 'sloc_field': missing field `description`" }, JsonParse { path: "start_location", detail: "Failed to deserialize start_location 'sloc_shelter_vandal': missing field `description`" }, JsonParse { path: "start_location", detail: "Failed to deserialize start_location 'sloc_church': missing field `description`" }, JsonParse { path: "start_location", detail: "Failed to deserialize start_location 'sloc_private_resort': missing field `description`" }, JsonParse { path: "start_location", detail: "Failed to deserialize start_location 'sloc_middle_of_nowhere': missing field `description`" }, JsonParse { path: "start_location", detail: "Failed to deserialize start_location 'sloc_desert_island': missing field `description`" }, JsonParse { path: "start_location", detail: "Failed to deserialize start_location 'sloc_campsite': missing field `description`" }, JsonParse { path: "start_location", detail: "Failed to deserialize start_location 'sloc_office_tower_rooftop': missing field `description`" }, JsonParse { path: "start_location", detail: "Failed to deserialize start_location 'sloc_grocery_store': missing field `description`" }, JsonParse { path: "start_location", detail: "Failed to deserialize start_location 'sloc_lab_medical': missing field `description`" }, JsonParse { path: "start_location", detail: "Failed to deserialize start_location 'sloc_petstore': missing field `description`" }, JsonParse { path: "start_location", detail: "Failed to deserialize start_location 'sloc_golfcourse_mid_course': missing field `description`" }, JsonParse { path: "start_location", detail: "Failed to deserialize start_location 'sloc_library': missing field `description`" }, JsonParse { path: "start_location", detail: "Failed to deserialize start_location 'sloc_cabin_lake': missing field `description`" }, JsonParse { path: "start_location", detail: "Failed to deserialize start_location 'sloc_river': missing field `description`" }, JsonParse { path: "start_location", detail: "Failed to deserialize start_location 'sloc_restaurant': missing field `description`" }, JsonParse { path: "start_location", detail: "Failed to deserialize start_location 'sloc_pharm': missing field `description`" }, JsonParse { path: "start_location", detail: "Failed to deserialize start_location 'sloc_lab_concourse_area': missing field `description`" }, JsonParse { path: "start_location", detail: "Failed to deserialize start_location 'sloc_bank': missing field `description`" }, JsonParse { path: "start_location", detail: "Failed to deserialize start_location 'sloc_nesw_manhole': missing field `description`" }, JsonParse { path: "start_location", detail: "Failed to deserialize start_location 'sloc_gym': missing field `description`" }, JsonParse { path: "start_location", detail: "Failed to deserialize start_location 'sloc_bridge': missing field `description`" }, JsonParse { path: "start_location", detail: "Failed to deserialize start_location 'sloc_town_hall': missing field `description`" }, JsonParse { path: "start_location", detail: "Failed to deserialize start_location 'sloc_exodii_castle': missing field `description`" }, JsonParse { path: "start_location", detail: "Failed to deserialize start_location 'sloc_electronics': missing field `description`" }, JsonParse { path: "start_location", detail: "Failed to deserialize start_location 'sloc_laundromat': missing field `description`" }, JsonParse { path: "start_location", detail: "Failed to deserialize start_location 'sloc_lmoe': missing field `description`" }, JsonParse { path: "start_location", detail: "Failed to deserialize start_location 'sloc_hospital': missing field `description`" }, JsonParse { path: "start_location", detail: "Failed to deserialize start_location 'sloc_forest': missing field `description`" }, JsonParse { path: "start_location", detail: "Failed to deserialize start_location 'sloc_mine_finale': missing field `description`" }, JsonParse { path: "start_location", detail: "Failed to deserialize start_location 'sloc_prison_alcatraz': missing field `description`" }, JsonParse { path: "start_location", detail: "Failed to deserialize start_location 'sloc_farm_survivalist': missing field `description`" }, JsonParse { path: "start_location", detail: "Failed to deserialize start_location 'sloc_golfcourse_clubhouse': missing field `description`" }, JsonParse { path: "start_location", detail: "Failed to deserialize start_location 'sloc_lighthouse_ground': missing field `description`" }, JsonParse { path: "start_location", detail: "Failed to deserialize start_location 'sloc_lighthouse_small_ground': missing field `description`" }, JsonParse { path: "start_location", detail: "Failed to deserialize start_location 'sloc_sewer': missing field `description`" }, JsonParse { path: "start_location", detail: "Failed to deserialize start_location 'sloc_military_surplus': missing field `description`" }, JsonParse { path: "start_location", detail: "Failed to deserialize start_location 'sloc_stadium': missing field `description`" }, JsonParse { path: "start_location", detail: "Failed to deserialize start_location 'sloc_mall_food_court': missing field `description`" }, JsonParse { path: "start_location", detail: "Failed to deserialize start_location 'sloc_lodge_ground': missing field `description`" }, JsonParse { path: "start_location", detail: "Failed to deserialize start_location 'sloc_retirement_community': missing field `description`" }, JsonParse { path: "start_location", detail: "Failed to deserialize start_location 'sloc_mall_loading_area': missing field `description`" }, JsonParse { path: "start_location", detail: "Failed to deserialize start_location 'sloc_enclosed_mansion_panic_room': missing field `description`" }, JsonParse { path: "start_location", detail: "Failed to deserialize start_location 'sloc_mobile_home': missing field `description`" }, JsonParse { path: "start_location", detail: "Failed to deserialize start_location 'sloc_apartments_rooftop2': missing field `description`" }, JsonParse { path: "start_location", detail: "Failed to deserialize start_location 'sloc_hotel_rooftop': missing field `description`" }]
note: run with `RUST_BACKTRACE=1` environment variable to display a backtrace
FAILED

failures:

failures:
    no_duplicate_ids

test result: FAILED. 0 passed; 1 failed; 0 ignored; 0 measured; 14 filtered out; finished in 4.48s

error: test failed, to rerun pass `-p cdda_data --test load_core_data`
